ARM Linker, 5.03 [Build 76] [MDK-ARM Lite]

==============================================================================

Section Cross References

    main.o(i.main) refers to delay.o(i.SYSTICK_Config) for SYSTICK_Config
    main.o(i.main) refers to usart.o(i.Init_USART) for Init_USART
    main.o(i.main) refers to mpu6050.o(i.PDMA_Configuration) for PDMA_Configuration
    main.o(i.main) refers to sd.o(i.SD_SPI_Init) for SD_SPI_Init
    main.o(i.main) refers to sd.o(i.TryInitSD) for TryInitSD
    main.o(i.main) refers to sdfs_app.o(i.sdfs_app_test) for sdfs_app_test
    main.o(i.main) refers to rtc.o(i.RTC_ConfigOnline) for RTC_ConfigOnline
    main.o(i.main) refers to ht32f1655_56_pdma.o(i.PDMA_GetFlagStatus) for PDMA_GetFlagStatus
    main.o(i.main) refers to mpu6050.o(i.Axis_DataTransfrom) for Axis_DataTransfrom
    main.o(i.main) refers to ht32f1655_56_pdma.o(i.PDMA_ClearFlag) for PDMA_ClearFlag
    main.o(i.main) refers to fmul.o(.text) for __aeabi_fmul
    main.o(i.main) refers to fadd.o(.text) for __aeabi_fadd
    main.o(i.main) refers to ht32f1655_56_usart.o(i.USART_SendData) for USART_SendData
    main.o(i.main) refers to ht32f1655_56_rtc.o(i.RTC_GetCounter) for RTC_GetCounter
    main.o(i.main) refers to ht32f1655_56_pwrcu.o(i.PWRCU_ReadBackupRegister) for PWRCU_ReadBackupRegister
    main.o(i.main) refers to rtc.o(i.Time_Display) for Time_Display
    main.o(i.main) refers to rtc.o(.data) for gwTimeDisplay
    main.o(i.main) refers to mpu6050.o(.data) for Z_Axis
    ht32f165x_it.o(i.RTC_IRQHandler) refers to ht32f1655_56_rtc.o(i.RTC_GetFlagStatus) for RTC_GetFlagStatus
    ht32f165x_it.o(i.RTC_IRQHandler) refers to ht32f1655_56_rtc.o(i.RTC_SetCompare) for RTC_SetCompare
    ht32f165x_it.o(i.RTC_IRQHandler) refers to ht32f1655_56_pwrcu.o(i.PWRCU_WriteBackupRegister) for PWRCU_WriteBackupRegister
    ht32f165x_it.o(i.RTC_IRQHandler) refers to rtc.o(.data) for gwTimeDisplay
    ht32f165x_it.o(i.SysTick_Handler) refers to delay.o(i.TimingDelay) for TimingDelay
    sdfs_app.o(i.sdfs_app_test) refers to ff.o(i.f_mount) for f_mount
    sdfs_app.o(i.sdfs_app_test) refers to printf8.o(i.__0printf$8) for __2printf
    sdfs_app.o(i.sdfs_app_test) refers to ff.o(i.f_open) for f_open
    sdfs_app.o(i.sdfs_app_test) refers to ff.o(i.f_printf) for f_printf
    sdfs_app.o(i.sdfs_app_test) refers to ff.o(i.f_close) for f_close
    sdfs_app.o(i.sdfs_app_test) refers to sdfs_app.o(.data) for .data
    sdfs_app.o(i.sdfs_app_test) refers to sdfs_app.o(.bss) for .bss
    sdfs_app.o(.data) refers to sdfs_app.o(.conststring) for .conststring
    usart.o(i.Init_USART) refers to ht32f1655_56_ckcu.o(i.CKCU_PeripClockConfig) for CKCU_PeripClockConfig
    usart.o(i.Init_USART) refers to ht32f1655_56_gpio.o(i.AFIO_GPxConfig) for AFIO_GPxConfig
    usart.o(i.Init_USART) refers to ht32f1655_56_usart.o(i.USART_Init) for USART_Init
    usart.o(i.Init_USART) refers to ht32f1655_56_usart.o(i.USART_TxCmd) for USART_TxCmd
    usart.o(i.Init_USART) refers to ht32f1655_56_usart.o(i.USART_RxCmd) for USART_RxCmd
    spi.o(i.SPI0_Init) refers to ht32f1655_56_ckcu.o(i.CKCU_PeripClockConfig) for CKCU_PeripClockConfig
    spi.o(i.SPI0_Init) refers to ht32f1655_56_gpio.o(i.GPIO_PullResistorConfig) for GPIO_PullResistorConfig
    spi.o(i.SPI0_Init) refers to ht32f1655_56_gpio.o(i.AFIO_GPxConfig) for AFIO_GPxConfig
    spi.o(i.SPI0_Init) refers to ht32f1655_56_spi.o(i.SPI_Init) for SPI_Init
    spi.o(i.SPI0_Init) refers to ht32f1655_56_spi.o(i.SPI_SELOutputCmd) for SPI_SELOutputCmd
    spi.o(i.SPI0_Init) refers to ht32f1655_56_spi.o(i.SPI_Cmd) for SPI_Cmd
    spi.o(i.SPI0_Init) refers to spi.o(.bss) for .bss
    spi.o(i.SPI0_ReadWriteByte) refers to ht32f1655_56_spi.o(i.SPI_GetFlagStatus) for SPI_GetFlagStatus
    spi.o(i.SPI0_ReadWriteByte) refers to ht32f1655_56_spi.o(i.SPI_SendData) for SPI_SendData
    spi.o(i.SPI0_ReadWriteByte) refers to ht32f1655_56_spi.o(i.SPI_ReceiveData) for SPI_ReceiveData
    spi.o(i.SPI0_SetSpeed) refers to ht32f1655_56_spi.o(i.SPI_Init) for SPI_Init
    spi.o(i.SPI0_SetSpeed) refers to ht32f1655_56_spi.o(i.SPI_Cmd) for SPI_Cmd
    spi.o(i.SPI0_SetSpeed) refers to spi.o(.bss) for .bss
    sd.o(i.SD_DisSelect) refers to ht32f1655_56_spi.o(i.SPI_SoftwareSELCmd) for SPI_SoftwareSELCmd
    sd.o(i.SD_DisSelect) refers to spi.o(i.SPI0_ReadWriteByte) for SPI0_ReadWriteByte
    sd.o(i.SD_GetResponse) refers to spi.o(i.SPI0_ReadWriteByte) for SPI0_ReadWriteByte
    sd.o(i.SD_Init) refers to spi.o(i.SPI0_SetSpeed) for SPI0_SetSpeed
    sd.o(i.SD_Init) refers to spi.o(i.SPI0_ReadWriteByte) for SPI0_ReadWriteByte
    sd.o(i.SD_Init) refers to sd.o(i.SD_SendCmd) for SD_SendCmd
    sd.o(i.SD_Init) refers to sd.o(i.SD_DisSelect) for SD_DisSelect
    sd.o(i.SD_Init) refers to sd.o(.data) for .data
    sd.o(i.SD_ReadDisk) refers to sd.o(i.SD_SendCmd) for SD_SendCmd
    sd.o(i.SD_ReadDisk) refers to sd.o(i.SD_RecvData) for SD_RecvData
    sd.o(i.SD_ReadDisk) refers to sd.o(i.SD_DisSelect) for SD_DisSelect
[...]
    Removing ht32f1655_56_spi.o(i.SPI_PDMACmd), (16 bytes).
    Removing ht32f1655_56_spi.o(i.SPI_SELHTConfig), (10 bytes).
    Removing ht32f1655_56_spi.o(i.SPI_SELModeConfig), (20 bytes).
    Removing ht32f1655_56_spi.o(i.SPI_SetDataLength), (16 bytes).
    Removing ht32f1655_56_spi.o(i.SPI_SetTimeOutValue), (4 bytes).
    Removing ht32f1655_56_spi.o(i.SPI_StructInit), (28 bytes).
    Removing ht32f1655_56_usart.o(.rev16_text), (4 bytes).
    Removing ht32f1655_56_usart.o(.revsh_text), (4 bytes).
    Removing ht32f1655_56_usart.o(.rrx_text), (6 bytes).
    Removing ht32f1655_56_usart.o(i.USART_DeInit), (60 bytes).
    Removing ht32f1655_56_usart.o(i.USART_FIFOReset), (8 bytes).
    Removing ht32f1655_56_usart.o(i.USART_ForceBreakCmd), (20 bytes).
    Removing ht32f1655_56_usart.o(i.USART_ForceModemPinState), (20 bytes).
    Removing ht32f1655_56_usart.o(i.USART_GetFIFOStatus), (18 bytes).
    Removing ht32f1655_56_usart.o(i.USART_GetIntID), (6 bytes).
    Removing ht32f1655_56_usart.o(i.USART_GetModemStatus), (6 bytes).
    Removing ht32f1655_56_usart.o(i.USART_HardwareFlowControlCmd), (20 bytes).
    Removing ht32f1655_56_usart.o(i.USART_IntConfig), (16 bytes).
    Removing ht32f1655_56_usart.o(i.USART_IrDACmd), (20 bytes).
    Removing ht32f1655_56_usart.o(i.USART_IrDAConfig), (20 bytes).
    Removing ht32f1655_56_usart.o(i.USART_IrDADirectionConfig), (20 bytes).
    Removing ht32f1655_56_usart.o(i.USART_IrDAInvtInputCmd), (20 bytes).
    Removing ht32f1655_56_usart.o(i.USART_IrDAInvtOutputCmd), (20 bytes).
    Removing ht32f1655_56_usart.o(i.USART_RFITLConfig), (12 bytes).
    Removing ht32f1655_56_usart.o(i.USART_RS485AADCmd), (20 bytes).
    Removing ht32f1655_56_usart.o(i.USART_RS485NMMCmd), (20 bytes).
    Removing ht32f1655_56_usart.o(i.USART_RS485TxEnablePolarityConfig), (20 bytes).
    Removing ht32f1655_56_usart.o(i.USART_SetAddressMatchValue), (14 bytes).
    Removing ht32f1655_56_usart.o(i.USART_SetGuardTime), (14 bytes).
    Removing ht32f1655_56_usart.o(i.USART_SetIrDAPrescaler), (14 bytes).
    Removing ht32f1655_56_usart.o(i.USART_SetTimeOutValue), (12 bytes).
    Removing ht32f1655_56_usart.o(i.USART_StickParityCmd), (20 bytes).
    Removing ht32f1655_56_usart.o(i.USART_StickParityConfig), (20 bytes).
    Removing ht32f1655_56_usart.o(i.USART_StructInit), (20 bytes).
    Removing ht32f1655_56_usart.o(i.USART_SynClockInit), (26 bytes).
    Removing ht32f1655_56_usart.o(i.USART_SynClockStructInit), (12 bytes).
    Removing ht32f1655_56_usart.o(i.USART_TFITLConfig), (12 bytes).
    Removing ht32f1655_56_usart.o(i.USART_TimeOutIntConfig), (20 bytes).
    Removing ht32f1655_56_usart.o(i.USART_TxPDMACmd), (20 bytes).
    Removing ht32f1655_56_usbd.o(.rev16_text), (4 bytes).
    Removing ht32f1655_56_usbd.o(.revsh_text), (4 bytes).
    Removing ht32f1655_56_usbd.o(.rrx_text), (6 bytes).
    Removing ht32f1655_56_usbd.o(i.USBD_ClearINT), (12 bytes).
    Removing ht32f1655_56_usbd.o(i.USBD_DPWakeUpCmd), (28 bytes).
    Removing ht32f1655_56_usbd.o(i.USBD_DPpullupCmd), (28 bytes).
    Removing ht32f1655_56_usbd.o(i.USBD_DeInit), (12 bytes).
    Removing ht32f1655_56_usbd.o(i.USBD_DisableINT), (16 bytes).
    Removing ht32f1655_56_usbd.o(i.USBD_EPTClearDTG), (16 bytes).
    Removing ht32f1655_56_usbd.o(i.USBD_EPTClearHalt), (16 bytes).
    Removing ht32f1655_56_usbd.o(i.USBD_EPTClearINT), (12 bytes).
    Removing ht32f1655_56_usbd.o(i.USBD_EPTEnableINT), (12 bytes).
    Removing ht32f1655_56_usbd.o(i.USBD_EPTGetBuffer0Addr), (24 bytes).
    Removing ht32f1655_56_usbd.o(i.USBD_EPTGetBuffer1Addr), (36 bytes).
    Removing ht32f1655_56_usbd.o(i.USBD_EPTGetBufferLen), (14 bytes).
    Removing ht32f1655_56_usbd.o(i.USBD_EPTGetHalt), (26 bytes).
    Removing ht32f1655_56_usbd.o(i.USBD_EPTGetINT), (14 bytes).
    Removing ht32f1655_56_usbd.o(i.USBD_EPTGetTransferCount), (18 bytes).
    Removing ht32f1655_56_usbd.o(i.USBD_EPTInit), (38 bytes).
    Removing ht32f1655_56_usbd.o(i.USBD_EPTReadMemory), (58 bytes).
    Removing ht32f1655_56_usbd.o(i.USBD_EPTReadOUTData), (48 bytes).
    Removing ht32f1655_56_usbd.o(i.USBD_EPTReset), (16 bytes).
    Removing ht32f1655_56_usbd.o(i.USBD_EPTSendSTALL), (12 bytes).
    Removing ht32f1655_56_usbd.o(i.USBD_EPTSetHalt), (20 bytes).
    Removing ht32f1655_56_usbd.o(i.USBD_EPTWaitSTALLSent), (36 bytes).
    Removing ht32f1655_56_usbd.o(i.USBD_EPTWriteINData), (72 bytes).
    Removing ht32f1655_56_usbd.o(i.USBD_EnableINT), (16 bytes).
    Removing ht32f1655_56_usbd.o(i.USBD_GetEPTnINTNumber), (32 bytes).
    Removing ht32f1655_56_usbd.o(i.USBD_GetINT), (16 bytes).
    Removing ht32f1655_56_usbd.o(i.USBD_Init), (4 bytes).
    Removing ht32f1655_56_usbd.o(i.USBD_PowerOff), (16 bytes).
    Removing ht32f1655_56_usbd.o(i.USBD_PowerOn), (16 bytes).
    Removing ht32f1655_56_usbd.o(i.USBD_PowerUp), (104 bytes).
    Removing ht32f1655_56_usbd.o(i.USBD_PreInit), (24 bytes).
    Removing ht32f1655_56_usbd.o(i.USBD_ReadSETUPData), (16 bytes).
    Removing ht32f1655_56_usbd.o(i.USBD_RemoteWakeup), (16 bytes).
    Removing ht32f1655_56_usbd.o(i.USBD_SRAMResetConditionCmd), (28 bytes).
    Removing ht32f1655_56_usbd.o(i.USBD_SetAddress), (20 bytes).
    Removing ht32f1655_56_usbd.o(i._USBD_CopyMemory), (16 bytes).
    Removing ht32f1655_56_usbd.o(i._USBD_GetEPTnAddr), (16 bytes).
    Removing ht32f1655_56_usbd.o(.data), (4 bytes).
    Removing ht32f1655_56_wdt.o(.rev16_text), (4 bytes).
    Removing ht32f1655_56_wdt.o(.revsh_text), (4 bytes).
    Removing ht32f1655_56_wdt.o(.rrx_text), (6 bytes).
    Removing ht32f1655_56_wdt.o(i.WDT_Cmd), (28 bytes).
    Removing ht32f1655_56_wdt.o(i.WDT_DeInit), (12 bytes).
    Removing ht32f1655_56_wdt.o(i.WDT_GetDeltaValue), (16 bytes).
    Removing ht32f1655_56_wdt.o(i.WDT_GetFlagStatus), (20 bytes).
    Removing ht32f1655_56_wdt.o(i.WDT_GetPrescaler), (24 bytes).
    Removing ht32f1655_56_wdt.o(i.WDT_GetReloadValue), (16 bytes).
    Removing ht32f1655_56_wdt.o(i.WDT_HaltConfig), (24 bytes).
    Removing ht32f1655_56_wdt.o(i.WDT_IntConfig), (28 bytes).
    Removing ht32f1655_56_wdt.o(i.WDT_LockCmd), (32 bytes).
    Removing ht32f1655_56_wdt.o(i.WDT_ProtectCmd), (24 bytes).
    Removing ht32f1655_56_wdt.o(i.WDT_ResetCmd), (28 bytes).
    Removing ht32f1655_56_wdt.o(i.WDT_Restart), (16 bytes).
    Removing ht32f1655_56_wdt.o(i.WDT_SetDeltaValue), (20 bytes).
    Removing ht32f1655_56_wdt.o(i.WDT_SetPrescaler), (20 bytes).
    Removing ht32f1655_56_wdt.o(i.WDT_SetReloadValue), (20 bytes).
    Removing ht32f1655_56_wdt.o(i.WDT_SourceConfig), (16 bytes).
    Removing ht32_retarget.o(.rev16_text), (4 bytes).
    Removing ht32_retarget.o(.revsh_text), (4 bytes).
    Removing ht32_retarget.o(.rrx_text), (6 bytes).
    Removing ht32_retarget.o(i.RETARGET_Configuration), (36 bytes).
    Removing ht32_retarget.o(i.__backspace), (4 bytes).
    Removing ht32_retarget.o(i._sys_exit), (2 bytes).
    Removing ht32_retarget.o(i._ttywrch), (4 bytes).
    Removing ht32_serial.o(.rev16_text), (4 bytes).
    Removing ht32_serial.o(.revsh_text), (4 bytes).
    Removing ht32_serial.o(.rrx_text), (6 bytes).
    Removing ht32_board.o(.rev16_text), (4 bytes).
    Removing ht32_board.o(.revsh_text), (4 bytes).
    Removing ht32_board.o(.rrx_text), (6 bytes).
    Removing ht32_board.o(i.HT32F_DVB_BuzzerFun), (288 bytes).
    Removing ht32_board.o(i.HT32F_DVB_BuzzerOutputCmd), (16 bytes).
    Removing ht32_board.o(i.HT32F_DVB_COMInit), (92 bytes).
    Removing ht32_board.o(i.HT32F_DVB_LEDInit), (88 bytes).
    Removing ht32_board.o(i.HT32F_DVB_LEDOff), (28 bytes).
    Removing ht32_board.o(i.HT32F_DVB_LEDOn), (28 bytes).
    Removing ht32_board.o(i.HT32F_DVB_LEDToggle), (32 bytes).
    Removing ht32_board.o(i.HT32F_DVB_PBGetState), (28 bytes).
    Removing ht32_board.o(i.HT32F_DVB_PBInit), (188 bytes).
    Removing ht32_board.o(i._HT32F_DVB_ClockConfig), (64 bytes).
    Removing ht32_board.o(.constdata), (80 bytes).
    Removing ebi_lcd.o(.rev16_text), (4 bytes).
    Removing ebi_lcd.o(.revsh_text), (4 bytes).
    Removing ebi_lcd.o(.rrx_text), (6 bytes).
    Removing ebi_lcd.o(i.LCD_BackColorSet), (12 bytes).
    Removing ebi_lcd.o(i.LCD_CharDisplay), (20 bytes).
    Removing ebi_lcd.o(i.LCD_CharDraw), (96 bytes).
    Removing ebi_lcd.o(i.LCD_CircleDraw), (204 bytes).
    Removing ebi_lcd.o(i.LCD_Clear), (32 bytes).
    Removing ebi_lcd.o(i.LCD_Config), (640 bytes).
    Removing ebi_lcd.o(i.LCD_DisplayOff), (8 bytes).
    Removing ebi_lcd.o(i.LCD_DisplayOn), (8 bytes).
    Removing ebi_lcd.o(i.LCD_Init), (348 bytes).
    Removing ebi_lcd.o(i.LCD_LineDraw), (76 bytes).
    Removing ebi_lcd.o(i.LCD_PicDraw), (84 bytes).
    Removing ebi_lcd.o(i.LCD_RectDraw), (60 bytes).
    Removing ebi_lcd.o(i.LCD_SetDisplayArea), (84 bytes).
    Removing ebi_lcd.o(i.LCD_StarterSet), (46 bytes).
    Removing ebi_lcd.o(i.LCD_StringLineDisplay), (40 bytes).
    Removing ebi_lcd.o(i.LCD_TextColorSet), (12 bytes).
    Removing ebi_lcd.o(i.LCD_WriteRAM), (8 bytes).
    Removing ebi_lcd.o(i.LCD_WriteRAMPrior), (10 bytes).
    Removing ebi_lcd.o(i.LCD_WriteRAMWord), (12 bytes).
    Removing ebi_lcd.o(i.LCD_WriteReg), (10 bytes).
    Removing ebi_lcd.o(i._delay), (28 bytes).
    Removing ebi_lcd.o(.data), (4564 bytes).
    Removing spi_flash.o(.rev16_text), (4 bytes).
    Removing spi_flash.o(.revsh_text), (4 bytes).
    Removing spi_flash.o(.rrx_text), (6 bytes).
    Removing spi_flash.o(i.SPI_FLASH_BlockErase), (68 bytes).
    Removing spi_flash.o(i.SPI_FLASH_BufferDualRead), (108 bytes).
    Removing spi_flash.o(i.SPI_FLASH_BufferRead), (80 bytes).
    Removing spi_flash.o(i.SPI_FLASH_BufferWrite), (190 bytes).
    Removing spi_flash.o(i.SPI_FLASH_ChipErase), (44 bytes).
    Removing spi_flash.o(i.SPI_FLASH_Init), (144 bytes).
    Removing spi_flash.o(i.SPI_FLASH_PageWrite), (88 bytes).
    Removing spi_flash.o(i.SPI_FLASH_ReadJEDECID), (68 bytes).
    Removing spi_flash.o(i.SPI_FLASH_SectorErase), (68 bytes).
    Removing spi_flash.o(i.SPI_FLASH_SendByte), (50 bytes).
    Removing spi_flash.o(i.SPI_FLASH_WaitForWriteEnd), (44 bytes).
    Removing spi_flash.o(i.SPI_FLASH_WriteDisable), (36 bytes).
    Removing spi_flash.o(i.SPI_FLASH_WriteEnable), (36 bytes).
    Removing spi_flash.o(i.SPI_FLASH_WriteStatus), (48 bytes).
    Removing i2c_eeprom.o(.rev16_text), (4 bytes).
    Removing i2c_eeprom.o(.revsh_text), (4 bytes).
    Removing i2c_eeprom.o(.rrx_text), (6 bytes).
    Removing i2c_eeprom.o(i.I2C_EEPROM_BufferRead), (184 bytes).
    Removing i2c_eeprom.o(i.I2C_EEPROM_BufferWrite), (56 bytes).
    Removing i2c_eeprom.o(i.I2C_EEPROM_Init), (80 bytes).
    Removing i2c_eeprom.o(i.I2C_EEPROM_PageWrite), (124 bytes).
    Removing i2c_eeprom.o(i._I2C_EEPROM_AckPolling), (60 bytes).
    Removing dadd.o(.text), (334 bytes).
    Removing dmul.o(.text), (228 bytes).
    Removing ddiv.o(.text), (222 bytes).
    Removing dfixul.o(.text), (48 bytes).
    Removing cdrcmple.o(.text), (40 bytes).

673 unused section(s) (total 24538 bytes) removed from the image.

==============================================================================

Image Symbol Table

    Local Symbols

    Symbol Name                              Value     Ov Type        Size  Object(Section)

    RESET                                    0x00000000   Section      376  startup_ht32f165x.o(RESET)
    ../clib/microlib/division.c              0x00000000   Number         0  uldiv.o ABSOLUTE
    ../clib/microlib/division.c              0x00000000   Number         0  uidiv.o ABSOLUTE
    ../clib/microlib/init/entry.s            0x00000000   Number         0  entry9a.o ABSOLUTE
    ../clib/microlib/init/entry.s            0x00000000   Number         0  entry7b.o ABSOLUTE
    ../clib/microlib/init/entry.s            0x00000000   Number         0  entry7a.o ABSOLUTE
    ../clib/microlib/init/entry.s            0x00000000   Number         0  entry10b.o ABSOLUTE
    ../clib/microlib/init/entry.s            0x00000000   Number         0  entry8b.o ABSOLUTE
    ../clib/microlib/init/entry.s            0x00000000   Number         0  entry10a.o ABSOLUTE
    ../clib/microlib/init/entry.s            0x00000000   Number         0  entry11a.o ABSOLUTE
    ../clib/microlib/init/entry.s            0x00000000   Number         0  entry9b.o ABSOLUTE
    ../clib/microlib/init/entry.s            0x00000000   Number         0  entry2.o ABSOLUTE
    ../clib/microlib/init/entry.s            0x00000000   Number         0  entry5.o ABSOLUTE
    ../clib/microlib/init/entry.s            0x00000000   Number         0  entry.o ABSOLUTE
    ../clib/microlib/init/entry.s            0x00000000   Number         0  entry8a.o ABSOLUTE
    ../clib/microlib/init/entry.s            0x00000000   Number         0  entry11b.o ABSOLUTE
    ../clib/microlib/longlong.c              0x00000000   Number         0  llsshr.o ABSOLUTE
    ../clib/microlib/longlong.c              0x00000000   Number         0  llushr.o ABSOLUTE
    ../clib/microlib/longlong.c              0x00000000   Number         0  llshl.o ABSOLUTE
    ../clib/microlib/printf/printf.c         0x00000000   Number         0  printfa.o ABSOLUTE
    ../clib/microlib/printf/printf.c         0x00000000   Number         0  printf8.o ABSOLUTE
    ../clib/microlib/printf/printf.c         0x00000000   Number         0  printf7.o ABSOLUTE
    ../clib/microlib/printf/printf.c         0x00000000   Number         0  printf4.o ABSOLUTE
    ../clib/microlib/printf/printf.c         0x00000000   Number         0  printf6.o ABSOLUTE
    ../clib/microlib/printf/printf.c         0x00000000   Number         0  printf2.o ABSOLUTE
    ../clib/microlib/printf/printf.c         0x00000000   Number         0  printf3.o ABSOLUTE
    ../clib/microlib/printf/printf.c         0x00000000   Number         0  printf0.o ABSOLUTE
    ../clib/microlib/printf/printf.c         0x00000000   Number         0  printf5.o ABSOLUTE
    ../clib/microlib/printf/printf.c         0x00000000   Number         0  printf1.o ABSOLUTE
    ../clib/microlib/printf/printf.c         0x00000000   Number         0  printfb.o ABSOLUTE
    ../clib/microlib/printf/stubs.s          0x00000000   Number         0  stubs.o ABSOLUTE
    ../clib/microlib/stdio/getc.c            0x00000000   Number         0  getc.o ABSOLUTE
    ../clib/microlib/stubs.s                 0x00000000   Number         0  useno.o ABSOLUTE
    ../clib/microlib/stubs.s                 0x00000000   Number         0  iusefp.o ABSOLUTE
    ../fplib/microlib/d2f.c                  0x00000000   Number         0  d2f.o ABSOLUTE
    ../fplib/microlib/fpadd.c                0x00000000   Number         0  dadd.o ABSOLUTE
    ../fplib/microlib/fpadd.c                0x00000000   Number         0  fadd.o ABSOLUTE
    ../fplib/microlib/fpdiv.c                0x00000000   Number         0  ddiv.o ABSOLUTE
    ../fplib/microlib/fpepilogue.c           0x00000000   Number         0  depilogue.o ABSOLUTE
    ../fplib/microlib/fpepilogue.c           0x00000000   Number         0  fepilogue.o ABSOLUTE
    ../fplib/microlib/fpfix.c                0x00000000   Number         0  dfixul.o ABSOLUTE
    ../fplib/microlib/fpflt.c                0x00000000   Number         0  dflti.o ABSOLUTE
    ../fplib/microlib/fpmul.c                0x00000000   Number         0  fmul.o ABSOLUTE
    ../fplib/microlib/fpmul.c                0x00000000   Number         0  dmul.o ABSOLUTE
    ../fplib/microlib/fpscalb.c              0x00000000   Number         0  dscalb.o ABSOLUTE
    ..\..\Driver\DELAY\delay.c               0x00000000   Number         0  delay.o ABSOLUTE
    ..\..\Driver\MPU6050\MPU6050.c           0x00000000   Number         0  mpu6050.o ABSOLUTE
    ..\..\Driver\RTC\rtc.c                   0x00000000   Number         0  rtc.o ABSOLUTE
    ..\..\Driver\SD\sd.c                     0x00000000   Number         0  sd.o ABSOLUTE
    ..\..\Driver\SPI\spi.c                   0x00000000   Number         0  spi.o ABSOLUTE
    ..\..\Driver\USART\usart.c               0x00000000   Number         0  usart.o ABSOLUTE
    ..\..\User\ht32f165x_it.c                0x00000000   Number         0  ht32f165x_it.o ABSOLUTE
    ..\..\User\main.c                        0x00000000   Number         0  main.o ABSOLUTE
    ..\..\User\sdfs_app\sdfs_app.c           0x00000000   Number         0  sdfs_app.o ABSOLUTE
    ..\..\ff11a\src\diskio.c                 0x00000000   Number         0  diskio.o ABSOLUTE
    ..\..\ff11a\src\ff.c                     0x00000000   Number         0  ff.o ABSOLUTE
    ..\..\library\HT32F1655_56_Driver\src\ht32_cm3_misc.c 0x00000000   Number         0  ht32_cm3_misc.o ABSOLUTE
    ..\..\library\HT32F1655_56_Driver\src\ht32_retarget.c 0x00000000   Number         0  ht32_retarget.o ABSOLUTE
    ..\..\library\HT32F1655_56_Driver\src\ht32_serial.c 0x00000000   Number         0  ht32_serial.o ABSOLUTE
    ..\..\library\HT32F1655_56_Driver\src\ht32f1655_56_adc.c 0x00000000   Number         0  ht32f1655_56_adc.o ABSOLUTE
    ..\..\library\HT32F1655_56_Driver\src\ht32f1655_56_bftm.c 0x00000000   Number         0  ht32f1655_56_bftm.o ABSOLUTE
    ..\..\library\HT32F1655_56_Driver\src\ht32f1655_56_ckcu.c 0x00000000   Number         0  ht32f1655_56_ckcu.o ABSOLUTE
    ..\..\library\HT32F1655_56_Driver\src\ht32f1655_56_cmp_op.c 0x00000000   Number         0  ht32f1655_56_cmp_op.o ABSOLUTE
    ..\..\library\HT32F1655_56_Driver\src\ht32f1655_56_crc.c 0x00000000   Number         0  ht32f1655_56_crc.o ABSOLUTE
    ..\..\library\HT32F1655_56_Driver\src\ht32f1655_56_ebi.c 0x00000000   Number         0  ht32f1655_56_ebi.o ABSOLUTE
    ..\..\library\HT32F1655_56_Driver\src\ht32f1655_56_exti.c 0x00000000   Number         0  ht32f1655_56_exti.o ABSOLUTE
    ..\..\library\HT32F1655_56_Driver\src\ht32f1655_56_flash.c 0x00000000   Number         0  ht32f1655_56_flash.o ABSOLUTE
    ..\..\library\HT32F1655_56_Driver\src\ht32f1655_56_gpio.c 0x00000000   Number         0  ht32f1655_56_gpio.o ABSOLUTE
    ..\..\library\HT32F1655_56_Driver\src\ht32f1655_56_gptm.c 0x00000000   Number         0  ht32f1655_56_gptm.o ABSOLUTE
    ..\..\library\HT32F1655_56_Driver\src\ht32f1655_56_i2c.c 0x00000000   Number         0  ht32f1655_56_i2c.o ABSOLUTE
    ..\..\library\HT32F1655_56_Driver\src\ht32f1655_56_i2s.c 0x00000000   Number         0  ht32f1655_56_i2s.o ABSOLUTE
    ..\..\library\HT32F1655_56_Driver\src\ht32f1655_56_mctm.c 0x00000000   Number         0  ht32f1655_56_mctm.o ABSOLUTE
    ..\..\library\HT32F1655_56_Driver\src\ht32f1655_56_pdma.c 0x00000000   Number         0  ht32f1655_56_pdma.o ABSOLUTE
    ..\..\library\HT32F1655_56_Driver\src\ht32f1655_56_pwrcu.c 0x00000000   Number         0  ht32f1655_56_pwrcu.o ABSOLUTE
    ..\..\library\HT32F1655_56_Driver\src\ht32f1655_56_rstcu.c 0x00000000   Number         0  ht32f1655_56_rstcu.o ABSOLUTE
    ..\..\library\HT32F1655_56_Driver\src\ht32f1655_56_rtc.c 0x00000000   Number         0  ht32f1655_56_rtc.o ABSOLUTE
    ..\..\library\HT32F1655_56_Driver\src\ht32f1655_56_sci.c 0x00000000   Number         0  ht32f1655_56_sci.o ABSOLUTE
    ..\..\library\HT32F1655_56_Driver\src\ht32f1655_56_spi.c 0x00000000   Number         0  ht32f1655_56_spi.o ABSOLUTE
    ..\..\library\HT32F1655_56_Driver\src\ht32f1655_56_usart.c 0x00000000   Number         0  ht32f1655_56_usart.o ABSOLUTE
    ..\..\library\HT32F1655_56_Driver\src\ht32f1655_56_usbd.c 0x00000000   Number         0  ht32f1655_56_usbd.o ABSOLUTE
    ..\..\library\HT32F1655_56_Driver\src\ht32f1655_56_wdt.c 0x00000000   Number         0  ht32f1655_56_wdt.o ABSOLUTE
    ..\..\library\HT32_USBD_Library\src\ht32_usbd_core.c 0x00000000   Number         0  ht32_usbd_core.o ABSOLUTE
    ..\..\utilities\common\ebi_lcd.c         0x00000000   Number         0  ebi_lcd.o ABSOLUTE
    ..\..\utilities\common\i2c_eeprom.c      0x00000000   Number         0  i2c_eeprom.o ABSOLUTE
    ..\..\utilities\common\spi_flash.c       0x00000000   Number         0  spi_flash.o ABSOLUTE
    ..\..\utilities\ht32_board.c             0x00000000   Number         0  ht32_board.o ABSOLUTE
    ..\MDK_ARM\ht32_op.s                     0x00000000   Number         0  ht32_op.o ABSOLUTE
    ..\\..\\Driver\\DELAY\\delay.c           0x00000000   Number         0  delay.o ABSOLUTE
    ..\\..\\Driver\\MPU6050\\MPU6050.c       0x00000000   Number         0  mpu6050.o ABSOLUTE
    ..\\..\\Driver\\RTC\\rtc.c               0x00000000   Number         0  rtc.o ABSOLUTE
    ..\\..\\Driver\\SD\\sd.c                 0x00000000   Number         0  sd.o ABSOLUTE
    ..\\..\\Driver\\SPI\\spi.c               0x00000000   Number         0  spi.o ABSOLUTE
    ..\\..\\Driver\\USART\\usart.c           0x00000000   Number         0  usart.o ABSOLUTE
    ..\\..\\User\\ht32f165x_it.c             0x00000000   Number         0  ht32f165x_it.o ABSOLUTE
    ..\\..\\User\\main.c                     0x00000000   Number         0  main.o ABSOLUTE
    ..\\..\\User\\sdfs_app\\sdfs_app.c       0x00000000   Number         0  sdfs_app.o ABSOLUTE
    ..\\..\\ff11a\\src\\diskio.c             0x00000000   Number         0  diskio.o ABSOLUTE
    ..\\..\\library\\HT32F1655_56_Driver\\src\\ht32_cm3_misc.c 0x00000000   Number         0  ht32_cm3_misc.o ABSOLUTE
    ..\\..\\library\\HT32F1655_56_Driver\\src\\ht32_retarget.c 0x00000000   Number         0  ht32_retarget.o ABSOLUTE
    ..\\..\\library\\HT32F1655_56_Driver\\src\\ht32_serial.c 0x00000000   Number         0  ht32_serial.o ABSOLUTE
    ..\\..\\library\\HT32F1655_56_Driver\\src\\ht32f1655_56_adc.c 0x00000000   Number         0  ht32f1655_56_adc.o ABSOLUTE
    ..\\..\\library\\HT32F1655_56_Driver\\src\\ht32f1655_56_bftm.c 0x00000000   Number         0  ht32f1655_56_bftm.o ABSOLUTE
    ..\\..\\library\\HT32F1655_56_Driver\\src\\ht32f1655_56_ckcu.c 0x00000000   Number         0  ht32f1655_56_ckcu.o ABSOLUTE
    ..\\..\\library\\HT32F1655_56_Driver\\src\\ht32f1655_56_cmp_op.c 0x00000000   Number         0  ht32f1655_56_cmp_op.o ABSOLUTE
    ..\\..\\library\\HT32F1655_56_Driver\\src\\ht32f1655_56_crc.c 0x00000000   Number         0  ht32f1655_56_crc.o ABSOLUTE
    ..\\..\\library\\HT32F1655_56_Driver\\src\\ht32f1655_56_ebi.c 0x00000000   Number         0  ht32f1655_56_ebi.o ABSOLUTE
    ..\\..\\library\\HT32F1655_56_Driver\\src\\ht32f1655_56_exti.c 0x00000000   Number         0  ht32f1655_56_exti.o ABSOLUTE
    ..\\..\\library\\HT32F1655_56_Driver\\src\\ht32f1655_56_flash.c 0x00000000   Number         0  ht32f1655_56_flash.o ABSOLUTE
    ..\\..\\library\\HT32F1655_56_Driver\\src\\ht32f1655_56_gpio.c 0x00000000   Number         0  ht32f1655_56_gpio.o ABSOLUTE
    ..\\..\\library\\HT32F1655_56_Driver\\src\\ht32f1655_56_gptm.c 0x00000000   Number         0  ht32f1655_56_gptm.o ABSOLUTE
    ..\\..\\library\\HT32F1655_56_Driver\\src\\ht32f1655_56_i2c.c 0x00000000   Number         0  ht32f1655_56_i2c.o ABSOLUTE
    ..\\..\\library\\HT32F1655_56_Driver\\src\\ht32f1655_56_i2s.c 0x00000000   Number         0  ht32f1655_56_i2s.o ABSOLUTE
    ..\\..\\library\\HT32F1655_56_Driver\\src\\ht32f1655_56_mctm.c 0x00000000   Number         0  ht32f1655_56_mctm.o ABSOLUTE
    ..\\..\\library\\HT32F1655_56_Driver\\src\\ht32f1655_56_pdma.c 0x00000000   Number         0  ht32f1655_56_pdma.o ABSOLUTE
    ..\\..\\library\\HT32F1655_56_Driver\\src\\ht32f1655_56_pwrcu.c 0x00000000   Number         0  ht32f1655_56_pwrcu.o ABSOLUTE
    ..\\..\\library\\HT32F1655_56_Driver\\src\\ht32f1655_56_rstcu.c 0x00000000   Number         0  ht32f1655_56_rstcu.o ABSOLUTE
    ..\\..\\library\\HT32F1655_56_Driver\\src\\ht32f1655_56_rtc.c 0x00000000   Number         0  ht32f1655_56_rtc.o ABSOLUTE
    ..\\..\\library\\HT32F1655_56_Driver\\src\\ht32f1655_56_sci.c 0x00000000   Number         0  ht32f1655_56_sci.o ABSOLUTE
    ..\\..\\library\\HT32F1655_56_Driver\\src\\ht32f1655_56_spi.c 0x00000000   Number         0  ht32f1655_56_spi.o ABSOLUTE
    ..\\..\\library\\HT32F1655_56_Driver\\src\\ht32f1655_56_usart.c 0x00000000   Number         0  ht32f1655_56_usart.o ABSOLUTE
    ..\\..\\library\\HT32F1655_56_Driver\\src\\ht32f1655_56_usbd.c 0x00000000   Number         0  ht32f1655_56_usbd.o ABSOLUTE
    ..\\..\\library\\HT32F1655_56_Driver\\src\\ht32f1655_56_wdt.c 0x00000000   Number         0  ht32f1655_56_wdt.o ABSOLUTE
    ..\\..\\library\\HT32_USBD_Library\\src\\ht32_usbd_core.c 0x00000000   Number         0  ht32_usbd_core.o ABSOLUTE
    ..\\..\\utilities\\common\\ebi_lcd.c     0x00000000   Number         0  ebi_lcd.o ABSOLUTE
    ..\\..\\utilities\\common\\i2c_eeprom.c  0x00000000   Number         0  i2c_eeprom.o ABSOLUTE
    ..\\..\\utilities\\common\\spi_flash.c   0x00000000   Number         0  spi_flash.o ABSOLUTE
    ..\\..\\utilities\\ht32_board.c          0x00000000   Number         0  ht32_board.o ABSOLUTE
    ..\\system_ht32f165x.c                   0x00000000   Number         0  system_ht32f165x.o ABSOLUTE
    ..\system_ht32f165x.c                    0x00000000   Number         0  system_ht32f165x.o ABSOLUTE
    cdrcmple.s                               0x00000000   Number         0  cdrcmple.o ABSOLUTE
    dc.s                                     0x00000000   Number         0  dc.o ABSOLUTE
    handlers.s                               0x00000000   Number         0  handlers.o ABSOLUTE
    init.s                                   0x00000000   Number         0  init.o ABSOLUTE
    startup_ht32f165x.s                      0x00000000   Number         0  startup_ht32f165x.o ABSOLUTE
    .ARM.Collect$$$$00000000                 0x00000178   Section        0  entry.o(.ARM.Collect$$$$00000000)
    .ARM.Collect$$$$00000001                 0x00000178   Section        4  entry2.o(.ARM.Collect$$$$00000001)
    .ARM.Collect$$$$00000004                 0x0000017c   Section        4  entry5.o(.ARM.Collect$$$$00000004)
    .ARM.Collect$$$$00000008                 0x00000180   Section        0  entry7b.o(.ARM.Collect$$$$00000008)
    .ARM.Collect$$$$0000000A                 0x00000180   Section        0  entry8b.o(.ARM.Collect$$$$0000000A)
    .ARM.Collect$$$$0000000B                 0x00000180   Section        8  entry9a.o(.ARM.Collect$$$$0000000B)
    .ARM.Collect$$$$0000000D                 0x00000188   Section        0  entry10a.o(.ARM.Collect$$$$0000000D)
    .ARM.Collect$$$$0000000F                 0x00000188   Section        0  entry11a.o(.ARM.Collect$$$$0000000F)
    .ARM.Collect$$$$00002712                 0x00000188   Section        4  entry2.o(.ARM.Collect$$$$00002712)
    __lit__00000000                          0x00000188   Data           4  entry2.o(.ARM.Collect$$$$00002712)
    .text                                    0x0000018c   Section        0  fadd.o(.text)
    .text                                    0x0000023c   Section        0  fmul.o(.text)
    .text                                    0x000002a8   Section        0  dscalb.o(.text)
    .text                                    0x000002d6   Section        0  dflti.o(.text)
    .text                                    0x000002f8   Section        0  d2f.o(.text)
    .text                                    0x00000330   Section        0  uldiv.o(.text)
    .text                                    0x00000392   Section        0  iusefp.o(.text)
    .text                                    0x00000392   Section        0  fepilogue.o(.text)
    .text                                    0x000003fe   Section        0  depilogue.o(.text)
    .text                                    0x000004bc   Section       36  init.o(.text)
    .text                                    0x000004e0   Section        0  llshl.o(.text)
    .text                                    0x000004fe   Section        0  llushr.o(.text)
    i.AFIO_GPxConfig                         0x00000520   Section        0  ht32f1655_56_gpio.o(i.AFIO_GPxConfig)
    i.Axis_DataTransfrom                     0x00000584   Section        0  mpu6050.o(i.Axis_DataTransfrom)
    i.BusFault_Handler                       0x00000604   Section        0  ht32f165x_it.o(i.BusFault_Handler)
    i.CKCU_GetClockReadyStatus               0x00000608   Section        0  ht32f1655_56_ckcu.o(i.CKCU_GetClockReadyStatus)
    i.CKCU_GetClocksFrequency                0x0000061c   Section        0  ht32f1655_56_ckcu.o(i.CKCU_GetClocksFrequency)
    i.CKCU_GetPLLFrequency                   0x00000670   Section        0  ht32f1655_56_ckcu.o(i.CKCU_GetPLLFrequency)
    i.CKCU_GetUSARTClockFreq                 0x000006b0   Section        0  ht32f1655_56_ckcu.o(i.CKCU_GetUSARTClockFreq)
    i.CKCU_PeripClockConfig                  0x000006c0   Section        0  ht32f1655_56_ckcu.o(i.CKCU_PeripClockConfig)
    i.DebugMon_Handler                       0x000006e4   Section        0  ht32f165x_it.o(i.DebugMon_Handler)
    i.GPIO_PullResistorConfig                0x000006e6   Section        0  ht32f1655_56_gpio.o(i.GPIO_PullResistorConfig)
    i.HardFault_Handler                      0x0000070e   Section        0  ht32f165x_it.o(i.HardFault_Handler)
    i.Init_USART                             0x00000710   Section        0  usart.o(i.Init_USART)
    i.MemManage_Handler                      0x0000078c   Section        0  ht32f165x_it.o(i.MemManage_Handler)
    i.NMI_Handler                            0x0000078e   Section        0  ht32f165x_it.o(i.NMI_Handler)
    i.PDMA_ClearFlag                         0x00000790   Section        0  ht32f1655_56_pdma.o(i.PDMA_ClearFlag)
    i.PDMA_Config                            0x000007bc   Section        0  ht32f1655_56_pdma.o(i.PDMA_Config)
    i.PDMA_Configuration                     0x000007ec   Section        0  mpu6050.o(i.PDMA_Configuration)
    i.PDMA_EnaCmd                            0x0000084c   Section        0  ht32f1655_56_pdma.o(i.PDMA_EnaCmd)
    i.PDMA_GetFlagStatus                     0x00000874   Section        0  ht32f1655_56_pdma.o(i.PDMA_GetFlagStatus)
    i.PDMA_IntConig                          0x000008a4   Section        0  ht32f1655_56_pdma.o(i.PDMA_IntConig)
    i.PDMA_SwTrigCmd                         0x000008d4   Section        0  ht32f1655_56_pdma.o(i.PDMA_SwTrigCmd)
    i.PWRCU_CheckReadyAccessed               0x000008fc   Section        0  ht32f1655_56_pwrcu.o(i.PWRCU_CheckReadyAccessed)
    i.PWRCU_DeInit                           0x00000944   Section        0  ht32f1655_56_pwrcu.o(i.PWRCU_DeInit)
    i.PWRCU_GetFlagStatus                    0x00000964   Section        0  ht32f1655_56_pwrcu.o(i.PWRCU_GetFlagStatus)
    i.PWRCU_ReadBackupRegister               0x00000980   Section        0  ht32f1655_56_pwrcu.o(i.PWRCU_ReadBackupRegister)
    i.PWRCU_WriteBackupRegister              0x00000990   Section        0  ht32f1655_56_pwrcu.o(i.PWRCU_WriteBackupRegister)
    i.PendSV_Handler                         0x000009a0   Section        0  ht32f165x_it.o(i.PendSV_Handler)
    i.RTC_CMPCLRCmd                          0x000009a4   Section        0  ht32f1655_56_rtc.o(i.RTC_CMPCLRCmd)
    i.RTC_ClockSourceConfig                  0x000009b0   Section        0  ht32f1655_56_rtc.o(i.RTC_ClockSourceConfig)
    i.RTC_Cmd                                0x000009bc   Section        0  ht32f1655_56_rtc.o(i.RTC_Cmd)
    i.RTC_ConfigOnline                       0x000009c8   Section        0  rtc.o(i.RTC_ConfigOnline)
    i.RTC_Configuration                      0x00000ac4   Section        0  rtc.o(i.RTC_Configuration)
    i.RTC_GetCounter                         0x00000b00   Section        0  ht32f1655_56_rtc.o(i.RTC_GetCounter)
    i.RTC_GetFlagStatus                      0x00000b0c   Section        0  ht32f1655_56_rtc.o(i.RTC_GetFlagStatus)
    i.RTC_IRQHandler                         0x00000b18   Section        0  ht32f165x_it.o(i.RTC_IRQHandler)
    i.RTC_IntConfig                          0x00000b40   Section        0  ht32f1655_56_rtc.o(i.RTC_IntConfig)
    i.RTC_LSECmd                             0x00000b58   Section        0  ht32f1655_56_rtc.o(i.RTC_LSECmd)
    i.RTC_LSESMConfig                        0x00000b84   Section        0  ht32f1655_56_rtc.o(i.RTC_LSESMConfig)
    i.RTC_SetCompare                         0x00000b90   Section        0  ht32f1655_56_rtc.o(i.RTC_SetCompare)
    i.RTC_SetPrescaler                       0x00000b9c   Section        0  ht32f1655_56_rtc.o(i.RTC_SetPrescaler)
    i.SD_DisSelect                           0x00000bb0   Section        0  sd.o(i.SD_DisSelect)
    i.SD_GetResponse                         0x00000bc8   Section        0  sd.o(i.SD_GetResponse)
    i.SD_Init                                0x00000bf0   Section        0  sd.o(i.SD_Init)
    i.SD_ReadDisk                            0x00000d48   Section        0  sd.o(i.SD_ReadDisk)
    i.SD_RecvData                            0x00000db4   Section        0  sd.o(i.SD_RecvData)
    i.SD_SPI_Init                            0x00000dea   Section        0  sd.o(i.SD_SPI_Init)
    i.SD_Select                              0x00000dee   Section        0  sd.o(i.SD_Select)
    i.SD_SendBlock                           0x00000e0c   Section        0  sd.o(i.SD_SendBlock)
    i.SD_SendCmd                             0x00000e5a   Section        0  sd.o(i.SD_SendCmd)
    i.SD_WaitReady                           0x00000ebe   Section        0  sd.o(i.SD_WaitReady)
    SD_WaitReady                             0x00000ebf   Thumb Code    34  sd.o(i.SD_WaitReady)
    i.SD_WriteDisk                           0x00000ee0   Section        0  sd.o(i.SD_WriteDisk)
    i.SERIAL_GetChar                         0x00000f60   Section        0  ht32_serial.o(i.SERIAL_GetChar)
    i.SERIAL_PutChar                         0x00000f7c   Section        0  ht32_serial.o(i.SERIAL_PutChar)
    i.SPI0_Init                              0x00000f9c   Section        0  spi.o(i.SPI0_Init)
    i.SPI0_ReadWriteByte                     0x00001010   Section        0  spi.o(i.SPI0_ReadWriteByte)
    i.SPI0_SetSpeed                          0x00001060   Section        0  spi.o(i.SPI0_SetSpeed)
    i.SPI_Cmd                                0x00001080   Section        0  ht32f1655_56_spi.o(i.SPI_Cmd)
    i.SPI_GetFlagStatus                      0x00001094   Section        0  ht32f1655_56_spi.o(i.SPI_GetFlagStatus)
    i.SPI_Init                               0x000010a2   Section        0  ht32f1655_56_spi.o(i.SPI_Init)
    i.SPI_ReceiveData                        0x000010ec   Section        0  ht32f1655_56_spi.o(i.SPI_ReceiveData)
    i.SPI_SELOutputCmd                       0x000010f2   Section        0  ht32f1655_56_spi.o(i.SPI_SELOutputCmd)
    i.SPI_SendData                           0x00001106   Section        0  ht32f1655_56_spi.o(i.SPI_SendData)
    i.SPI_SoftwareSELCmd                     0x0000110a   Section        0  ht32f1655_56_spi.o(i.SPI_SoftwareSELCmd)
    i.SVC_Handler                            0x0000111e   Section        0  ht32f165x_it.o(i.SVC_Handler)
    i.SYSTICK_ClockSourceConfig              0x00001120   Section        0  ht32_cm3_misc.o(i.SYSTICK_ClockSourceConfig)
    i.SYSTICK_Config                         0x00001138   Section        0  delay.o(i.SYSTICK_Config)
    i.SYSTICK_CounterCmd                     0x00001154   Section        0  ht32_cm3_misc.o(i.SYSTICK_CounterCmd)
    i.SYSTICK_IntConfig                      0x00001174   Section        0  ht32_cm3_misc.o(i.SYSTICK_IntConfig)
    i.SYSTICK_SetReloadValue                 0x0000118c   Section        0  ht32_cm3_misc.o(i.SYSTICK_SetReloadValue)
    i.ScanUnsignedDecimal                    0x00001194   Section        0  rtc.o(i.ScanUnsignedDecimal)
    i.SysTick_Handler                        0x000011bc   Section        0  ht32f165x_it.o(i.SysTick_Handler)
    i.SystemInit                             0x000011c0   Section        0  system_ht32f165x.o(i.SystemInit)
    i.Time_Display                           0x0000121c   Section        0  rtc.o(i.Time_Display)
    i.Time_Regulate                          0x00001250   Section        0  rtc.o(i.Time_Regulate)
    i.TimingDelay                            0x0000131c   Section        0  delay.o(i.TimingDelay)
    i.TryInitSD                              0x00001330   Section        0  sd.o(i.TryInitSD)
    i.USART_GetLineStatus                    0x000013c8   Section        0  ht32f1655_56_usart.o(i.USART_GetLineStatus)
    i.USART_Init                             0x000013d2   Section        0  ht32f1655_56_usart.o(i.USART_Init)
    i.USART_ReceiveData                      0x00001406   Section        0  ht32f1655_56_usart.o(i.USART_ReceiveData)
    i.USART_RxCmd                            0x0000140c   Section        0  ht32f1655_56_usart.o(i.USART_RxCmd)
    i.USART_RxPDMACmd                        0x00001420   Section        0  ht32f1655_56_usart.o(i.USART_RxPDMACmd)
    i.USART_SendData                         0x00001434   Section        0  ht32f1655_56_usart.o(i.USART_SendData)
    i.USART_TxCmd                            0x00001438   Section        0  ht32f1655_56_usart.o(i.USART_TxCmd)
    i.UsageFault_Handler                     0x0000144c   Section        0  ht32f165x_it.o(i.UsageFault_Handler)
    i.__0printf$8                            0x00001450   Section        0  printf8.o(i.__0printf$8)
    i.__scatterload_copy                     0x00001470   Section       14  handlers.o(i.__scatterload_copy)
    i.__scatterload_null                     0x0000147e   Section        2  handlers.o(i.__scatterload_null)
    i.__scatterload_zeroinit                 0x00001480   Section       14  handlers.o(i.__scatterload_zeroinit)
    i._printf_core                           0x00001490   Section        0  printf8.o(i._printf_core)
    _printf_core                             0x00001491   Thumb Code   988  printf8.o(i._printf_core)
    i._printf_post_padding                   0x00001898   Section        0  printf8.o(i._printf_post_padding)
    _printf_post_padding                     0x00001899   Thumb Code    38  printf8.o(i._printf_post_padding)
    i._printf_pre_padding                    0x000018be   Section        0  printf8.o(i._printf_pre_padding)
    _printf_pre_padding                      0x000018bf   Thumb Code    48  printf8.o(i._printf_pre_padding)
    i.check_fs                               0x000018f0   Section        0  ff.o(i.check_fs)
    check_fs                                 0x000018f1   Thumb Code    86  ff.o(i.check_fs)
    i.clust2sect                             0x0000194c   Section        0  ff.o(i.clust2sect)
    i.create_chain                           0x00001964   Section        0  ff.o(i.create_chain)
    create_chain                             0x00001965   Thumb Code   158  ff.o(i.create_chain)
    i.create_name                            0x00001a04   Section        0  ff.o(i.create_name)
    create_name                              0x00001a05   Thumb Code   234  ff.o(i.create_name)
    i.delay_ms                               0x00001b04   Section        0  delay.o(i.delay_ms)
    i.dir_next                               0x00001b2c   Section        0  ff.o(i.dir_next)
    dir_next                                 0x00001b2d   Thumb Code   230  ff.o(i.dir_next)
    i.dir_register                           0x00001c12   Section        0  ff.o(i.dir_register)
    dir_register                             0x00001c13   Thumb Code   112  ff.o(i.dir_register)
    i.dir_sdi                                0x00001c82   Section        0  ff.o(i.dir_sdi)
    dir_sdi                                  0x00001c83   Thumb Code   124  ff.o(i.dir_sdi)
    i.disk_initialize                        0x00001cfe   Section        0  diskio.o(i.disk_initialize)
    i.disk_ioctl                             0x00001d0e   Section        0  diskio.o(i.disk_ioctl)
    i.disk_read                              0x00001d16   Section        0  diskio.o(i.disk_read)
    i.disk_status                            0x00001d34   Section        0  diskio.o(i.disk_status)
    i.disk_write                             0x00001d3c   Section        0  diskio.o(i.disk_write)
    i.f_close                                0x00001d5a   Section        0  ff.o(i.f_close)
    i.f_mount                                0x00001d78   Section        0  ff.o(i.f_mount)
    i.f_open                                 0x00001dc4   Section        0  ff.o(i.f_open)
    i.f_printf                               0x00001f08   Section        0  ff.o(i.f_printf)
    i.f_sync                                 0x000020e8   Section        0  ff.o(i.f_sync)
    i.f_write                                0x00002160   Section        0  ff.o(i.f_write)
    i.fgetc                                  0x000022ca   Section        0  ht32_retarget.o(i.fgetc)
    i.find_volume                            0x000022d0   Section        0  ff.o(i.find_volume)
    find_volume                              0x000022d1   Thumb Code   554  ff.o(i.find_volume)
    i.follow_path                            0x00002508   Section        0  ff.o(i.follow_path)
    follow_path                              0x00002509   Thumb Code   170  ff.o(i.follow_path)
    i.fputc                                  0x000025b2   Section        0  ht32_retarget.o(i.fputc)
    i.get_fat                                0x000025b6   Section        0  ff.o(i.get_fat)
    i.get_fattime                            0x00002674   Section        0  diskio.o(i.get_fattime)
    i.get_ldnumber                           0x00002678   Section        0  ff.o(i.get_ldnumber)
    get_ldnumber                             0x00002679   Thumb Code    60  ff.o(i.get_ldnumber)
    i.getc                                   0x000026b4   Section        0  getc.o(i.getc)
    i.ld_clust                               0x000026b8   Section        0  ff.o(i.ld_clust)
    ld_clust                                 0x000026b9   Thumb Code    18  ff.o(i.ld_clust)
    i.main                                   0x000026cc   Section        0  main.o(i.main)
    i.mem_cpy                                0x00002788   Section        0  ff.o(i.mem_cpy)
    mem_cpy                                  0x00002789   Thumb Code    16  ff.o(i.mem_cpy)
    i.mem_set                                0x00002798   Section        0  ff.o(i.mem_set)
    mem_set                                  0x00002799   Thumb Code    14  ff.o(i.mem_set)
    i.move_window                            0x000027a6   Section        0  ff.o(i.move_window)
    move_window                              0x000027a7   Thumb Code    50  ff.o(i.move_window)
    i.put_fat                                0x000027d8   Section        0  ff.o(i.put_fat)
    i.putc_bfd                               0x000028cc   Section        0  ff.o(i.putc_bfd)
    putc_bfd                                 0x000028cd   Thumb Code    70  ff.o(i.putc_bfd)
    i.remove_chain                           0x00002912   Section        0  ff.o(i.remove_chain)
    remove_chain                             0x00002913   Thumb Code    98  ff.o(i.remove_chain)
    i.sdfs_app_test                          0x00002974   Section        0  sdfs_app.o(i.sdfs_app_test)
    i.st_clust                               0x00002a7c   Section        0  ff.o(i.st_clust)
    st_clust                                 0x00002a7d   Thumb Code    16  ff.o(i.st_clust)
    i.sync_fs                                0x00002a8c   Section        0  ff.o(i.sync_fs)
    sync_fs                                  0x00002a8d   Thumb Code   176  ff.o(i.sync_fs)
    i.sync_window                            0x00002b3c   Section        0  ff.o(i.sync_window)
    sync_window                              0x00002b3d   Thumb Code    82  ff.o(i.sync_window)
    i.validate                               0x00002b8e   Section        0  ff.o(i.validate)
    validate                                 0x00002b8f   Thumb Code    34  ff.o(i.validate)
    .constdata                               0x00002bb0   Section       67  rtc.o(.constdata)
    .constdata                               0x00002bf3   Section      128  ff.o(.constdata)
    ExCvt                                    0x00002bf3   Data         128  ff.o(.constdata)
    .conststring                             0x00002c73   Section        1  sdfs_app.o(.conststring)
    .data                                    0x20000000   Section        4  sdfs_app.o(.data)
    .data                                    0x20000004   Section        1  sd.o(.data)
    .data                                    0x20000008   Section        4  delay.o(.data)
    DelayTime                                0x20000008   Data           4  delay.o(.data)
    .data                                    0x2000000c   Section        4  rtc.o(.data)
    .data                                    0x20000010   Section       12  mpu6050.o(.data)
    .data                                    0x2000001c   Section        8  ff.o(.data)
    Fsid                                     0x2000001c   Data           2  ff.o(.data)
    FatFs                                    0x20000020   Data           4  ff.o(.data)
    .data                                    0x20000024   Section        4  ht32_retarget.o(.data)
    .data                                    0x20000028   Section        4  ht32_retarget.o(.data)
    .bss                                     0x2000002c   Section      560  sdfs_app.o(.bss)
    .bss                                     0x2000025c   Section       44  spi.o(.bss)
    .bss                                     0x20000288   Section       33  mpu6050.o(.bss)
    STACK                                    0x200002b0   Section      512  startup_ht32f165x.o(STACK)

    Global Symbols

    Symbol Name                              Value     Ov Type        Size  Object(Section)

    BuildAttributes$$THM_ISAv4$P$D$K$B$S$PE$A:L22UL41UL21$X:L11$S22US41US21$IEEE1$IW$USESV6$~STKCKD$USESV7$~SHL$OTIME$ROPI$EBA8$MICROLIB$REQ8$PRES8$EABIv2 0x00000000   Number         0  anon$$obj.o ABSOLUTE
    __ARM_use_no_argv                        0x00000000   Number         0  main.o ABSOLUTE
    __Vectors                                0x00000000   Data           4  startup_ht32f165x.o(RESET)
    __use_no_errno                           0x00000000   Number         0  useno.o ABSOLUTE
    __use_no_exception_handling              0x00000000   Number         0  useno.o ABSOLUTE
    __use_no_fp                              0x00000000   Number         0  useno.o ABSOLUTE
    __use_no_heap                            0x00000000   Number         0  useno.o ABSOLUTE
    __use_no_heap_region                     0x00000000   Number         0  useno.o ABSOLUTE
    __use_no_semihosting                     0x00000000   Number         0  useno.o ABSOLUTE
    __use_no_semihosting_swi                 0x00000000   Number         0  useno.o ABSOLUTE
    __use_no_signal_handling                 0x00000000   Number         0  useno.o ABSOLUTE
    _printf_a                                0x00000000   Number         0  stubs.o ABSOLUTE
    _printf_c                                0x00000000   Number         0  stubs.o ABSOLUTE
    _printf_charcount                        0x00000000   Number         0  stubs.o ABSOLUTE
    _printf_d                                0x00000000   Number         0  stubs.o ABSOLUTE
    _printf_e                                0x00000000   Number         0  stubs.o ABSOLUTE
    _printf_f                                0x00000000   Number         0  stubs.o ABSOLUTE
    _printf_flags                            0x00000000   Number         0  stubs.o ABSOLUTE
    _printf_fp_dec                           0x00000000   Number         0  stubs.o ABSOLUTE
    _printf_fp_hex                           0x00000000   Number         0  stubs.o ABSOLUTE
    _printf_g                                0x00000000   Number         0  stubs.o ABSOLUTE
    _printf_i                                0x00000000   Number         0  stubs.o ABSOLUTE
    _printf_int_dec                          0x00000000   Number         0  stubs.o ABSOLUTE
    _printf_l                                0x00000000   Number         0  stubs.o ABSOLUTE
    _printf_lc                               0x00000000   Number         0  stubs.o ABSOLUTE
    _printf_ll                               0x00000000   Number         0  stubs.o ABSOLUTE
    _printf_lld                              0x00000000   Number         0  stubs.o ABSOLUTE
    _printf_lli                              0x00000000   Number         0  stubs.o ABSOLUTE
    _printf_llo                              0x00000000   Number         0  stubs.o ABSOLUTE
    _printf_llu                              0x00000000   Number         0  stubs.o ABSOLUTE
    _printf_llx                              0x00000000   Number         0  stubs.o ABSOLUTE
    _printf_longlong_dec                     0x00000000   Number         0  stubs.o ABSOLUTE
    _printf_longlong_hex                     0x00000000   Number         0  stubs.o ABSOLUTE
    _printf_longlong_oct                     0x00000000   Number         0  stubs.o ABSOLUTE
    _printf_ls                               0x00000000   Number         0  stubs.o ABSOLUTE
    _printf_mbtowc                           0x00000000   Number         0  stubs.o ABSOLUTE
    _printf_n                                0x00000000   Number         0  stubs.o ABSOLUTE
    _printf_o                                0x00000000   Number         0  stubs.o ABSOLUTE
    _printf_p                                0x00000000   Number         0  stubs.o ABSOLUTE
    _printf_percent                          0x00000000   Number         0  stubs.o ABSOLUTE
    _printf_pre_padding                      0x00000000   Number         0  stubs.o ABSOLUTE
    _printf_return_value                     0x00000000   Number         0  stubs.o ABSOLUTE
    _printf_s                                0x00000000   Number         0  stubs.o ABSOLUTE
    _printf_sizespec                         0x00000000   Number         0  stubs.o ABSOLUTE
    _printf_str                              0x00000000   Number         0  stubs.o ABSOLUTE
    _printf_truncate_signed                  0x00000000   Number         0  stubs.o ABSOLUTE
    _printf_truncate_unsigned                0x00000000   Number         0  stubs.o ABSOLUTE
    _printf_u                                0x00000000   Number         0  stubs.o ABSOLUTE
    _printf_wc                               0x00000000   Number         0  stubs.o ABSOLUTE
    _printf_wctomb                           0x00000000   Number         0  stubs.o ABSOLUTE
    _printf_widthprec                        0x00000000   Number         0  stubs.o ABSOLUTE
    _printf_x                                0x00000000   Number         0  stubs.o ABSOLUTE
    __cpp_initialize__aeabi_                  - Undefined Weak Reference
    __cxa_finalize                            - Undefined Weak Reference
    __decompress                              - Undefined Weak Reference
    _clock_init                               - Undefined Weak Reference
    _microlib_exit                            - Undefined Weak Reference
    Reset_Handler                            0x00000155   Thumb Code     8  startup_ht32f165x.o(RESET)
    ADC_IRQHandler                           0x0000016f   Thumb Code     0  startup_ht32f165x.o(RESET)
    BFTM0_IRQHandler                         0x0000016f   Thumb Code     0  startup_ht32f165x.o(RESET)
    BFTM1_IRQHandler                         0x0000016f   Thumb Code     0  startup_ht32f165x.o(RESET)
    BOD_IRQHandler                           0x0000016f   Thumb Code     0  startup_ht32f165x.o(RESET)
    CKRDY_IRQHandler                         0x0000016f   Thumb Code     0  startup_ht32f165x.o(RESET)
    COMP_IRQHandler                          0x0000016f   Thumb Code     0  startup_ht32f165x.o(RESET)
    EBI_IRQHandler                           0x0000016f   Thumb Code     0  startup_ht32f165x.o(RESET)
    EVWUP_IRQHandler                         0x0000016f   Thumb Code     0  startup_ht32f165x.o(RESET)
    EXTI0_IRQHandler                         0x0000016f   Thumb Code     0  startup_ht32f165x.o(RESET)
    EXTI10_IRQHandler                        0x0000016f   Thumb Code     0  startup_ht32f165x.o(RESET)
    EXTI11_IRQHandler                        0x0000016f   Thumb Code     0  startup_ht32f165x.o(RESET)
    EXTI12_IRQHandler                        0x0000016f   Thumb Code     0  startup_ht32f165x.o(RESET)
    EXTI13_IRQHandler                        0x0000016f   Thumb Code     0  startup_ht32f165x.o(RESET)
    EXTI14_IRQHandler                        0x0000016f   Thumb Code     0  startup_ht32f165x.o(RESET)
    EXTI15_IRQHandler                        0x0000016f   Thumb Code     0  startup_ht32f165x.o(RESET)
    EXTI1_IRQHandler                         0x0000016f   Thumb Code     0  startup_ht32f165x.o(RESET)
    EXTI2_IRQHandler                         0x0000016f   Thumb Code     0  startup_ht32f165x.o(RESET)
    EXTI3_IRQHandler                         0x0000016f   Thumb Code     0  startup_ht32f165x.o(RESET)
    EXTI4_IRQHandler                         0x0000016f   Thumb Code     0  startup_ht32f165x.o(RESET)
    EXTI5_IRQHandler                         0x0000016f   Thumb Code     0  startup_ht32f165x.o(RESET)
    EXTI6_IRQHandler                         0x0000016f   Thumb Code     0  startup_ht32f165x.o(RESET)
    EXTI7_IRQHandler                         0x0000016f   Thumb Code     0  startup_ht32f165x.o(RESET)
    EXTI8_IRQHandler                         0x0000016f   Thumb Code     0  startup_ht32f165x.o(RESET)
    EXTI9_IRQHandler                         0x0000016f   Thumb Code     0  startup_ht32f165x.o(RESET)
    FLASH_IRQHandler                         0x0000016f   Thumb Code     0  startup_ht32f165x.o(RESET)
    GPTM0_IRQHandler                         0x0000016f   Thumb Code     0  startup_ht32f165x.o(RESET)
    GPTM1_IRQHandler                         0x0000016f   Thumb Code     0  startup_ht32f165x.o(RESET)
    I2C0_IRQHandler                          0x0000016f   Thumb Code     0  startup_ht32f165x.o(RESET)
    I2C1_IRQHandler                          0x0000016f   Thumb Code     0  startup_ht32f165x.o(RESET)
    I2S_IRQHandler                           0x0000016f   Thumb Code     0  startup_ht32f165x.o(RESET)
    LPWUP_IRQHandler                         0x0000016f   Thumb Code     0  startup_ht32f165x.o(RESET)
    LVD_IRQHandler                           0x0000016f   Thumb Code     0  startup_ht32f165x.o(RESET)
    MCTM0BRK_IRQHandler                      0x0000016f   Thumb Code     0  startup_ht32f165x.o(RESET)
    MCTM0CC_IRQHandler                       0x0000016f   Thumb Code     0  startup_ht32f165x.o(RESET)
    MCTM0TR_IRQHandler                       0x0000016f   Thumb Code     0  startup_ht32f165x.o(RESET)
    MCTM0UP_IRQHandler                       0x0000016f   Thumb Code     0  startup_ht32f165x.o(RESET)
    MCTM1BRK_IRQHandler                      0x0000016f   Thumb Code     0  startup_ht32f165x.o(RESET)
    MCTM1CC_IRQHandler                       0x0000016f   Thumb Code     0  startup_ht32f165x.o(RESET)
    MCTM1TR_IRQHandler                       0x0000016f   Thumb Code     0  startup_ht32f165x.o(RESET)
    MCTM1UP_IRQHandler                       0x0000016f   Thumb Code     0  startup_ht32f165x.o(RESET)
    PDMA_CH0_IRQHandler                      0x0000016f   Thumb Code     0  startup_ht32f165x.o(RESET)
    PDMA_CH1_IRQHandler                      0x0000016f   Thumb Code     0  startup_ht32f165x.o(RESET)
    PDMA_CH2_IRQHandler                      0x0000016f   Thumb Code     0  startup_ht32f165x.o(RESET)
    PDMA_CH3_IRQHandler                      0x0000016f   Thumb Code     0  startup_ht32f165x.o(RESET)
    PDMA_CH4_IRQHandler                      0x0000016f   Thumb Code     0  startup_ht32f165x.o(RESET)
    PDMA_CH5_IRQHandler                      0x0000016f   Thumb Code     0  startup_ht32f165x.o(RESET)
    PDMA_CH6_IRQHandler                      0x0000016f   Thumb Code     0  startup_ht32f165x.o(RESET)
    PDMA_CH7_IRQHandler                      0x0000016f   Thumb Code     0  startup_ht32f165x.o(RESET)
    SCI_IRQHandler                           0x0000016f   Thumb Code     0  startup_ht32f165x.o(RESET)
    SPI0_IRQHandler                          0x0000016f   Thumb Code     0  startup_ht32f165x.o(RESET)
    SPI1_IRQHandler                          0x0000016f   Thumb Code     0  startup_ht32f165x.o(RESET)
    UART0_IRQHandler                         0x0000016f   Thumb Code     0  startup_ht32f165x.o(RESET)
    UART1_IRQHandler                         0x0000016f   Thumb Code     0  startup_ht32f165x.o(RESET)
    USART0_IRQHandler                        0x0000016f   Thumb Code     0  startup_ht32f165x.o(RESET)
    USART1_IRQHandler                        0x0000016f   Thumb Code     0  startup_ht32f165x.o(RESET)
    USB_IRQHandler                           0x0000016f   Thumb Code     0  startup_ht32f165x.o(RESET)
    WDT_IRQHandler                           0x0000016f   Thumb Code     0  startup_ht32f165x.o(RESET)
    __main                                   0x00000179   Thumb Code     0  entry.o(.ARM.Collect$$$$00000000)
    _main_stk                                0x00000179   Thumb Code     0  entry2.o(.ARM.Collect$$$$00000001)
    _main_scatterload                        0x0000017d   Thumb Code     0  entry5.o(.ARM.Collect$$$$00000004)
    __main_after_scatterload                 0x00000181   Thumb Code     0  entry5.o(.ARM.Collect$$$$00000004)
    _main_clock                              0x00000181   Thumb Code     0  entry7b.o(.ARM.Collect$$$$00000008)
    _main_cpp_init                           0x00000181   Thumb Code     0  entry8b.o(.ARM.Collect$$$$0000000A)
    _main_init                               0x00000181   Thumb Code     0  entry9a.o(.ARM.Collect$$$$0000000B)
    __rt_final_cpp                           0x00000189   Thumb Code     0  entry10a.o(.ARM.Collect$$$$0000000D)
    __rt_final_exit                          0x00000189   Thumb Code     0  entry11a.o(.ARM.Collect$$$$0000000F)
    __aeabi_fadd                             0x0000018d   Thumb Code   164  fadd.o(.text)
    __aeabi_fsub                             0x00000231   Thumb Code     6  fadd.o(.text)
    __aeabi_frsub                            0x00000237   Thumb Code     6  fadd.o(.text)
    __aeabi_fmul                             0x0000023d   Thumb Code   108  fmul.o(.text)
    __ARM_scalbn                             0x000002a9   Thumb Code    46  dscalb.o(.text)
    scalbn                                   0x000002a9   Thumb Code     0  dscalb.o(.text)
    __aeabi_i2d                              0x000002d7   Thumb Code    34  dflti.o(.text)
    __aeabi_d2f                              0x000002f9   Thumb Code    56  d2f.o(.text)
    __aeabi_uldivmod                         0x00000331   Thumb Code    98  uldiv.o(.text)
    __I$use$fp                               0x00000393   Thumb Code     0  iusefp.o(.text)
    _float_round                             0x00000393   Thumb Code    18  fepilogue.o(.text)
    _float_epilogue                          0x000003a5   Thumb Code    90  fepilogue.o(.text)
    _double_round                            0x000003ff   Thumb Code    26  depilogue.o(.text)
    _double_epilogue                         0x00000419   Thumb Code   164  depilogue.o(.text)
    __scatterload                            0x000004bd   Thumb Code    28  init.o(.text)
    __scatterload_rt2                        0x000004bd   Thumb Code     0  init.o(.text)
    __aeabi_llsl                             0x000004e1   Thumb Code    30  llshl.o(.text)
    _ll_shift_l                              0x000004e1   Thumb Code     0  llshl.o(.text)
    __aeabi_llsr                             0x000004ff   Thumb Code    32  llushr.o(.text)
    _ll_ushift_r                             0x000004ff   Thumb Code     0  llushr.o(.text)
    AFIO_GPxConfig                           0x00000521   Thumb Code    94  ht32f1655_56_gpio.o(i.AFIO_GPxConfig)
    Axis_DataTransfrom                       0x00000585   Thumb Code   118  mpu6050.o(i.Axis_DataTransfrom)
    BusFault_Handler                         0x00000605   Thumb Code     2  ht32f165x_it.o(i.BusFault_Handler)
    CKCU_GetClockReadyStatus                 0x00000609   Thumb Code    16  ht32f1655_56_ckcu.o(i.CKCU_GetClockReadyStatus)
    CKCU_GetClocksFrequency                  0x0000061d   Thumb Code    76  ht32f1655_56_ckcu.o(i.CKCU_GetClocksFrequency)
    CKCU_GetPLLFrequency                     0x00000671   Thumb Code    52  ht32f1655_56_ckcu.o(i.CKCU_GetPLLFrequency)
    CKCU_GetUSARTClockFreq                   0x000006b1   Thumb Code    16  ht32f1655_56_ckcu.o(i.CKCU_GetUSARTClockFreq)
    CKCU_PeripClockConfig                    0x000006c1   Thumb Code    32  ht32f1655_56_ckcu.o(i.CKCU_PeripClockConfig)
    DebugMon_Handler                         0x000006e5   Thumb Code     2  ht32f165x_it.o(i.DebugMon_Handler)
    GPIO_PullResistorConfig                  0x000006e7   Thumb Code    40  ht32f1655_56_gpio.o(i.GPIO_PullResistorConfig)
    HardFault_Handler                        0x0000070f   Thumb Code     2  ht32f165x_it.o(i.HardFault_Handler)
    Init_USART                               0x00000711   Thumb Code   120  usart.o(i.Init_USART)
    MemManage_Handler                        0x0000078d   Thumb Code     2  ht32f165x_it.o(i.MemManage_Handler)
    NMI_Handler                              0x0000078f   Thumb Code     2  ht32f165x_it.o(i.NMI_Handler)
    PDMA_ClearFlag                           0x00000791   Thumb Code    34  ht32f1655_56_pdma.o(i.PDMA_ClearFlag)
    PDMA_Config                              0x000007bd   Thumb Code    42  ht32f1655_56_pdma.o(i.PDMA_Config)
    PDMA_Configuration                       0x000007ed   Thumb Code    92  mpu6050.o(i.PDMA_Configuration)
    PDMA_EnaCmd                              0x0000084d   Thumb Code    34  ht32f1655_56_pdma.o(i.PDMA_EnaCmd)
    PDMA_GetFlagStatus                       0x00000875   Thumb Code    38  ht32f1655_56_pdma.o(i.PDMA_GetFlagStatus)
    PDMA_IntConig                            0x000008a5   Thumb Code    40  ht32f1655_56_pdma.o(i.PDMA_IntConig)
    PDMA_SwTrigCmd                           0x000008d5   Thumb Code    34  ht32f1655_56_pdma.o(i.PDMA_SwTrigCmd)
    PWRCU_CheckReadyAccessed                 0x000008fd   Thumb Code    58  ht32f1655_56_pwrcu.o(i.PWRCU_CheckReadyAccessed)
    PWRCU_DeInit                             0x00000945   Thumb Code    26  ht32f1655_56_pwrcu.o(i.PWRCU_DeInit)
    PWRCU_GetFlagStatus                      0x00000965   Thumb Code    20  ht32f1655_56_pwrcu.o(i.PWRCU_GetFlagStatus)
    PWRCU_ReadBackupRegister                 0x00000981   Thumb Code    12  ht32f1655_56_pwrcu.o(i.PWRCU_ReadBackupRegister)
    PWRCU_WriteBackupRegister                0x00000991   Thumb Code    12  ht32f1655_56_pwrcu.o(i.PWRCU_WriteBackupRegister)
    PendSV_Handler                           0x000009a1   Thumb Code     2  ht32f165x_it.o(i.PendSV_Handler)
    RTC_CMPCLRCmd                            0x000009a5   Thumb Code     6  ht32f1655_56_rtc.o(i.RTC_CMPCLRCmd)
    RTC_ClockSourceConfig                    0x000009b1   Thumb Code     6  ht32f1655_56_rtc.o(i.RTC_ClockSourceConfig)
    RTC_Cmd                                  0x000009bd   Thumb Code     6  ht32f1655_56_rtc.o(i.RTC_Cmd)
    RTC_ConfigOnline                         0x000009c9   Thumb Code   122  rtc.o(i.RTC_ConfigOnline)
    RTC_Configuration                        0x00000ac5   Thumb Code    60  rtc.o(i.RTC_Configuration)
    RTC_GetCounter                           0x00000b01   Thumb Code     6  ht32f1655_56_rtc.o(i.RTC_GetCounter)
    RTC_GetFlagStatus                        0x00000b0d   Thumb Code     8  ht32f1655_56_rtc.o(i.RTC_GetFlagStatus)
    RTC_IRQHandler                           0x00000b19   Thumb Code    32  ht32f165x_it.o(i.RTC_IRQHandler)
    RTC_IntConfig                            0x00000b41   Thumb Code    18  ht32f1655_56_rtc.o(i.RTC_IntConfig)
    RTC_LSECmd                               0x00000b59   Thumb Code    34  ht32f1655_56_rtc.o(i.RTC_LSECmd)
    RTC_LSESMConfig                          0x00000b85   Thumb Code     6  ht32f1655_56_rtc.o(i.RTC_LSESMConfig)
    RTC_SetCompare                           0x00000b91   Thumb Code     6  ht32f1655_56_rtc.o(i.RTC_SetCompare)
    RTC_SetPrescaler                         0x00000b9d   Thumb Code    16  ht32f1655_56_rtc.o(i.RTC_SetPrescaler)
    SD_DisSelect                             0x00000bb1   Thumb Code    24  sd.o(i.SD_DisSelect)
    SD_GetResponse                           0x00000bc9   Thumb Code    40  sd.o(i.SD_GetResponse)
    SD_Init                                  0x00000bf1   Thumb Code   340  sd.o(i.SD_Init)
    SD_ReadDisk                              0x00000d49   Thumb Code   104  sd.o(i.SD_ReadDisk)
    SD_RecvData                              0x00000db5   Thumb Code    54  sd.o(i.SD_RecvData)
    SD_SPI_Init                              0x00000deb   Thumb Code     4  sd.o(i.SD_SPI_Init)
    SD_Select                                0x00000def   Thumb Code    30  sd.o(i.SD_Select)
    SD_SendBlock                             0x00000e0d   Thumb Code    78  sd.o(i.SD_SendBlock)
    SD_SendCmd                               0x00000e5b   Thumb Code   100  sd.o(i.SD_SendCmd)
    SD_WriteDisk                             0x00000ee1   Thumb Code   124  sd.o(i.SD_WriteDisk)
    SERIAL_GetChar                           0x00000f61   Thumb Code    28  ht32_serial.o(i.SERIAL_GetChar)
    SERIAL_PutChar                           0x00000f7d   Thumb Code    32  ht32_serial.o(i.SERIAL_PutChar)
    SPI0_Init                                0x00000f9d   Thumb Code   106  spi.o(i.SPI0_Init)
    SPI0_ReadWriteByte                       0x00001011   Thumb Code    78  spi.o(i.SPI0_ReadWriteByte)
    SPI0_SetSpeed                            0x00001061   Thumb Code    28  spi.o(i.SPI0_SetSpeed)
    SPI_Cmd                                  0x00001081   Thumb Code    20  ht32f1655_56_spi.o(i.SPI_Cmd)
    SPI_GetFlagStatus                        0x00001095   Thumb Code    14  ht32f1655_56_spi.o(i.SPI_GetFlagStatus)
    SPI_Init                                 0x000010a3   Thumb Code    74  ht32f1655_56_spi.o(i.SPI_Init)
    SPI_ReceiveData                          0x000010ed   Thumb Code     6  ht32f1655_56_spi.o(i.SPI_ReceiveData)
    SPI_SELOutputCmd                         0x000010f3   Thumb Code    20  ht32f1655_56_spi.o(i.SPI_SELOutputCmd)
    SPI_SendData                             0x00001107   Thumb Code     4  ht32f1655_56_spi.o(i.SPI_SendData)
    SPI_SoftwareSELCmd                       0x0000110b   Thumb Code    20  ht32f1655_56_spi.o(i.SPI_SoftwareSELCmd)
    SVC_Handler                              0x0000111f   Thumb Code     2  ht32f165x_it.o(i.SVC_Handler)
    SYSTICK_ClockSourceConfig                0x00001121   Thumb Code    24  ht32_cm3_misc.o(i.SYSTICK_ClockSourceConfig)
    SYSTICK_Config                           0x00001139   Thumb Code    28  delay.o(i.SYSTICK_Config)
    SYSTICK_CounterCmd                       0x00001155   Thumb Code    32  ht32_cm3_misc.o(i.SYSTICK_CounterCmd)
    SYSTICK_IntConfig                        0x00001175   Thumb Code    24  ht32_cm3_misc.o(i.SYSTICK_IntConfig)
    SYSTICK_SetReloadValue                   0x0000118d   Thumb Code     8  ht32_cm3_misc.o(i.SYSTICK_SetReloadValue)
    ScanUnsignedDecimal                      0x00001195   Thumb Code    36  rtc.o(i.ScanUnsignedDecimal)
    SysTick_Handler                          0x000011bd   Thumb Code     4  ht32f165x_it.o(i.SysTick_Handler)
    SystemInit                               0x000011c1   Thumb Code    78  system_ht32f165x.o(i.SystemInit)
    Time_Display                             0x0000121d   Thumb Code    28  rtc.o(i.Time_Display)
    Time_Regulate                            0x00001251   Thumb Code   116  rtc.o(i.Time_Regulate)
    TimingDelay                              0x0000131d   Thumb Code    16  delay.o(i.TimingDelay)
    TryInitSD                                0x00001331   Thumb Code    60  sd.o(i.TryInitSD)
    USART_GetLineStatus                      0x000013c9   Thumb Code    10  ht32f1655_56_usart.o(i.USART_GetLineStatus)
    USART_Init                               0x000013d3   Thumb Code    52  ht32f1655_56_usart.o(i.USART_Init)
    USART_ReceiveData                        0x00001407   Thumb Code     6  ht32f1655_56_usart.o(i.USART_ReceiveData)
    USART_RxCmd                              0x0000140d   Thumb Code    20  ht32f1655_56_usart.o(i.USART_RxCmd)
    USART_RxPDMACmd                          0x00001421   Thumb Code    20  ht32f1655_56_usart.o(i.USART_RxPDMACmd)
    USART_SendData                           0x00001435   Thumb Code     4  ht32f1655_56_usart.o(i.USART_SendData)
    USART_TxCmd                              0x00001439   Thumb Code    20  ht32f1655_56_usart.o(i.USART_TxCmd)
    UsageFault_Handler                       0x0000144d   Thumb Code     2  ht32f165x_it.o(i.UsageFault_Handler)
    __0printf$8                              0x00001451   Thumb Code    22  printf8.o(i.__0printf$8)
    __1printf$8                              0x00001451   Thumb Code     0  printf8.o(i.__0printf$8)
    __2printf                                0x00001451   Thumb Code     0  printf8.o(i.__0printf$8)
    __scatterload_copy                       0x00001471   Thumb Code    14  handlers.o(i.__scatterload_copy)
    __scatterload_null                       0x0000147f   Thumb Code     2  handlers.o(i.__scatterload_null)
    __scatterload_zeroinit                   0x00001481   Thumb Code    14  handlers.o(i.__scatterload_zeroinit)
    clust2sect                               0x0000194d   Thumb Code    24  ff.o(i.clust2sect)
    delay_ms                                 0x00001b05   Thumb Code    36  delay.o(i.delay_ms)
    disk_initialize                          0x00001cff   Thumb Code    16  diskio.o(i.disk_initialize)
    disk_ioctl                               0x00001d0f   Thumb Code     8  diskio.o(i.disk_ioctl)
    disk_read                                0x00001d17   Thumb Code    30  diskio.o(i.disk_read)
    disk_status                              0x00001d35   Thumb Code     8  diskio.o(i.disk_status)
    disk_write                               0x00001d3d   Thumb Code    30  diskio.o(i.disk_write)
    f_close                                  0x00001d5b   Thumb Code    28  ff.o(i.f_close)
    f_mount                                  0x00001d79   Thumb Code    72  ff.o(i.f_mount)
    f_open                                   0x00001dc5   Thumb Code   324  ff.o(i.f_open)
    f_printf                                 0x00001f09   Thumb Code   480  ff.o(i.f_printf)
    f_sync                                   0x000020e9   Thumb Code   120  ff.o(i.f_sync)
    f_write                                  0x00002161   Thumb Code   362  ff.o(i.f_write)
    fgetc                                    0x000022cb   Thumb Code     4  ht32_retarget.o(i.fgetc)
    fputc                                    0x000025b3   Thumb Code     4  ht32_retarget.o(i.fputc)
    get_fat                                  0x000025b7   Thumb Code   190  ff.o(i.get_fat)
    get_fattime                              0x00002675   Thumb Code     4  diskio.o(i.get_fattime)
    getc                                     0x000026b5   Thumb Code     4  getc.o(i.getc)
    main                                     0x000026cd   Thumb Code   162  main.o(i.main)
    put_fat                                  0x000027d9   Thumb Code   244  ff.o(i.put_fat)
    sdfs_app_test                            0x00002975   Thumb Code    86  sdfs_app.o(i.sdfs_app_test)
    Region$$Table$$Base                      0x00002c74   Number         0  anon$$obj.o(Region$$Table)
    Region$$Table$$Limit                     0x00002c94   Number         0  anon$$obj.o(Region$$Table)
    root                                     0x20000000   Data           4  sdfs_app.o(.data)
    SD_Type                                  0x20000004   Data           1  sd.o(.data)
    gwTimeDisplay                            0x2000000c   Data           4  rtc.o(.data)
    X_Axis                                   0x20000010   Data           4  mpu6050.o(.data)
    Y_Axis                                   0x20000014   Data           4  mpu6050.o(.data)
    Z_Axis                                   0x20000018   Data           4  mpu6050.o(.data)
    __stdout                                 0x20000024   Data           4  ht32_retarget.o(.data)
    __stdin                                  0x20000028   Data           4  ht32_retarget.o(.data)
    myfat                                    0x2000002c   Data         560  sdfs_app.o(.bss)
    SPI_InitStructure                        0x2000025c   Data          44  spi.o(.bss)
    MPU_Data                                 0x20000288   Data          33  mpu6050.o(.bss)
    __initial_sp                             0x200004b0   Data           0  startup_ht32f165x.o(STACK)



==============================================================================

Memory Map of the image

  Image Entry point : 0x00000155

  Load Region LR_1 (Base: 0x00000000, Size: 0x00002cc0, Max: 0xffffffff, ABSOLUTE)

    Execution Region ER_RO (Base: 0x00000000, Size: 0x00002c94, Max: 0xffffffff, ABSOLUTE)

    Base Addr    Size         Type   Attr      Idx    E Section Name        Object

    0x00000000   0x00000178   Code   RO          965  * RESET               startup_ht32f165x.o
    0x00000178   0x00000000   Code   RO         4921  * .ARM.Collect$$$$00000000  mc_w.l(entry.o)
    0x00000178   0x00000004   Code   RO         5197    .ARM.Collect$$$$00000001  mc_w.l(entry2.o)
    0x0000017c   0x00000004   Code   RO         5200    .ARM.Collect$$$$00000004  mc_w.l(entry5.o)
    0x00000180   0x00000000   Code   RO         5202    .ARM.Collect$$$$00000008  mc_w.l(entry7b.o)
    0x00000180   0x00000000   Code   RO         5204    .ARM.Collect$$$$0000000A  mc_w.l(entry8b.o)
    0x00000180   0x00000008   Code   RO         5205    .ARM.Collect$$$$0000000B  mc_w.l(entry9a.o)
    0x00000188   0x00000000   Code   RO         5207    .ARM.Collect$$$$0000000D  mc_w.l(entry10a.o)
    0x00000188   0x00000000   Code   RO         5209    .ARM.Collect$$$$0000000F  mc_w.l(entry11a.o)
    0x00000188   0x00000004   Code   RO         5198    .ARM.Collect$$$$00002712  mc_w.l(entry2.o)
    0x0000018c   0x000000b0   Code   RO         5187    .text               mf_w.l(fadd.o)
    0x0000023c   0x0000006c   Code   RO         5189    .text               mf_w.l(fmul.o)
    0x000002a8   0x0000002e   Code   RO         5191    .text               mf_w.l(dscalb.o)
    0x000002d6   0x00000022   Code   RO         5193    .text               mf_w.l(dflti.o)
    0x000002f8   0x00000038   Code   RO         5195    .text               mf_w.l(d2f.o)
    0x00000330   0x00000062   Code   RO         5213    .text               mc_w.l(uldiv.o)
    0x00000392   0x00000000   Code   RO         5215    .text               mc_w.l(iusefp.o)
    0x00000392   0x0000006c   Code   RO         5216    .text               mf_w.l(fepilogue.o)
    0x000003fe   0x000000be   Code   RO         5218    .text               mf_w.l(depilogue.o)
    0x000004bc   0x00000024   Code   RO         5230    .text               mc_w.l(init.o)
    0x000004e0   0x0000001e   Code   RO         5232    .text               mc_w.l(llshl.o)
    0x000004fe   0x00000020   Code   RO         5234    .text               mc_w.l(llushr.o)
    0x0000051e   0x00000002   PAD
    0x00000520   0x00000064   Code   RO         1951    i.AFIO_GPxConfig    ht32f1655_56_gpio.o
    0x00000584   0x00000080   Code   RO          561    i.Axis_DataTransfrom  mpu6050.o
    0x00000604   0x00000002   Code   RO          193    i.BusFault_Handler  ht32f165x_it.o
    0x00000606   0x00000002   PAD
    0x00000608   0x00000014   Code   RO         1345    i.CKCU_GetClockReadyStatus  ht32f1655_56_ckcu.o
    0x0000061c   0x00000054   Code   RO         1346    i.CKCU_GetClocksFrequency  ht32f1655_56_ckcu.o
    0x00000670   0x00000040   Code   RO         1348    i.CKCU_GetPLLFrequency  ht32f1655_56_ckcu.o
    0x000006b0   0x00000010   Code   RO         1350    i.CKCU_GetUSARTClockFreq  ht32f1655_56_ckcu.o
    0x000006c0   0x00000024   Code   RO         1361    i.CKCU_PeripClockConfig  ht32f1655_56_ckcu.o
    0x000006e4   0x00000002   Code   RO          194    i.DebugMon_Handler  ht32f165x_it.o
    0x000006e6   0x00000028   Code   RO         1961    i.GPIO_PullResistorConfig  ht32f1655_56_gpio.o
    0x0000070e   0x00000002   Code   RO          195    i.HardFault_Handler  ht32f165x_it.o
    0x00000710   0x0000007c   Code   RO          301    i.Init_USART        usart.o
    0x0000078c   0x00000002   Code   RO          196    i.MemManage_Handler  ht32f165x_it.o
    0x0000078e   0x00000002   Code   RO          197    i.NMI_Handler       ht32f165x_it.o
    0x00000790   0x0000002c   Code   RO         3191    i.PDMA_ClearFlag    ht32f1655_56_pdma.o
    0x000007bc   0x00000030   Code   RO         3192    i.PDMA_Config       ht32f1655_56_pdma.o
    0x000007ec   0x00000060   Code   RO          562    i.PDMA_Configuration  mpu6050.o
    0x0000084c   0x00000028   Code   RO         3193    i.PDMA_EnaCmd       ht32f1655_56_pdma.o
    0x00000874   0x00000030   Code   RO         3194    i.PDMA_GetFlagStatus  ht32f1655_56_pdma.o
    0x000008a4   0x00000030   Code   RO         3195    i.PDMA_IntConig     ht32f1655_56_pdma.o
    0x000008d4   0x00000028   Code   RO         3196    i.PDMA_SwTrigCmd    ht32f1655_56_pdma.o
    0x000008fc   0x00000048   Code   RO         3253    i.PWRCU_CheckReadyAccessed  ht32f1655_56_pwrcu.o
    0x00000944   0x00000020   Code   RO         3255    i.PWRCU_DeInit      ht32f1655_56_pwrcu.o
    0x00000964   0x0000001c   Code   RO         3260    i.PWRCU_GetFlagStatus  ht32f1655_56_pwrcu.o
    0x00000980   0x00000010   Code   RO         3267    i.PWRCU_ReadBackupRegister  ht32f1655_56_pwrcu.o
    0x00000990   0x00000010   Code   RO         3273    i.PWRCU_WriteBackupRegister  ht32f1655_56_pwrcu.o
    0x000009a0   0x00000002   Code   RO          198    i.PendSV_Handler    ht32f165x_it.o
    0x000009a2   0x00000002   PAD
    0x000009a4   0x0000000c   Code   RO         3449    i.RTC_CMPCLRCmd     ht32f1655_56_rtc.o
    0x000009b0   0x0000000c   Code   RO         3450    i.RTC_ClockSourceConfig  ht32f1655_56_rtc.o
    0x000009bc   0x0000000c   Code   RO         3451    i.RTC_Cmd           ht32f1655_56_rtc.o
    0x000009c8   0x000000fc   Code   RO          499    i.RTC_ConfigOnline  rtc.o
    0x00000ac4   0x0000003c   Code   RO          500    i.RTC_Configuration  rtc.o
    0x00000b00   0x0000000c   Code   RO         3454    i.RTC_GetCounter    ht32f1655_56_rtc.o
    0x00000b0c   0x0000000c   Code   RO         3455    i.RTC_GetFlagStatus  ht32f1655_56_rtc.o
    0x00000b18   0x00000028   Code   RO          199    i.RTC_IRQHandler    ht32f165x_it.o
    0x00000b40   0x00000018   Code   RO         3458    i.RTC_IntConfig     ht32f1655_56_rtc.o
    0x00000b58   0x0000002c   Code   RO         3459    i.RTC_LSECmd        ht32f1655_56_rtc.o
    0x00000b84   0x0000000c   Code   RO         3460    i.RTC_LSESMConfig   ht32f1655_56_rtc.o
    0x00000b90   0x0000000c   Code   RO         3465    i.RTC_SetCompare    ht32f1655_56_rtc.o
    0x00000b9c   0x00000014   Code   RO         3466    i.RTC_SetPrescaler  ht32f1655_56_rtc.o
    0x00000bb0   0x00000018   Code   RO          364    i.SD_DisSelect      sd.o
    0x00000bc8   0x00000028   Code   RO          365    i.SD_GetResponse    sd.o
    0x00000bf0   0x00000158   Code   RO          366    i.SD_Init           sd.o
    0x00000d48   0x0000006c   Code   RO          367    i.SD_ReadDisk       sd.o
    0x00000db4   0x00000036   Code   RO          368    i.SD_RecvData       sd.o
    0x00000dea   0x00000004   Code   RO          369    i.SD_SPI_Init       sd.o
    0x00000dee   0x0000001e   Code   RO          370    i.SD_Select         sd.o
    0x00000e0c   0x0000004e   Code   RO          371    i.SD_SendBlock      sd.o
    0x00000e5a   0x00000064   Code   RO          372    i.SD_SendCmd        sd.o
    0x00000ebe   0x00000022   Code   RO          373    i.SD_WaitReady      sd.o
    0x00000ee0   0x00000080   Code   RO          374    i.SD_WriteDisk      sd.o
    0x00000f60   0x0000001c   Code   RO         4505    i.SERIAL_GetChar    ht32_serial.o
    0x00000f7c   0x00000020   Code   RO         4506    i.SERIAL_PutChar    ht32_serial.o
    0x00000f9c   0x00000074   Code   RO          325    i.SPI0_Init         spi.o
    0x00001010   0x0000004e   Code   RO          326    i.SPI0_ReadWriteByte  spi.o
    0x0000105e   0x00000002   PAD
    0x00001060   0x00000020   Code   RO          327    i.SPI0_SetSpeed     spi.o
    0x00001080   0x00000014   Code   RO         3702    i.SPI_Cmd           ht32f1655_56_spi.o
    0x00001094   0x0000000e   Code   RO         3710    i.SPI_GetFlagStatus  ht32f1655_56_spi.o
    0x000010a2   0x0000004a   Code   RO         3711    i.SPI_Init          ht32f1655_56_spi.o
    0x000010ec   0x00000006   Code   RO         3714    i.SPI_ReceiveData   ht32f1655_56_spi.o
    0x000010f2   0x00000014   Code   RO         3717    i.SPI_SELOutputCmd  ht32f1655_56_spi.o
    0x00001106   0x00000004   Code   RO         3718    i.SPI_SendData      ht32f1655_56_spi.o
    0x0000110a   0x00000014   Code   RO         3721    i.SPI_SoftwareSELCmd  ht32f1655_56_spi.o
    0x0000111e   0x00000002   Code   RO          200    i.SVC_Handler       ht32f165x_it.o
    0x00001120   0x00000018   Code   RO         1062    i.SYSTICK_ClockSourceConfig  ht32_cm3_misc.o
    0x00001138   0x0000001c   Code   RO          461    i.SYSTICK_Config    delay.o
    0x00001154   0x00000020   Code   RO         1063    i.SYSTICK_CounterCmd  ht32_cm3_misc.o
    0x00001174   0x00000018   Code   RO         1064    i.SYSTICK_IntConfig  ht32_cm3_misc.o
    0x0000118c   0x00000008   Code   RO         1065    i.SYSTICK_SetReloadValue  ht32_cm3_misc.o
    0x00001194   0x00000028   Code   RO          502    i.ScanUnsignedDecimal  rtc.o
    0x000011bc   0x00000004   Code   RO          201    i.SysTick_Handler   ht32f165x_it.o
    0x000011c0   0x0000005c   Code   RO          931    i.SystemInit        system_ht32f165x.o
    0x0000121c   0x00000034   Code   RO          503    i.Time_Display      rtc.o
    0x00001250   0x000000cc   Code   RO          504    i.Time_Regulate     rtc.o
    0x0000131c   0x00000014   Code   RO          462    i.TimingDelay       delay.o
    0x00001330   0x00000098   Code   RO          375    i.TryInitSD         sd.o
    0x000013c8   0x0000000a   Code   RO         3857    i.USART_GetLineStatus  ht32f1655_56_usart.o
    0x000013d2   0x00000034   Code   RO         3860    i.USART_Init        ht32f1655_56_usart.o
    0x00001406   0x00000006   Code   RO         3871    i.USART_ReceiveData  ht32f1655_56_usart.o
    0x0000140c   0x00000014   Code   RO         3872    i.USART_RxCmd       ht32f1655_56_usart.o
    0x00001420   0x00000014   Code   RO         3873    i.USART_RxPDMACmd   ht32f1655_56_usart.o
    0x00001434   0x00000004   Code   RO         3874    i.USART_SendData    ht32f1655_56_usart.o
    0x00001438   0x00000014   Code   RO         3886    i.USART_TxCmd       ht32f1655_56_usart.o
    0x0000144c   0x00000002   Code   RO          202    i.UsageFault_Handler  ht32f165x_it.o
    0x0000144e   0x00000002   PAD
    0x00001450   0x00000020   Code   RO         5133    i.__0printf$8       mc_w.l(printf8.o)
    0x00001470   0x0000000e   Code   RO         5240    i.__scatterload_copy  mc_w.l(handlers.o)
    0x0000147e   0x00000002   Code   RO         5241    i.__scatterload_null  mc_w.l(handlers.o)
    0x00001480   0x0000000e   Code   RO         5242    i.__scatterload_zeroinit  mc_w.l(handlers.o)
    0x0000148e   0x00000002   PAD
    0x00001490   0x00000408   Code   RO         5140    i._printf_core      mc_w.l(printf8.o)
    0x00001898   0x00000026   Code   RO         5141    i._printf_post_padding  mc_w.l(printf8.o)
    0x000018be   0x00000030   Code   RO         5142    i._printf_pre_padding  mc_w.l(printf8.o)
    0x000018ee   0x00000002   PAD
    0x000018f0   0x0000005c   Code   RO          652    i.check_fs          ff.o
    0x0000194c   0x00000018   Code   RO          653    i.clust2sect        ff.o
    0x00001964   0x0000009e   Code   RO          654    i.create_chain      ff.o
    0x00001a02   0x00000002   PAD
    0x00001a04   0x00000100   Code   RO          655    i.create_name       ff.o
    0x00001b04   0x00000028   Code   RO          463    i.delay_ms          delay.o
    0x00001b2c   0x000000e6   Code   RO          656    i.dir_next          ff.o
    0x00001c12   0x00000070   Code   RO          658    i.dir_register      ff.o
    0x00001c82   0x0000007c   Code   RO          660    i.dir_sdi           ff.o
    0x00001cfe   0x00000010   Code   RO          598    i.disk_initialize   diskio.o
    0x00001d0e   0x00000008   Code   RO          599    i.disk_ioctl        diskio.o
    0x00001d16   0x0000001e   Code   RO          600    i.disk_read         diskio.o
    0x00001d34   0x00000008   Code   RO          601    i.disk_status       diskio.o
    0x00001d3c   0x0000001e   Code   RO          602    i.disk_write        diskio.o
    0x00001d5a   0x0000001c   Code   RO          662    i.f_close           ff.o
    0x00001d76   0x00000002   PAD
    0x00001d78   0x0000004c   Code   RO          668    i.f_mount           ff.o
    0x00001dc4   0x00000144   Code   RO          669    i.f_open            ff.o
    0x00001f08   0x000001e0   Code   RO          671    i.f_printf          ff.o
    0x000020e8   0x00000078   Code   RO          678    i.f_sync            ff.o
    0x00002160   0x0000016a   Code   RO          682    i.f_write           ff.o
    0x000022ca   0x00000004   Code   RO         4444    i.fgetc             ht32_retarget.o
    0x000022ce   0x00000002   PAD
    0x000022d0   0x00000238   Code   RO          683    i.find_volume       ff.o
    0x00002508   0x000000aa   Code   RO          684    i.follow_path       ff.o
    0x000025b2   0x00000004   Code   RO         4445    i.fputc             ht32_retarget.o
    0x000025b6   0x000000be   Code   RO          685    i.get_fat           ff.o
    0x00002674   0x00000004   Code   RO          603    i.get_fattime       diskio.o
    0x00002678   0x0000003c   Code   RO          687    i.get_ldnumber      ff.o
    0x000026b4   0x00000004   Code   RO         4924    i.getc              mc_w.l(getc.o)
    0x000026b8   0x00000012   Code   RO          688    i.ld_clust          ff.o
    0x000026ca   0x00000002   PAD
    0x000026cc   0x000000bc   Code   RO            4    i.main              main.o
    0x00002788   0x00000010   Code   RO          689    i.mem_cpy           ff.o
    0x00002798   0x0000000e   Code   RO          690    i.mem_set           ff.o
    0x000027a6   0x00000032   Code   RO          691    i.move_window       ff.o
    0x000027d8   0x000000f4   Code   RO          692    i.put_fat           ff.o
    0x000028cc   0x00000046   Code   RO          693    i.putc_bfd          ff.o
    0x00002912   0x00000062   Code   RO          694    i.remove_chain      ff.o
    0x00002974   0x00000108   Code   RO          272    i.sdfs_app_test     sdfs_app.o
    0x00002a7c   0x00000010   Code   RO          695    i.st_clust          ff.o
    0x00002a8c   0x000000b0   Code   RO          696    i.sync_fs           ff.o
    0x00002b3c   0x00000052   Code   RO          697    i.sync_window       ff.o
    0x00002b8e   0x00000022   Code   RO          698    i.validate          ff.o
    0x00002bb0   0x00000043   Data   RO          505    .constdata          rtc.o
    0x00002bf3   0x00000080   Data   RO          699    .constdata          ff.o
    0x00002c73   0x00000001   Data   RO          274    .conststring        sdfs_app.o
    0x00002c74   0x00000020   Data   RO         5238    Region$$Table       anon$$obj.o


    Execution Region ER_RW (Base: 0x20000000, Size: 0x0000002c, Max: 0xffffffff, ABSOLUTE)

    Base Addr    Size         Type   Attr      Idx    E Section Name        Object

    0x20000000   0x00000004   Data   RW          275    .data               sdfs_app.o
    0x20000004   0x00000001   Data   RW          378    .data               sd.o
    0x20000005   0x00000003   PAD
    0x20000008   0x00000004   Data   RW          464    .data               delay.o
    0x2000000c   0x00000004   Data   RW          506    .data               rtc.o
    0x20000010   0x0000000c   Data   RW          564    .data               mpu6050.o
    0x2000001c   0x00000008   Data   RW          700    .data               ff.o
    0x20000024   0x00000004   Data   RW         4446    .data               ht32_retarget.o
    0x20000028   0x00000004   Data   RW         4447    .data               ht32_retarget.o


    Execution Region ER_ZI (Base: 0x2000002c, Size: 0x00000484, Max: 0xffffffff, ABSOLUTE)

    Base Addr    Size         Type   Attr      Idx    E Section Name        Object

    0x2000002c   0x00000230   Zero   RW          273    .bss                sdfs_app.o
    0x2000025c   0x0000002c   Zero   RW          328    .bss                spi.o
    0x20000288   0x00000021   Zero   RW          563    .bss                mpu6050.o
    0x200002a9   0x00000007   PAD
    0x200002b0   0x00000200   Zero   RW          963    STACK               startup_ht32f165x.o


==============================================================================

Image component sizes


      Code (inc. data)   RO Data    RW Data    ZI Data      Debug   Object Name

        88          8          0          4          0       1606   delay.o
        96          0          0          0          0       4240   diskio.o
      4192         46        128          8          0      25272   ff.o
        88          0          0          0          0       2202   ht32_cm3_misc.o
         8          0          0          8          0       2974   ht32_retarget.o
        60          0          0          0          0       1110   ht32_serial.o
       220         28          0          0          0       5268   ht32f1655_56_ckcu.o
       140          6          0          0          0       1891   ht32f1655_56_gpio.o
       268         46          0          0          0       4003   ht32f1655_56_pdma.o
       164         36          0          0          0       2891   ht32f1655_56_pwrcu.o
       172         60          0          0          0       5198   ht32f1655_56_rtc.o
       158          0          0          0          0       4646   ht32f1655_56_spi.o
       132          0          0          0          0       5554   ht32f1655_56_usart.o
        60          8          0          0          0       4355   ht32f165x_it.o
       188         26          0          0          0      49895   main.o
       224         14          0         12         33       1814   mpu6050.o
       608        246         67          4          0      25399   rtc.o
      1096        104          0          1          0       7737   sd.o
       264        178          1          4        560        865   sdfs_app.o
       226         14          0          0         44       1865   spi.o
       376        348          0          0        512        748   startup_ht32f165x.o
        92         14          0          0          0        477   system_ht32f165x.o
       124          4          0          0          0        957   usart.o

    ----------------------------------------------------------------------
      9060       1186        228         44       1156     160967   Object Totals
         0          0         32          0          0          0   (incl. Generated)
        16          0          0          3          7          0   (incl. Padding)

    ----------------------------------------------------------------------

      Code (inc. data)   RO Data    RW Data    ZI Data      Debug   Library Member Name

         0          0          0          0          0          0   entry.o
         0          0          0          0          0          0   entry10a.o
         0          0          0          0          0          0   entry11a.o
         8          4          0          0          0          0   entry2.o
         4          0          0          0          0          0   entry5.o
         0          0          0          0          0          0   entry7b.o
         0          0          0          0          0          0   entry8b.o
         8          4          0          0          0          0   entry9a.o
         4          0          0          0          0         68   getc.o
        30          0          0          0          0          0   handlers.o
        36          8          0          0          0         68   init.o
         0          0          0          0          0          0   iusefp.o
        30          0          0          0          0         68   llshl.o
        32          0          0          0          0         68   llushr.o
      1150         54          0          0          0        352   printf8.o
        98          0          0          0          0         92   uldiv.o
        56          0          0          0          0         88   d2f.o
       190          0          0          0          0        176   depilogue.o
        34          0          0          0          0         76   dflti.o
        46          0          0          0          0         80   dscalb.o
       176          0          0          0          0        140   fadd.o
       108          0          0          0          0        168   fepilogue.o
       108          0          0          0          0         76   fmul.o

    ----------------------------------------------------------------------
      2124         70          0          0          0       1520   Library Totals
         6          0          0          0          0          0   (incl. Padding)

    ----------------------------------------------------------------------

      Code (inc. data)   RO Data    RW Data    ZI Data      Debug   Library Name

      1400         70          0          0          0        716   mc_w.l
       718          0          0          0          0        804   mf_w.l

    ----------------------------------------------------------------------
      2124         70          0          0          0       1520   Library Totals

    ----------------------------------------------------------------------

==============================================================================


      Code (inc. data)   RO Data    RW Data    ZI Data      Debug   

     11184       1256        228         44       1156     155467   Grand Totals
     11184       1256        228         44       1156     155467   ELF Image Totals
     11184       1256        228         44          0          0   ROM Totals

==============================================================================

    Total RO  Size (Code + RO Data)                11412 (  11.14kB)
    Total RW  Size (RW Data + ZI Data)              1200 (   1.17kB)
    Total ROM Size (Code + RO Data + RW Data)      11456 (  11.19kB)

==============================================================================

