ARM Linker, 5.03 [Build 76] [MDK-ARM Standard]

==============================================================================

Section Cross References

    main.o(i.main) refers to delay.o(i.SYSTICK_Config) for SYSTICK_Config
    main.o(i.main) refers to usart.o(i.Init_USART) for Init_USART
    main.o(i.main) refers to mpu6050.o(i.PDMA_Configuration) for PDMA_Configuration
    main.o(i.main) refers to sd.o(i.SD_SPI_Init) for SD_SPI_Init
    main.o(i.main) refers to sd.o(i.TryInitSD) for TryInitSD
    main.o(i.main) refers to ov7725.o(i.Ov7725_GPIO_Config) for Ov7725_GPIO_Config
    main.o(i.main) refers to printf8.o(i.__0printf$8) for __2printf
    main.o(i.main) refers to delay.o(i.delay_ms) for delay_ms
    main.o(i.main) refers to ov7725.o(i.Ov7725_Init) for Ov7725_Init
    main.o(i.main) refers to ov7725.o(i.VSYNC_Init) for VSYNC_Init
    main.o(i.main) refers to pwcru.o(i.pwrcu_init) for pwrcu_init
    main.o(i.main) refers to pwcru.o(i.Enter_DeepSleepMode) for Enter_DeepSleepMode
    main.o(i.main) refers to ht32f1655_56_pdma.o(i.PDMA_GetFlagStatus) for PDMA_GetFlagStatus
    main.o(i.main) refers to mpu6050.o(i.Axis_DataTransfrom) for Axis_DataTransfrom
    main.o(i.main) refers to ht32f1655_56_pdma.o(i.PDMA_ClearFlag) for PDMA_ClearFlag
    main.o(i.main) refers to fmul.o(.text) for __aeabi_fmul
    main.o(i.main) refers to fadd.o(.text) for __aeabi_fadd
    main.o(i.main) refers to ht32f1655_56_usart.o(i.USART_SendData) for USART_SendData
    main.o(i.main) refers to ht32f165x_it.o(.data) for flag
    main.o(i.main) refers to ov7725.o(.data) for Ov7725_vsync
    main.o(i.main) refers to mpu6050.o(.data) for Z_Axis
    ht32f165x_it.o(i.EVWUP_IRQHandler) refers to ht32f1655_56_exti.o(i.EXTI_GetWakeupFlagStatus) for EXTI_GetWakeupFlagStatus
    ht32f165x_it.o(i.EVWUP_IRQHandler) refers to ht32f1655_56_exti.o(i.EXTI_WakeupEventConfig) for EXTI_WakeupEventConfig
    ht32f165x_it.o(i.EVWUP_IRQHandler) refers to ht32f1655_56_exti.o(i.EXTI_ClearWakeupFlag) for EXTI_ClearWakeupFlag
    ht32f165x_it.o(i.EVWUP_IRQHandler) refers to delay.o(i.delay_ms) for delay_ms
    ht32f165x_it.o(i.EVWUP_IRQHandler) refers to printf8.o(i.__0printf$8) for __2printf
    ht32f165x_it.o(i.EXTI1_IRQHandler) refers to ht32f1655_56_exti.o(i.EXTI_ClearEdgeFlag) for EXTI_ClearEdgeFlag
    ht32f165x_it.o(i.EXTI7_IRQHandler) refers to ht32f1655_56_exti.o(i.EXTI_GetSWCmdStatus) for EXTI_GetSWCmdStatus
    ht32f165x_it.o(i.EXTI7_IRQHandler) refers to ht32f1655_56_gpio.o(i.GPIO_ClearOutBits) for GPIO_ClearOutBits
    ht32f165x_it.o(i.EXTI7_IRQHandler) refers to ht32f1655_56_gpio.o(i.GPIO_SetOutBits) for GPIO_SetOutBits
    ht32f165x_it.o(i.EXTI7_IRQHandler) refers to ht32f1655_56_exti.o(i.EXTI_ClearWakeupFlag) for EXTI_ClearWakeupFlag
    ht32f165x_it.o(i.EXTI7_IRQHandler) refers to ov7725.o(.data) for Ov7725_vsync
    ht32f165x_it.o(i.SysTick_Handler) refers to delay.o(i.TimingDelay) for TimingDelay
    sdfs_app.o(i.sdfs_app_test) refers to ff.o(i.f_mount) for f_mount
    sdfs_app.o(i.sdfs_app_test) refers to printf8.o(i.__0printf$8) for __2printf
    sdfs_app.o(i.sdfs_app_test) refers to ff.o(i.f_open) for f_open
    sdfs_app.o(i.sdfs_app_test) refers to ff.o(i.f_printf) for f_printf
    sdfs_app.o(i.sdfs_app_test) refers to ff.o(i.f_close) for f_close
    sdfs_app.o(i.sdfs_app_test) refers to sdfs_app.o(.data) for .data
    sdfs_app.o(i.sdfs_app_test) refers to sdfs_app.o(.bss) for .bss
    sdfs_app.o(.data) refers to sdfs_app.o(.conststring) for .conststring
    usart.o(i.Init_USART) refers to ht32f1655_56_ckcu.o(i.CKCU_PeripClockConfig) for CKCU_PeripClockConfig
    usart.o(i.Init_USART) refers to ht32f1655_56_gpio.o(i.AFIO_GPxConfig) for AFIO_GPxConfig
    usart.o(i.Init_USART) refers to ht32f1655_56_usart.o(i.USART_Init) for USART_Init
    usart.o(i.Init_USART) refers to ht32f1655_56_usart.o(i.USART_TxCmd) for USART_TxCmd
    usart.o(i.Init_USART) refers to ht32f1655_56_usart.o(i.USART_RxCmd) for USART_RxCmd
    spi.o(i.SPI0_Init) refers to ht32f1655_56_ckcu.o(i.CKCU_PeripClockConfig) for CKCU_PeripClockConfig
    spi.o(i.SPI0_Init) refers to ht32f1655_56_gpio.o(i.GPIO_PullResistorConfig) for GPIO_PullResistorConfig
    spi.o(i.SPI0_Init) refers to ht32f1655_56_gpio.o(i.AFIO_GPxConfig) for AFIO_GPxConfig
    spi.o(i.SPI0_Init) refers to ht32f1655_56_spi.o(i.SPI_Init) for SPI_Init
    spi.o(i.SPI0_Init) refers to ht32f1655_56_spi.o(i.SPI_SELOutputCmd) for SPI_SELOutputCmd
    spi.o(i.SPI0_Init) refers to ht32f1655_56_spi.o(i.SPI_Cmd) for SPI_Cmd
    spi.o(i.SPI0_Init) refers to spi.o(.bss) for .bss
    spi.o(i.SPI0_ReadWriteByte) refers to ht32f1655_56_spi.o(i.SPI_GetFlagStatus) for SPI_GetFlagStatus
    spi.o(i.SPI0_ReadWriteByte) refers to ht32f1655_56_spi.o(i.SPI_SendData) for SPI_SendData
    spi.o(i.SPI0_ReadWriteByte) refers to ht32f1655_56_spi.o(i.SPI_ReceiveData) for SPI_ReceiveData
    spi.o(i.SPI0_SetSpeed) refers to ht32f1655_56_spi.o(i.SPI_Init) for SPI_Init
[...]
    Removing ht32f1655_56_mctm.o(i.MCTM_InternalClockConfig), (10 bytes).
    Removing ht32f1655_56_mctm.o(i.MCTM_ItiExternalClockConfig), (18 bytes).
    Removing ht32f1655_56_mctm.o(i.MCTM_MMSELConfig), (12 bytes).
    Removing ht32f1655_56_mctm.o(i.MCTM_OutputInit), (126 bytes).
    Removing ht32f1655_56_mctm.o(i.MCTM_OutputModeConfig), (32 bytes).
    Removing ht32f1655_56_mctm.o(i.MCTM_OutputStructInit), (24 bytes).
    Removing ht32f1655_56_mctm.o(i.MCTM_PDMAConfig), (16 bytes).
    Removing ht32f1655_56_mctm.o(i.MCTM_PrescalerConfig), (8 bytes).
    Removing ht32f1655_56_mctm.o(i.MCTM_PwmInputInit), (90 bytes).
    Removing ht32f1655_56_mctm.o(i.MCTM_SetAsymmetricCompare0), (6 bytes).
    Removing ht32f1655_56_mctm.o(i.MCTM_SetAsymmetricCompare1), (6 bytes).
    Removing ht32f1655_56_mctm.o(i.MCTM_SetAsymmetricCompare2), (6 bytes).
    Removing ht32f1655_56_mctm.o(i.MCTM_SetAsymmetricCompare3), (6 bytes).
    Removing ht32f1655_56_mctm.o(i.MCTM_SetCaptureCompare0), (6 bytes).
    Removing ht32f1655_56_mctm.o(i.MCTM_SetCaptureCompare1), (6 bytes).
    Removing ht32f1655_56_mctm.o(i.MCTM_SetCaptureCompare2), (6 bytes).
    Removing ht32f1655_56_mctm.o(i.MCTM_SetCaptureCompare3), (6 bytes).
    Removing ht32f1655_56_mctm.o(i.MCTM_SetCounter), (6 bytes).
    Removing ht32f1655_56_mctm.o(i.MCTM_SetCounterReload), (6 bytes).
    Removing ht32f1655_56_mctm.o(i.MCTM_SinglePulseModeCmd), (20 bytes).
    Removing ht32f1655_56_mctm.o(i.MCTM_SlaveModeConfig), (12 bytes).
    Removing ht32f1655_56_mctm.o(i.MCTM_StiConfig), (24 bytes).
    Removing ht32f1655_56_mctm.o(i.MCTM_TimSyncCmd), (20 bytes).
    Removing ht32f1655_56_mctm.o(i.MCTM_TimeBaseInit), (48 bytes).
    Removing ht32f1655_56_mctm.o(i.MCTM_TimeBaseStructInit), (22 bytes).
    Removing ht32f1655_56_mctm.o(i.MCTM_UEV1G_IntConfig), (20 bytes).
    Removing ht32f1655_56_mctm.o(i.MCTM_UpdateCmd), (20 bytes).
    Removing ht32f1655_56_mctm.o(i.mctm_CHx_Config), (64 bytes).
    Removing ht32f1655_56_pdma.o(.rev16_text), (4 bytes).
    Removing ht32f1655_56_pdma.o(.revsh_text), (4 bytes).
    Removing ht32f1655_56_pdma.o(.rrx_text), (6 bytes).
    Removing ht32f1655_56_pdma.o(i.PDMA_TranSizeConfig), (24 bytes).
    Removing ht32f1655_56_pwrcu.o(.rev16_text), (4 bytes).
    Removing ht32f1655_56_pwrcu.o(.revsh_text), (4 bytes).
    Removing ht32f1655_56_pwrcu.o(.rrx_text), (6 bytes).
    Removing ht32f1655_56_pwrcu.o(i.PWRCU_BODCmd), (12 bytes).
    Removing ht32f1655_56_pwrcu.o(i.PWRCU_BODRISConfig), (12 bytes).
    Removing ht32f1655_56_pwrcu.o(i.PWRCU_DMOSCmd), (24 bytes).
    Removing ht32f1655_56_pwrcu.o(i.PWRCU_DeepSleep2), (80 bytes).
    Removing ht32f1655_56_pwrcu.o(i.PWRCU_GetBODFlagStatus), (12 bytes).
    Removing ht32f1655_56_pwrcu.o(i.PWRCU_GetDMOSStatus), (32 bytes).
    Removing ht32f1655_56_pwrcu.o(i.PWRCU_GetFlagStatus), (28 bytes).
    Removing ht32f1655_56_pwrcu.o(i.PWRCU_GetLVDFlagStatus), (12 bytes).
    Removing ht32f1655_56_pwrcu.o(i.PWRCU_HSIReadyCounterBitLengthConfig), (12 bytes).
    Removing ht32f1655_56_pwrcu.o(i.PWRCU_LVDCmd), (12 bytes).
    Removing ht32f1655_56_pwrcu.o(i.PWRCU_LVDEventWakeupConfig), (12 bytes).
    Removing ht32f1655_56_pwrcu.o(i.PWRCU_LVDIntWakeupConfig), (12 bytes).
    Removing ht32f1655_56_pwrcu.o(i.PWRCU_PowerDown), (76 bytes).
    Removing ht32f1655_56_pwrcu.o(i.PWRCU_ReadBackupRegister), (16 bytes).
    Removing ht32f1655_56_pwrcu.o(i.PWRCU_SetLVDS), (20 bytes).
    Removing ht32f1655_56_pwrcu.o(i.PWRCU_Sleep), (24 bytes).
    Removing ht32f1655_56_pwrcu.o(i.PWRCU_V18RDYSourceConfig), (12 bytes).
    Removing ht32f1655_56_pwrcu.o(i.PWRCU_WakeupPinCmd), (28 bytes).
    Removing ht32f1655_56_pwrcu.o(i.PWRCU_WakeupPinIntConfig), (12 bytes).
    Removing ht32f1655_56_pwrcu.o(i.PWRCU_WriteBackupRegister), (16 bytes).
    Removing ht32f1655_56_rstcu.o(.rev16_text), (4 bytes).
    Removing ht32f1655_56_rstcu.o(.revsh_text), (4 bytes).
    Removing ht32f1655_56_rstcu.o(.rrx_text), (6 bytes).
    Removing ht32f1655_56_rstcu.o(i.RSTCU_ClearAllResetFlag), (12 bytes).
    Removing ht32f1655_56_rstcu.o(i.RSTCU_ClearResetFlag), (16 bytes).
    Removing ht32f1655_56_rstcu.o(i.RSTCU_GetResetFlagStatus), (24 bytes).
    Removing ht32f1655_56_rstcu.o(i.RSTCU_PeripReset), (44 bytes).
    Removing ht32f1655_56_rtc.o(.rev16_text), (4 bytes).
    Removing ht32f1655_56_rtc.o(.revsh_text), (4 bytes).
    Removing ht32f1655_56_rtc.o(.rrx_text), (6 bytes).
    Removing ht32f1655_56_rtc.o(i.RTC_CMPCLRCmd), (12 bytes).
    Removing ht32f1655_56_rtc.o(i.RTC_ClockSourceConfig), (12 bytes).
    Removing ht32f1655_56_rtc.o(i.RTC_Cmd), (12 bytes).
    Removing ht32f1655_56_rtc.o(i.RTC_DeInit), (40 bytes).
    Removing ht32f1655_56_rtc.o(i.RTC_GetCompare), (12 bytes).
    Removing ht32f1655_56_rtc.o(i.RTC_GetCounter), (12 bytes).
    Removing ht32f1655_56_rtc.o(i.RTC_GetFlagStatus), (12 bytes).
    Removing ht32f1655_56_rtc.o(i.RTC_GetOutStatus), (12 bytes).
    Removing ht32f1655_56_rtc.o(i.RTC_GetPrescaler), (20 bytes).
    Removing ht32f1655_56_rtc.o(i.RTC_IntConfig), (24 bytes).
    Removing ht32f1655_56_rtc.o(i.RTC_LSECmd), (44 bytes).
    Removing ht32f1655_56_rtc.o(i.RTC_LSESMConfig), (12 bytes).
    Removing ht32f1655_56_rtc.o(i.RTC_LSICmd), (44 bytes).
    Removing ht32f1655_56_rtc.o(i.RTC_LSILoadTrimData), (40 bytes).
    Removing ht32f1655_56_rtc.o(i.RTC_OutCmd), (12 bytes).
    Removing ht32f1655_56_rtc.o(i.RTC_OutConfig), (20 bytes).
    Removing ht32f1655_56_rtc.o(i.RTC_SetCompare), (12 bytes).
    Removing ht32f1655_56_rtc.o(i.RTC_SetPrescaler), (20 bytes).
    Removing ht32f1655_56_rtc.o(i.RTC_WakeupConfig), (24 bytes).
    Removing ht32f1655_56_sci.o(.rev16_text), (4 bytes).
    Removing ht32f1655_56_sci.o(.revsh_text), (4 bytes).
    Removing ht32f1655_56_sci.o(.rrx_text), (6 bytes).
    Removing ht32f1655_56_sci.o(i.SCI_ClearFlag), (30 bytes).
    Removing ht32f1655_56_sci.o(i.SCI_ClockModeConfig), (20 bytes).
    Removing ht32f1655_56_sci.o(i.SCI_Cmd), (20 bytes).
    Removing ht32f1655_56_sci.o(i.SCI_DeInit), (14 bytes).
    Removing ht32f1655_56_sci.o(i.SCI_ETUConfig), (6 bytes).
    Removing ht32f1655_56_sci.o(i.SCI_GetFlagStatus), (14 bytes).
    Removing ht32f1655_56_sci.o(i.SCI_Init), (32 bytes).
    Removing ht32f1655_56_sci.o(i.SCI_IntConfig), (16 bytes).
    Removing ht32f1655_56_sci.o(i.SCI_OutputDIO), (20 bytes).
    Removing ht32f1655_56_sci.o(i.SCI_PDMACmd), (16 bytes).
    Removing ht32f1655_56_sci.o(i.SCI_ReceiveData), (6 bytes).
    Removing ht32f1655_56_sci.o(i.SCI_SendData), (4 bytes).
    Removing ht32f1655_56_sci.o(i.SCI_SetGuardTimeValue), (4 bytes).
    Removing ht32f1655_56_sci.o(i.SCI_SetWaitingTimeValue), (4 bytes).
    Removing ht32f1655_56_sci.o(i.SCI_SoftwareClockCmd), (20 bytes).
    Removing ht32f1655_56_sci.o(i.SCI_StructInit), (14 bytes).
    Removing ht32f1655_56_sci.o(i.SCI_WaitingTimeCounterCmd), (20 bytes).
    Removing ht32f1655_56_spi.o(.rev16_text), (4 bytes).
    Removing ht32f1655_56_spi.o(.revsh_text), (4 bytes).
    Removing ht32f1655_56_spi.o(.rrx_text), (6 bytes).
    Removing ht32f1655_56_spi.o(i.SPI_ClearFlag), (4 bytes).
    Removing ht32f1655_56_spi.o(i.SPI_DUALCmd), (20 bytes).
    Removing ht32f1655_56_spi.o(i.SPI_DeInit), (24 bytes).
    Removing ht32f1655_56_spi.o(i.SPI_FIFOCmd), (20 bytes).
    Removing ht32f1655_56_spi.o(i.SPI_FIFOTriggerLevelConfig), (30 bytes).
    Removing ht32f1655_56_spi.o(i.SPI_GUADTCmd), (20 bytes).
    Removing ht32f1655_56_spi.o(i.SPI_GUADTSPI_GUADTConfig), (16 bytes).
    Removing ht32f1655_56_spi.o(i.SPI_GetFIFOStatus), (20 bytes).
    Removing ht32f1655_56_spi.o(i.SPI_IntConfig), (16 bytes).
    Removing ht32f1655_56_spi.o(i.SPI_PDMACmd), (16 bytes).
    Removing ht32f1655_56_spi.o(i.SPI_SELHTConfig), (10 bytes).
    Removing ht32f1655_56_spi.o(i.SPI_SELModeConfig), (20 bytes).
    Removing ht32f1655_56_spi.o(i.SPI_SetDataLength), (16 bytes).
    Removing ht32f1655_56_spi.o(i.SPI_SetTimeOutValue), (4 bytes).
    Removing ht32f1655_56_spi.o(i.SPI_StructInit), (28 bytes).
    Removing ht32f1655_56_usart.o(.rev16_text), (4 bytes).
    Removing ht32f1655_56_usart.o(.revsh_text), (4 bytes).
    Removing ht32f1655_56_usart.o(.rrx_text), (6 bytes).
    Removing ht32f1655_56_usart.o(i.USART_DeInit), (60 bytes).
    Removing ht32f1655_56_usart.o(i.USART_FIFOReset), (8 bytes).
    Removing ht32f1655_56_usart.o(i.USART_ForceBreakCmd), (20 bytes).
    Removing ht32f1655_56_usart.o(i.USART_ForceModemPinState), (20 bytes).
    Removing ht32f1655_56_usart.o(i.USART_GetFIFOStatus), (18 bytes).
    Removing ht32f1655_56_usart.o(i.USART_GetIntID), (6 bytes).
    Removing ht32f1655_56_usart.o(i.USART_GetModemStatus), (6 bytes).
    Removing ht32f1655_56_usart.o(i.USART_HardwareFlowControlCmd), (20 bytes).
    Removing ht32f1655_56_usart.o(i.USART_IntConfig), (16 bytes).
    Removing ht32f1655_56_usart.o(i.USART_IrDACmd), (20 bytes).
    Removing ht32f1655_56_usart.o(i.USART_IrDAConfig), (20 bytes).
    Removing ht32f1655_56_usart.o(i.USART_IrDADirectionConfig), (20 bytes).
    Removing ht32f1655_56_usart.o(i.USART_IrDAInvtInputCmd), (20 bytes).
    Removing ht32f1655_56_usart.o(i.USART_IrDAInvtOutputCmd), (20 bytes).
    Removing ht32f1655_56_usart.o(i.USART_RFITLConfig), (12 bytes).
    Removing ht32f1655_56_usart.o(i.USART_RS485AADCmd), (20 bytes).
    Removing ht32f1655_56_usart.o(i.USART_RS485NMMCmd), (20 bytes).
    Removing ht32f1655_56_usart.o(i.USART_RS485TxEnablePolarityConfig), (20 bytes).
    Removing ht32f1655_56_usart.o(i.USART_ReceiveData), (6 bytes).
    Removing ht32f1655_56_usart.o(i.USART_SetAddressMatchValue), (14 bytes).
    Removing ht32f1655_56_usart.o(i.USART_SetGuardTime), (14 bytes).
    Removing ht32f1655_56_usart.o(i.USART_SetIrDAPrescaler), (14 bytes).
    Removing ht32f1655_56_usart.o(i.USART_SetTimeOutValue), (12 bytes).
    Removing ht32f1655_56_usart.o(i.USART_StickParityCmd), (20 bytes).
    Removing ht32f1655_56_usart.o(i.USART_StickParityConfig), (20 bytes).
    Removing ht32f1655_56_usart.o(i.USART_StructInit), (20 bytes).
    Removing ht32f1655_56_usart.o(i.USART_SynClockInit), (26 bytes).
    Removing ht32f1655_56_usart.o(i.USART_SynClockStructInit), (12 bytes).
    Removing ht32f1655_56_usart.o(i.USART_TFITLConfig), (12 bytes).
    Removing ht32f1655_56_usart.o(i.USART_TimeOutIntConfig), (20 bytes).
    Removing ht32f1655_56_usart.o(i.USART_TxPDMACmd), (20 bytes).
    Removing ht32f1655_56_usbd.o(.rev16_text), (4 bytes).
    Removing ht32f1655_56_usbd.o(.revsh_text), (4 bytes).
    Removing ht32f1655_56_usbd.o(.rrx_text), (6 bytes).
    Removing ht32f1655_56_usbd.o(i.USBD_ClearINT), (12 bytes).
    Removing ht32f1655_56_usbd.o(i.USBD_DPWakeUpCmd), (28 bytes).
    Removing ht32f1655_56_usbd.o(i.USBD_DPpullupCmd), (28 bytes).
    Removing ht32f1655_56_usbd.o(i.USBD_DeInit), (12 bytes).
    Removing ht32f1655_56_usbd.o(i.USBD_DisableINT), (16 bytes).
    Removing ht32f1655_56_usbd.o(i.USBD_EPTClearDTG), (16 bytes).
    Removing ht32f1655_56_usbd.o(i.USBD_EPTClearHalt), (16 bytes).
    Removing ht32f1655_56_usbd.o(i.USBD_EPTClearINT), (12 bytes).
    Removing ht32f1655_56_usbd.o(i.USBD_EPTEnableINT), (12 bytes).
    Removing ht32f1655_56_usbd.o(i.USBD_EPTGetBuffer0Addr), (24 bytes).
    Removing ht32f1655_56_usbd.o(i.USBD_EPTGetBuffer1Addr), (36 bytes).
    Removing ht32f1655_56_usbd.o(i.USBD_EPTGetBufferLen), (14 bytes).
    Removing ht32f1655_56_usbd.o(i.USBD_EPTGetHalt), (26 bytes).
    Removing ht32f1655_56_usbd.o(i.USBD_EPTGetINT), (14 bytes).
    Removing ht32f1655_56_usbd.o(i.USBD_EPTGetTransferCount), (18 bytes).
    Removing ht32f1655_56_usbd.o(i.USBD_EPTInit), (38 bytes).
    Removing ht32f1655_56_usbd.o(i.USBD_EPTReadMemory), (58 bytes).
    Removing ht32f1655_56_usbd.o(i.USBD_EPTReadOUTData), (48 bytes).
    Removing ht32f1655_56_usbd.o(i.USBD_EPTReset), (16 bytes).
    Removing ht32f1655_56_usbd.o(i.USBD_EPTSendSTALL), (12 bytes).
    Removing ht32f1655_56_usbd.o(i.USBD_EPTSetHalt), (20 bytes).
    Removing ht32f1655_56_usbd.o(i.USBD_EPTWaitSTALLSent), (36 bytes).
    Removing ht32f1655_56_usbd.o(i.USBD_EPTWriteINData), (72 bytes).
    Removing ht32f1655_56_usbd.o(i.USBD_EnableINT), (16 bytes).
    Removing ht32f1655_56_usbd.o(i.USBD_GetEPTnINTNumber), (32 bytes).
    Removing ht32f1655_56_usbd.o(i.USBD_GetINT), (16 bytes).
    Removing ht32f1655_56_usbd.o(i.USBD_Init), (4 bytes).
    Removing ht32f1655_56_usbd.o(i.USBD_PowerOff), (16 bytes).
    Removing ht32f1655_56_usbd.o(i.USBD_PowerOn), (16 bytes).
    Removing ht32f1655_56_usbd.o(i.USBD_PowerUp), (104 bytes).
    Removing ht32f1655_56_usbd.o(i.USBD_PreInit), (24 bytes).
    Removing ht32f1655_56_usbd.o(i.USBD_ReadSETUPData), (16 bytes).
    Removing ht32f1655_56_usbd.o(i.USBD_RemoteWakeup), (16 bytes).
    Removing ht32f1655_56_usbd.o(i.USBD_SRAMResetConditionCmd), (28 bytes).
    Removing ht32f1655_56_usbd.o(i.USBD_SetAddress), (20 bytes).
    Removing ht32f1655_56_usbd.o(i._USBD_CopyMemory), (16 bytes).
    Removing ht32f1655_56_usbd.o(i._USBD_GetEPTnAddr), (16 bytes).
    Removing ht32f1655_56_usbd.o(.data), (4 bytes).
    Removing ht32f1655_56_wdt.o(.rev16_text), (4 bytes).
    Removing ht32f1655_56_wdt.o(.revsh_text), (4 bytes).
    Removing ht32f1655_56_wdt.o(.rrx_text), (6 bytes).
    Removing ht32f1655_56_wdt.o(i.WDT_Cmd), (28 bytes).
    Removing ht32f1655_56_wdt.o(i.WDT_DeInit), (12 bytes).
    Removing ht32f1655_56_wdt.o(i.WDT_GetDeltaValue), (16 bytes).
    Removing ht32f1655_56_wdt.o(i.WDT_GetFlagStatus), (20 bytes).
    Removing ht32f1655_56_wdt.o(i.WDT_GetPrescaler), (24 bytes).
    Removing ht32f1655_56_wdt.o(i.WDT_GetReloadValue), (16 bytes).
    Removing ht32f1655_56_wdt.o(i.WDT_HaltConfig), (24 bytes).
    Removing ht32f1655_56_wdt.o(i.WDT_IntConfig), (28 bytes).
    Removing ht32f1655_56_wdt.o(i.WDT_LockCmd), (32 bytes).
    Removing ht32f1655_56_wdt.o(i.WDT_ProtectCmd), (24 bytes).
    Removing ht32f1655_56_wdt.o(i.WDT_ResetCmd), (28 bytes).
    Removing ht32f1655_56_wdt.o(i.WDT_Restart), (16 bytes).
    Removing ht32f1655_56_wdt.o(i.WDT_SetDeltaValue), (20 bytes).
    Removing ht32f1655_56_wdt.o(i.WDT_SetPrescaler), (20 bytes).
    Removing ht32f1655_56_wdt.o(i.WDT_SetReloadValue), (20 bytes).
    Removing ht32f1655_56_wdt.o(i.WDT_SourceConfig), (16 bytes).
    Removing ht32_retarget.o(.rev16_text), (4 bytes).
    Removing ht32_retarget.o(.revsh_text), (4 bytes).
    Removing ht32_retarget.o(.rrx_text), (6 bytes).
    Removing ht32_retarget.o(i.RETARGET_Configuration), (36 bytes).
    Removing ht32_retarget.o(i.__backspace), (4 bytes).
    Removing ht32_retarget.o(i._sys_exit), (2 bytes).
    Removing ht32_retarget.o(i._ttywrch), (4 bytes).
    Removing ht32_retarget.o(i.fgetc), (4 bytes).
    Removing ht32_retarget.o(.data), (4 bytes).
    Removing ht32_serial.o(.rev16_text), (4 bytes).
    Removing ht32_serial.o(.revsh_text), (4 bytes).
    Removing ht32_serial.o(.rrx_text), (6 bytes).
    Removing ht32_serial.o(i.SERIAL_GetChar), (28 bytes).
    Removing ht32_board.o(.rev16_text), (4 bytes).
    Removing ht32_board.o(.revsh_text), (4 bytes).
    Removing ht32_board.o(.rrx_text), (6 bytes).
    Removing ht32_board.o(i.HT32F_DVB_BuzzerFun), (288 bytes).
    Removing ht32_board.o(i.HT32F_DVB_BuzzerOutputCmd), (16 bytes).
    Removing ht32_board.o(i.HT32F_DVB_COMInit), (92 bytes).
    Removing ht32_board.o(i.HT32F_DVB_LEDInit), (88 bytes).
    Removing ht32_board.o(i.HT32F_DVB_LEDOff), (28 bytes).
    Removing ht32_board.o(i.HT32F_DVB_LEDOn), (28 bytes).
    Removing ht32_board.o(i.HT32F_DVB_LEDToggle), (32 bytes).
    Removing ht32_board.o(i.HT32F_DVB_PBGetState), (28 bytes).
    Removing ebi_lcd.o(.rev16_text), (4 bytes).
    Removing ebi_lcd.o(.revsh_text), (4 bytes).
    Removing ebi_lcd.o(.rrx_text), (6 bytes).
    Removing ebi_lcd.o(i.LCD_BackColorSet), (12 bytes).
    Removing ebi_lcd.o(i.LCD_CharDisplay), (20 bytes).
    Removing ebi_lcd.o(i.LCD_CharDraw), (96 bytes).
    Removing ebi_lcd.o(i.LCD_CircleDraw), (204 bytes).
    Removing ebi_lcd.o(i.LCD_Clear), (32 bytes).
    Removing ebi_lcd.o(i.LCD_Config), (640 bytes).
    Removing ebi_lcd.o(i.LCD_DisplayOff), (8 bytes).
    Removing ebi_lcd.o(i.LCD_DisplayOn), (8 bytes).
    Removing ebi_lcd.o(i.LCD_Init), (348 bytes).
    Removing ebi_lcd.o(i.LCD_LineDraw), (76 bytes).
    Removing ebi_lcd.o(i.LCD_PicDraw), (84 bytes).
    Removing ebi_lcd.o(i.LCD_RectDraw), (60 bytes).
    Removing ebi_lcd.o(i.LCD_SetDisplayArea), (84 bytes).
    Removing ebi_lcd.o(i.LCD_StarterSet), (46 bytes).
    Removing ebi_lcd.o(i.LCD_StringLineDisplay), (40 bytes).
    Removing ebi_lcd.o(i.LCD_TextColorSet), (12 bytes).
    Removing ebi_lcd.o(i.LCD_WriteRAM), (8 bytes).
    Removing ebi_lcd.o(i.LCD_WriteRAMPrior), (10 bytes).
    Removing ebi_lcd.o(i.LCD_WriteRAMWord), (12 bytes).
    Removing ebi_lcd.o(i.LCD_WriteReg), (10 bytes).
    Removing ebi_lcd.o(i._delay), (28 bytes).
    Removing ebi_lcd.o(.data), (4564 bytes).
    Removing spi_flash.o(.rev16_text), (4 bytes).
    Removing spi_flash.o(.revsh_text), (4 bytes).
    Removing spi_flash.o(.rrx_text), (6 bytes).
    Removing spi_flash.o(i.SPI_FLASH_BlockErase), (68 bytes).
    Removing spi_flash.o(i.SPI_FLASH_BufferDualRead), (108 bytes).
    Removing spi_flash.o(i.SPI_FLASH_BufferRead), (80 bytes).
    Removing spi_flash.o(i.SPI_FLASH_BufferWrite), (190 bytes).
    Removing spi_flash.o(i.SPI_FLASH_ChipErase), (44 bytes).
    Removing spi_flash.o(i.SPI_FLASH_Init), (144 bytes).
    Removing spi_flash.o(i.SPI_FLASH_PageWrite), (88 bytes).
    Removing spi_flash.o(i.SPI_FLASH_ReadJEDECID), (68 bytes).
    Removing spi_flash.o(i.SPI_FLASH_SectorErase), (68 bytes).
    Removing spi_flash.o(i.SPI_FLASH_SendByte), (50 bytes).
    Removing spi_flash.o(i.SPI_FLASH_WaitForWriteEnd), (44 bytes).
    Removing spi_flash.o(i.SPI_FLASH_WriteDisable), (36 bytes).
    Removing spi_flash.o(i.SPI_FLASH_WriteEnable), (36 bytes).
    Removing spi_flash.o(i.SPI_FLASH_WriteStatus), (48 bytes).
    Removing i2c_eeprom.o(.rev16_text), (4 bytes).
    Removing i2c_eeprom.o(.revsh_text), (4 bytes).
    Removing i2c_eeprom.o(.rrx_text), (6 bytes).
    Removing i2c_eeprom.o(i.I2C_EEPROM_BufferRead), (184 bytes).
    Removing i2c_eeprom.o(i.I2C_EEPROM_BufferWrite), (56 bytes).
    Removing i2c_eeprom.o(i.I2C_EEPROM_Init), (80 bytes).
    Removing i2c_eeprom.o(i.I2C_EEPROM_PageWrite), (124 bytes).
    Removing i2c_eeprom.o(i._I2C_EEPROM_AckPolling), (60 bytes).
    Removing dadd.o(.text), (334 bytes).
    Removing dmul.o(.text), (228 bytes).
    Removing ddiv.o(.text), (222 bytes).
    Removing dfixul.o(.text), (48 bytes).
    Removing cdrcmple.o(.text), (40 bytes).

733 unused section(s) (total 30484 bytes) removed from the image.

==============================================================================

Image Symbol Table

    Local Symbols

    Symbol Name                              Value     Ov Type        Size  Object(Section)

    RESET                                    0x00000000   Section      376  startup_ht32f165x.o(RESET)
    ../clib/microlib/division.c              0x00000000   Number         0  uidiv.o ABSOLUTE
    ../clib/microlib/division.c              0x00000000   Number         0  uldiv.o ABSOLUTE
    ../clib/microlib/init/entry.s            0x00000000   Number         0  entry9a.o ABSOLUTE
    ../clib/microlib/init/entry.s            0x00000000   Number         0  entry5.o ABSOLUTE
    ../clib/microlib/init/entry.s            0x00000000   Number         0  entry11a.o ABSOLUTE
    ../clib/microlib/init/entry.s            0x00000000   Number         0  entry11b.o ABSOLUTE
    ../clib/microlib/init/entry.s            0x00000000   Number         0  entry2.o ABSOLUTE
    ../clib/microlib/init/entry.s            0x00000000   Number         0  entry10a.o ABSOLUTE
    ../clib/microlib/init/entry.s            0x00000000   Number         0  entry9b.o ABSOLUTE
    ../clib/microlib/init/entry.s            0x00000000   Number         0  entry.o ABSOLUTE
    ../clib/microlib/init/entry.s            0x00000000   Number         0  entry10b.o ABSOLUTE
    ../clib/microlib/init/entry.s            0x00000000   Number         0  entry8a.o ABSOLUTE
    ../clib/microlib/init/entry.s            0x00000000   Number         0  entry7b.o ABSOLUTE
    ../clib/microlib/init/entry.s            0x00000000   Number         0  entry7a.o ABSOLUTE
    ../clib/microlib/init/entry.s            0x00000000   Number         0  entry8b.o ABSOLUTE
    ../clib/microlib/longlong.c              0x00000000   Number         0  llsshr.o ABSOLUTE
    ../clib/microlib/longlong.c              0x00000000   Number         0  llshl.o ABSOLUTE
    ../clib/microlib/longlong.c              0x00000000   Number         0  llushr.o ABSOLUTE
    ../clib/microlib/printf/printf.c         0x00000000   Number         0  printf5.o ABSOLUTE
    ../clib/microlib/printf/printf.c         0x00000000   Number         0  printf3.o ABSOLUTE
    ../clib/microlib/printf/printf.c         0x00000000   Number         0  printf6.o ABSOLUTE
    ../clib/microlib/printf/printf.c         0x00000000   Number         0  printfa.o ABSOLUTE
    ../clib/microlib/printf/printf.c         0x00000000   Number         0  printf8.o ABSOLUTE
    ../clib/microlib/printf/printf.c         0x00000000   Number         0  printfb.o ABSOLUTE
    ../clib/microlib/printf/printf.c         0x00000000   Number         0  printf0.o ABSOLUTE
    ../clib/microlib/printf/printf.c         0x00000000   Number         0  printf1.o ABSOLUTE
    ../clib/microlib/printf/printf.c         0x00000000   Number         0  printf2.o ABSOLUTE
    ../clib/microlib/printf/printf.c         0x00000000   Number         0  printf4.o ABSOLUTE
    ../clib/microlib/printf/printf.c         0x00000000   Number         0  printf7.o ABSOLUTE
    ../clib/microlib/printf/stubs.s          0x00000000   Number         0  stubs.o ABSOLUTE
    ../clib/microlib/stdio/getc.c            0x00000000   Number         0  getc.o ABSOLUTE
    ../clib/microlib/stubs.s                 0x00000000   Number         0  iusefp.o ABSOLUTE
    ../clib/microlib/stubs.s                 0x00000000   Number         0  useno.o ABSOLUTE
    ../fplib/microlib/d2f.c                  0x00000000   Number         0  d2f.o ABSOLUTE
    ../fplib/microlib/fpadd.c                0x00000000   Number         0  fadd.o ABSOLUTE
    ../fplib/microlib/fpadd.c                0x00000000   Number         0  dadd.o ABSOLUTE
    ../fplib/microlib/fpdiv.c                0x00000000   Number         0  ddiv.o ABSOLUTE
    ../fplib/microlib/fpepilogue.c           0x00000000   Number         0  depilogue.o ABSOLUTE
    ../fplib/microlib/fpepilogue.c           0x00000000   Number         0  fepilogue.o ABSOLUTE
    ../fplib/microlib/fpfix.c                0x00000000   Number         0  dfixul.o ABSOLUTE
    ../fplib/microlib/fpflt.c                0x00000000   Number         0  dflti.o ABSOLUTE
    ../fplib/microlib/fpmul.c                0x00000000   Number         0  fmul.o ABSOLUTE
    ../fplib/microlib/fpmul.c                0x00000000   Number         0  dmul.o ABSOLUTE
    ../fplib/microlib/fpscalb.c              0x00000000   Number         0  dscalb.o ABSOLUTE
    ..\..\Driver\DELAY\delay.c               0x00000000   Number         0  delay.o ABSOLUTE
    ..\..\Driver\MPU6050\MPU6050.c           0x00000000   Number         0  mpu6050.o ABSOLUTE
    ..\..\Driver\OV7725\ov7725.c             0x00000000   Number         0  ov7725.o ABSOLUTE
    ..\..\Driver\PWCRU\pwcru.c               0x00000000   Number         0  pwcru.o ABSOLUTE
    ..\..\Driver\RTC\rtc.c                   0x00000000   Number         0  rtc.o ABSOLUTE
    ..\..\Driver\SCCB\sccb.c                 0x00000000   Number         0  sccb.o ABSOLUTE
    ..\..\Driver\SD\sd.c                     0x00000000   Number         0  sd.o ABSOLUTE
    ..\..\Driver\SPI\spi.c                   0x00000000   Number         0  spi.o ABSOLUTE
    ..\..\Driver\USART\usart.c               0x00000000   Number         0  usart.o ABSOLUTE
    ..\..\User\ht32f165x_it.c                0x00000000   Number         0  ht32f165x_it.o ABSOLUTE
    ..\..\User\main.c                        0x00000000   Number         0  main.o ABSOLUTE
    ..\..\User\sdfs_app\sdfs_app.c           0x00000000   Number         0  sdfs_app.o ABSOLUTE
    ..\..\ff11a\src\diskio.c                 0x00000000   Number         0  diskio.o ABSOLUTE
    ..\..\ff11a\src\ff.c                     0x00000000   Number         0  ff.o ABSOLUTE
    ..\..\library\HT32F1655_56_Driver\src\ht32_cm3_misc.c 0x00000000   Number         0  ht32_cm3_misc.o ABSOLUTE
    ..\..\library\HT32F1655_56_Driver\src\ht32_retarget.c 0x00000000   Number         0  ht32_retarget.o ABSOLUTE
    ..\..\library\HT32F1655_56_Driver\src\ht32_serial.c 0x00000000   Number         0  ht32_serial.o ABSOLUTE
    ..\..\library\HT32F1655_56_Driver\src\ht32f1655_56_adc.c 0x00000000   Number         0  ht32f1655_56_adc.o ABSOLUTE
    ..\..\library\HT32F1655_56_Driver\src\ht32f1655_56_bftm.c 0x00000000   Number         0  ht32f1655_56_bftm.o ABSOLUTE
    ..\..\library\HT32F1655_56_Driver\src\ht32f1655_56_ckcu.c 0x00000000   Number         0  ht32f1655_56_ckcu.o ABSOLUTE
    ..\..\library\HT32F1655_56_Driver\src\ht32f1655_56_cmp_op.c 0x00000000   Number         0  ht32f1655_56_cmp_op.o ABSOLUTE
    ..\..\library\HT32F1655_56_Driver\src\ht32f1655_56_crc.c 0x00000000   Number         0  ht32f1655_56_crc.o ABSOLUTE
    ..\..\library\HT32F1655_56_Driver\src\ht32f1655_56_ebi.c 0x00000000   Number         0  ht32f1655_56_ebi.o ABSOLUTE
    ..\..\library\HT32F1655_56_Driver\src\ht32f1655_56_exti.c 0x00000000   Number         0  ht32f1655_56_exti.o ABSOLUTE
    ..\..\library\HT32F1655_56_Driver\src\ht32f1655_56_flash.c 0x00000000   Number         0  ht32f1655_56_flash.o ABSOLUTE
    ..\..\library\HT32F1655_56_Driver\src\ht32f1655_56_gpio.c 0x00000000   Number         0  ht32f1655_56_gpio.o ABSOLUTE
    ..\..\library\HT32F1655_56_Driver\src\ht32f1655_56_gptm.c 0x00000000   Number         0  ht32f1655_56_gptm.o ABSOLUTE
    ..\..\library\HT32F1655_56_Driver\src\ht32f1655_56_i2c.c 0x00000000   Number         0  ht32f1655_56_i2c.o ABSOLUTE
    ..\..\library\HT32F1655_56_Driver\src\ht32f1655_56_i2s.c 0x00000000   Number         0  ht32f1655_56_i2s.o ABSOLUTE
    ..\..\library\HT32F1655_56_Driver\src\ht32f1655_56_mctm.c 0x00000000   Number         0  ht32f1655_56_mctm.o ABSOLUTE
    ..\..\library\HT32F1655_56_Driver\src\ht32f1655_56_pdma.c 0x00000000   Number         0  ht32f1655_56_pdma.o ABSOLUTE
    ..\..\library\HT32F1655_56_Driver\src\ht32f1655_56_pwrcu.c 0x00000000   Number         0  ht32f1655_56_pwrcu.o ABSOLUTE
    ..\..\library\HT32F1655_56_Driver\src\ht32f1655_56_rstcu.c 0x00000000   Number         0  ht32f1655_56_rstcu.o ABSOLUTE
    ..\..\library\HT32F1655_56_Driver\src\ht32f1655_56_rtc.c 0x00000000   Number         0  ht32f1655_56_rtc.o ABSOLUTE
    ..\..\library\HT32F1655_56_Driver\src\ht32f1655_56_sci.c 0x00000000   Number         0  ht32f1655_56_sci.o ABSOLUTE
    ..\..\library\HT32F1655_56_Driver\src\ht32f1655_56_spi.c 0x00000000   Number         0  ht32f1655_56_spi.o ABSOLUTE
    ..\..\library\HT32F1655_56_Driver\src\ht32f1655_56_usart.c 0x00000000   Number         0  ht32f1655_56_usart.o ABSOLUTE
    ..\..\library\HT32F1655_56_Driver\src\ht32f1655_56_usbd.c 0x00000000   Number         0  ht32f1655_56_usbd.o ABSOLUTE
    ..\..\library\HT32F1655_56_Driver\src\ht32f1655_56_wdt.c 0x00000000   Number         0  ht32f1655_56_wdt.o ABSOLUTE
    ..\..\library\HT32_USBD_Library\src\ht32_usbd_core.c 0x00000000   Number         0  ht32_usbd_core.o ABSOLUTE
    ..\..\utilities\common\ebi_lcd.c         0x00000000   Number         0  ebi_lcd.o ABSOLUTE
    ..\..\utilities\common\i2c_eeprom.c      0x00000000   Number         0  i2c_eeprom.o ABSOLUTE
    ..\..\utilities\common\spi_flash.c       0x00000000   Number         0  spi_flash.o ABSOLUTE
    ..\..\utilities\ht32_board.c             0x00000000   Number         0  ht32_board.o ABSOLUTE
    ..\MDK_ARM\ht32_op.s                     0x00000000   Number         0  ht32_op.o ABSOLUTE
    ..\\..\\Driver\\DELAY\\delay.c           0x00000000   Number         0  delay.o ABSOLUTE
    ..\\..\\Driver\\MPU6050\\MPU6050.c       0x00000000   Number         0  mpu6050.o ABSOLUTE
    ..\\..\\Driver\\OV7725\\ov7725.c         0x00000000   Number         0  ov7725.o ABSOLUTE
    ..\\..\\Driver\\PWCRU\\pwcru.c           0x00000000   Number         0  pwcru.o ABSOLUTE
    ..\\..\\Driver\\RTC\\rtc.c               0x00000000   Number         0  rtc.o ABSOLUTE
    ..\\..\\Driver\\SCCB\\sccb.c             0x00000000   Number         0  sccb.o ABSOLUTE
    ..\\..\\Driver\\SD\\sd.c                 0x00000000   Number         0  sd.o ABSOLUTE
    ..\\..\\Driver\\SPI\\spi.c               0x00000000   Number         0  spi.o ABSOLUTE
    ..\\..\\Driver\\USART\\usart.c           0x00000000   Number         0  usart.o ABSOLUTE
    ..\\..\\User\\ht32f165x_it.c             0x00000000   Number         0  ht32f165x_it.o ABSOLUTE
    ..\\..\\User\\main.c                     0x00000000   Number         0  main.o ABSOLUTE
    ..\\..\\User\\sdfs_app\\sdfs_app.c       0x00000000   Number         0  sdfs_app.o ABSOLUTE
    ..\\..\\ff11a\\src\\diskio.c             0x00000000   Number         0  diskio.o ABSOLUTE
    ..\\..\\library\\HT32F1655_56_Driver\\src\\ht32_cm3_misc.c 0x00000000   Number         0  ht32_cm3_misc.o ABSOLUTE
    ..\\..\\library\\HT32F1655_56_Driver\\src\\ht32_retarget.c 0x00000000   Number         0  ht32_retarget.o ABSOLUTE
    ..\\..\\library\\HT32F1655_56_Driver\\src\\ht32_serial.c 0x00000000   Number         0  ht32_serial.o ABSOLUTE
    ..\\..\\library\\HT32F1655_56_Driver\\src\\ht32f1655_56_adc.c 0x00000000   Number         0  ht32f1655_56_adc.o ABSOLUTE
    ..\\..\\library\\HT32F1655_56_Driver\\src\\ht32f1655_56_bftm.c 0x00000000   Number         0  ht32f1655_56_bftm.o ABSOLUTE
    ..\\..\\library\\HT32F1655_56_Driver\\src\\ht32f1655_56_ckcu.c 0x00000000   Number         0  ht32f1655_56_ckcu.o ABSOLUTE
    ..\\..\\library\\HT32F1655_56_Driver\\src\\ht32f1655_56_cmp_op.c 0x00000000   Number         0  ht32f1655_56_cmp_op.o ABSOLUTE
    ..\\..\\library\\HT32F1655_56_Driver\\src\\ht32f1655_56_crc.c 0x00000000   Number         0  ht32f1655_56_crc.o ABSOLUTE
    ..\\..\\library\\HT32F1655_56_Driver\\src\\ht32f1655_56_ebi.c 0x00000000   Number         0  ht32f1655_56_ebi.o ABSOLUTE
    ..\\..\\library\\HT32F1655_56_Driver\\src\\ht32f1655_56_exti.c 0x00000000   Number         0  ht32f1655_56_exti.o ABSOLUTE
    ..\\..\\library\\HT32F1655_56_Driver\\src\\ht32f1655_56_flash.c 0x00000000   Number         0  ht32f1655_56_flash.o ABSOLUTE
    ..\\..\\library\\HT32F1655_56_Driver\\src\\ht32f1655_56_gpio.c 0x00000000   Number         0  ht32f1655_56_gpio.o ABSOLUTE
    ..\\..\\library\\HT32F1655_56_Driver\\src\\ht32f1655_56_gptm.c 0x00000000   Number         0  ht32f1655_56_gptm.o ABSOLUTE
    ..\\..\\library\\HT32F1655_56_Driver\\src\\ht32f1655_56_i2c.c 0x00000000   Number         0  ht32f1655_56_i2c.o ABSOLUTE
    ..\\..\\library\\HT32F1655_56_Driver\\src\\ht32f1655_56_i2s.c 0x00000000   Number         0  ht32f1655_56_i2s.o ABSOLUTE
    ..\\..\\library\\HT32F1655_56_Driver\\src\\ht32f1655_56_mctm.c 0x00000000   Number         0  ht32f1655_56_mctm.o ABSOLUTE
    ..\\..\\library\\HT32F1655_56_Driver\\src\\ht32f1655_56_pdma.c 0x00000000   Number         0  ht32f1655_56_pdma.o ABSOLUTE
    ..\\..\\library\\HT32F1655_56_Driver\\src\\ht32f1655_56_pwrcu.c 0x00000000   Number         0  ht32f1655_56_pwrcu.o ABSOLUTE
    ..\\..\\library\\HT32F1655_56_Driver\\src\\ht32f1655_56_rstcu.c 0x00000000   Number         0  ht32f1655_56_rstcu.o ABSOLUTE
    ..\\..\\library\\HT32F1655_56_Driver\\src\\ht32f1655_56_rtc.c 0x00000000   Number         0  ht32f1655_56_rtc.o ABSOLUTE
    ..\\..\\library\\HT32F1655_56_Driver\\src\\ht32f1655_56_sci.c 0x00000000   Number         0  ht32f1655_56_sci.o ABSOLUTE
    ..\\..\\library\\HT32F1655_56_Driver\\src\\ht32f1655_56_spi.c 0x00000000   Number         0  ht32f1655_56_spi.o ABSOLUTE
    ..\\..\\library\\HT32F1655_56_Driver\\src\\ht32f1655_56_usart.c 0x00000000   Number         0  ht32f1655_56_usart.o ABSOLUTE
    ..\\..\\library\\HT32F1655_56_Driver\\src\\ht32f1655_56_usbd.c 0x00000000   Number         0  ht32f1655_56_usbd.o ABSOLUTE
    ..\\..\\library\\HT32F1655_56_Driver\\src\\ht32f1655_56_wdt.c 0x00000000   Number         0  ht32f1655_56_wdt.o ABSOLUTE
    ..\\..\\library\\HT32_USBD_Library\\src\\ht32_usbd_core.c 0x00000000   Number         0  ht32_usbd_core.o ABSOLUTE
    ..\\..\\utilities\\common\\ebi_lcd.c     0x00000000   Number         0  ebi_lcd.o ABSOLUTE
    ..\\..\\utilities\\common\\i2c_eeprom.c  0x00000000   Number         0  i2c_eeprom.o ABSOLUTE
    ..\\..\\utilities\\common\\spi_flash.c   0x00000000   Number         0  spi_flash.o ABSOLUTE
    ..\\..\\utilities\\ht32_board.c          0x00000000   Number         0  ht32_board.o ABSOLUTE
    ..\\system_ht32f165x.c                   0x00000000   Number         0  system_ht32f165x.o ABSOLUTE
    ..\system_ht32f165x.c                    0x00000000   Number         0  system_ht32f165x.o ABSOLUTE
    cdrcmple.s                               0x00000000   Number         0  cdrcmple.o ABSOLUTE
    dc.s                                     0x00000000   Number         0  dc.o ABSOLUTE
    handlers.s                               0x00000000   Number         0  handlers.o ABSOLUTE
    init.s                                   0x00000000   Number         0  init.o ABSOLUTE
    startup_ht32f165x.s                      0x00000000   Number         0  startup_ht32f165x.o ABSOLUTE
    .ARM.Collect$$$$00000000                 0x00000178   Section        0  entry.o(.ARM.Collect$$$$00000000)
    .ARM.Collect$$$$00000001                 0x00000178   Section        4  entry2.o(.ARM.Collect$$$$00000001)
    .ARM.Collect$$$$00000004                 0x0000017c   Section        4  entry5.o(.ARM.Collect$$$$00000004)
    .ARM.Collect$$$$00000008                 0x00000180   Section        0  entry7b.o(.ARM.Collect$$$$00000008)
    .ARM.Collect$$$$0000000A                 0x00000180   Section        0  entry8b.o(.ARM.Collect$$$$0000000A)
    .ARM.Collect$$$$0000000B                 0x00000180   Section        8  entry9a.o(.ARM.Collect$$$$0000000B)
    .ARM.Collect$$$$0000000D                 0x00000188   Section        0  entry10a.o(.ARM.Collect$$$$0000000D)
    .ARM.Collect$$$$0000000F                 0x00000188   Section        0  entry11a.o(.ARM.Collect$$$$0000000F)
    .ARM.Collect$$$$00002712                 0x00000188   Section        4  entry2.o(.ARM.Collect$$$$00002712)
    __lit__00000000                          0x00000188   Data           4  entry2.o(.ARM.Collect$$$$00002712)
    .text                                    0x0000018c   Section        0  fadd.o(.text)
    .text                                    0x0000023c   Section        0  fmul.o(.text)
    .text                                    0x000002a8   Section        0  dscalb.o(.text)
    .text                                    0x000002d6   Section        0  dflti.o(.text)
    .text                                    0x000002f8   Section        0  d2f.o(.text)
    .text                                    0x00000330   Section        0  uldiv.o(.text)
    .text                                    0x00000392   Section        0  iusefp.o(.text)
    .text                                    0x00000392   Section        0  fepilogue.o(.text)
    .text                                    0x000003fe   Section        0  depilogue.o(.text)
    .text                                    0x000004bc   Section       36  init.o(.text)
    .text                                    0x000004e0   Section        0  llshl.o(.text)
    .text                                    0x000004fe   Section        0  llushr.o(.text)
    i.AFIO_EXTISourceConfig                  0x00000520   Section        0  ht32f1655_56_gpio.o(i.AFIO_EXTISourceConfig)
    i.AFIO_GPxConfig                         0x0000054c   Section        0  ht32f1655_56_gpio.o(i.AFIO_GPxConfig)
    i.Axis_DataTransfrom                     0x000005b0   Section        0  mpu6050.o(i.Axis_DataTransfrom)
    i.BusFault_Handler                       0x00000630   Section        0  ht32f165x_it.o(i.BusFault_Handler)
    i.CKCU_GetClocksFrequency                0x00000634   Section        0  ht32f1655_56_ckcu.o(i.CKCU_GetClocksFrequency)
    i.CKCU_GetPLLFrequency                   0x00000688   Section        0  ht32f1655_56_ckcu.o(i.CKCU_GetPLLFrequency)
    i.CKCU_GetUSARTClockFreq                 0x000006c8   Section        0  ht32f1655_56_ckcu.o(i.CKCU_GetUSARTClockFreq)
    i.CKCU_PeripClockConfig                  0x000006d8   Section        0  ht32f1655_56_ckcu.o(i.CKCU_PeripClockConfig)
    i.DebugMon_Handler                       0x000006fc   Section        0  ht32f165x_it.o(i.DebugMon_Handler)
    i.EVWUP_IRQHandler                       0x00000700   Section        0  ht32f165x_it.o(i.EVWUP_IRQHandler)
    i.EXTI1_IRQHandler                       0x00000744   Section        0  ht32f165x_it.o(i.EXTI1_IRQHandler)
    i.EXTI7_IRQHandler                       0x0000074c   Section        0  ht32f165x_it.o(i.EXTI7_IRQHandler)
    i.EXTI_ClearEdgeFlag                     0x000007ac   Section        0  ht32f1655_56_exti.o(i.EXTI_ClearEdgeFlag)
    i.EXTI_ClearWakeupFlag                   0x000007bc   Section        0  ht32f1655_56_exti.o(i.EXTI_ClearWakeupFlag)
    i.EXTI_GetSWCmdStatus                    0x000007d0   Section        0  ht32f1655_56_exti.o(i.EXTI_GetSWCmdStatus)
    i.EXTI_GetWakeupFlagStatus               0x000007e8   Section        0  ht32f1655_56_exti.o(i.EXTI_GetWakeupFlagStatus)
    i.EXTI_Init                              0x00000800   Section        0  ht32f1655_56_exti.o(i.EXTI_Init)
    i.EXTI_IntConfig                         0x0000081c   Section        0  ht32f1655_56_exti.o(i.EXTI_IntConfig)
    i.EXTI_SWIntCmd                          0x00000838   Section        0  ht32f1655_56_exti.o(i.EXTI_SWIntCmd)
    i.EXTI_WakeupEventConfig                 0x00000854   Section        0  ht32f1655_56_exti.o(i.EXTI_WakeupEventConfig)
    i.EXTI_WakeupEventIntConfig              0x00000880   Section        0  ht32f1655_56_exti.o(i.EXTI_WakeupEventIntConfig)
    i.Enter_DeepSleepMode                    0x0000089c   Section        0  pwcru.o(i.Enter_DeepSleepMode)
    i.GPIO_ClearOutBits                      0x000008ba   Section        0  ht32f1655_56_gpio.o(i.GPIO_ClearOutBits)
    i.GPIO_DirectionConfig                   0x000008be   Section        0  ht32f1655_56_gpio.o(i.GPIO_DirectionConfig)
    i.GPIO_InputConfig                       0x000008ce   Section        0  ht32f1655_56_gpio.o(i.GPIO_InputConfig)
    i.GPIO_PullResistorConfig                0x000008de   Section        0  ht32f1655_56_gpio.o(i.GPIO_PullResistorConfig)
    i.GPIO_ReadInBit                         0x00000906   Section        0  ht32f1655_56_gpio.o(i.GPIO_ReadInBit)
    i.GPIO_SetOutBits                        0x00000910   Section        0  ht32f1655_56_gpio.o(i.GPIO_SetOutBits)
    i.HT32F_DVB_PBInit                       0x00000914   Section        0  ht32_board.o(i.HT32F_DVB_PBInit)
    i.HardFault_Handler                      0x000009d0   Section        0  ht32f165x_it.o(i.HardFault_Handler)
    i.Init_USART                             0x000009d4   Section        0  usart.o(i.Init_USART)
    i.MemManage_Handler                      0x00000a50   Section        0  ht32f165x_it.o(i.MemManage_Handler)
    i.NMI_Handler                            0x00000a52   Section        0  ht32f165x_it.o(i.NMI_Handler)
    i.Ov7725_GPIO_Config                     0x00000a54   Section        0  ov7725.o(i.Ov7725_GPIO_Config)
    i.Ov7725_Init                            0x00000a98   Section        0  ov7725.o(i.Ov7725_Init)
    i.PDMA_ClearFlag                         0x00000af0   Section        0  ht32f1655_56_pdma.o(i.PDMA_ClearFlag)
    i.PDMA_Config                            0x00000b1c   Section        0  ht32f1655_56_pdma.o(i.PDMA_Config)
    i.PDMA_Configuration                     0x00000b4c   Section        0  mpu6050.o(i.PDMA_Configuration)
    i.PDMA_EnaCmd                            0x00000bac   Section        0  ht32f1655_56_pdma.o(i.PDMA_EnaCmd)
    i.PDMA_GetFlagStatus                     0x00000bd4   Section        0  ht32f1655_56_pdma.o(i.PDMA_GetFlagStatus)
    i.PDMA_IntConig                          0x00000c04   Section        0  ht32f1655_56_pdma.o(i.PDMA_IntConig)
    i.PDMA_SwTrigCmd                         0x00000c34   Section        0  ht32f1655_56_pdma.o(i.PDMA_SwTrigCmd)
    i.PWRCU_CheckReadyAccessed               0x00000c5c   Section        0  ht32f1655_56_pwrcu.o(i.PWRCU_CheckReadyAccessed)
    i.PWRCU_DeInit                           0x00000ca4   Section        0  ht32f1655_56_pwrcu.o(i.PWRCU_DeInit)
    i.PWRCU_DeepSleep1                       0x00000cc4   Section        0  ht32f1655_56_pwrcu.o(i.PWRCU_DeepSleep1)
    i.PendSV_Handler                         0x00000d04   Section        0  ht32f165x_it.o(i.PendSV_Handler)
    i.SCCB_GPIO_Config                       0x00000d08   Section        0  sccb.o(i.SCCB_GPIO_Config)
    i.SCCB_ReadByte                          0x00000d38   Section        0  sccb.o(i.SCCB_ReadByte)
    i.SCCB_SendByte                          0x00000e38   Section        0  sccb.o(i.SCCB_SendByte)
    SCCB_SendByte                            0x00000e39   Thumb Code    82  sccb.o(i.SCCB_SendByte)
    i.SCCB_Start                             0x00000e90   Section        0  sccb.o(i.SCCB_Start)
    SCCB_Start                               0x00000e91   Thumb Code    82  sccb.o(i.SCCB_Start)
    i.SCCB_Stop                              0x00000ee8   Section        0  sccb.o(i.SCCB_Stop)
    SCCB_Stop                                0x00000ee9   Thumb Code    56  sccb.o(i.SCCB_Stop)
    i.SCCB_WaitAck                           0x00000f24   Section        0  sccb.o(i.SCCB_WaitAck)
    SCCB_WaitAck                             0x00000f25   Thumb Code    86  sccb.o(i.SCCB_WaitAck)
    i.SCCB_WriteByte                         0x00000f80   Section        0  sccb.o(i.SCCB_WriteByte)
    i.SCCB_delay                             0x00000fbe   Section        0  sccb.o(i.SCCB_delay)
    SCCB_delay                               0x00000fbf   Thumb Code    14  sccb.o(i.SCCB_delay)
    i.SD_DisSelect                           0x00000fcc   Section        0  sd.o(i.SD_DisSelect)
    i.SD_Init                                0x00000fe4   Section        0  sd.o(i.SD_Init)
    i.SD_SPI_Init                            0x0000113c   Section        0  sd.o(i.SD_SPI_Init)
    i.SD_Select                              0x00001140   Section        0  sd.o(i.SD_Select)
    i.SD_SendCmd                             0x0000115e   Section        0  sd.o(i.SD_SendCmd)
    i.SD_WaitReady                           0x000011c2   Section        0  sd.o(i.SD_WaitReady)
    SD_WaitReady                             0x000011c3   Thumb Code    34  sd.o(i.SD_WaitReady)
    i.SERIAL_PutChar                         0x000011e4   Section        0  ht32_serial.o(i.SERIAL_PutChar)
    i.SPI0_Init                              0x00001204   Section        0  spi.o(i.SPI0_Init)
    i.SPI0_ReadWriteByte                     0x00001278   Section        0  spi.o(i.SPI0_ReadWriteByte)
    i.SPI0_SetSpeed                          0x000012c8   Section        0  spi.o(i.SPI0_SetSpeed)
    i.SPI_Cmd                                0x000012e8   Section        0  ht32f1655_56_spi.o(i.SPI_Cmd)
    i.SPI_GetFlagStatus                      0x000012fc   Section        0  ht32f1655_56_spi.o(i.SPI_GetFlagStatus)
    i.SPI_Init                               0x0000130a   Section        0  ht32f1655_56_spi.o(i.SPI_Init)
    i.SPI_ReceiveData                        0x00001354   Section        0  ht32f1655_56_spi.o(i.SPI_ReceiveData)
    i.SPI_SELOutputCmd                       0x0000135a   Section        0  ht32f1655_56_spi.o(i.SPI_SELOutputCmd)
    i.SPI_SendData                           0x0000136e   Section        0  ht32f1655_56_spi.o(i.SPI_SendData)
    i.SPI_SoftwareSELCmd                     0x00001372   Section        0  ht32f1655_56_spi.o(i.SPI_SoftwareSELCmd)
    i.SVC_Handler                            0x00001386   Section        0  ht32f165x_it.o(i.SVC_Handler)
    i.SYSTICK_ClockSourceConfig              0x00001388   Section        0  ht32_cm3_misc.o(i.SYSTICK_ClockSourceConfig)
    i.SYSTICK_Config                         0x000013a0   Section        0  delay.o(i.SYSTICK_Config)
    i.SYSTICK_CounterCmd                     0x000013bc   Section        0  ht32_cm3_misc.o(i.SYSTICK_CounterCmd)
    i.SYSTICK_IntConfig                      0x000013dc   Section        0  ht32_cm3_misc.o(i.SYSTICK_IntConfig)
    i.SYSTICK_SetReloadValue                 0x000013f4   Section        0  ht32_cm3_misc.o(i.SYSTICK_SetReloadValue)
    i.SysTick_Handler                        0x000013fc   Section        0  ht32f165x_it.o(i.SysTick_Handler)
    i.SystemInit                             0x00001400   Section        0  system_ht32f165x.o(i.SystemInit)
    i.TimingDelay                            0x0000145c   Section        0  delay.o(i.TimingDelay)
    i.TryInitSD                              0x00001470   Section        0  sd.o(i.TryInitSD)
    i.USART_GetLineStatus                    0x00001508   Section        0  ht32f1655_56_usart.o(i.USART_GetLineStatus)
    i.USART_Init                             0x00001512   Section        0  ht32f1655_56_usart.o(i.USART_Init)
    i.USART_RxCmd                            0x00001546   Section        0  ht32f1655_56_usart.o(i.USART_RxCmd)
    i.USART_RxPDMACmd                        0x0000155a   Section        0  ht32f1655_56_usart.o(i.USART_RxPDMACmd)
    i.USART_SendData                         0x0000156e   Section        0  ht32f1655_56_usart.o(i.USART_SendData)
    i.USART_TxCmd                            0x00001572   Section        0  ht32f1655_56_usart.o(i.USART_TxCmd)
    i.UsageFault_Handler                     0x00001586   Section        0  ht32f165x_it.o(i.UsageFault_Handler)
    i.VSYNC_Init                             0x00001588   Section        0  ov7725.o(i.VSYNC_Init)
    i._HT32F_DVB_ClockConfig                 0x000015e8   Section        0  ht32_board.o(i._HT32F_DVB_ClockConfig)
    _HT32F_DVB_ClockConfig                   0x000015e9   Thumb Code    64  ht32_board.o(i._HT32F_DVB_ClockConfig)
    i.__0printf$8                            0x00001628   Section        0  printf8.o(i.__0printf$8)
    i.__scatterload_copy                     0x00001648   Section       14  handlers.o(i.__scatterload_copy)
    i.__scatterload_null                     0x00001656   Section        2  handlers.o(i.__scatterload_null)
    i.__scatterload_zeroinit                 0x00001658   Section       14  handlers.o(i.__scatterload_zeroinit)
    i._printf_core                           0x00001668   Section        0  printf8.o(i._printf_core)
    _printf_core                             0x00001669   Thumb Code   988  printf8.o(i._printf_core)
    i._printf_post_padding                   0x00001a70   Section        0  printf8.o(i._printf_post_padding)
    _printf_post_padding                     0x00001a71   Thumb Code    38  printf8.o(i._printf_post_padding)
    i._printf_pre_padding                    0x00001a96   Section        0  printf8.o(i._printf_pre_padding)
    _printf_pre_padding                      0x00001a97   Thumb Code    48  printf8.o(i._printf_pre_padding)
    i.delay_ms                               0x00001ac8   Section        0  delay.o(i.delay_ms)
    i.fputc                                  0x00001af0   Section        0  ht32_retarget.o(i.fputc)
    i.main                                   0x00001af4   Section        0  main.o(i.main)
    i.pwrcu_init                             0x00001c10   Section        0  pwcru.o(i.pwrcu_init)
    .constdata                               0x00001c58   Section       80  ht32_board.o(.constdata)
    .data                                    0x20000000   Section        1  ht32f165x_it.o(.data)
    .data                                    0x20000001   Section        1  sd.o(.data)
    .data                                    0x20000004   Section        4  delay.o(.data)
    DelayTime                                0x20000004   Data           4  delay.o(.data)
    .data                                    0x20000008   Section      155  ov7725.o(.data)
    .data                                    0x200000a3   Section        1  ov7725.o(.data)
    .data                                    0x200000a4   Section       12  mpu6050.o(.data)
    .data                                    0x200000b0   Section        4  ht32_retarget.o(.data)
    .bss                                     0x200000b4   Section       44  spi.o(.bss)
    .bss                                     0x200000e0   Section       33  mpu6050.o(.bss)
    STACK                                    0x20000108   Section      512  startup_ht32f165x.o(STACK)

    Global Symbols

    Symbol Name                              Value     Ov Type        Size  Object(Section)

    BuildAttributes$$THM_ISAv4$P$D$K$B$S$PE$A:L22UL41UL21$X:L11$S22US41US21$IEEE1$IW$USESV6$~STKCKD$USESV7$~SHL$OTIME$ROPI$EBA8$MICROLIB$REQ8$PRES8$EABIv2 0x00000000   Number         0  anon$$obj.o ABSOLUTE
    __ARM_use_no_argv                        0x00000000   Number         0  main.o ABSOLUTE
    __Vectors                                0x00000000   Data           4  startup_ht32f165x.o(RESET)
    __use_no_errno                           0x00000000   Number         0  useno.o ABSOLUTE
    __use_no_exception_handling              0x00000000   Number         0  useno.o ABSOLUTE
    __use_no_fp                              0x00000000   Number         0  useno.o ABSOLUTE
    __use_no_heap                            0x00000000   Number         0  useno.o ABSOLUTE
    __use_no_heap_region                     0x00000000   Number         0  useno.o ABSOLUTE
    __use_no_semihosting                     0x00000000   Number         0  useno.o ABSOLUTE
    __use_no_semihosting_swi                 0x00000000   Number         0  useno.o ABSOLUTE
    __use_no_signal_handling                 0x00000000   Number         0  useno.o ABSOLUTE
    _printf_a                                0x00000000   Number         0  stubs.o ABSOLUTE
    _printf_c                                0x00000000   Number         0  stubs.o ABSOLUTE
    _printf_charcount                        0x00000000   Number         0  stubs.o ABSOLUTE
    _printf_d                                0x00000000   Number         0  stubs.o ABSOLUTE
    _printf_e                                0x00000000   Number         0  stubs.o ABSOLUTE
    _printf_f                                0x00000000   Number         0  stubs.o ABSOLUTE
    _printf_flags                            0x00000000   Number         0  stubs.o ABSOLUTE
    _printf_fp_dec                           0x00000000   Number         0  stubs.o ABSOLUTE
    _printf_fp_hex                           0x00000000   Number         0  stubs.o ABSOLUTE
    _printf_g                                0x00000000   Number         0  stubs.o ABSOLUTE
    _printf_i                                0x00000000   Number         0  stubs.o ABSOLUTE
    _printf_int_dec                          0x00000000   Number         0  stubs.o ABSOLUTE
    _printf_l                                0x00000000   Number         0  stubs.o ABSOLUTE
    _printf_lc                               0x00000000   Number         0  stubs.o ABSOLUTE
    _printf_ll                               0x00000000   Number         0  stubs.o ABSOLUTE
    _printf_lld                              0x00000000   Number         0  stubs.o ABSOLUTE
    _printf_lli                              0x00000000   Number         0  stubs.o ABSOLUTE
    _printf_llo                              0x00000000   Number         0  stubs.o ABSOLUTE
    _printf_llu                              0x00000000   Number         0  stubs.o ABSOLUTE
    _printf_llx                              0x00000000   Number         0  stubs.o ABSOLUTE
    _printf_longlong_dec                     0x00000000   Number         0  stubs.o ABSOLUTE
    _printf_longlong_hex                     0x00000000   Number         0  stubs.o ABSOLUTE
    _printf_longlong_oct                     0x00000000   Number         0  stubs.o ABSOLUTE
    _printf_ls                               0x00000000   Number         0  stubs.o ABSOLUTE
    _printf_mbtowc                           0x00000000   Number         0  stubs.o ABSOLUTE
    _printf_n                                0x00000000   Number         0  stubs.o ABSOLUTE
    _printf_o                                0x00000000   Number         0  stubs.o ABSOLUTE
    _printf_p                                0x00000000   Number         0  stubs.o ABSOLUTE
    _printf_percent                          0x00000000   Number         0  stubs.o ABSOLUTE
    _printf_pre_padding                      0x00000000   Number         0  stubs.o ABSOLUTE
    _printf_return_value                     0x00000000   Number         0  stubs.o ABSOLUTE
    _printf_s                                0x00000000   Number         0  stubs.o ABSOLUTE
    _printf_sizespec                         0x00000000   Number         0  stubs.o ABSOLUTE
    _printf_str                              0x00000000   Number         0  stubs.o ABSOLUTE
    _printf_truncate_signed                  0x00000000   Number         0  stubs.o ABSOLUTE
    _printf_truncate_unsigned                0x00000000   Number         0  stubs.o ABSOLUTE
    _printf_u                                0x00000000   Number         0  stubs.o ABSOLUTE
    _printf_wc                               0x00000000   Number         0  stubs.o ABSOLUTE
    _printf_wctomb                           0x00000000   Number         0  stubs.o ABSOLUTE
    _printf_widthprec                        0x00000000   Number         0  stubs.o ABSOLUTE
    _printf_x                                0x00000000   Number         0  stubs.o ABSOLUTE
    __cpp_initialize__aeabi_                  - Undefined Weak Reference
    __cxa_finalize                            - Undefined Weak Reference
    __decompress                              - Undefined Weak Reference
    _clock_init                               - Undefined Weak Reference
    _microlib_exit                            - Undefined Weak Reference
    Reset_Handler                            0x00000155   Thumb Code     8  startup_ht32f165x.o(RESET)
    ADC_IRQHandler                           0x0000016f   Thumb Code     0  startup_ht32f165x.o(RESET)
    BFTM0_IRQHandler                         0x0000016f   Thumb Code     0  startup_ht32f165x.o(RESET)
    BFTM1_IRQHandler                         0x0000016f   Thumb Code     0  startup_ht32f165x.o(RESET)
    BOD_IRQHandler                           0x0000016f   Thumb Code     0  startup_ht32f165x.o(RESET)
    CKRDY_IRQHandler                         0x0000016f   Thumb Code     0  startup_ht32f165x.o(RESET)
    COMP_IRQHandler                          0x0000016f   Thumb Code     0  startup_ht32f165x.o(RESET)
    EBI_IRQHandler                           0x0000016f   Thumb Code     0  startup_ht32f165x.o(RESET)
    EXTI0_IRQHandler                         0x0000016f   Thumb Code     0  startup_ht32f165x.o(RESET)
    EXTI10_IRQHandler                        0x0000016f   Thumb Code     0  startup_ht32f165x.o(RESET)
    EXTI11_IRQHandler                        0x0000016f   Thumb Code     0  startup_ht32f165x.o(RESET)
    EXTI12_IRQHandler                        0x0000016f   Thumb Code     0  startup_ht32f165x.o(RESET)
    EXTI13_IRQHandler                        0x0000016f   Thumb Code     0  startup_ht32f165x.o(RESET)
    EXTI14_IRQHandler                        0x0000016f   Thumb Code     0  startup_ht32f165x.o(RESET)
    EXTI15_IRQHandler                        0x0000016f   Thumb Code     0  startup_ht32f165x.o(RESET)
    EXTI2_IRQHandler                         0x0000016f   Thumb Code     0  startup_ht32f165x.o(RESET)
    EXTI3_IRQHandler                         0x0000016f   Thumb Code     0  startup_ht32f165x.o(RESET)
    EXTI4_IRQHandler                         0x0000016f   Thumb Code     0  startup_ht32f165x.o(RESET)
    EXTI5_IRQHandler                         0x0000016f   Thumb Code     0  startup_ht32f165x.o(RESET)
    EXTI6_IRQHandler                         0x0000016f   Thumb Code     0  startup_ht32f165x.o(RESET)
    EXTI8_IRQHandler                         0x0000016f   Thumb Code     0  startup_ht32f165x.o(RESET)
    EXTI9_IRQHandler                         0x0000016f   Thumb Code     0  startup_ht32f165x.o(RESET)
    FLASH_IRQHandler                         0x0000016f   Thumb Code     0  startup_ht32f165x.o(RESET)
    GPTM0_IRQHandler                         0x0000016f   Thumb Code     0  startup_ht32f165x.o(RESET)
    GPTM1_IRQHandler                         0x0000016f   Thumb Code     0  startup_ht32f165x.o(RESET)
    I2C0_IRQHandler                          0x0000016f   Thumb Code     0  startup_ht32f165x.o(RESET)
    I2C1_IRQHandler                          0x0000016f   Thumb Code     0  startup_ht32f165x.o(RESET)
    I2S_IRQHandler                           0x0000016f   Thumb Code     0  startup_ht32f165x.o(RESET)
    LPWUP_IRQHandler                         0x0000016f   Thumb Code     0  startup_ht32f165x.o(RESET)
    LVD_IRQHandler                           0x0000016f   Thumb Code     0  startup_ht32f165x.o(RESET)
    MCTM0BRK_IRQHandler                      0x0000016f   Thumb Code     0  startup_ht32f165x.o(RESET)
    MCTM0CC_IRQHandler                       0x0000016f   Thumb Code     0  startup_ht32f165x.o(RESET)
    MCTM0TR_IRQHandler                       0x0000016f   Thumb Code     0  startup_ht32f165x.o(RESET)
    MCTM0UP_IRQHandler                       0x0000016f   Thumb Code     0  startup_ht32f165x.o(RESET)
    MCTM1BRK_IRQHandler                      0x0000016f   Thumb Code     0  startup_ht32f165x.o(RESET)
    MCTM1CC_IRQHandler                       0x0000016f   Thumb Code     0  startup_ht32f165x.o(RESET)
    MCTM1TR_IRQHandler                       0x0000016f   Thumb Code     0  startup_ht32f165x.o(RESET)
    MCTM1UP_IRQHandler                       0x0000016f   Thumb Code     0  startup_ht32f165x.o(RESET)
    PDMA_CH0_IRQHandler                      0x0000016f   Thumb Code     0  startup_ht32f165x.o(RESET)
    PDMA_CH1_IRQHandler                      0x0000016f   Thumb Code     0  startup_ht32f165x.o(RESET)
    PDMA_CH2_IRQHandler                      0x0000016f   Thumb Code     0  startup_ht32f165x.o(RESET)
    PDMA_CH3_IRQHandler                      0x0000016f   Thumb Code     0  startup_ht32f165x.o(RESET)
    PDMA_CH4_IRQHandler                      0x0000016f   Thumb Code     0  startup_ht32f165x.o(RESET)
    PDMA_CH5_IRQHandler                      0x0000016f   Thumb Code     0  startup_ht32f165x.o(RESET)
    PDMA_CH6_IRQHandler                      0x0000016f   Thumb Code     0  startup_ht32f165x.o(RESET)
    PDMA_CH7_IRQHandler                      0x0000016f   Thumb Code     0  startup_ht32f165x.o(RESET)
    RTC_IRQHandler                           0x0000016f   Thumb Code     0  startup_ht32f165x.o(RESET)
    SCI_IRQHandler                           0x0000016f   Thumb Code     0  startup_ht32f165x.o(RESET)
    SPI0_IRQHandler                          0x0000016f   Thumb Code     0  startup_ht32f165x.o(RESET)
    SPI1_IRQHandler                          0x0000016f   Thumb Code     0  startup_ht32f165x.o(RESET)
    UART0_IRQHandler                         0x0000016f   Thumb Code     0  startup_ht32f165x.o(RESET)
    UART1_IRQHandler                         0x0000016f   Thumb Code     0  startup_ht32f165x.o(RESET)
    USART0_IRQHandler                        0x0000016f   Thumb Code     0  startup_ht32f165x.o(RESET)
    USART1_IRQHandler                        0x0000016f   Thumb Code     0  startup_ht32f165x.o(RESET)
    USB_IRQHandler                           0x0000016f   Thumb Code     0  startup_ht32f165x.o(RESET)
    WDT_IRQHandler                           0x0000016f   Thumb Code     0  startup_ht32f165x.o(RESET)
    __main                                   0x00000179   Thumb Code     0  entry.o(.ARM.Collect$$$$00000000)
    _main_stk                                0x00000179   Thumb Code     0  entry2.o(.ARM.Collect$$$$00000001)
    _main_scatterload                        0x0000017d   Thumb Code     0  entry5.o(.ARM.Collect$$$$00000004)
    __main_after_scatterload                 0x00000181   Thumb Code     0  entry5.o(.ARM.Collect$$$$00000004)
    _main_clock                              0x00000181   Thumb Code     0  entry7b.o(.ARM.Collect$$$$00000008)
    _main_cpp_init                           0x00000181   Thumb Code     0  entry8b.o(.ARM.Collect$$$$0000000A)
    _main_init                               0x00000181   Thumb Code     0  entry9a.o(.ARM.Collect$$$$0000000B)
    __rt_final_cpp                           0x00000189   Thumb Code     0  entry10a.o(.ARM.Collect$$$$0000000D)
    __rt_final_exit                          0x00000189   Thumb Code     0  entry11a.o(.ARM.Collect$$$$0000000F)
    __aeabi_fadd                             0x0000018d   Thumb Code   164  fadd.o(.text)
    __aeabi_fsub                             0x00000231   Thumb Code     6  fadd.o(.text)
    __aeabi_frsub                            0x00000237   Thumb Code     6  fadd.o(.text)
    __aeabi_fmul                             0x0000023d   Thumb Code   108  fmul.o(.text)
    __ARM_scalbn                             0x000002a9   Thumb Code    46  dscalb.o(.text)
    scalbn                                   0x000002a9   Thumb Code     0  dscalb.o(.text)
    __aeabi_i2d                              0x000002d7   Thumb Code    34  dflti.o(.text)
    __aeabi_d2f                              0x000002f9   Thumb Code    56  d2f.o(.text)
    __aeabi_uldivmod                         0x00000331   Thumb Code    98  uldiv.o(.text)
    __I$use$fp                               0x00000393   Thumb Code     0  iusefp.o(.text)
    _float_round                             0x00000393   Thumb Code    18  fepilogue.o(.text)
    _float_epilogue                          0x000003a5   Thumb Code    90  fepilogue.o(.text)
    _double_round                            0x000003ff   Thumb Code    26  depilogue.o(.text)
    _double_epilogue                         0x00000419   Thumb Code   164  depilogue.o(.text)
    __scatterload                            0x000004bd   Thumb Code    28  init.o(.text)
    __scatterload_rt2                        0x000004bd   Thumb Code     0  init.o(.text)
    __aeabi_llsl                             0x000004e1   Thumb Code    30  llshl.o(.text)
    _ll_shift_l                              0x000004e1   Thumb Code     0  llshl.o(.text)
    __aeabi_llsr                             0x000004ff   Thumb Code    32  llushr.o(.text)
    _ll_ushift_r                             0x000004ff   Thumb Code     0  llushr.o(.text)
    AFIO_EXTISourceConfig                    0x00000521   Thumb Code    38  ht32f1655_56_gpio.o(i.AFIO_EXTISourceConfig)
    AFIO_GPxConfig                           0x0000054d   Thumb Code    94  ht32f1655_56_gpio.o(i.AFIO_GPxConfig)
    Axis_DataTransfrom                       0x000005b1   Thumb Code   118  mpu6050.o(i.Axis_DataTransfrom)
    BusFault_Handler                         0x00000631   Thumb Code     2  ht32f165x_it.o(i.BusFault_Handler)
    CKCU_GetClocksFrequency                  0x00000635   Thumb Code    76  ht32f1655_56_ckcu.o(i.CKCU_GetClocksFrequency)
    CKCU_GetPLLFrequency                     0x00000689   Thumb Code    52  ht32f1655_56_ckcu.o(i.CKCU_GetPLLFrequency)
    CKCU_GetUSARTClockFreq                   0x000006c9   Thumb Code    16  ht32f1655_56_ckcu.o(i.CKCU_GetUSARTClockFreq)
    CKCU_PeripClockConfig                    0x000006d9   Thumb Code    32  ht32f1655_56_ckcu.o(i.CKCU_PeripClockConfig)
    DebugMon_Handler                         0x000006fd   Thumb Code     2  ht32f165x_it.o(i.DebugMon_Handler)
    EVWUP_IRQHandler                         0x00000701   Thumb Code    48  ht32f165x_it.o(i.EVWUP_IRQHandler)
    EXTI1_IRQHandler                         0x00000745   Thumb Code     6  ht32f165x_it.o(i.EXTI1_IRQHandler)
    EXTI7_IRQHandler                         0x0000074d   Thumb Code    88  ht32f165x_it.o(i.EXTI7_IRQHandler)
    EXTI_ClearEdgeFlag                       0x000007ad   Thumb Code    12  ht32f1655_56_exti.o(i.EXTI_ClearEdgeFlag)
    EXTI_ClearWakeupFlag                     0x000007bd   Thumb Code    14  ht32f1655_56_exti.o(i.EXTI_ClearWakeupFlag)
    EXTI_GetSWCmdStatus                      0x000007d1   Thumb Code    20  ht32f1655_56_exti.o(i.EXTI_GetSWCmdStatus)
    EXTI_GetWakeupFlagStatus                 0x000007e9   Thumb Code    20  ht32f1655_56_exti.o(i.EXTI_GetWakeupFlagStatus)
    EXTI_Init                                0x00000801   Thumb Code    24  ht32f1655_56_exti.o(i.EXTI_Init)
    EXTI_IntConfig                           0x0000081d   Thumb Code    22  ht32f1655_56_exti.o(i.EXTI_IntConfig)
    EXTI_SWIntCmd                            0x00000839   Thumb Code    22  ht32f1655_56_exti.o(i.EXTI_SWIntCmd)
    EXTI_WakeupEventConfig                   0x00000855   Thumb Code    38  ht32f1655_56_exti.o(i.EXTI_WakeupEventConfig)
    EXTI_WakeupEventIntConfig                0x00000881   Thumb Code    22  ht32f1655_56_exti.o(i.EXTI_WakeupEventIntConfig)
    Enter_DeepSleepMode                      0x0000089d   Thumb Code    30  pwcru.o(i.Enter_DeepSleepMode)
    GPIO_ClearOutBits                        0x000008bb   Thumb Code     4  ht32f1655_56_gpio.o(i.GPIO_ClearOutBits)
    GPIO_DirectionConfig                     0x000008bf   Thumb Code    16  ht32f1655_56_gpio.o(i.GPIO_DirectionConfig)
    GPIO_InputConfig                         0x000008cf   Thumb Code    16  ht32f1655_56_gpio.o(i.GPIO_InputConfig)
    GPIO_PullResistorConfig                  0x000008df   Thumb Code    40  ht32f1655_56_gpio.o(i.GPIO_PullResistorConfig)
    GPIO_ReadInBit                           0x00000907   Thumb Code    10  ht32f1655_56_gpio.o(i.GPIO_ReadInBit)
    GPIO_SetOutBits                          0x00000911   Thumb Code     4  ht32f1655_56_gpio.o(i.GPIO_SetOutBits)
    HT32F_DVB_PBInit                         0x00000915   Thumb Code   184  ht32_board.o(i.HT32F_DVB_PBInit)
    HardFault_Handler                        0x000009d1   Thumb Code     2  ht32f165x_it.o(i.HardFault_Handler)
    Init_USART                               0x000009d5   Thumb Code   120  usart.o(i.Init_USART)
    MemManage_Handler                        0x00000a51   Thumb Code     2  ht32f165x_it.o(i.MemManage_Handler)
    NMI_Handler                              0x00000a53   Thumb Code     2  ht32f165x_it.o(i.NMI_Handler)
    Ov7725_GPIO_Config                       0x00000a55   Thumb Code    64  ov7725.o(i.Ov7725_GPIO_Config)
    Ov7725_Init                              0x00000a99   Thumb Code    84  ov7725.o(i.Ov7725_Init)
    PDMA_ClearFlag                           0x00000af1   Thumb Code    34  ht32f1655_56_pdma.o(i.PDMA_ClearFlag)
    PDMA_Config                              0x00000b1d   Thumb Code    42  ht32f1655_56_pdma.o(i.PDMA_Config)
    PDMA_Configuration                       0x00000b4d   Thumb Code    92  mpu6050.o(i.PDMA_Configuration)
    PDMA_EnaCmd                              0x00000bad   Thumb Code    34  ht32f1655_56_pdma.o(i.PDMA_EnaCmd)
    PDMA_GetFlagStatus                       0x00000bd5   Thumb Code    38  ht32f1655_56_pdma.o(i.PDMA_GetFlagStatus)
    PDMA_IntConig                            0x00000c05   Thumb Code    40  ht32f1655_56_pdma.o(i.PDMA_IntConig)
    PDMA_SwTrigCmd                           0x00000c35   Thumb Code    34  ht32f1655_56_pdma.o(i.PDMA_SwTrigCmd)
    PWRCU_CheckReadyAccessed                 0x00000c5d   Thumb Code    58  ht32f1655_56_pwrcu.o(i.PWRCU_CheckReadyAccessed)
    PWRCU_DeInit                             0x00000ca5   Thumb Code    26  ht32f1655_56_pwrcu.o(i.PWRCU_DeInit)
    PWRCU_DeepSleep1                         0x00000cc5   Thumb Code    50  ht32f1655_56_pwrcu.o(i.PWRCU_DeepSleep1)
    PendSV_Handler                           0x00000d05   Thumb Code     2  ht32f165x_it.o(i.PendSV_Handler)
    SCCB_GPIO_Config                         0x00000d09   Thumb Code    42  sccb.o(i.SCCB_GPIO_Config)
    SCCB_ReadByte                            0x00000d39   Thumb Code   250  sccb.o(i.SCCB_ReadByte)
    SCCB_WriteByte                           0x00000f81   Thumb Code    62  sccb.o(i.SCCB_WriteByte)
    SD_DisSelect                             0x00000fcd   Thumb Code    24  sd.o(i.SD_DisSelect)
    SD_Init                                  0x00000fe5   Thumb Code   340  sd.o(i.SD_Init)
    SD_SPI_Init                              0x0000113d   Thumb Code     4  sd.o(i.SD_SPI_Init)
    SD_Select                                0x00001141   Thumb Code    30  sd.o(i.SD_Select)
    SD_SendCmd                               0x0000115f   Thumb Code   100  sd.o(i.SD_SendCmd)
    SERIAL_PutChar                           0x000011e5   Thumb Code    32  ht32_serial.o(i.SERIAL_PutChar)
    SPI0_Init                                0x00001205   Thumb Code   106  spi.o(i.SPI0_Init)
    SPI0_ReadWriteByte                       0x00001279   Thumb Code    78  spi.o(i.SPI0_ReadWriteByte)
    SPI0_SetSpeed                            0x000012c9   Thumb Code    28  spi.o(i.SPI0_SetSpeed)
    SPI_Cmd                                  0x000012e9   Thumb Code    20  ht32f1655_56_spi.o(i.SPI_Cmd)
    SPI_GetFlagStatus                        0x000012fd   Thumb Code    14  ht32f1655_56_spi.o(i.SPI_GetFlagStatus)
    SPI_Init                                 0x0000130b   Thumb Code    74  ht32f1655_56_spi.o(i.SPI_Init)
    SPI_ReceiveData                          0x00001355   Thumb Code     6  ht32f1655_56_spi.o(i.SPI_ReceiveData)
    SPI_SELOutputCmd                         0x0000135b   Thumb Code    20  ht32f1655_56_spi.o(i.SPI_SELOutputCmd)
    SPI_SendData                             0x0000136f   Thumb Code     4  ht32f1655_56_spi.o(i.SPI_SendData)
    SPI_SoftwareSELCmd                       0x00001373   Thumb Code    20  ht32f1655_56_spi.o(i.SPI_SoftwareSELCmd)
    SVC_Handler                              0x00001387   Thumb Code     2  ht32f165x_it.o(i.SVC_Handler)
    SYSTICK_ClockSourceConfig                0x00001389   Thumb Code    24  ht32_cm3_misc.o(i.SYSTICK_ClockSourceConfig)
    SYSTICK_Config                           0x000013a1   Thumb Code    28  delay.o(i.SYSTICK_Config)
    SYSTICK_CounterCmd                       0x000013bd   Thumb Code    32  ht32_cm3_misc.o(i.SYSTICK_CounterCmd)
    SYSTICK_IntConfig                        0x000013dd   Thumb Code    24  ht32_cm3_misc.o(i.SYSTICK_IntConfig)
    SYSTICK_SetReloadValue                   0x000013f5   Thumb Code     8  ht32_cm3_misc.o(i.SYSTICK_SetReloadValue)
    SysTick_Handler                          0x000013fd   Thumb Code     4  ht32f165x_it.o(i.SysTick_Handler)
    SystemInit                               0x00001401   Thumb Code    78  system_ht32f165x.o(i.SystemInit)
    TimingDelay                              0x0000145d   Thumb Code    16  delay.o(i.TimingDelay)
    TryInitSD                                0x00001471   Thumb Code    60  sd.o(i.TryInitSD)
    USART_GetLineStatus                      0x00001509   Thumb Code    10  ht32f1655_56_usart.o(i.USART_GetLineStatus)
    USART_Init                               0x00001513   Thumb Code    52  ht32f1655_56_usart.o(i.USART_Init)
    USART_RxCmd                              0x00001547   Thumb Code    20  ht32f1655_56_usart.o(i.USART_RxCmd)
    USART_RxPDMACmd                          0x0000155b   Thumb Code    20  ht32f1655_56_usart.o(i.USART_RxPDMACmd)
    USART_SendData                           0x0000156f   Thumb Code     4  ht32f1655_56_usart.o(i.USART_SendData)
    USART_TxCmd                              0x00001573   Thumb Code    20  ht32f1655_56_usart.o(i.USART_TxCmd)
    UsageFault_Handler                       0x00001587   Thumb Code     2  ht32f165x_it.o(i.UsageFault_Handler)
    VSYNC_Init                               0x00001589   Thumb Code    86  ov7725.o(i.VSYNC_Init)
    __0printf$8                              0x00001629   Thumb Code    22  printf8.o(i.__0printf$8)
    __1printf$8                              0x00001629   Thumb Code     0  printf8.o(i.__0printf$8)
    __2printf                                0x00001629   Thumb Code     0  printf8.o(i.__0printf$8)
    __scatterload_copy                       0x00001649   Thumb Code    14  handlers.o(i.__scatterload_copy)
    __scatterload_null                       0x00001657   Thumb Code     2  handlers.o(i.__scatterload_null)
    __scatterload_zeroinit                   0x00001659   Thumb Code    14  handlers.o(i.__scatterload_zeroinit)
    delay_ms                                 0x00001ac9   Thumb Code    36  delay.o(i.delay_ms)
    fputc                                    0x00001af1   Thumb Code     4  ht32_retarget.o(i.fputc)
    main                                     0x00001af5   Thumb Code   208  main.o(i.main)
    pwrcu_init                               0x00001c11   Thumb Code    62  pwcru.o(i.pwrcu_init)
    LED_GPIO_ID                              0x00001c58   Data           3  ht32_board.o(.constdata)
    LED_AFIO_MODE                            0x00001c5b   Data           3  ht32_board.o(.constdata)
    BUTTON_GPIO_ID                           0x00001c5e   Data           3  ht32_board.o(.constdata)
    BUTTON_AFIO_MODE                         0x00001c61   Data           3  ht32_board.o(.constdata)
    BUTTON_EXTI_CH                           0x00001c64   Data           3  ht32_board.o(.constdata)
    LED_GPIO_PIN                             0x00001c68   Data           6  ht32_board.o(.constdata)
    BUTTON_GPIO_PIN                          0x00001c6e   Data           6  ht32_board.o(.constdata)
    GPIO_PORT                                0x00001c74   Data          20  ht32_board.o(.constdata)
    gCOMInfo                                 0x00001c88   Data          32  ht32_board.o(.constdata)
    Region$$Table$$Base                      0x00001ca8   Number         0  anon$$obj.o(Region$$Table)
    Region$$Table$$Limit                     0x00001cc8   Number         0  anon$$obj.o(Region$$Table)
    flag                                     0x20000000   Data           1  ht32f165x_it.o(.data)
    SD_Type                                  0x20000001   Data           1  sd.o(.data)
    OV7725_REG_NUM                           0x20000008   Data           1  ov7725.o(.data)
    Sensor_Config                            0x20000009   Data         154  ov7725.o(.data)
    Ov7725_vsync                             0x200000a3   Data           1  ov7725.o(.data)
    X_Axis                                   0x200000a4   Data           4  mpu6050.o(.data)
    Y_Axis                                   0x200000a8   Data           4  mpu6050.o(.data)
    Z_Axis                                   0x200000ac   Data           4  mpu6050.o(.data)
    __stdout                                 0x200000b0   Data           4  ht32_retarget.o(.data)
    SPI_InitStructure                        0x200000b4   Data          44  spi.o(.bss)
    MPU_Data                                 0x200000e0   Data          33  mpu6050.o(.bss)
    __initial_sp                             0x20000308   Data           0  startup_ht32f165x.o(STACK)



==============================================================================

Memory Map of the image

  Image Entry point : 0x00000155

  Load Region LR_1 (Base: 0x00000000, Size: 0x00001d7c, Max: 0xffffffff, ABSOLUTE)

    Execution Region ER_RO (Base: 0x00000000, Size: 0x00001cc8, Max: 0xffffffff, ABSOLUTE)

    Base Addr    Size         Type   Attr      Idx    E Section Name        Object

    0x00000000   0x00000178   Code   RO         1121  * RESET               startup_ht32f165x.o
    0x00000178   0x00000000   Code   RO         5077  * .ARM.Collect$$$$00000000  mc_w.l(entry.o)
    0x00000178   0x00000004   Code   RO         5353    .ARM.Collect$$$$00000001  mc_w.l(entry2.o)
    0x0000017c   0x00000004   Code   RO         5356    .ARM.Collect$$$$00000004  mc_w.l(entry5.o)
    0x00000180   0x00000000   Code   RO         5358    .ARM.Collect$$$$00000008  mc_w.l(entry7b.o)
    0x00000180   0x00000000   Code   RO         5360    .ARM.Collect$$$$0000000A  mc_w.l(entry8b.o)
    0x00000180   0x00000008   Code   RO         5361    .ARM.Collect$$$$0000000B  mc_w.l(entry9a.o)
    0x00000188   0x00000000   Code   RO         5363    .ARM.Collect$$$$0000000D  mc_w.l(entry10a.o)
    0x00000188   0x00000000   Code   RO         5365    .ARM.Collect$$$$0000000F  mc_w.l(entry11a.o)
    0x00000188   0x00000004   Code   RO         5354    .ARM.Collect$$$$00002712  mc_w.l(entry2.o)
    0x0000018c   0x000000b0   Code   RO         5343    .text               mf_w.l(fadd.o)
    0x0000023c   0x0000006c   Code   RO         5345    .text               mf_w.l(fmul.o)
    0x000002a8   0x0000002e   Code   RO         5347    .text               mf_w.l(dscalb.o)
    0x000002d6   0x00000022   Code   RO         5349    .text               mf_w.l(dflti.o)
    0x000002f8   0x00000038   Code   RO         5351    .text               mf_w.l(d2f.o)
    0x00000330   0x00000062   Code   RO         5369    .text               mc_w.l(uldiv.o)
    0x00000392   0x00000000   Code   RO         5371    .text               mc_w.l(iusefp.o)
    0x00000392   0x0000006c   Code   RO         5372    .text               mf_w.l(fepilogue.o)
    0x000003fe   0x000000be   Code   RO         5374    .text               mf_w.l(depilogue.o)
    0x000004bc   0x00000024   Code   RO         5386    .text               mc_w.l(init.o)
    0x000004e0   0x0000001e   Code   RO         5388    .text               mc_w.l(llshl.o)
    0x000004fe   0x00000020   Code   RO         5390    .text               mc_w.l(llushr.o)
    0x0000051e   0x00000002   PAD
    0x00000520   0x0000002c   Code   RO         2106    i.AFIO_EXTISourceConfig  ht32f1655_56_gpio.o
    0x0000054c   0x00000064   Code   RO         2107    i.AFIO_GPxConfig    ht32f1655_56_gpio.o
    0x000005b0   0x00000080   Code   RO          683    i.Axis_DataTransfrom  mpu6050.o
    0x00000630   0x00000002   Code   RO          199    i.BusFault_Handler  ht32f165x_it.o
    0x00000632   0x00000002   PAD
    0x00000634   0x00000054   Code   RO         1502    i.CKCU_GetClocksFrequency  ht32f1655_56_ckcu.o
    0x00000688   0x00000040   Code   RO         1504    i.CKCU_GetPLLFrequency  ht32f1655_56_ckcu.o
    0x000006c8   0x00000010   Code   RO         1506    i.CKCU_GetUSARTClockFreq  ht32f1655_56_ckcu.o
    0x000006d8   0x00000024   Code   RO         1517    i.CKCU_PeripClockConfig  ht32f1655_56_ckcu.o
    0x000006fc   0x00000002   Code   RO          200    i.DebugMon_Handler  ht32f165x_it.o
    0x000006fe   0x00000002   PAD
    0x00000700   0x00000044   Code   RO          201    i.EVWUP_IRQHandler  ht32f165x_it.o
    0x00000744   0x00000006   Code   RO          202    i.EXTI1_IRQHandler  ht32f165x_it.o
    0x0000074a   0x00000002   PAD
    0x0000074c   0x00000060   Code   RO          203    i.EXTI7_IRQHandler  ht32f165x_it.o
    0x000007ac   0x00000010   Code   RO         1901    i.EXTI_ClearEdgeFlag  ht32f1655_56_exti.o
    0x000007bc   0x00000014   Code   RO         1902    i.EXTI_ClearWakeupFlag  ht32f1655_56_exti.o
    0x000007d0   0x00000018   Code   RO         1905    i.EXTI_GetSWCmdStatus  ht32f1655_56_exti.o
    0x000007e8   0x00000018   Code   RO         1906    i.EXTI_GetWakeupFlagStatus  ht32f1655_56_exti.o
    0x00000800   0x0000001c   Code   RO         1907    i.EXTI_Init         ht32f1655_56_exti.o
    0x0000081c   0x0000001c   Code   RO         1908    i.EXTI_IntConfig    ht32f1655_56_exti.o
    0x00000838   0x0000001c   Code   RO         1909    i.EXTI_SWIntCmd     ht32f1655_56_exti.o
    0x00000854   0x0000002c   Code   RO         1910    i.EXTI_WakeupEventConfig  ht32f1655_56_exti.o
    0x00000880   0x0000001c   Code   RO         1911    i.EXTI_WakeupEventIntConfig  ht32f1655_56_exti.o
    0x0000089c   0x0000001e   Code   RO          720    i.Enter_DeepSleepMode  pwcru.o
    0x000008ba   0x00000004   Code   RO         2108    i.GPIO_ClearOutBits  ht32f1655_56_gpio.o
    0x000008be   0x00000010   Code   RO         2110    i.GPIO_DirectionConfig  ht32f1655_56_gpio.o
    0x000008ce   0x00000010   Code   RO         2112    i.GPIO_InputConfig  ht32f1655_56_gpio.o
    0x000008de   0x00000028   Code   RO         2117    i.GPIO_PullResistorConfig  ht32f1655_56_gpio.o
    0x00000906   0x0000000a   Code   RO         2118    i.GPIO_ReadInBit    ht32f1655_56_gpio.o
    0x00000910   0x00000004   Code   RO         2122    i.GPIO_SetOutBits   ht32f1655_56_gpio.o
    0x00000914   0x000000bc   Code   RO         4699    i.HT32F_DVB_PBInit  ht32_board.o
    0x000009d0   0x00000002   Code   RO          204    i.HardFault_Handler  ht32f165x_it.o
    0x000009d2   0x00000002   PAD
    0x000009d4   0x0000007c   Code   RO          322    i.Init_USART        usart.o
    0x00000a50   0x00000002   Code   RO          205    i.MemManage_Handler  ht32f165x_it.o
    0x00000a52   0x00000002   Code   RO          206    i.NMI_Handler       ht32f165x_it.o
    0x00000a54   0x00000044   Code   RO          582    i.Ov7725_GPIO_Config  ov7725.o
    0x00000a98   0x00000058   Code   RO          583    i.Ov7725_Init       ov7725.o
    0x00000af0   0x0000002c   Code   RO         3347    i.PDMA_ClearFlag    ht32f1655_56_pdma.o
    0x00000b1c   0x00000030   Code   RO         3348    i.PDMA_Config       ht32f1655_56_pdma.o
    0x00000b4c   0x00000060   Code   RO          684    i.PDMA_Configuration  mpu6050.o
    0x00000bac   0x00000028   Code   RO         3349    i.PDMA_EnaCmd       ht32f1655_56_pdma.o
    0x00000bd4   0x00000030   Code   RO         3350    i.PDMA_GetFlagStatus  ht32f1655_56_pdma.o
    0x00000c04   0x00000030   Code   RO         3351    i.PDMA_IntConig     ht32f1655_56_pdma.o
    0x00000c34   0x00000028   Code   RO         3352    i.PDMA_SwTrigCmd    ht32f1655_56_pdma.o
    0x00000c5c   0x00000048   Code   RO         3409    i.PWRCU_CheckReadyAccessed  ht32f1655_56_pwrcu.o
    0x00000ca4   0x00000020   Code   RO         3411    i.PWRCU_DeInit      ht32f1655_56_pwrcu.o
    0x00000cc4   0x00000040   Code   RO         3412    i.PWRCU_DeepSleep1  ht32f1655_56_pwrcu.o
    0x00000d04   0x00000002   Code   RO          207    i.PendSV_Handler    ht32f165x_it.o
    0x00000d06   0x00000002   PAD
    0x00000d08   0x00000030   Code   RO          622    i.SCCB_GPIO_Config  sccb.o
    0x00000d38   0x00000100   Code   RO          623    i.SCCB_ReadByte     sccb.o
    0x00000e38   0x00000058   Code   RO          624    i.SCCB_SendByte     sccb.o
    0x00000e90   0x00000058   Code   RO          625    i.SCCB_Start        sccb.o
    0x00000ee8   0x0000003c   Code   RO          626    i.SCCB_Stop         sccb.o
    0x00000f24   0x0000005c   Code   RO          627    i.SCCB_WaitAck      sccb.o
    0x00000f80   0x0000003e   Code   RO          628    i.SCCB_WriteByte    sccb.o
    0x00000fbe   0x0000000e   Code   RO          629    i.SCCB_delay        sccb.o
    0x00000fcc   0x00000018   Code   RO          385    i.SD_DisSelect      sd.o
    0x00000fe4   0x00000158   Code   RO          387    i.SD_Init           sd.o
    0x0000113c   0x00000004   Code   RO          390    i.SD_SPI_Init       sd.o
    0x00001140   0x0000001e   Code   RO          391    i.SD_Select         sd.o
    0x0000115e   0x00000064   Code   RO          393    i.SD_SendCmd        sd.o
    0x000011c2   0x00000022   Code   RO          394    i.SD_WaitReady      sd.o
    0x000011e4   0x00000020   Code   RO         4662    i.SERIAL_PutChar    ht32_serial.o
    0x00001204   0x00000074   Code   RO          346    i.SPI0_Init         spi.o
    0x00001278   0x0000004e   Code   RO          347    i.SPI0_ReadWriteByte  spi.o
    0x000012c6   0x00000002   PAD
    0x000012c8   0x00000020   Code   RO          348    i.SPI0_SetSpeed     spi.o
    0x000012e8   0x00000014   Code   RO         3858    i.SPI_Cmd           ht32f1655_56_spi.o
    0x000012fc   0x0000000e   Code   RO         3866    i.SPI_GetFlagStatus  ht32f1655_56_spi.o
    0x0000130a   0x0000004a   Code   RO         3867    i.SPI_Init          ht32f1655_56_spi.o
    0x00001354   0x00000006   Code   RO         3870    i.SPI_ReceiveData   ht32f1655_56_spi.o
    0x0000135a   0x00000014   Code   RO         3873    i.SPI_SELOutputCmd  ht32f1655_56_spi.o
    0x0000136e   0x00000004   Code   RO         3874    i.SPI_SendData      ht32f1655_56_spi.o
    0x00001372   0x00000014   Code   RO         3877    i.SPI_SoftwareSELCmd  ht32f1655_56_spi.o
    0x00001386   0x00000002   Code   RO          208    i.SVC_Handler       ht32f165x_it.o
    0x00001388   0x00000018   Code   RO         1218    i.SYSTICK_ClockSourceConfig  ht32_cm3_misc.o
    0x000013a0   0x0000001c   Code   RO          482    i.SYSTICK_Config    delay.o
    0x000013bc   0x00000020   Code   RO         1219    i.SYSTICK_CounterCmd  ht32_cm3_misc.o
    0x000013dc   0x00000018   Code   RO         1220    i.SYSTICK_IntConfig  ht32_cm3_misc.o
    0x000013f4   0x00000008   Code   RO         1221    i.SYSTICK_SetReloadValue  ht32_cm3_misc.o
    0x000013fc   0x00000004   Code   RO          209    i.SysTick_Handler   ht32f165x_it.o
    0x00001400   0x0000005c   Code   RO         1087    i.SystemInit        system_ht32f165x.o
    0x0000145c   0x00000014   Code   RO          483    i.TimingDelay       delay.o
    0x00001470   0x00000098   Code   RO          396    i.TryInitSD         sd.o
    0x00001508   0x0000000a   Code   RO         4013    i.USART_GetLineStatus  ht32f1655_56_usart.o
    0x00001512   0x00000034   Code   RO         4016    i.USART_Init        ht32f1655_56_usart.o
    0x00001546   0x00000014   Code   RO         4028    i.USART_RxCmd       ht32f1655_56_usart.o
    0x0000155a   0x00000014   Code   RO         4029    i.USART_RxPDMACmd   ht32f1655_56_usart.o
    0x0000156e   0x00000004   Code   RO         4030    i.USART_SendData    ht32f1655_56_usart.o
    0x00001572   0x00000014   Code   RO         4042    i.USART_TxCmd       ht32f1655_56_usart.o
    0x00001586   0x00000002   Code   RO          210    i.UsageFault_Handler  ht32f165x_it.o
    0x00001588   0x00000060   Code   RO          584    i.VSYNC_Init        ov7725.o
    0x000015e8   0x00000040   Code   RO         4700    i._HT32F_DVB_ClockConfig  ht32_board.o
    0x00001628   0x00000020   Code   RO         5289    i.__0printf$8       mc_w.l(printf8.o)
    0x00001648   0x0000000e   Code   RO         5396    i.__scatterload_copy  mc_w.l(handlers.o)
    0x00001656   0x00000002   Code   RO         5397    i.__scatterload_null  mc_w.l(handlers.o)
    0x00001658   0x0000000e   Code   RO         5398    i.__scatterload_zeroinit  mc_w.l(handlers.o)
    0x00001666   0x00000002   PAD
    0x00001668   0x00000408   Code   RO         5296    i._printf_core      mc_w.l(printf8.o)
    0x00001a70   0x00000026   Code   RO         5297    i._printf_post_padding  mc_w.l(printf8.o)
    0x00001a96   0x00000030   Code   RO         5298    i._printf_pre_padding  mc_w.l(printf8.o)
    0x00001ac6   0x00000002   PAD
    0x00001ac8   0x00000028   Code   RO          484    i.delay_ms          delay.o
    0x00001af0   0x00000004   Code   RO         4601    i.fputc             ht32_retarget.o
    0x00001af4   0x0000011c   Code   RO            4    i.main              main.o
    0x00001c10   0x00000048   Code   RO          721    i.pwrcu_init        pwcru.o
    0x00001c58   0x00000050   Data   RO         4701    .constdata          ht32_board.o
    0x00001ca8   0x00000020   Data   RO         5394    Region$$Table       anon$$obj.o


    Execution Region ER_RW (Base: 0x20000000, Size: 0x000000b4, Max: 0xffffffff, ABSOLUTE)

    Base Addr    Size         Type   Attr      Idx    E Section Name        Object

    0x20000000   0x00000001   Data   RW          211    .data               ht32f165x_it.o
    0x20000001   0x00000001   Data   RW          399    .data               sd.o
    0x20000002   0x00000002   PAD
    0x20000004   0x00000004   Data   RW          485    .data               delay.o
    0x20000008   0x0000009b   Data   RW          585    .data               ov7725.o
    0x200000a3   0x00000001   Data   RW          586    .data               ov7725.o
    0x200000a4   0x0000000c   Data   RW          686    .data               mpu6050.o
    0x200000b0   0x00000004   Data   RW         4602    .data               ht32_retarget.o


    Execution Region ER_ZI (Base: 0x200000b4, Size: 0x00000254, Max: 0xffffffff, ABSOLUTE)

    Base Addr    Size         Type   Attr      Idx    E Section Name        Object

    0x200000b4   0x0000002c   Zero   RW          349    .bss                spi.o
    0x200000e0   0x00000021   Zero   RW          685    .bss                mpu6050.o
    0x20000101   0x00000007   PAD
    0x20000108   0x00000200   Zero   RW         1119    STACK               startup_ht32f165x.o


==============================================================================

Image component sizes


      Code (inc. data)   RO Data    RW Data    ZI Data      Debug   Object Name

        88          8          0          4          0       1386   delay.o
       252          4         80          0          0       8245   ht32_board.o
        88          0          0          0          0       1986   ht32_cm3_misc.o
         4          0          0          4          0       2298   ht32_retarget.o
        32          0          0          0          0        501   ht32_serial.o
       200         24          0          0          0       4480   ht32f1655_56_ckcu.o
       240         46          0          0          0       5079   ht32f1655_56_exti.o
       234         12          0          0          0       4776   ht32f1655_56_gpio.o
       268         46          0          0          0       3615   ht32f1655_56_pdma.o
       168         34          0          0          0       1669   ht32f1655_56_pwrcu.o
       158          0          0          0          0       4202   ht32f1655_56_spi.o
       126          0          0          0          0       4626   ht32f1655_56_usart.o
       190         28          0          1          0       4886   ht32f165x_it.o
       284         76          0          0          0      46571   main.o
       224         14          0         12         33       1590   mpu6050.o
       252         18          0        156          0       4700   ov7725.o
       102         10          0          0          0      22990   pwcru.o
         0          0          0          0          0      21963   rtc.o
       708         34          0          0          0       4372   sccb.o
       688         96          0          1          0       4263   sd.o
       226         14          0          0         44       1641   spi.o
       376        348          0          0        512        708   startup_ht32f165x.o
        92         14          0          0          0        421   system_ht32f165x.o
       124          4          0          0          0        845   usart.o

    ----------------------------------------------------------------------
      5136        830        112        180        596     157813   Object Totals
         0          0         32          0          0          0   (incl. Generated)
        12          0          0          2          7          0   (incl. Padding)

    ----------------------------------------------------------------------

      Code (inc. data)   RO Data    RW Data    ZI Data      Debug   Library Member Name

         0          0          0          0          0          0   entry.o
         0          0          0          0          0          0   entry10a.o
         0          0          0          0          0          0   entry11a.o
         8          4          0          0          0          0   entry2.o
         4          0          0          0          0          0   entry5.o
         0          0          0          0          0          0   entry7b.o
         0          0          0          0          0          0   entry8b.o
         8          4          0          0          0          0   entry9a.o
        30          0          0          0          0          0   handlers.o
        36          8          0          0          0         68   init.o
         0          0          0          0          0          0   iusefp.o
        30          0          0          0          0         68   llshl.o
        32          0          0          0          0         68   llushr.o
      1150         54          0          0          0        352   printf8.o
        98          0          0          0          0         92   uldiv.o
        56          0          0          0          0         88   d2f.o
       190          0          0          0          0        176   depilogue.o
        34          0          0          0          0         76   dflti.o
        46          0          0          0          0         80   dscalb.o
       176          0          0          0          0        140   fadd.o
       108          0          0          0          0        168   fepilogue.o
       108          0          0          0          0         76   fmul.o

    ----------------------------------------------------------------------
      2120         70          0          0          0       1452   Library Totals
         6          0          0          0          0          0   (incl. Padding)

    ----------------------------------------------------------------------

      Code (inc. data)   RO Data    RW Data    ZI Data      Debug   Library Name

      1396         70          0          0          0        648   mc_w.l
       718          0          0          0          0        804   mf_w.l

    ----------------------------------------------------------------------
      2120         70          0          0          0       1452   Library Totals

    ----------------------------------------------------------------------

==============================================================================


      Code (inc. data)   RO Data    RW Data    ZI Data      Debug   

      7256        900        112        180        596     153805   Grand Totals
      7256        900        112        180        596     153805   ELF Image Totals
      7256        900        112        180          0          0   ROM Totals

==============================================================================

    Total RO  Size (Code + RO Data)                 7368 (   7.20kB)
    Total RW  Size (RW Data + ZI Data)               776 (   0.76kB)
    Total ROM Size (Code + RO Data + RW Data)       7548 (   7.37kB)

==============================================================================

