ARM Linker, 5.03 [Build 76] [MDK-ARM Standard]

==============================================================================

Section Cross References

    main.o(i.main) refers to delay.o(i.SYSTICK_Config) for SYSTICK_Config
    main.o(i.main) refers to usart.o(i.Init_USART) for Init_USART
    main.o(i.main) refers to mpu6050.o(i.PDMA_Configuration) for PDMA_Configuration
    main.o(i.main) refers to sd.o(i.SD_SPI_Init) for SD_SPI_Init
    main.o(i.main) refers to sd.o(i.TryInitSD) for TryInitSD
    main.o(i.main) refers to ov7725.o(i.Ov7725_GPIO_Config) for Ov7725_GPIO_Config
    main.o(i.main) refers to printf8.o(i.__0printf$8) for __2printf
    main.o(i.main) refers to delay.o(i.delay_ms) for delay_ms
    main.o(i.main) refers to ov7725.o(i.Ov7725_Init) for Ov7725_Init
    main.o(i.main) refers to ov7725.o(i.VSYNC_Init) for VSYNC_Init
    main.o(i.main) refers to ov7725.o(.data) for Ov7725_vsync
    ht32f165x_it.o(i.EXTI7_IRQHandler) refers to ht32f1655_56_exti.o(i.EXTI_GetSWCmdStatus) for EXTI_GetSWCmdStatus
    ht32f165x_it.o(i.EXTI7_IRQHandler) refers to ht32f1655_56_gpio.o(i.GPIO_ClearOutBits) for GPIO_ClearOutBits
    ht32f165x_it.o(i.EXTI7_IRQHandler) refers to ht32f1655_56_gpio.o(i.GPIO_SetOutBits) for GPIO_SetOutBits
    ht32f165x_it.o(i.EXTI7_IRQHandler) refers to ht32f1655_56_exti.o(i.EXTI_ClearWakeupFlag) for EXTI_ClearWakeupFlag
    ht32f165x_it.o(i.EXTI7_IRQHandler) refers to ov7725.o(.data) for Ov7725_vsync
    ht32f165x_it.o(i.RTC_IRQHandler) refers to ht32f1655_56_rtc.o(i.RTC_GetFlagStatus) for RTC_GetFlagStatus
    ht32f165x_it.o(i.RTC_IRQHandler) refers to ht32f1655_56_rtc.o(i.RTC_SetCompare) for RTC_SetCompare
    ht32f165x_it.o(i.RTC_IRQHandler) refers to ht32f1655_56_pwrcu.o(i.PWRCU_WriteBackupRegister) for PWRCU_WriteBackupRegister
    ht32f165x_it.o(i.RTC_IRQHandler) refers to rtc.o(.data) for gwTimeDisplay
    ht32f165x_it.o(i.SysTick_Handler) refers to delay.o(i.TimingDelay) for TimingDelay
    sdfs_app.o(i.sdfs_app_test) refers to ff.o(i.f_mount) for f_mount
    sdfs_app.o(i.sdfs_app_test) refers to printf8.o(i.__0printf$8) for __2printf
    sdfs_app.o(i.sdfs_app_test) refers to ff.o(i.f_open) for f_open
    sdfs_app.o(i.sdfs_app_test) refers to ff.o(i.f_printf) for f_printf
    sdfs_app.o(i.sdfs_app_test) refers to ff.o(i.f_close) for f_close
    sdfs_app.o(i.sdfs_app_test) refers to sdfs_app.o(.data) for .data
    sdfs_app.o(i.sdfs_app_test) refers to sdfs_app.o(.bss) for .bss
    sdfs_app.o(.data) refers to sdfs_app.o(.conststring) for .conststring
    usart.o(i.Init_USART) refers to ht32f1655_56_ckcu.o(i.CKCU_PeripClockConfig) for CKCU_PeripClockConfig
    usart.o(i.Init_USART) refers to ht32f1655_56_gpio.o(i.AFIO_GPxConfig) for AFIO_GPxConfig
    usart.o(i.Init_USART) refers to ht32f1655_56_usart.o(i.USART_Init) for USART_Init
    usart.o(i.Init_USART) refers to ht32f1655_56_usart.o(i.USART_TxCmd) for USART_TxCmd
    usart.o(i.Init_USART) refers to ht32f1655_56_usart.o(i.USART_RxCmd) for USART_RxCmd
    spi.o(i.SPI0_Init) refers to ht32f1655_56_ckcu.o(i.CKCU_PeripClockConfig) for CKCU_PeripClockConfig
    spi.o(i.SPI0_Init) refers to ht32f1655_56_gpio.o(i.GPIO_PullResistorConfig) for GPIO_PullResistorConfig
    spi.o(i.SPI0_Init) refers to ht32f1655_56_gpio.o(i.AFIO_GPxConfig) for AFIO_GPxConfig
    spi.o(i.SPI0_Init) refers to ht32f1655_56_spi.o(i.SPI_Init) for SPI_Init
    spi.o(i.SPI0_Init) refers to ht32f1655_56_spi.o(i.SPI_SELOutputCmd) for SPI_SELOutputCmd
    spi.o(i.SPI0_Init) refers to ht32f1655_56_spi.o(i.SPI_Cmd) for SPI_Cmd
    spi.o(i.SPI0_Init) refers to spi.o(.bss) for .bss
    spi.o(i.SPI0_ReadWriteByte) refers to ht32f1655_56_spi.o(i.SPI_GetFlagStatus) for SPI_GetFlagStatus
    spi.o(i.SPI0_ReadWriteByte) refers to ht32f1655_56_spi.o(i.SPI_SendData) for SPI_SendData
    spi.o(i.SPI0_ReadWriteByte) refers to ht32f1655_56_spi.o(i.SPI_ReceiveData) for SPI_ReceiveData
    spi.o(i.SPI0_SetSpeed) refers to ht32f1655_56_spi.o(i.SPI_Init) for SPI_Init
    spi.o(i.SPI0_SetSpeed) refers to ht32f1655_56_spi.o(i.SPI_Cmd) for SPI_Cmd
    spi.o(i.SPI0_SetSpeed) refers to spi.o(.bss) for .bss
    sd.o(i.SD_DisSelect) refers to ht32f1655_56_spi.o(i.SPI_SoftwareSELCmd) for SPI_SoftwareSELCmd
    sd.o(i.SD_DisSelect) refers to spi.o(i.SPI0_ReadWriteByte) for SPI0_ReadWriteByte
    sd.o(i.SD_GetResponse) refers to spi.o(i.SPI0_ReadWriteByte) for SPI0_ReadWriteByte
    sd.o(i.SD_Init) refers to spi.o(i.SPI0_SetSpeed) for SPI0_SetSpeed
    sd.o(i.SD_Init) refers to spi.o(i.SPI0_ReadWriteByte) for SPI0_ReadWriteByte
    sd.o(i.SD_Init) refers to sd.o(i.SD_SendCmd) for SD_SendCmd
    sd.o(i.SD_Init) refers to sd.o(i.SD_DisSelect) for SD_DisSelect
    sd.o(i.SD_Init) refers to sd.o(.data) for .data
    sd.o(i.SD_ReadDisk) refers to sd.o(i.SD_SendCmd) for SD_SendCmd
    sd.o(i.SD_ReadDisk) refers to sd.o(i.SD_RecvData) for SD_RecvData
    sd.o(i.SD_ReadDisk) refers to sd.o(i.SD_DisSelect) for SD_DisSelect
    sd.o(i.SD_ReadDisk) refers to sd.o(.data) for .data
[...]
    Removing ht32f1655_56_gptm.o(i.GPTM_GenerateEvent), (4 bytes).
    Removing ht32f1655_56_gptm.o(i.GPTM_GetCaptureCompare0), (6 bytes).
    Removing ht32f1655_56_gptm.o(i.GPTM_GetCaptureCompare1), (6 bytes).
    Removing ht32f1655_56_gptm.o(i.GPTM_GetCaptureCompare2), (6 bytes).
    Removing ht32f1655_56_gptm.o(i.GPTM_GetCaptureCompare3), (6 bytes).
    Removing ht32f1655_56_gptm.o(i.GPTM_GetCounter), (6 bytes).
    Removing ht32f1655_56_gptm.o(i.GPTM_GetFlagStatus), (10 bytes).
    Removing ht32f1655_56_gptm.o(i.GPTM_GetIntStatus), (22 bytes).
    Removing ht32f1655_56_gptm.o(i.GPTM_GetPrescaler), (6 bytes).
    Removing ht32f1655_56_gptm.o(i.GPTM_HallInterfaceCmd), (20 bytes).
    Removing ht32f1655_56_gptm.o(i.GPTM_ImmActiveConfig), (24 bytes).
    Removing ht32f1655_56_gptm.o(i.GPTM_IntConfig), (16 bytes).
    Removing ht32f1655_56_gptm.o(i.GPTM_InternalClockConfig), (10 bytes).
    Removing ht32f1655_56_gptm.o(i.GPTM_ItiExternalClockConfig), (18 bytes).
    Removing ht32f1655_56_gptm.o(i.GPTM_MMSELConfig), (12 bytes).
    Removing ht32f1655_56_gptm.o(i.GPTM_OutputInit), (88 bytes).
    Removing ht32f1655_56_gptm.o(i.GPTM_OutputModeConfig), (32 bytes).
    Removing ht32f1655_56_gptm.o(i.GPTM_OutputStructInit), (16 bytes).
    Removing ht32f1655_56_gptm.o(i.GPTM_PDMAConfig), (16 bytes).
    Removing ht32f1655_56_gptm.o(i.GPTM_PrescalerConfig), (8 bytes).
    Removing ht32f1655_56_gptm.o(i.GPTM_PwmInputInit), (90 bytes).
    Removing ht32f1655_56_gptm.o(i.GPTM_SetAsymmetricCompare0), (6 bytes).
    Removing ht32f1655_56_gptm.o(i.GPTM_SetAsymmetricCompare1), (6 bytes).
    Removing ht32f1655_56_gptm.o(i.GPTM_SetAsymmetricCompare2), (6 bytes).
    Removing ht32f1655_56_gptm.o(i.GPTM_SetAsymmetricCompare3), (6 bytes).
    Removing ht32f1655_56_gptm.o(i.GPTM_SetCaptureCompare0), (6 bytes).
    Removing ht32f1655_56_gptm.o(i.GPTM_SetCaptureCompare1), (6 bytes).
    Removing ht32f1655_56_gptm.o(i.GPTM_SetCaptureCompare2), (6 bytes).
    Removing ht32f1655_56_gptm.o(i.GPTM_SetCaptureCompare3), (6 bytes).
    Removing ht32f1655_56_gptm.o(i.GPTM_SetCounter), (6 bytes).
    Removing ht32f1655_56_gptm.o(i.GPTM_SetCounterReload), (6 bytes).
    Removing ht32f1655_56_gptm.o(i.GPTM_SinglePulseModeCmd), (20 bytes).
    Removing ht32f1655_56_gptm.o(i.GPTM_SlaveModeConfig), (12 bytes).
    Removing ht32f1655_56_gptm.o(i.GPTM_StiConfig), (24 bytes).
    Removing ht32f1655_56_gptm.o(i.GPTM_TimSyncCmd), (20 bytes).
    Removing ht32f1655_56_gptm.o(i.GPTM_TimeBaseInit), (42 bytes).
    Removing ht32f1655_56_gptm.o(i.GPTM_TimeBaseStructInit), (20 bytes).
    Removing ht32f1655_56_gptm.o(i.GPTM_UEVG_IntConfig), (20 bytes).
    Removing ht32f1655_56_gptm.o(i.GPTM_UpdateCmd), (20 bytes).
    Removing ht32f1655_56_gptm.o(i.gptm_CHx_Config), (64 bytes).
    Removing ht32f1655_56_i2c.o(.rev16_text), (4 bytes).
    Removing ht32f1655_56_i2c.o(.revsh_text), (4 bytes).
    Removing ht32f1655_56_i2c.o(.rrx_text), (6 bytes).
    Removing ht32f1655_56_i2c.o(i.I2C_AckCmd), (20 bytes).
    Removing ht32f1655_56_i2c.o(i.I2C_AddressMaskConfig), (4 bytes).
    Removing ht32f1655_56_i2c.o(i.I2C_CheckStatus), (14 bytes).
    Removing ht32f1655_56_i2c.o(i.I2C_ClearFlag), (4 bytes).
    Removing ht32f1655_56_i2c.o(i.I2C_Cmd), (20 bytes).
    Removing ht32f1655_56_i2c.o(i.I2C_CombFilterCmd), (20 bytes).
    Removing ht32f1655_56_i2c.o(i.I2C_DeInit), (28 bytes).
    Removing ht32f1655_56_i2c.o(i.I2C_GeneralCallCmd), (20 bytes).
    Removing ht32f1655_56_i2c.o(i.I2C_GenerateSTOP), (10 bytes).
    Removing ht32f1655_56_i2c.o(i.I2C_GetAddressBuffer), (6 bytes).
    Removing ht32f1655_56_i2c.o(i.I2C_GetFlagStatus), (10 bytes).
    Removing ht32f1655_56_i2c.o(i.I2C_Init), (134 bytes).
    Removing ht32f1655_56_i2c.o(i.I2C_IntConfig), (16 bytes).
    Removing ht32f1655_56_i2c.o(i.I2C_PDMACmd), (16 bytes).
    Removing ht32f1655_56_i2c.o(i.I2C_PDMANACKCmd), (20 bytes).
    Removing ht32f1655_56_i2c.o(i.I2C_ReadRegister), (10 bytes).
    Removing ht32f1655_56_i2c.o(i.I2C_ReceiveData), (6 bytes).
    Removing ht32f1655_56_i2c.o(i.I2C_SendData), (4 bytes).
    Removing ht32f1655_56_i2c.o(i.I2C_SequentialFilterConfig), (112 bytes).
    Removing ht32f1655_56_i2c.o(i.I2C_SetOwnAddress), (4 bytes).
    Removing ht32f1655_56_i2c.o(i.I2C_SetSCLHighPeriod), (4 bytes).
    Removing ht32f1655_56_i2c.o(i.I2C_SetSCLLowPeriod), (4 bytes).
    Removing ht32f1655_56_i2c.o(i.I2C_SetTimeOutPrescaler), (10 bytes).
    Removing ht32f1655_56_i2c.o(i.I2C_SetTimeOutValue), (12 bytes).
    Removing ht32f1655_56_i2c.o(i.I2C_StructInit), (20 bytes).
    Removing ht32f1655_56_i2c.o(i.I2C_TargetAddressConfig), (16 bytes).
    Removing ht32f1655_56_i2c.o(i.I2C_TimeOutCmd), (20 bytes).
    Removing ht32f1655_56_i2s.o(.rev16_text), (4 bytes).
    Removing ht32f1655_56_i2s.o(.revsh_text), (4 bytes).
    Removing ht32f1655_56_i2s.o(.rrx_text), (6 bytes).
    Removing ht32f1655_56_i2s.o(i.I2S_ClearFlag), (12 bytes).
    Removing ht32f1655_56_i2s.o(i.I2S_Cmd), (28 bytes).
    Removing ht32f1655_56_i2s.o(i.I2S_DeInit), (14 bytes).
    Removing ht32f1655_56_i2s.o(i.I2S_FIFOReset), (16 bytes).
    Removing ht32f1655_56_i2s.o(i.I2S_FIFOTrigLevelConfig), (40 bytes).
    Removing ht32f1655_56_i2s.o(i.I2S_GetFIFOStatus), (24 bytes).
    Removing ht32f1655_56_i2s.o(i.I2S_GetFlagStatus), (20 bytes).
    Removing ht32f1655_56_i2s.o(i.I2S_Init), (112 bytes).
    Removing ht32f1655_56_i2s.o(i.I2S_IntConfig), (24 bytes).
    Removing ht32f1655_56_i2s.o(i.I2S_PDMACmd), (24 bytes).
    Removing ht32f1655_56_i2s.o(i.I2S_TxMuteCmd), (28 bytes).
    Removing ht32f1655_56_mctm.o(.rev16_text), (4 bytes).
    Removing ht32f1655_56_mctm.o(.revsh_text), (4 bytes).
    Removing ht32f1655_56_mctm.o(.rrx_text), (6 bytes).
    Removing ht32f1655_56_mctm.o(i.MCTM_CHBRKCTRConfig), (54 bytes).
    Removing ht32f1655_56_mctm.o(i.MCTM_CHBRKCTRStructInit), (28 bytes).
    Removing ht32f1655_56_mctm.o(i.MCTM_CHCCDSConfig), (20 bytes).
    Removing ht32f1655_56_mctm.o(i.MCTM_CHCCRPreloadConfig), (24 bytes).
    Removing ht32f1655_56_mctm.o(i.MCTM_CHMOECmd), (20 bytes).
    Removing ht32f1655_56_mctm.o(i.MCTM_CHPSCConfig), (20 bytes).
    Removing ht32f1655_56_mctm.o(i.MCTM_CKDIVConfig), (16 bytes).
    Removing ht32f1655_56_mctm.o(i.MCTM_COMPRECmd), (20 bytes).
    Removing ht32f1655_56_mctm.o(i.MCTM_COMUSConfig), (20 bytes).
    Removing ht32f1655_56_mctm.o(i.MCTM_CRRPreloadCmd), (20 bytes).
    Removing ht32f1655_56_mctm.o(i.MCTM_CaptureInit), (36 bytes).
    Removing ht32f1655_56_mctm.o(i.MCTM_CaptureStructInit), (18 bytes).
    Removing ht32f1655_56_mctm.o(i.MCTM_ChExternalClockConfig), (48 bytes).
    Removing ht32f1655_56_mctm.o(i.MCTM_ChNPolarityConfig), (22 bytes).
    Removing ht32f1655_56_mctm.o(i.MCTM_ChPolarityConfig), (20 bytes).
    Removing ht32f1655_56_mctm.o(i.MCTM_ChannelConfig), (24 bytes).
    Removing ht32f1655_56_mctm.o(i.MCTM_ChannelNConfig), (26 bytes).
    Removing ht32f1655_56_mctm.o(i.MCTM_ClearFlag), (10 bytes).
    Removing ht32f1655_56_mctm.o(i.MCTM_ClearIntPendingBit), (10 bytes).
    Removing ht32f1655_56_mctm.o(i.MCTM_ClearOREFConfig), (24 bytes).
    Removing ht32f1655_56_mctm.o(i.MCTM_Cmd), (20 bytes).
    Removing ht32f1655_56_mctm.o(i.MCTM_CounterModeConfig), (24 bytes).
    Removing ht32f1655_56_mctm.o(i.MCTM_DeInit), (28 bytes).
    Removing ht32f1655_56_mctm.o(i.MCTM_DecoderConfig), (56 bytes).
    Removing ht32f1655_56_mctm.o(i.MCTM_EtiConfig), (24 bytes).
    Removing ht32f1655_56_mctm.o(i.MCTM_EtiExternalClockConfig), (18 bytes).
    Removing ht32f1655_56_mctm.o(i.MCTM_ForcedOREF0), (14 bytes).
    Removing ht32f1655_56_mctm.o(i.MCTM_ForcedOREF1), (14 bytes).
    Removing ht32f1655_56_mctm.o(i.MCTM_ForcedOREF2), (14 bytes).
    Removing ht32f1655_56_mctm.o(i.MCTM_ForcedOREF3), (14 bytes).
    Removing ht32f1655_56_mctm.o(i.MCTM_GenerateEvent), (4 bytes).
    Removing ht32f1655_56_mctm.o(i.MCTM_GetCaptureCompare0), (6 bytes).
    Removing ht32f1655_56_mctm.o(i.MCTM_GetCaptureCompare1), (6 bytes).
    Removing ht32f1655_56_mctm.o(i.MCTM_GetCaptureCompare2), (6 bytes).
    Removing ht32f1655_56_mctm.o(i.MCTM_GetCaptureCompare3), (6 bytes).
    Removing ht32f1655_56_mctm.o(i.MCTM_GetCounter), (6 bytes).
    Removing ht32f1655_56_mctm.o(i.MCTM_GetFlagStatus), (10 bytes).
    Removing ht32f1655_56_mctm.o(i.MCTM_GetIntStatus), (22 bytes).
    Removing ht32f1655_56_mctm.o(i.MCTM_GetPrescaler), (6 bytes).
    Removing ht32f1655_56_mctm.o(i.MCTM_HallInterfaceCmd), (20 bytes).
    Removing ht32f1655_56_mctm.o(i.MCTM_ImmActiveConfig), (24 bytes).
    Removing ht32f1655_56_mctm.o(i.MCTM_IntConfig), (16 bytes).
    Removing ht32f1655_56_mctm.o(i.MCTM_InternalClockConfig), (10 bytes).
    Removing ht32f1655_56_mctm.o(i.MCTM_ItiExternalClockConfig), (18 bytes).
    Removing ht32f1655_56_mctm.o(i.MCTM_MMSELConfig), (12 bytes).
    Removing ht32f1655_56_mctm.o(i.MCTM_OutputInit), (126 bytes).
    Removing ht32f1655_56_mctm.o(i.MCTM_OutputModeConfig), (32 bytes).
    Removing ht32f1655_56_mctm.o(i.MCTM_OutputStructInit), (24 bytes).
    Removing ht32f1655_56_mctm.o(i.MCTM_PDMAConfig), (16 bytes).
    Removing ht32f1655_56_mctm.o(i.MCTM_PrescalerConfig), (8 bytes).
    Removing ht32f1655_56_mctm.o(i.MCTM_PwmInputInit), (90 bytes).
    Removing ht32f1655_56_mctm.o(i.MCTM_SetAsymmetricCompare0), (6 bytes).
    Removing ht32f1655_56_mctm.o(i.MCTM_SetAsymmetricCompare1), (6 bytes).
    Removing ht32f1655_56_mctm.o(i.MCTM_SetAsymmetricCompare2), (6 bytes).
    Removing ht32f1655_56_mctm.o(i.MCTM_SetAsymmetricCompare3), (6 bytes).
    Removing ht32f1655_56_mctm.o(i.MCTM_SetCaptureCompare0), (6 bytes).
    Removing ht32f1655_56_mctm.o(i.MCTM_SetCaptureCompare1), (6 bytes).
    Removing ht32f1655_56_mctm.o(i.MCTM_SetCaptureCompare2), (6 bytes).
    Removing ht32f1655_56_mctm.o(i.MCTM_SetCaptureCompare3), (6 bytes).
    Removing ht32f1655_56_mctm.o(i.MCTM_SetCounter), (6 bytes).
    Removing ht32f1655_56_mctm.o(i.MCTM_SetCounterReload), (6 bytes).
    Removing ht32f1655_56_mctm.o(i.MCTM_SinglePulseModeCmd), (20 bytes).
    Removing ht32f1655_56_mctm.o(i.MCTM_SlaveModeConfig), (12 bytes).
    Removing ht32f1655_56_mctm.o(i.MCTM_StiConfig), (24 bytes).
    Removing ht32f1655_56_mctm.o(i.MCTM_TimSyncCmd), (20 bytes).
    Removing ht32f1655_56_mctm.o(i.MCTM_TimeBaseInit), (48 bytes).
    Removing ht32f1655_56_mctm.o(i.MCTM_TimeBaseStructInit), (22 bytes).
    Removing ht32f1655_56_mctm.o(i.MCTM_UEV1G_IntConfig), (20 bytes).
    Removing ht32f1655_56_mctm.o(i.MCTM_UpdateCmd), (20 bytes).
    Removing ht32f1655_56_mctm.o(i.mctm_CHx_Config), (64 bytes).
    Removing ht32f1655_56_pdma.o(.rev16_text), (4 bytes).
    Removing ht32f1655_56_pdma.o(.revsh_text), (4 bytes).
    Removing ht32f1655_56_pdma.o(.rrx_text), (6 bytes).
    Removing ht32f1655_56_pdma.o(i.PDMA_ClearFlag), (44 bytes).
    Removing ht32f1655_56_pdma.o(i.PDMA_GetFlagStatus), (48 bytes).
    Removing ht32f1655_56_pdma.o(i.PDMA_TranSizeConfig), (24 bytes).
    Removing ht32f1655_56_pwrcu.o(.rev16_text), (4 bytes).
    Removing ht32f1655_56_pwrcu.o(.revsh_text), (4 bytes).
    Removing ht32f1655_56_pwrcu.o(.rrx_text), (6 bytes).
    Removing ht32f1655_56_pwrcu.o(i.PWRCU_BODCmd), (12 bytes).
    Removing ht32f1655_56_pwrcu.o(i.PWRCU_BODRISConfig), (12 bytes).
    Removing ht32f1655_56_pwrcu.o(i.PWRCU_CheckReadyAccessed), (72 bytes).
    Removing ht32f1655_56_pwrcu.o(i.PWRCU_DMOSCmd), (24 bytes).
    Removing ht32f1655_56_pwrcu.o(i.PWRCU_DeInit), (32 bytes).
    Removing ht32f1655_56_pwrcu.o(i.PWRCU_DeepSleep1), (64 bytes).
    Removing ht32f1655_56_pwrcu.o(i.PWRCU_DeepSleep2), (80 bytes).
    Removing ht32f1655_56_pwrcu.o(i.PWRCU_GetBODFlagStatus), (12 bytes).
    Removing ht32f1655_56_pwrcu.o(i.PWRCU_GetDMOSStatus), (32 bytes).
    Removing ht32f1655_56_pwrcu.o(i.PWRCU_GetFlagStatus), (28 bytes).
    Removing ht32f1655_56_pwrcu.o(i.PWRCU_GetLVDFlagStatus), (12 bytes).
    Removing ht32f1655_56_pwrcu.o(i.PWRCU_HSIReadyCounterBitLengthConfig), (12 bytes).
    Removing ht32f1655_56_pwrcu.o(i.PWRCU_LVDCmd), (12 bytes).
    Removing ht32f1655_56_pwrcu.o(i.PWRCU_LVDEventWakeupConfig), (12 bytes).
    Removing ht32f1655_56_pwrcu.o(i.PWRCU_LVDIntWakeupConfig), (12 bytes).
    Removing ht32f1655_56_pwrcu.o(i.PWRCU_PowerDown), (76 bytes).
    Removing ht32f1655_56_pwrcu.o(i.PWRCU_ReadBackupRegister), (16 bytes).
    Removing ht32f1655_56_pwrcu.o(i.PWRCU_SetLVDS), (20 bytes).
    Removing ht32f1655_56_pwrcu.o(i.PWRCU_Sleep), (24 bytes).
    Removing ht32f1655_56_pwrcu.o(i.PWRCU_V18RDYSourceConfig), (12 bytes).
    Removing ht32f1655_56_pwrcu.o(i.PWRCU_WakeupPinCmd), (28 bytes).
    Removing ht32f1655_56_pwrcu.o(i.PWRCU_WakeupPinIntConfig), (12 bytes).
    Removing ht32f1655_56_rstcu.o(.rev16_text), (4 bytes).
    Removing ht32f1655_56_rstcu.o(.revsh_text), (4 bytes).
    Removing ht32f1655_56_rstcu.o(.rrx_text), (6 bytes).
    Removing ht32f1655_56_rstcu.o(i.RSTCU_ClearAllResetFlag), (12 bytes).
    Removing ht32f1655_56_rstcu.o(i.RSTCU_ClearResetFlag), (16 bytes).
    Removing ht32f1655_56_rstcu.o(i.RSTCU_GetResetFlagStatus), (24 bytes).
    Removing ht32f1655_56_rstcu.o(i.RSTCU_PeripReset), (44 bytes).
    Removing ht32f1655_56_rtc.o(.rev16_text), (4 bytes).
    Removing ht32f1655_56_rtc.o(.revsh_text), (4 bytes).
    Removing ht32f1655_56_rtc.o(.rrx_text), (6 bytes).
    Removing ht32f1655_56_rtc.o(i.RTC_CMPCLRCmd), (12 bytes).
    Removing ht32f1655_56_rtc.o(i.RTC_ClockSourceConfig), (12 bytes).
    Removing ht32f1655_56_rtc.o(i.RTC_Cmd), (12 bytes).
    Removing ht32f1655_56_rtc.o(i.RTC_DeInit), (40 bytes).
    Removing ht32f1655_56_rtc.o(i.RTC_GetCompare), (12 bytes).
    Removing ht32f1655_56_rtc.o(i.RTC_GetCounter), (12 bytes).
    Removing ht32f1655_56_rtc.o(i.RTC_GetOutStatus), (12 bytes).
    Removing ht32f1655_56_rtc.o(i.RTC_GetPrescaler), (20 bytes).
    Removing ht32f1655_56_rtc.o(i.RTC_IntConfig), (24 bytes).
    Removing ht32f1655_56_rtc.o(i.RTC_LSECmd), (44 bytes).
    Removing ht32f1655_56_rtc.o(i.RTC_LSESMConfig), (12 bytes).
    Removing ht32f1655_56_rtc.o(i.RTC_LSICmd), (44 bytes).
    Removing ht32f1655_56_rtc.o(i.RTC_LSILoadTrimData), (40 bytes).
    Removing ht32f1655_56_rtc.o(i.RTC_OutCmd), (12 bytes).
    Removing ht32f1655_56_rtc.o(i.RTC_OutConfig), (20 bytes).
    Removing ht32f1655_56_rtc.o(i.RTC_SetPrescaler), (20 bytes).
    Removing ht32f1655_56_rtc.o(i.RTC_WakeupConfig), (24 bytes).
    Removing ht32f1655_56_sci.o(.rev16_text), (4 bytes).
    Removing ht32f1655_56_sci.o(.revsh_text), (4 bytes).
    Removing ht32f1655_56_sci.o(.rrx_text), (6 bytes).
    Removing ht32f1655_56_sci.o(i.SCI_ClearFlag), (30 bytes).
    Removing ht32f1655_56_sci.o(i.SCI_ClockModeConfig), (20 bytes).
    Removing ht32f1655_56_sci.o(i.SCI_Cmd), (20 bytes).
    Removing ht32f1655_56_sci.o(i.SCI_DeInit), (14 bytes).
    Removing ht32f1655_56_sci.o(i.SCI_ETUConfig), (6 bytes).
    Removing ht32f1655_56_sci.o(i.SCI_GetFlagStatus), (14 bytes).
    Removing ht32f1655_56_sci.o(i.SCI_Init), (32 bytes).
    Removing ht32f1655_56_sci.o(i.SCI_IntConfig), (16 bytes).
    Removing ht32f1655_56_sci.o(i.SCI_OutputDIO), (20 bytes).
    Removing ht32f1655_56_sci.o(i.SCI_PDMACmd), (16 bytes).
    Removing ht32f1655_56_sci.o(i.SCI_ReceiveData), (6 bytes).
    Removing ht32f1655_56_sci.o(i.SCI_SendData), (4 bytes).
    Removing ht32f1655_56_sci.o(i.SCI_SetGuardTimeValue), (4 bytes).
    Removing ht32f1655_56_sci.o(i.SCI_SetWaitingTimeValue), (4 bytes).
    Removing ht32f1655_56_sci.o(i.SCI_SoftwareClockCmd), (20 bytes).
    Removing ht32f1655_56_sci.o(i.SCI_StructInit), (14 bytes).
    Removing ht32f1655_56_sci.o(i.SCI_WaitingTimeCounterCmd), (20 bytes).
    Removing ht32f1655_56_spi.o(.rev16_text), (4 bytes).
    Removing ht32f1655_56_spi.o(.revsh_text), (4 bytes).
    Removing ht32f1655_56_spi.o(.rrx_text), (6 bytes).
    Removing ht32f1655_56_spi.o(i.SPI_ClearFlag), (4 bytes).
    Removing ht32f1655_56_spi.o(i.SPI_DUALCmd), (20 bytes).
    Removing ht32f1655_56_spi.o(i.SPI_DeInit), (24 bytes).
    Removing ht32f1655_56_spi.o(i.SPI_FIFOCmd), (20 bytes).
    Removing ht32f1655_56_spi.o(i.SPI_FIFOTriggerLevelConfig), (30 bytes).
    Removing ht32f1655_56_spi.o(i.SPI_GUADTCmd), (20 bytes).
    Removing ht32f1655_56_spi.o(i.SPI_GUADTSPI_GUADTConfig), (16 bytes).
    Removing ht32f1655_56_spi.o(i.SPI_GetFIFOStatus), (20 bytes).
    Removing ht32f1655_56_spi.o(i.SPI_IntConfig), (16 bytes).
    Removing ht32f1655_56_spi.o(i.SPI_PDMACmd), (16 bytes).
    Removing ht32f1655_56_spi.o(i.SPI_SELHTConfig), (10 bytes).
    Removing ht32f1655_56_spi.o(i.SPI_SELModeConfig), (20 bytes).
    Removing ht32f1655_56_spi.o(i.SPI_SetDataLength), (16 bytes).
    Removing ht32f1655_56_spi.o(i.SPI_SetTimeOutValue), (4 bytes).
    Removing ht32f1655_56_spi.o(i.SPI_StructInit), (28 bytes).
    Removing ht32f1655_56_usart.o(.rev16_text), (4 bytes).
    Removing ht32f1655_56_usart.o(.revsh_text), (4 bytes).
    Removing ht32f1655_56_usart.o(.rrx_text), (6 bytes).
    Removing ht32f1655_56_usart.o(i.USART_DeInit), (60 bytes).
    Removing ht32f1655_56_usart.o(i.USART_FIFOReset), (8 bytes).
    Removing ht32f1655_56_usart.o(i.USART_ForceBreakCmd), (20 bytes).
    Removing ht32f1655_56_usart.o(i.USART_ForceModemPinState), (20 bytes).
    Removing ht32f1655_56_usart.o(i.USART_GetFIFOStatus), (18 bytes).
    Removing ht32f1655_56_usart.o(i.USART_GetIntID), (6 bytes).
    Removing ht32f1655_56_usart.o(i.USART_GetModemStatus), (6 bytes).
    Removing ht32f1655_56_usart.o(i.USART_HardwareFlowControlCmd), (20 bytes).
    Removing ht32f1655_56_usart.o(i.USART_IntConfig), (16 bytes).
    Removing ht32f1655_56_usart.o(i.USART_IrDACmd), (20 bytes).
    Removing ht32f1655_56_usart.o(i.USART_IrDAConfig), (20 bytes).
    Removing ht32f1655_56_usart.o(i.USART_IrDADirectionConfig), (20 bytes).
    Removing ht32f1655_56_usart.o(i.USART_IrDAInvtInputCmd), (20 bytes).
    Removing ht32f1655_56_usart.o(i.USART_IrDAInvtOutputCmd), (20 bytes).
    Removing ht32f1655_56_usart.o(i.USART_RFITLConfig), (12 bytes).
    Removing ht32f1655_56_usart.o(i.USART_RS485AADCmd), (20 bytes).
    Removing ht32f1655_56_usart.o(i.USART_RS485NMMCmd), (20 bytes).
    Removing ht32f1655_56_usart.o(i.USART_RS485TxEnablePolarityConfig), (20 bytes).
    Removing ht32f1655_56_usart.o(i.USART_ReceiveData), (6 bytes).
    Removing ht32f1655_56_usart.o(i.USART_SetAddressMatchValue), (14 bytes).
    Removing ht32f1655_56_usart.o(i.USART_SetGuardTime), (14 bytes).
    Removing ht32f1655_56_usart.o(i.USART_SetIrDAPrescaler), (14 bytes).
    Removing ht32f1655_56_usart.o(i.USART_SetTimeOutValue), (12 bytes).
    Removing ht32f1655_56_usart.o(i.USART_StickParityCmd), (20 bytes).
    Removing ht32f1655_56_usart.o(i.USART_StickParityConfig), (20 bytes).
    Removing ht32f1655_56_usart.o(i.USART_StructInit), (20 bytes).
    Removing ht32f1655_56_usart.o(i.USART_SynClockInit), (26 bytes).
    Removing ht32f1655_56_usart.o(i.USART_SynClockStructInit), (12 bytes).
    Removing ht32f1655_56_usart.o(i.USART_TFITLConfig), (12 bytes).
    Removing ht32f1655_56_usart.o(i.USART_TimeOutIntConfig), (20 bytes).
    Removing ht32f1655_56_usart.o(i.USART_TxPDMACmd), (20 bytes).
    Removing ht32f1655_56_usbd.o(.rev16_text), (4 bytes).
    Removing ht32f1655_56_usbd.o(.revsh_text), (4 bytes).
    Removing ht32f1655_56_usbd.o(.rrx_text), (6 bytes).
    Removing ht32f1655_56_usbd.o(i.USBD_ClearINT), (12 bytes).
    Removing ht32f1655_56_usbd.o(i.USBD_DPWakeUpCmd), (28 bytes).
    Removing ht32f1655_56_usbd.o(i.USBD_DPpullupCmd), (28 bytes).
    Removing ht32f1655_56_usbd.o(i.USBD_DeInit), (12 bytes).
    Removing ht32f1655_56_usbd.o(i.USBD_DisableINT), (16 bytes).
    Removing ht32f1655_56_usbd.o(i.USBD_EPTClearDTG), (16 bytes).
    Removing ht32f1655_56_usbd.o(i.USBD_EPTClearHalt), (16 bytes).
    Removing ht32f1655_56_usbd.o(i.USBD_EPTClearINT), (12 bytes).
    Removing ht32f1655_56_usbd.o(i.USBD_EPTEnableINT), (12 bytes).
    Removing ht32f1655_56_usbd.o(i.USBD_EPTGetBuffer0Addr), (24 bytes).
    Removing ht32f1655_56_usbd.o(i.USBD_EPTGetBuffer1Addr), (36 bytes).
    Removing ht32f1655_56_usbd.o(i.USBD_EPTGetBufferLen), (14 bytes).
    Removing ht32f1655_56_usbd.o(i.USBD_EPTGetHalt), (26 bytes).
    Removing ht32f1655_56_usbd.o(i.USBD_EPTGetINT), (14 bytes).
    Removing ht32f1655_56_usbd.o(i.USBD_EPTGetTransferCount), (18 bytes).
    Removing ht32f1655_56_usbd.o(i.USBD_EPTInit), (38 bytes).
    Removing ht32f1655_56_usbd.o(i.USBD_EPTReadMemory), (58 bytes).
    Removing ht32f1655_56_usbd.o(i.USBD_EPTReadOUTData), (48 bytes).
    Removing ht32f1655_56_usbd.o(i.USBD_EPTReset), (16 bytes).
    Removing ht32f1655_56_usbd.o(i.USBD_EPTSendSTALL), (12 bytes).
    Removing ht32f1655_56_usbd.o(i.USBD_EPTSetHalt), (20 bytes).
    Removing ht32f1655_56_usbd.o(i.USBD_EPTWaitSTALLSent), (36 bytes).
    Removing ht32f1655_56_usbd.o(i.USBD_EPTWriteINData), (72 bytes).
    Removing ht32f1655_56_usbd.o(i.USBD_EnableINT), (16 bytes).
    Removing ht32f1655_56_usbd.o(i.USBD_GetEPTnINTNumber), (32 bytes).
    Removing ht32f1655_56_usbd.o(i.USBD_GetINT), (16 bytes).
    Removing ht32f1655_56_usbd.o(i.USBD_Init), (4 bytes).
    Removing ht32f1655_56_usbd.o(i.USBD_PowerOff), (16 bytes).
    Removing ht32f1655_56_usbd.o(i.USBD_PowerOn), (16 bytes).
    Removing ht32f1655_56_usbd.o(i.USBD_PowerUp), (104 bytes).
    Removing ht32f1655_56_usbd.o(i.USBD_PreInit), (24 bytes).
    Removing ht32f1655_56_usbd.o(i.USBD_ReadSETUPData), (16 bytes).
    Removing ht32f1655_56_usbd.o(i.USBD_RemoteWakeup), (16 bytes).
    Removing ht32f1655_56_usbd.o(i.USBD_SRAMResetConditionCmd), (28 bytes).
    Removing ht32f1655_56_usbd.o(i.USBD_SetAddress), (20 bytes).
    Removing ht32f1655_56_usbd.o(i._USBD_CopyMemory), (16 bytes).
    Removing ht32f1655_56_usbd.o(i._USBD_GetEPTnAddr), (16 bytes).
    Removing ht32f1655_56_usbd.o(.data), (4 bytes).
    Removing ht32f1655_56_wdt.o(.rev16_text), (4 bytes).
    Removing ht32f1655_56_wdt.o(.revsh_text), (4 bytes).
    Removing ht32f1655_56_wdt.o(.rrx_text), (6 bytes).
    Removing ht32f1655_56_wdt.o(i.WDT_Cmd), (28 bytes).
    Removing ht32f1655_56_wdt.o(i.WDT_DeInit), (12 bytes).
    Removing ht32f1655_56_wdt.o(i.WDT_GetDeltaValue), (16 bytes).
    Removing ht32f1655_56_wdt.o(i.WDT_GetFlagStatus), (20 bytes).
    Removing ht32f1655_56_wdt.o(i.WDT_GetPrescaler), (24 bytes).
    Removing ht32f1655_56_wdt.o(i.WDT_GetReloadValue), (16 bytes).
    Removing ht32f1655_56_wdt.o(i.WDT_HaltConfig), (24 bytes).
    Removing ht32f1655_56_wdt.o(i.WDT_IntConfig), (28 bytes).
    Removing ht32f1655_56_wdt.o(i.WDT_LockCmd), (32 bytes).
    Removing ht32f1655_56_wdt.o(i.WDT_ProtectCmd), (24 bytes).
    Removing ht32f1655_56_wdt.o(i.WDT_ResetCmd), (28 bytes).
    Removing ht32f1655_56_wdt.o(i.WDT_Restart), (16 bytes).
    Removing ht32f1655_56_wdt.o(i.WDT_SetDeltaValue), (20 bytes).
    Removing ht32f1655_56_wdt.o(i.WDT_SetPrescaler), (20 bytes).
    Removing ht32f1655_56_wdt.o(i.WDT_SetReloadValue), (20 bytes).
    Removing ht32f1655_56_wdt.o(i.WDT_SourceConfig), (16 bytes).
    Removing ht32_retarget.o(.rev16_text), (4 bytes).
    Removing ht32_retarget.o(.revsh_text), (4 bytes).
    Removing ht32_retarget.o(.rrx_text), (6 bytes).
    Removing ht32_retarget.o(i.RETARGET_Configuration), (36 bytes).
    Removing ht32_retarget.o(i.__backspace), (4 bytes).
    Removing ht32_retarget.o(i._sys_exit), (2 bytes).
    Removing ht32_retarget.o(i._ttywrch), (4 bytes).
    Removing ht32_retarget.o(i.fgetc), (4 bytes).
    Removing ht32_retarget.o(.data), (4 bytes).
    Removing ht32_serial.o(.rev16_text), (4 bytes).
    Removing ht32_serial.o(.revsh_text), (4 bytes).
    Removing ht32_serial.o(.rrx_text), (6 bytes).
    Removing ht32_serial.o(i.SERIAL_GetChar), (28 bytes).
    Removing ht32_board.o(.rev16_text), (4 bytes).
    Removing ht32_board.o(.revsh_text), (4 bytes).
    Removing ht32_board.o(.rrx_text), (6 bytes).
    Removing ht32_board.o(i.HT32F_DVB_BuzzerFun), (288 bytes).
    Removing ht32_board.o(i.HT32F_DVB_BuzzerOutputCmd), (16 bytes).
    Removing ht32_board.o(i.HT32F_DVB_COMInit), (92 bytes).
    Removing ht32_board.o(i.HT32F_DVB_LEDInit), (88 bytes).
    Removing ht32_board.o(i.HT32F_DVB_LEDOff), (28 bytes).
    Removing ht32_board.o(i.HT32F_DVB_LEDOn), (28 bytes).
    Removing ht32_board.o(i.HT32F_DVB_LEDToggle), (32 bytes).
    Removing ht32_board.o(i.HT32F_DVB_PBGetState), (28 bytes).
    Removing ht32_board.o(i.HT32F_DVB_PBInit), (188 bytes).
    Removing ht32_board.o(i._HT32F_DVB_ClockConfig), (64 bytes).
    Removing ht32_board.o(.constdata), (80 bytes).
    Removing ebi_lcd.o(.rev16_text), (4 bytes).
    Removing ebi_lcd.o(.revsh_text), (4 bytes).
    Removing ebi_lcd.o(.rrx_text), (6 bytes).
    Removing ebi_lcd.o(i.LCD_BackColorSet), (12 bytes).
    Removing ebi_lcd.o(i.LCD_CharDisplay), (20 bytes).
    Removing ebi_lcd.o(i.LCD_CharDraw), (96 bytes).
    Removing ebi_lcd.o(i.LCD_CircleDraw), (204 bytes).
    Removing ebi_lcd.o(i.LCD_Clear), (32 bytes).
    Removing ebi_lcd.o(i.LCD_Config), (640 bytes).
    Removing ebi_lcd.o(i.LCD_DisplayOff), (8 bytes).
    Removing ebi_lcd.o(i.LCD_DisplayOn), (8 bytes).
    Removing ebi_lcd.o(i.LCD_Init), (348 bytes).
    Removing ebi_lcd.o(i.LCD_LineDraw), (76 bytes).
    Removing ebi_lcd.o(i.LCD_PicDraw), (84 bytes).
    Removing ebi_lcd.o(i.LCD_RectDraw), (60 bytes).
    Removing ebi_lcd.o(i.LCD_SetDisplayArea), (84 bytes).
    Removing ebi_lcd.o(i.LCD_StarterSet), (46 bytes).
    Removing ebi_lcd.o(i.LCD_StringLineDisplay), (40 bytes).
    Removing ebi_lcd.o(i.LCD_TextColorSet), (12 bytes).
    Removing ebi_lcd.o(i.LCD_WriteRAM), (8 bytes).
    Removing ebi_lcd.o(i.LCD_WriteRAMPrior), (10 bytes).
    Removing ebi_lcd.o(i.LCD_WriteRAMWord), (12 bytes).
    Removing ebi_lcd.o(i.LCD_WriteReg), (10 bytes).
    Removing ebi_lcd.o(i._delay), (28 bytes).
    Removing ebi_lcd.o(.data), (4564 bytes).
    Removing spi_flash.o(.rev16_text), (4 bytes).
    Removing spi_flash.o(.revsh_text), (4 bytes).
    Removing spi_flash.o(.rrx_text), (6 bytes).
    Removing spi_flash.o(i.SPI_FLASH_BlockErase), (68 bytes).
    Removing spi_flash.o(i.SPI_FLASH_BufferDualRead), (108 bytes).
    Removing spi_flash.o(i.SPI_FLASH_BufferRead), (80 bytes).
    Removing spi_flash.o(i.SPI_FLASH_BufferWrite), (190 bytes).
    Removing spi_flash.o(i.SPI_FLASH_ChipErase), (44 bytes).
    Removing spi_flash.o(i.SPI_FLASH_Init), (144 bytes).
    Removing spi_flash.o(i.SPI_FLASH_PageWrite), (88 bytes).
    Removing spi_flash.o(i.SPI_FLASH_ReadJEDECID), (68 bytes).
    Removing spi_flash.o(i.SPI_FLASH_SectorErase), (68 bytes).
    Removing spi_flash.o(i.SPI_FLASH_SendByte), (50 bytes).
    Removing spi_flash.o(i.SPI_FLASH_WaitForWriteEnd), (44 bytes).
    Removing spi_flash.o(i.SPI_FLASH_WriteDisable), (36 bytes).
    Removing spi_flash.o(i.SPI_FLASH_WriteEnable), (36 bytes).
    Removing spi_flash.o(i.SPI_FLASH_WriteStatus), (48 bytes).
    Removing i2c_eeprom.o(.rev16_text), (4 bytes).
    Removing i2c_eeprom.o(.revsh_text), (4 bytes).
    Removing i2c_eeprom.o(.rrx_text), (6 bytes).
    Removing i2c_eeprom.o(i.I2C_EEPROM_BufferRead), (184 bytes).
    Removing i2c_eeprom.o(i.I2C_EEPROM_BufferWrite), (56 bytes).
    Removing i2c_eeprom.o(i.I2C_EEPROM_Init), (80 bytes).
    Removing i2c_eeprom.o(i.I2C_EEPROM_PageWrite), (124 bytes).
    Removing i2c_eeprom.o(i._I2C_EEPROM_AckPolling), (60 bytes).
    Removing dscalb.o(.text), (46 bytes).
    Removing dflti.o(.text), (34 bytes).
    Removing d2f.o(.text), (56 bytes).
    Removing fepilogue.o(.text), (108 bytes).
    Removing depilogue.o(.text), (190 bytes).
    Removing dadd.o(.text), (334 bytes).
    Removing dmul.o(.text), (228 bytes).
    Removing ddiv.o(.text), (222 bytes).
    Removing dfixul.o(.text), (48 bytes).
    Removing cdrcmple.o(.text), (40 bytes).

745 unused section(s) (total 31688 bytes) removed from the image.

==============================================================================

Image Symbol Table

    Local Symbols

    Symbol Name                              Value     Ov Type        Size  Object(Section)

    RESET                                    0x00000000   Section      376  startup_ht32f165x.o(RESET)
    ../clib/microlib/division.c              0x00000000   Number         0  uidiv.o ABSOLUTE
    ../clib/microlib/division.c              0x00000000   Number         0  uldiv.o ABSOLUTE
    ../clib/microlib/init/entry.s            0x00000000   Number         0  entry11a.o ABSOLUTE
    ../clib/microlib/init/entry.s            0x00000000   Number         0  entry2.o ABSOLUTE
    ../clib/microlib/init/entry.s            0x00000000   Number         0  entry7a.o ABSOLUTE
    ../clib/microlib/init/entry.s            0x00000000   Number         0  entry10a.o ABSOLUTE
    ../clib/microlib/init/entry.s            0x00000000   Number         0  entry8b.o ABSOLUTE
    ../clib/microlib/init/entry.s            0x00000000   Number         0  entry9b.o ABSOLUTE
    ../clib/microlib/init/entry.s            0x00000000   Number         0  entry8a.o ABSOLUTE
    ../clib/microlib/init/entry.s            0x00000000   Number         0  entry7b.o ABSOLUTE
    ../clib/microlib/init/entry.s            0x00000000   Number         0  entry.o ABSOLUTE
    ../clib/microlib/init/entry.s            0x00000000   Number         0  entry10b.o ABSOLUTE
    ../clib/microlib/init/entry.s            0x00000000   Number         0  entry11b.o ABSOLUTE
    ../clib/microlib/init/entry.s            0x00000000   Number         0  entry5.o ABSOLUTE
    ../clib/microlib/init/entry.s            0x00000000   Number         0  entry9a.o ABSOLUTE
    ../clib/microlib/longlong.c              0x00000000   Number         0  llushr.o ABSOLUTE
    ../clib/microlib/longlong.c              0x00000000   Number         0  llsshr.o ABSOLUTE
    ../clib/microlib/longlong.c              0x00000000   Number         0  llshl.o ABSOLUTE
    ../clib/microlib/printf/printf.c         0x00000000   Number         0  printfb.o ABSOLUTE
    ../clib/microlib/printf/printf.c         0x00000000   Number         0  printfa.o ABSOLUTE
    ../clib/microlib/printf/printf.c         0x00000000   Number         0  printf1.o ABSOLUTE
    ../clib/microlib/printf/printf.c         0x00000000   Number         0  printf2.o ABSOLUTE
    ../clib/microlib/printf/printf.c         0x00000000   Number         0  printf3.o ABSOLUTE
    ../clib/microlib/printf/printf.c         0x00000000   Number         0  printf4.o ABSOLUTE
    ../clib/microlib/printf/printf.c         0x00000000   Number         0  printf5.o ABSOLUTE
    ../clib/microlib/printf/printf.c         0x00000000   Number         0  printf0.o ABSOLUTE
    ../clib/microlib/printf/printf.c         0x00000000   Number         0  printf7.o ABSOLUTE
    ../clib/microlib/printf/printf.c         0x00000000   Number         0  printf6.o ABSOLUTE
    ../clib/microlib/printf/printf.c         0x00000000   Number         0  printf8.o ABSOLUTE
    ../clib/microlib/printf/stubs.s          0x00000000   Number         0  stubs.o ABSOLUTE
    ../clib/microlib/stdio/getc.c            0x00000000   Number         0  getc.o ABSOLUTE
    ../clib/microlib/stubs.s                 0x00000000   Number         0  useno.o ABSOLUTE
    ../clib/microlib/stubs.s                 0x00000000   Number         0  iusefp.o ABSOLUTE
    ../fplib/microlib/d2f.c                  0x00000000   Number         0  d2f.o ABSOLUTE
    ../fplib/microlib/fpadd.c                0x00000000   Number         0  dadd.o ABSOLUTE
    ../fplib/microlib/fpdiv.c                0x00000000   Number         0  ddiv.o ABSOLUTE
    ../fplib/microlib/fpepilogue.c           0x00000000   Number         0  depilogue.o ABSOLUTE
    ../fplib/microlib/fpepilogue.c           0x00000000   Number         0  fepilogue.o ABSOLUTE
    ../fplib/microlib/fpfix.c                0x00000000   Number         0  dfixul.o ABSOLUTE
    ../fplib/microlib/fpflt.c                0x00000000   Number         0  dflti.o ABSOLUTE
    ../fplib/microlib/fpmul.c                0x00000000   Number         0  dmul.o ABSOLUTE
    ../fplib/microlib/fpscalb.c              0x00000000   Number         0  dscalb.o ABSOLUTE
    ..\..\Driver\DELAY\delay.c               0x00000000   Number         0  delay.o ABSOLUTE
    ..\..\Driver\MPU6050\MPU6050.c           0x00000000   Number         0  mpu6050.o ABSOLUTE
    ..\..\Driver\OV7725\ov7725.c             0x00000000   Number         0  ov7725.o ABSOLUTE
    ..\..\Driver\RTC\rtc.c                   0x00000000   Number         0  rtc.o ABSOLUTE
    ..\..\Driver\SCCB\sccb.c                 0x00000000   Number         0  sccb.o ABSOLUTE
    ..\..\Driver\SD\sd.c                     0x00000000   Number         0  sd.o ABSOLUTE
    ..\..\Driver\SPI\spi.c                   0x00000000   Number         0  spi.o ABSOLUTE
    ..\..\Driver\USART\usart.c               0x00000000   Number         0  usart.o ABSOLUTE
    ..\..\User\ht32f165x_it.c                0x00000000   Number         0  ht32f165x_it.o ABSOLUTE
    ..\..\User\main.c                        0x00000000   Number         0  main.o ABSOLUTE
    ..\..\User\sdfs_app\sdfs_app.c           0x00000000   Number         0  sdfs_app.o ABSOLUTE
    ..\..\ff11a\src\diskio.c                 0x00000000   Number         0  diskio.o ABSOLUTE
    ..\..\ff11a\src\ff.c                     0x00000000   Number         0  ff.o ABSOLUTE
    ..\..\library\HT32F1655_56_Driver\src\ht32_cm3_misc.c 0x00000000   Number         0  ht32_cm3_misc.o ABSOLUTE
    ..\..\library\HT32F1655_56_Driver\src\ht32_retarget.c 0x00000000   Number         0  ht32_retarget.o ABSOLUTE
    ..\..\library\HT32F1655_56_Driver\src\ht32_serial.c 0x00000000   Number         0  ht32_serial.o ABSOLUTE
    ..\..\library\HT32F1655_56_Driver\src\ht32f1655_56_adc.c 0x00000000   Number         0  ht32f1655_56_adc.o ABSOLUTE
    ..\..\library\HT32F1655_56_Driver\src\ht32f1655_56_bftm.c 0x00000000   Number         0  ht32f1655_56_bftm.o ABSOLUTE
    ..\..\library\HT32F1655_56_Driver\src\ht32f1655_56_ckcu.c 0x00000000   Number         0  ht32f1655_56_ckcu.o ABSOLUTE
    ..\..\library\HT32F1655_56_Driver\src\ht32f1655_56_cmp_op.c 0x00000000   Number         0  ht32f1655_56_cmp_op.o ABSOLUTE
    ..\..\library\HT32F1655_56_Driver\src\ht32f1655_56_crc.c 0x00000000   Number         0  ht32f1655_56_crc.o ABSOLUTE
    ..\..\library\HT32F1655_56_Driver\src\ht32f1655_56_ebi.c 0x00000000   Number         0  ht32f1655_56_ebi.o ABSOLUTE
    ..\..\library\HT32F1655_56_Driver\src\ht32f1655_56_exti.c 0x00000000   Number         0  ht32f1655_56_exti.o ABSOLUTE
    ..\..\library\HT32F1655_56_Driver\src\ht32f1655_56_flash.c 0x00000000   Number         0  ht32f1655_56_flash.o ABSOLUTE
    ..\..\library\HT32F1655_56_Driver\src\ht32f1655_56_gpio.c 0x00000000   Number         0  ht32f1655_56_gpio.o ABSOLUTE
    ..\..\library\HT32F1655_56_Driver\src\ht32f1655_56_gptm.c 0x00000000   Number         0  ht32f1655_56_gptm.o ABSOLUTE
    ..\..\library\HT32F1655_56_Driver\src\ht32f1655_56_i2c.c 0x00000000   Number         0  ht32f1655_56_i2c.o ABSOLUTE
    ..\..\library\HT32F1655_56_Driver\src\ht32f1655_56_i2s.c 0x00000000   Number         0  ht32f1655_56_i2s.o ABSOLUTE
    ..\..\library\HT32F1655_56_Driver\src\ht32f1655_56_mctm.c 0x00000000   Number         0  ht32f1655_56_mctm.o ABSOLUTE
    ..\..\library\HT32F1655_56_Driver\src\ht32f1655_56_pdma.c 0x00000000   Number         0  ht32f1655_56_pdma.o ABSOLUTE
    ..\..\library\HT32F1655_56_Driver\src\ht32f1655_56_pwrcu.c 0x00000000   Number         0  ht32f1655_56_pwrcu.o ABSOLUTE
    ..\..\library\HT32F1655_56_Driver\src\ht32f1655_56_rstcu.c 0x00000000   Number         0  ht32f1655_56_rstcu.o ABSOLUTE
    ..\..\library\HT32F1655_56_Driver\src\ht32f1655_56_rtc.c 0x00000000   Number         0  ht32f1655_56_rtc.o ABSOLUTE
    ..\..\library\HT32F1655_56_Driver\src\ht32f1655_56_sci.c 0x00000000   Number         0  ht32f1655_56_sci.o ABSOLUTE
    ..\..\library\HT32F1655_56_Driver\src\ht32f1655_56_spi.c 0x00000000   Number         0  ht32f1655_56_spi.o ABSOLUTE
    ..\..\library\HT32F1655_56_Driver\src\ht32f1655_56_usart.c 0x00000000   Number         0  ht32f1655_56_usart.o ABSOLUTE
    ..\..\library\HT32F1655_56_Driver\src\ht32f1655_56_usbd.c 0x00000000   Number         0  ht32f1655_56_usbd.o ABSOLUTE
    ..\..\library\HT32F1655_56_Driver\src\ht32f1655_56_wdt.c 0x00000000   Number         0  ht32f1655_56_wdt.o ABSOLUTE
    ..\..\library\HT32_USBD_Library\src\ht32_usbd_core.c 0x00000000   Number         0  ht32_usbd_core.o ABSOLUTE
    ..\..\utilities\common\ebi_lcd.c         0x00000000   Number         0  ebi_lcd.o ABSOLUTE
    ..\..\utilities\common\i2c_eeprom.c      0x00000000   Number         0  i2c_eeprom.o ABSOLUTE
    ..\..\utilities\common\spi_flash.c       0x00000000   Number         0  spi_flash.o ABSOLUTE
    ..\..\utilities\ht32_board.c             0x00000000   Number         0  ht32_board.o ABSOLUTE
    ..\MDK_ARM\ht32_op.s                     0x00000000   Number         0  ht32_op.o ABSOLUTE
    ..\\..\\Driver\\DELAY\\delay.c           0x00000000   Number         0  delay.o ABSOLUTE
    ..\\..\\Driver\\MPU6050\\MPU6050.c       0x00000000   Number         0  mpu6050.o ABSOLUTE
    ..\\..\\Driver\\OV7725\\ov7725.c         0x00000000   Number         0  ov7725.o ABSOLUTE
    ..\\..\\Driver\\RTC\\rtc.c               0x00000000   Number         0  rtc.o ABSOLUTE
    ..\\..\\Driver\\SCCB\\sccb.c             0x00000000   Number         0  sccb.o ABSOLUTE
    ..\\..\\Driver\\SD\\sd.c                 0x00000000   Number         0  sd.o ABSOLUTE
    ..\\..\\Driver\\SPI\\spi.c               0x00000000   Number         0  spi.o ABSOLUTE
    ..\\..\\Driver\\USART\\usart.c           0x00000000   Number         0  usart.o ABSOLUTE
    ..\\..\\User\\ht32f165x_it.c             0x00000000   Number         0  ht32f165x_it.o ABSOLUTE
    ..\\..\\User\\main.c                     0x00000000   Number         0  main.o ABSOLUTE
    ..\\..\\User\\sdfs_app\\sdfs_app.c       0x00000000   Number         0  sdfs_app.o ABSOLUTE
    ..\\..\\ff11a\\src\\diskio.c             0x00000000   Number         0  diskio.o ABSOLUTE
    ..\\..\\library\\HT32F1655_56_Driver\\src\\ht32_cm3_misc.c 0x00000000   Number         0  ht32_cm3_misc.o ABSOLUTE
    ..\\..\\library\\HT32F1655_56_Driver\\src\\ht32_retarget.c 0x00000000   Number         0  ht32_retarget.o ABSOLUTE
    ..\\..\\library\\HT32F1655_56_Driver\\src\\ht32_serial.c 0x00000000   Number         0  ht32_serial.o ABSOLUTE
    ..\\..\\library\\HT32F1655_56_Driver\\src\\ht32f1655_56_adc.c 0x00000000   Number         0  ht32f1655_56_adc.o ABSOLUTE
    ..\\..\\library\\HT32F1655_56_Driver\\src\\ht32f1655_56_bftm.c 0x00000000   Number         0  ht32f1655_56_bftm.o ABSOLUTE
    ..\\..\\library\\HT32F1655_56_Driver\\src\\ht32f1655_56_ckcu.c 0x00000000   Number         0  ht32f1655_56_ckcu.o ABSOLUTE
    ..\\..\\library\\HT32F1655_56_Driver\\src\\ht32f1655_56_cmp_op.c 0x00000000   Number         0  ht32f1655_56_cmp_op.o ABSOLUTE
    ..\\..\\library\\HT32F1655_56_Driver\\src\\ht32f1655_56_crc.c 0x00000000   Number         0  ht32f1655_56_crc.o ABSOLUTE
    ..\\..\\library\\HT32F1655_56_Driver\\src\\ht32f1655_56_ebi.c 0x00000000   Number         0  ht32f1655_56_ebi.o ABSOLUTE
    ..\\..\\library\\HT32F1655_56_Driver\\src\\ht32f1655_56_exti.c 0x00000000   Number         0  ht32f1655_56_exti.o ABSOLUTE
    ..\\..\\library\\HT32F1655_56_Driver\\src\\ht32f1655_56_flash.c 0x00000000   Number         0  ht32f1655_56_flash.o ABSOLUTE
    ..\\..\\library\\HT32F1655_56_Driver\\src\\ht32f1655_56_gpio.c 0x00000000   Number         0  ht32f1655_56_gpio.o ABSOLUTE
    ..\\..\\library\\HT32F1655_56_Driver\\src\\ht32f1655_56_gptm.c 0x00000000   Number         0  ht32f1655_56_gptm.o ABSOLUTE
    ..\\..\\library\\HT32F1655_56_Driver\\src\\ht32f1655_56_i2c.c 0x00000000   Number         0  ht32f1655_56_i2c.o ABSOLUTE
    ..\\..\\library\\HT32F1655_56_Driver\\src\\ht32f1655_56_i2s.c 0x00000000   Number         0  ht32f1655_56_i2s.o ABSOLUTE
    ..\\..\\library\\HT32F1655_56_Driver\\src\\ht32f1655_56_mctm.c 0x00000000   Number         0  ht32f1655_56_mctm.o ABSOLUTE
    ..\\..\\library\\HT32F1655_56_Driver\\src\\ht32f1655_56_pdma.c 0x00000000   Number         0  ht32f1655_56_pdma.o ABSOLUTE
    ..\\..\\library\\HT32F1655_56_Driver\\src\\ht32f1655_56_pwrcu.c 0x00000000   Number         0  ht32f1655_56_pwrcu.o ABSOLUTE
    ..\\..\\library\\HT32F1655_56_Driver\\src\\ht32f1655_56_rstcu.c 0x00000000   Number         0  ht32f1655_56_rstcu.o ABSOLUTE
    ..\\..\\library\\HT32F1655_56_Driver\\src\\ht32f1655_56_rtc.c 0x00000000   Number         0  ht32f1655_56_rtc.o ABSOLUTE
    ..\\..\\library\\HT32F1655_56_Driver\\src\\ht32f1655_56_sci.c 0x00000000   Number         0  ht32f1655_56_sci.o ABSOLUTE
    ..\\..\\library\\HT32F1655_56_Driver\\src\\ht32f1655_56_spi.c 0x00000000   Number         0  ht32f1655_56_spi.o ABSOLUTE
    ..\\..\\library\\HT32F1655_56_Driver\\src\\ht32f1655_56_usart.c 0x00000000   Number         0  ht32f1655_56_usart.o ABSOLUTE
    ..\\..\\library\\HT32F1655_56_Driver\\src\\ht32f1655_56_usbd.c 0x00000000   Number         0  ht32f1655_56_usbd.o ABSOLUTE
    ..\\..\\library\\HT32F1655_56_Driver\\src\\ht32f1655_56_wdt.c 0x00000000   Number         0  ht32f1655_56_wdt.o ABSOLUTE
    ..\\..\\library\\HT32_USBD_Library\\src\\ht32_usbd_core.c 0x00000000   Number         0  ht32_usbd_core.o ABSOLUTE
    ..\\..\\utilities\\common\\ebi_lcd.c     0x00000000   Number         0  ebi_lcd.o ABSOLUTE
    ..\\..\\utilities\\common\\i2c_eeprom.c  0x00000000   Number         0  i2c_eeprom.o ABSOLUTE
    ..\\..\\utilities\\common\\spi_flash.c   0x00000000   Number         0  spi_flash.o ABSOLUTE
    ..\\..\\utilities\\ht32_board.c          0x00000000   Number         0  ht32_board.o ABSOLUTE
    ..\\system_ht32f165x.c                   0x00000000   Number         0  system_ht32f165x.o ABSOLUTE
    ..\system_ht32f165x.c                    0x00000000   Number         0  system_ht32f165x.o ABSOLUTE
    cdrcmple.s                               0x00000000   Number         0  cdrcmple.o ABSOLUTE
    dc.s                                     0x00000000   Number         0  dc.o ABSOLUTE
    handlers.s                               0x00000000   Number         0  handlers.o ABSOLUTE
    init.s                                   0x00000000   Number         0  init.o ABSOLUTE
    startup_ht32f165x.s                      0x00000000   Number         0  startup_ht32f165x.o ABSOLUTE
    .ARM.Collect$$$$00000000                 0x00000178   Section        0  entry.o(.ARM.Collect$$$$00000000)
    .ARM.Collect$$$$00000001                 0x00000178   Section        4  entry2.o(.ARM.Collect$$$$00000001)
    .ARM.Collect$$$$00000004                 0x0000017c   Section        4  entry5.o(.ARM.Collect$$$$00000004)
    .ARM.Collect$$$$00000008                 0x00000180   Section        0  entry7b.o(.ARM.Collect$$$$00000008)
    .ARM.Collect$$$$0000000A                 0x00000180   Section        0  entry8b.o(.ARM.Collect$$$$0000000A)
    .ARM.Collect$$$$0000000B                 0x00000180   Section        8  entry9a.o(.ARM.Collect$$$$0000000B)
    .ARM.Collect$$$$0000000D                 0x00000188   Section        0  entry10a.o(.ARM.Collect$$$$0000000D)
    .ARM.Collect$$$$0000000F                 0x00000188   Section        0  entry11a.o(.ARM.Collect$$$$0000000F)
    .ARM.Collect$$$$00002712                 0x00000188   Section        4  entry2.o(.ARM.Collect$$$$00002712)
    __lit__00000000                          0x00000188   Data           4  entry2.o(.ARM.Collect$$$$00002712)
    .text                                    0x0000018c   Section        0  uldiv.o(.text)
    .text                                    0x000001f0   Section       36  init.o(.text)
    .text                                    0x00000214   Section        0  llshl.o(.text)
    .text                                    0x00000232   Section        0  llushr.o(.text)
    i.AFIO_EXTISourceConfig                  0x00000254   Section        0  ht32f1655_56_gpio.o(i.AFIO_EXTISourceConfig)
    i.AFIO_GPxConfig                         0x00000280   Section        0  ht32f1655_56_gpio.o(i.AFIO_GPxConfig)
    i.BusFault_Handler                       0x000002e4   Section        0  ht32f165x_it.o(i.BusFault_Handler)
    i.CKCU_GetClocksFrequency                0x000002e8   Section        0  ht32f1655_56_ckcu.o(i.CKCU_GetClocksFrequency)
    i.CKCU_GetPLLFrequency                   0x0000033c   Section        0  ht32f1655_56_ckcu.o(i.CKCU_GetPLLFrequency)
    i.CKCU_GetUSARTClockFreq                 0x0000037c   Section        0  ht32f1655_56_ckcu.o(i.CKCU_GetUSARTClockFreq)
    i.CKCU_PeripClockConfig                  0x0000038c   Section        0  ht32f1655_56_ckcu.o(i.CKCU_PeripClockConfig)
    i.DebugMon_Handler                       0x000003b0   Section        0  ht32f165x_it.o(i.DebugMon_Handler)
    i.EXTI7_IRQHandler                       0x000003b4   Section        0  ht32f165x_it.o(i.EXTI7_IRQHandler)
    i.EXTI_ClearWakeupFlag                   0x00000414   Section        0  ht32f1655_56_exti.o(i.EXTI_ClearWakeupFlag)
    i.EXTI_GetSWCmdStatus                    0x00000428   Section        0  ht32f1655_56_exti.o(i.EXTI_GetSWCmdStatus)
    i.EXTI_IntConfig                         0x00000440   Section        0  ht32f1655_56_exti.o(i.EXTI_IntConfig)
    i.EXTI_SWIntCmd                          0x0000045c   Section        0  ht32f1655_56_exti.o(i.EXTI_SWIntCmd)
    i.EXTI_WakeupEventConfig                 0x00000478   Section        0  ht32f1655_56_exti.o(i.EXTI_WakeupEventConfig)
    i.GPIO_ClearOutBits                      0x000004a4   Section        0  ht32f1655_56_gpio.o(i.GPIO_ClearOutBits)
    i.GPIO_DirectionConfig                   0x000004a8   Section        0  ht32f1655_56_gpio.o(i.GPIO_DirectionConfig)
    i.GPIO_InputConfig                       0x000004b8   Section        0  ht32f1655_56_gpio.o(i.GPIO_InputConfig)
    i.GPIO_PullResistorConfig                0x000004c8   Section        0  ht32f1655_56_gpio.o(i.GPIO_PullResistorConfig)
    i.GPIO_ReadInBit                         0x000004f0   Section        0  ht32f1655_56_gpio.o(i.GPIO_ReadInBit)
    i.GPIO_SetOutBits                        0x000004fa   Section        0  ht32f1655_56_gpio.o(i.GPIO_SetOutBits)
    i.HardFault_Handler                      0x000004fe   Section        0  ht32f165x_it.o(i.HardFault_Handler)
    i.Init_USART                             0x00000500   Section        0  usart.o(i.Init_USART)
    i.MemManage_Handler                      0x0000057c   Section        0  ht32f165x_it.o(i.MemManage_Handler)
    i.NMI_Handler                            0x0000057e   Section        0  ht32f165x_it.o(i.NMI_Handler)
    i.Ov7725_GPIO_Config                     0x00000580   Section        0  ov7725.o(i.Ov7725_GPIO_Config)
    i.Ov7725_Init                            0x000005c4   Section        0  ov7725.o(i.Ov7725_Init)
    i.PDMA_Config                            0x0000061c   Section        0  ht32f1655_56_pdma.o(i.PDMA_Config)
    i.PDMA_Configuration                     0x0000064c   Section        0  mpu6050.o(i.PDMA_Configuration)
    i.PDMA_EnaCmd                            0x000006ac   Section        0  ht32f1655_56_pdma.o(i.PDMA_EnaCmd)
    i.PDMA_IntConig                          0x000006d4   Section        0  ht32f1655_56_pdma.o(i.PDMA_IntConig)
    i.PDMA_SwTrigCmd                         0x00000704   Section        0  ht32f1655_56_pdma.o(i.PDMA_SwTrigCmd)
    i.PWRCU_WriteBackupRegister              0x0000072c   Section        0  ht32f1655_56_pwrcu.o(i.PWRCU_WriteBackupRegister)
    i.PendSV_Handler                         0x0000073c   Section        0  ht32f165x_it.o(i.PendSV_Handler)
    i.RTC_GetFlagStatus                      0x00000740   Section        0  ht32f1655_56_rtc.o(i.RTC_GetFlagStatus)
    i.RTC_IRQHandler                         0x0000074c   Section        0  ht32f165x_it.o(i.RTC_IRQHandler)
    i.RTC_SetCompare                         0x00000774   Section        0  ht32f1655_56_rtc.o(i.RTC_SetCompare)
    i.SCCB_GPIO_Config                       0x00000780   Section        0  sccb.o(i.SCCB_GPIO_Config)
    i.SCCB_ReadByte                          0x000007b0   Section        0  sccb.o(i.SCCB_ReadByte)
    i.SCCB_SendByte                          0x000008b0   Section        0  sccb.o(i.SCCB_SendByte)
    SCCB_SendByte                            0x000008b1   Thumb Code    82  sccb.o(i.SCCB_SendByte)
    i.SCCB_Start                             0x00000908   Section        0  sccb.o(i.SCCB_Start)
    SCCB_Start                               0x00000909   Thumb Code    82  sccb.o(i.SCCB_Start)
    i.SCCB_Stop                              0x00000960   Section        0  sccb.o(i.SCCB_Stop)
    SCCB_Stop                                0x00000961   Thumb Code    56  sccb.o(i.SCCB_Stop)
    i.SCCB_WaitAck                           0x0000099c   Section        0  sccb.o(i.SCCB_WaitAck)
    SCCB_WaitAck                             0x0000099d   Thumb Code    86  sccb.o(i.SCCB_WaitAck)
    i.SCCB_WriteByte                         0x000009f8   Section        0  sccb.o(i.SCCB_WriteByte)
    i.SCCB_delay                             0x00000a36   Section        0  sccb.o(i.SCCB_delay)
    SCCB_delay                               0x00000a37   Thumb Code    14  sccb.o(i.SCCB_delay)
    i.SD_DisSelect                           0x00000a44   Section        0  sd.o(i.SD_DisSelect)
    i.SD_Init                                0x00000a5c   Section        0  sd.o(i.SD_Init)
    i.SD_SPI_Init                            0x00000bb4   Section        0  sd.o(i.SD_SPI_Init)
    i.SD_Select                              0x00000bb8   Section        0  sd.o(i.SD_Select)
    i.SD_SendCmd                             0x00000bd6   Section        0  sd.o(i.SD_SendCmd)
    i.SD_WaitReady                           0x00000c3a   Section        0  sd.o(i.SD_WaitReady)
    SD_WaitReady                             0x00000c3b   Thumb Code    34  sd.o(i.SD_WaitReady)
    i.SERIAL_PutChar                         0x00000c5c   Section        0  ht32_serial.o(i.SERIAL_PutChar)
    i.SPI0_Init                              0x00000c7c   Section        0  spi.o(i.SPI0_Init)
    i.SPI0_ReadWriteByte                     0x00000cf0   Section        0  spi.o(i.SPI0_ReadWriteByte)
    i.SPI0_SetSpeed                          0x00000d40   Section        0  spi.o(i.SPI0_SetSpeed)
    i.SPI_Cmd                                0x00000d60   Section        0  ht32f1655_56_spi.o(i.SPI_Cmd)
    i.SPI_GetFlagStatus                      0x00000d74   Section        0  ht32f1655_56_spi.o(i.SPI_GetFlagStatus)
    i.SPI_Init                               0x00000d82   Section        0  ht32f1655_56_spi.o(i.SPI_Init)
    i.SPI_ReceiveData                        0x00000dcc   Section        0  ht32f1655_56_spi.o(i.SPI_ReceiveData)
    i.SPI_SELOutputCmd                       0x00000dd2   Section        0  ht32f1655_56_spi.o(i.SPI_SELOutputCmd)
    i.SPI_SendData                           0x00000de6   Section        0  ht32f1655_56_spi.o(i.SPI_SendData)
    i.SPI_SoftwareSELCmd                     0x00000dea   Section        0  ht32f1655_56_spi.o(i.SPI_SoftwareSELCmd)
    i.SVC_Handler                            0x00000dfe   Section        0  ht32f165x_it.o(i.SVC_Handler)
    i.SYSTICK_ClockSourceConfig              0x00000e00   Section        0  ht32_cm3_misc.o(i.SYSTICK_ClockSourceConfig)
    i.SYSTICK_Config                         0x00000e18   Section        0  delay.o(i.SYSTICK_Config)
    i.SYSTICK_CounterCmd                     0x00000e34   Section        0  ht32_cm3_misc.o(i.SYSTICK_CounterCmd)
    i.SYSTICK_IntConfig                      0x00000e54   Section        0  ht32_cm3_misc.o(i.SYSTICK_IntConfig)
    i.SYSTICK_SetReloadValue                 0x00000e6c   Section        0  ht32_cm3_misc.o(i.SYSTICK_SetReloadValue)
    i.SysTick_Handler                        0x00000e74   Section        0  ht32f165x_it.o(i.SysTick_Handler)
    i.SystemInit                             0x00000e78   Section        0  system_ht32f165x.o(i.SystemInit)
    i.TimingDelay                            0x00000ed4   Section        0  delay.o(i.TimingDelay)
    i.TryInitSD                              0x00000ee8   Section        0  sd.o(i.TryInitSD)
    i.USART_GetLineStatus                    0x00000f80   Section        0  ht32f1655_56_usart.o(i.USART_GetLineStatus)
    i.USART_Init                             0x00000f8a   Section        0  ht32f1655_56_usart.o(i.USART_Init)
    i.USART_RxCmd                            0x00000fbe   Section        0  ht32f1655_56_usart.o(i.USART_RxCmd)
    i.USART_RxPDMACmd                        0x00000fd2   Section        0  ht32f1655_56_usart.o(i.USART_RxPDMACmd)
    i.USART_SendData                         0x00000fe6   Section        0  ht32f1655_56_usart.o(i.USART_SendData)
    i.USART_TxCmd                            0x00000fea   Section        0  ht32f1655_56_usart.o(i.USART_TxCmd)
    i.UsageFault_Handler                     0x00000ffe   Section        0  ht32f165x_it.o(i.UsageFault_Handler)
    i.VSYNC_Init                             0x00001000   Section        0  ov7725.o(i.VSYNC_Init)
    i.__0printf$8                            0x00001060   Section        0  printf8.o(i.__0printf$8)
    i.__scatterload_copy                     0x00001080   Section       14  handlers.o(i.__scatterload_copy)
    i.__scatterload_null                     0x0000108e   Section        2  handlers.o(i.__scatterload_null)
    i.__scatterload_zeroinit                 0x00001090   Section       14  handlers.o(i.__scatterload_zeroinit)
    i._printf_core                           0x000010a0   Section        0  printf8.o(i._printf_core)
    _printf_core                             0x000010a1   Thumb Code   988  printf8.o(i._printf_core)
    i._printf_post_padding                   0x000014a8   Section        0  printf8.o(i._printf_post_padding)
    _printf_post_padding                     0x000014a9   Thumb Code    38  printf8.o(i._printf_post_padding)
    i._printf_pre_padding                    0x000014ce   Section        0  printf8.o(i._printf_pre_padding)
    _printf_pre_padding                      0x000014cf   Thumb Code    48  printf8.o(i._printf_pre_padding)
    i.delay_ms                               0x00001500   Section        0  delay.o(i.delay_ms)
    i.fputc                                  0x00001528   Section        0  ht32_retarget.o(i.fputc)
    i.main                                   0x0000152c   Section        0  main.o(i.main)
    .data                                    0x20000000   Section        1  sd.o(.data)
    .data                                    0x20000004   Section        4  delay.o(.data)
    DelayTime                                0x20000004   Data           4  delay.o(.data)
    .data                                    0x20000008   Section        4  rtc.o(.data)
    .data                                    0x2000000c   Section      155  ov7725.o(.data)
    .data                                    0x200000a7   Section        1  ov7725.o(.data)
    .data                                    0x200000a8   Section        4  ht32_retarget.o(.data)
    .bss                                     0x200000ac   Section       44  spi.o(.bss)
    .bss                                     0x200000d8   Section       33  mpu6050.o(.bss)
    STACK                                    0x20000100   Section      512  startup_ht32f165x.o(STACK)

    Global Symbols

    Symbol Name                              Value     Ov Type        Size  Object(Section)

    BuildAttributes$$THM_ISAv4$P$D$K$B$S$PE$A:L22UL41UL21$X:L11$S22US41US21$IEEE1$IW$USESV6$~STKCKD$USESV7$~SHL$OTIME$ROPI$EBA8$MICROLIB$REQ8$PRES8$EABIv2 0x00000000   Number         0  anon$$obj.o ABSOLUTE
    __ARM_use_no_argv                        0x00000000   Number         0  main.o ABSOLUTE
    __Vectors                                0x00000000   Data           4  startup_ht32f165x.o(RESET)
    __use_no_errno                           0x00000000   Number         0  useno.o ABSOLUTE
    __use_no_exception_handling              0x00000000   Number         0  useno.o ABSOLUTE
    __use_no_fp                              0x00000000   Number         0  useno.o ABSOLUTE
    __use_no_heap                            0x00000000   Number         0  useno.o ABSOLUTE
    __use_no_heap_region                     0x00000000   Number         0  useno.o ABSOLUTE
    __use_no_semihosting                     0x00000000   Number         0  useno.o ABSOLUTE
    __use_no_semihosting_swi                 0x00000000   Number         0  useno.o ABSOLUTE
    __use_no_signal_handling                 0x00000000   Number         0  useno.o ABSOLUTE
    _printf_a                                0x00000000   Number         0  stubs.o ABSOLUTE
    _printf_c                                0x00000000   Number         0  stubs.o ABSOLUTE
    _printf_charcount                        0x00000000   Number         0  stubs.o ABSOLUTE
    _printf_d                                0x00000000   Number         0  stubs.o ABSOLUTE
    _printf_e                                0x00000000   Number         0  stubs.o ABSOLUTE
    _printf_f                                0x00000000   Number         0  stubs.o ABSOLUTE
    _printf_flags                            0x00000000   Number         0  stubs.o ABSOLUTE
    _printf_fp_dec                           0x00000000   Number         0  stubs.o ABSOLUTE
    _printf_fp_hex                           0x00000000   Number         0  stubs.o ABSOLUTE
    _printf_g                                0x00000000   Number         0  stubs.o ABSOLUTE
    _printf_i                                0x00000000   Number         0  stubs.o ABSOLUTE
    _printf_int_dec                          0x00000000   Number         0  stubs.o ABSOLUTE
    _printf_l                                0x00000000   Number         0  stubs.o ABSOLUTE
    _printf_lc                               0x00000000   Number         0  stubs.o ABSOLUTE
    _printf_ll                               0x00000000   Number         0  stubs.o ABSOLUTE
    _printf_lld                              0x00000000   Number         0  stubs.o ABSOLUTE
    _printf_lli                              0x00000000   Number         0  stubs.o ABSOLUTE
    _printf_llo                              0x00000000   Number         0  stubs.o ABSOLUTE
    _printf_llu                              0x00000000   Number         0  stubs.o ABSOLUTE
    _printf_llx                              0x00000000   Number         0  stubs.o ABSOLUTE
    _printf_longlong_dec                     0x00000000   Number         0  stubs.o ABSOLUTE
    _printf_longlong_hex                     0x00000000   Number         0  stubs.o ABSOLUTE
    _printf_longlong_oct                     0x00000000   Number         0  stubs.o ABSOLUTE
    _printf_ls                               0x00000000   Number         0  stubs.o ABSOLUTE
    _printf_mbtowc                           0x00000000   Number         0  stubs.o ABSOLUTE
    _printf_n                                0x00000000   Number         0  stubs.o ABSOLUTE
    _printf_o                                0x00000000   Number         0  stubs.o ABSOLUTE
    _printf_p                                0x00000000   Number         0  stubs.o ABSOLUTE
    _printf_percent                          0x00000000   Number         0  stubs.o ABSOLUTE
    _printf_pre_padding                      0x00000000   Number         0  stubs.o ABSOLUTE
    _printf_return_value                     0x00000000   Number         0  stubs.o ABSOLUTE
    _printf_s                                0x00000000   Number         0  stubs.o ABSOLUTE
    _printf_sizespec                         0x00000000   Number         0  stubs.o ABSOLUTE
    _printf_str                              0x00000000   Number         0  stubs.o ABSOLUTE
    _printf_truncate_signed                  0x00000000   Number         0  stubs.o ABSOLUTE
    _printf_truncate_unsigned                0x00000000   Number         0  stubs.o ABSOLUTE
    _printf_u                                0x00000000   Number         0  stubs.o ABSOLUTE
    _printf_wc                               0x00000000   Number         0  stubs.o ABSOLUTE
    _printf_wctomb                           0x00000000   Number         0  stubs.o ABSOLUTE
    _printf_widthprec                        0x00000000   Number         0  stubs.o ABSOLUTE
    _printf_x                                0x00000000   Number         0  stubs.o ABSOLUTE
    __cpp_initialize__aeabi_                  - Undefined Weak Reference
    __cxa_finalize                            - Undefined Weak Reference
    __decompress                              - Undefined Weak Reference
    _clock_init                               - Undefined Weak Reference
    _microlib_exit                            - Undefined Weak Reference
    Reset_Handler                            0x00000155   Thumb Code     8  startup_ht32f165x.o(RESET)
    ADC_IRQHandler                           0x0000016f   Thumb Code     0  startup_ht32f165x.o(RESET)
    BFTM0_IRQHandler                         0x0000016f   Thumb Code     0  startup_ht32f165x.o(RESET)
    BFTM1_IRQHandler                         0x0000016f   Thumb Code     0  startup_ht32f165x.o(RESET)
    BOD_IRQHandler                           0x0000016f   Thumb Code     0  startup_ht32f165x.o(RESET)
    CKRDY_IRQHandler                         0x0000016f   Thumb Code     0  startup_ht32f165x.o(RESET)
    COMP_IRQHandler                          0x0000016f   Thumb Code     0  startup_ht32f165x.o(RESET)
    EBI_IRQHandler                           0x0000016f   Thumb Code     0  startup_ht32f165x.o(RESET)
    EVWUP_IRQHandler                         0x0000016f   Thumb Code     0  startup_ht32f165x.o(RESET)
    EXTI0_IRQHandler                         0x0000016f   Thumb Code     0  startup_ht32f165x.o(RESET)
    EXTI10_IRQHandler                        0x0000016f   Thumb Code     0  startup_ht32f165x.o(RESET)
    EXTI11_IRQHandler                        0x0000016f   Thumb Code     0  startup_ht32f165x.o(RESET)
    EXTI12_IRQHandler                        0x0000016f   Thumb Code     0  startup_ht32f165x.o(RESET)
    EXTI13_IRQHandler                        0x0000016f   Thumb Code     0  startup_ht32f165x.o(RESET)
    EXTI14_IRQHandler                        0x0000016f   Thumb Code     0  startup_ht32f165x.o(RESET)
    EXTI15_IRQHandler                        0x0000016f   Thumb Code     0  startup_ht32f165x.o(RESET)
    EXTI1_IRQHandler                         0x0000016f   Thumb Code     0  startup_ht32f165x.o(RESET)
    EXTI2_IRQHandler                         0x0000016f   Thumb Code     0  startup_ht32f165x.o(RESET)
    EXTI3_IRQHandler                         0x0000016f   Thumb Code     0  startup_ht32f165x.o(RESET)
    EXTI4_IRQHandler                         0x0000016f   Thumb Code     0  startup_ht32f165x.o(RESET)
    EXTI5_IRQHandler                         0x0000016f   Thumb Code     0  startup_ht32f165x.o(RESET)
    EXTI6_IRQHandler                         0x0000016f   Thumb Code     0  startup_ht32f165x.o(RESET)
    EXTI8_IRQHandler                         0x0000016f   Thumb Code     0  startup_ht32f165x.o(RESET)
    EXTI9_IRQHandler                         0x0000016f   Thumb Code     0  startup_ht32f165x.o(RESET)
    FLASH_IRQHandler                         0x0000016f   Thumb Code     0  startup_ht32f165x.o(RESET)
    GPTM0_IRQHandler                         0x0000016f   Thumb Code     0  startup_ht32f165x.o(RESET)
    GPTM1_IRQHandler                         0x0000016f   Thumb Code     0  startup_ht32f165x.o(RESET)
    I2C0_IRQHandler                          0x0000016f   Thumb Code     0  startup_ht32f165x.o(RESET)
    I2C1_IRQHandler                          0x0000016f   Thumb Code     0  startup_ht32f165x.o(RESET)
    I2S_IRQHandler                           0x0000016f   Thumb Code     0  startup_ht32f165x.o(RESET)
    LPWUP_IRQHandler                         0x0000016f   Thumb Code     0  startup_ht32f165x.o(RESET)
    LVD_IRQHandler                           0x0000016f   Thumb Code     0  startup_ht32f165x.o(RESET)
    MCTM0BRK_IRQHandler                      0x0000016f   Thumb Code     0  startup_ht32f165x.o(RESET)
    MCTM0CC_IRQHandler                       0x0000016f   Thumb Code     0  startup_ht32f165x.o(RESET)
    MCTM0TR_IRQHandler                       0x0000016f   Thumb Code     0  startup_ht32f165x.o(RESET)
    MCTM0UP_IRQHandler                       0x0000016f   Thumb Code     0  startup_ht32f165x.o(RESET)
    MCTM1BRK_IRQHandler                      0x0000016f   Thumb Code     0  startup_ht32f165x.o(RESET)
    MCTM1CC_IRQHandler                       0x0000016f   Thumb Code     0  startup_ht32f165x.o(RESET)
    MCTM1TR_IRQHandler                       0x0000016f   Thumb Code     0  startup_ht32f165x.o(RESET)
    MCTM1UP_IRQHandler                       0x0000016f   Thumb Code     0  startup_ht32f165x.o(RESET)
    PDMA_CH0_IRQHandler                      0x0000016f   Thumb Code     0  startup_ht32f165x.o(RESET)
    PDMA_CH1_IRQHandler                      0x0000016f   Thumb Code     0  startup_ht32f165x.o(RESET)
    PDMA_CH2_IRQHandler                      0x0000016f   Thumb Code     0  startup_ht32f165x.o(RESET)
    PDMA_CH3_IRQHandler                      0x0000016f   Thumb Code     0  startup_ht32f165x.o(RESET)
    PDMA_CH4_IRQHandler                      0x0000016f   Thumb Code     0  startup_ht32f165x.o(RESET)
    PDMA_CH5_IRQHandler                      0x0000016f   Thumb Code     0  startup_ht32f165x.o(RESET)
    PDMA_CH6_IRQHandler                      0x0000016f   Thumb Code     0  startup_ht32f165x.o(RESET)
    PDMA_CH7_IRQHandler                      0x0000016f   Thumb Code     0  startup_ht32f165x.o(RESET)
    SCI_IRQHandler                           0x0000016f   Thumb Code     0  startup_ht32f165x.o(RESET)
    SPI0_IRQHandler                          0x0000016f   Thumb Code     0  startup_ht32f165x.o(RESET)
    SPI1_IRQHandler                          0x0000016f   Thumb Code     0  startup_ht32f165x.o(RESET)
    UART0_IRQHandler                         0x0000016f   Thumb Code     0  startup_ht32f165x.o(RESET)
    UART1_IRQHandler                         0x0000016f   Thumb Code     0  startup_ht32f165x.o(RESET)
    USART0_IRQHandler                        0x0000016f   Thumb Code     0  startup_ht32f165x.o(RESET)
    USART1_IRQHandler                        0x0000016f   Thumb Code     0  startup_ht32f165x.o(RESET)
    USB_IRQHandler                           0x0000016f   Thumb Code     0  startup_ht32f165x.o(RESET)
    WDT_IRQHandler                           0x0000016f   Thumb Code     0  startup_ht32f165x.o(RESET)
    __main                                   0x00000179   Thumb Code     0  entry.o(.ARM.Collect$$$$00000000)
    _main_stk                                0x00000179   Thumb Code     0  entry2.o(.ARM.Collect$$$$00000001)
    _main_scatterload                        0x0000017d   Thumb Code     0  entry5.o(.ARM.Collect$$$$00000004)
    __main_after_scatterload                 0x00000181   Thumb Code     0  entry5.o(.ARM.Collect$$$$00000004)
    _main_clock                              0x00000181   Thumb Code     0  entry7b.o(.ARM.Collect$$$$00000008)
    _main_cpp_init                           0x00000181   Thumb Code     0  entry8b.o(.ARM.Collect$$$$0000000A)
    _main_init                               0x00000181   Thumb Code     0  entry9a.o(.ARM.Collect$$$$0000000B)
    __rt_final_cpp                           0x00000189   Thumb Code     0  entry10a.o(.ARM.Collect$$$$0000000D)
    __rt_final_exit                          0x00000189   Thumb Code     0  entry11a.o(.ARM.Collect$$$$0000000F)
    __aeabi_uldivmod                         0x0000018d   Thumb Code    98  uldiv.o(.text)
    __scatterload                            0x000001f1   Thumb Code    28  init.o(.text)
    __scatterload_rt2                        0x000001f1   Thumb Code     0  init.o(.text)
    __aeabi_llsl                             0x00000215   Thumb Code    30  llshl.o(.text)
    _ll_shift_l                              0x00000215   Thumb Code     0  llshl.o(.text)
    __aeabi_llsr                             0x00000233   Thumb Code    32  llushr.o(.text)
    _ll_ushift_r                             0x00000233   Thumb Code     0  llushr.o(.text)
    AFIO_EXTISourceConfig                    0x00000255   Thumb Code    38  ht32f1655_56_gpio.o(i.AFIO_EXTISourceConfig)
    AFIO_GPxConfig                           0x00000281   Thumb Code    94  ht32f1655_56_gpio.o(i.AFIO_GPxConfig)
    BusFault_Handler                         0x000002e5   Thumb Code     2  ht32f165x_it.o(i.BusFault_Handler)
    CKCU_GetClocksFrequency                  0x000002e9   Thumb Code    76  ht32f1655_56_ckcu.o(i.CKCU_GetClocksFrequency)
    CKCU_GetPLLFrequency                     0x0000033d   Thumb Code    52  ht32f1655_56_ckcu.o(i.CKCU_GetPLLFrequency)
    CKCU_GetUSARTClockFreq                   0x0000037d   Thumb Code    16  ht32f1655_56_ckcu.o(i.CKCU_GetUSARTClockFreq)
    CKCU_PeripClockConfig                    0x0000038d   Thumb Code    32  ht32f1655_56_ckcu.o(i.CKCU_PeripClockConfig)
    DebugMon_Handler                         0x000003b1   Thumb Code     2  ht32f165x_it.o(i.DebugMon_Handler)
    EXTI7_IRQHandler                         0x000003b5   Thumb Code    88  ht32f165x_it.o(i.EXTI7_IRQHandler)
    EXTI_ClearWakeupFlag                     0x00000415   Thumb Code    14  ht32f1655_56_exti.o(i.EXTI_ClearWakeupFlag)
    EXTI_GetSWCmdStatus                      0x00000429   Thumb Code    20  ht32f1655_56_exti.o(i.EXTI_GetSWCmdStatus)
    EXTI_IntConfig                           0x00000441   Thumb Code    22  ht32f1655_56_exti.o(i.EXTI_IntConfig)
    EXTI_SWIntCmd                            0x0000045d   Thumb Code    22  ht32f1655_56_exti.o(i.EXTI_SWIntCmd)
    EXTI_WakeupEventConfig                   0x00000479   Thumb Code    38  ht32f1655_56_exti.o(i.EXTI_WakeupEventConfig)
    GPIO_ClearOutBits                        0x000004a5   Thumb Code     4  ht32f1655_56_gpio.o(i.GPIO_ClearOutBits)
    GPIO_DirectionConfig                     0x000004a9   Thumb Code    16  ht32f1655_56_gpio.o(i.GPIO_DirectionConfig)
    GPIO_InputConfig                         0x000004b9   Thumb Code    16  ht32f1655_56_gpio.o(i.GPIO_InputConfig)
    GPIO_PullResistorConfig                  0x000004c9   Thumb Code    40  ht32f1655_56_gpio.o(i.GPIO_PullResistorConfig)
    GPIO_ReadInBit                           0x000004f1   Thumb Code    10  ht32f1655_56_gpio.o(i.GPIO_ReadInBit)
    GPIO_SetOutBits                          0x000004fb   Thumb Code     4  ht32f1655_56_gpio.o(i.GPIO_SetOutBits)
    HardFault_Handler                        0x000004ff   Thumb Code     2  ht32f165x_it.o(i.HardFault_Handler)
    Init_USART                               0x00000501   Thumb Code   120  usart.o(i.Init_USART)
    MemManage_Handler                        0x0000057d   Thumb Code     2  ht32f165x_it.o(i.MemManage_Handler)
    NMI_Handler                              0x0000057f   Thumb Code     2  ht32f165x_it.o(i.NMI_Handler)
    Ov7725_GPIO_Config                       0x00000581   Thumb Code    64  ov7725.o(i.Ov7725_GPIO_Config)
    Ov7725_Init                              0x000005c5   Thumb Code    84  ov7725.o(i.Ov7725_Init)
    PDMA_Config                              0x0000061d   Thumb Code    42  ht32f1655_56_pdma.o(i.PDMA_Config)
    PDMA_Configuration                       0x0000064d   Thumb Code    92  mpu6050.o(i.PDMA_Configuration)
    PDMA_EnaCmd                              0x000006ad   Thumb Code    34  ht32f1655_56_pdma.o(i.PDMA_EnaCmd)
    PDMA_IntConig                            0x000006d5   Thumb Code    40  ht32f1655_56_pdma.o(i.PDMA_IntConig)
    PDMA_SwTrigCmd                           0x00000705   Thumb Code    34  ht32f1655_56_pdma.o(i.PDMA_SwTrigCmd)
    PWRCU_WriteBackupRegister                0x0000072d   Thumb Code    12  ht32f1655_56_pwrcu.o(i.PWRCU_WriteBackupRegister)
    PendSV_Handler                           0x0000073d   Thumb Code     2  ht32f165x_it.o(i.PendSV_Handler)
    RTC_GetFlagStatus                        0x00000741   Thumb Code     8  ht32f1655_56_rtc.o(i.RTC_GetFlagStatus)
    RTC_IRQHandler                           0x0000074d   Thumb Code    32  ht32f165x_it.o(i.RTC_IRQHandler)
    RTC_SetCompare                           0x00000775   Thumb Code     6  ht32f1655_56_rtc.o(i.RTC_SetCompare)
    SCCB_GPIO_Config                         0x00000781   Thumb Code    42  sccb.o(i.SCCB_GPIO_Config)
    SCCB_ReadByte                            0x000007b1   Thumb Code   250  sccb.o(i.SCCB_ReadByte)
    SCCB_WriteByte                           0x000009f9   Thumb Code    62  sccb.o(i.SCCB_WriteByte)
    SD_DisSelect                             0x00000a45   Thumb Code    24  sd.o(i.SD_DisSelect)
    SD_Init                                  0x00000a5d   Thumb Code   340  sd.o(i.SD_Init)
    SD_SPI_Init                              0x00000bb5   Thumb Code     4  sd.o(i.SD_SPI_Init)
    SD_Select                                0x00000bb9   Thumb Code    30  sd.o(i.SD_Select)
    SD_SendCmd                               0x00000bd7   Thumb Code   100  sd.o(i.SD_SendCmd)
    SERIAL_PutChar                           0x00000c5d   Thumb Code    32  ht32_serial.o(i.SERIAL_PutChar)
    SPI0_Init                                0x00000c7d   Thumb Code   106  spi.o(i.SPI0_Init)
    SPI0_ReadWriteByte                       0x00000cf1   Thumb Code    78  spi.o(i.SPI0_ReadWriteByte)
    SPI0_SetSpeed                            0x00000d41   Thumb Code    28  spi.o(i.SPI0_SetSpeed)
    SPI_Cmd                                  0x00000d61   Thumb Code    20  ht32f1655_56_spi.o(i.SPI_Cmd)
    SPI_GetFlagStatus                        0x00000d75   Thumb Code    14  ht32f1655_56_spi.o(i.SPI_GetFlagStatus)
    SPI_Init                                 0x00000d83   Thumb Code    74  ht32f1655_56_spi.o(i.SPI_Init)
    SPI_ReceiveData                          0x00000dcd   Thumb Code     6  ht32f1655_56_spi.o(i.SPI_ReceiveData)
    SPI_SELOutputCmd                         0x00000dd3   Thumb Code    20  ht32f1655_56_spi.o(i.SPI_SELOutputCmd)
    SPI_SendData                             0x00000de7   Thumb Code     4  ht32f1655_56_spi.o(i.SPI_SendData)
    SPI_SoftwareSELCmd                       0x00000deb   Thumb Code    20  ht32f1655_56_spi.o(i.SPI_SoftwareSELCmd)
    SVC_Handler                              0x00000dff   Thumb Code     2  ht32f165x_it.o(i.SVC_Handler)
    SYSTICK_ClockSourceConfig                0x00000e01   Thumb Code    24  ht32_cm3_misc.o(i.SYSTICK_ClockSourceConfig)
    SYSTICK_Config                           0x00000e19   Thumb Code    28  delay.o(i.SYSTICK_Config)
    SYSTICK_CounterCmd                       0x00000e35   Thumb Code    32  ht32_cm3_misc.o(i.SYSTICK_CounterCmd)
    SYSTICK_IntConfig                        0x00000e55   Thumb Code    24  ht32_cm3_misc.o(i.SYSTICK_IntConfig)
    SYSTICK_SetReloadValue                   0x00000e6d   Thumb Code     8  ht32_cm3_misc.o(i.SYSTICK_SetReloadValue)
    SysTick_Handler                          0x00000e75   Thumb Code     4  ht32f165x_it.o(i.SysTick_Handler)
    SystemInit                               0x00000e79   Thumb Code    78  system_ht32f165x.o(i.SystemInit)
    TimingDelay                              0x00000ed5   Thumb Code    16  delay.o(i.TimingDelay)
    TryInitSD                                0x00000ee9   Thumb Code    60  sd.o(i.TryInitSD)
    USART_GetLineStatus                      0x00000f81   Thumb Code    10  ht32f1655_56_usart.o(i.USART_GetLineStatus)
    USART_Init                               0x00000f8b   Thumb Code    52  ht32f1655_56_usart.o(i.USART_Init)
    USART_RxCmd                              0x00000fbf   Thumb Code    20  ht32f1655_56_usart.o(i.USART_RxCmd)
    USART_RxPDMACmd                          0x00000fd3   Thumb Code    20  ht32f1655_56_usart.o(i.USART_RxPDMACmd)
    USART_SendData                           0x00000fe7   Thumb Code     4  ht32f1655_56_usart.o(i.USART_SendData)
    USART_TxCmd                              0x00000feb   Thumb Code    20  ht32f1655_56_usart.o(i.USART_TxCmd)
    UsageFault_Handler                       0x00000fff   Thumb Code     2  ht32f165x_it.o(i.UsageFault_Handler)
    VSYNC_Init                               0x00001001   Thumb Code    86  ov7725.o(i.VSYNC_Init)
    __0printf$8                              0x00001061   Thumb Code    22  printf8.o(i.__0printf$8)
    __1printf$8                              0x00001061   Thumb Code     0  printf8.o(i.__0printf$8)
    __2printf                                0x00001061   Thumb Code     0  printf8.o(i.__0printf$8)
    __scatterload_copy                       0x00001081   Thumb Code    14  handlers.o(i.__scatterload_copy)
    __scatterload_null                       0x0000108f   Thumb Code     2  handlers.o(i.__scatterload_null)
    __scatterload_zeroinit                   0x00001091   Thumb Code    14  handlers.o(i.__scatterload_zeroinit)
    delay_ms                                 0x00001501   Thumb Code    36  delay.o(i.delay_ms)
    fputc                                    0x00001529   Thumb Code     4  ht32_retarget.o(i.fputc)
    main                                     0x0000152d   Thumb Code    84  main.o(i.main)
    Region$$Table$$Base                      0x000015b8   Number         0  anon$$obj.o(Region$$Table)
    Region$$Table$$Limit                     0x000015d8   Number         0  anon$$obj.o(Region$$Table)
    SD_Type                                  0x20000000   Data           1  sd.o(.data)
    gwTimeDisplay                            0x20000008   Data           4  rtc.o(.data)
    OV7725_REG_NUM                           0x2000000c   Data           1  ov7725.o(.data)
    Sensor_Config                            0x2000000d   Data         154  ov7725.o(.data)
    Ov7725_vsync                             0x200000a7   Data           1  ov7725.o(.data)
    __stdout                                 0x200000a8   Data           4  ht32_retarget.o(.data)
    SPI_InitStructure                        0x200000ac   Data          44  spi.o(.bss)
    MPU_Data                                 0x200000d8   Data          33  mpu6050.o(.bss)
    __initial_sp                             0x20000300   Data           0  startup_ht32f165x.o(STACK)



==============================================================================

Memory Map of the image

  Image Entry point : 0x00000155

  Load Region LR_1 (Base: 0x00000000, Size: 0x00001684, Max: 0xffffffff, ABSOLUTE)

    Execution Region ER_RO (Base: 0x00000000, Size: 0x000015d8, Max: 0xffffffff, ABSOLUTE)

    Base Addr    Size         Type   Attr      Idx    E Section Name        Object

    0x00000000   0x00000178   Code   RO         1078  * RESET               startup_ht32f165x.o
    0x00000178   0x00000000   Code   RO         5034  * .ARM.Collect$$$$00000000  mc_w.l(entry.o)
    0x00000178   0x00000004   Code   RO         5306    .ARM.Collect$$$$00000001  mc_w.l(entry2.o)
    0x0000017c   0x00000004   Code   RO         5309    .ARM.Collect$$$$00000004  mc_w.l(entry5.o)
    0x00000180   0x00000000   Code   RO         5311    .ARM.Collect$$$$00000008  mc_w.l(entry7b.o)
    0x00000180   0x00000000   Code   RO         5313    .ARM.Collect$$$$0000000A  mc_w.l(entry8b.o)
    0x00000180   0x00000008   Code   RO         5314    .ARM.Collect$$$$0000000B  mc_w.l(entry9a.o)
    0x00000188   0x00000000   Code   RO         5316    .ARM.Collect$$$$0000000D  mc_w.l(entry10a.o)
    0x00000188   0x00000000   Code   RO         5318    .ARM.Collect$$$$0000000F  mc_w.l(entry11a.o)
    0x00000188   0x00000004   Code   RO         5307    .ARM.Collect$$$$00002712  mc_w.l(entry2.o)
    0x0000018c   0x00000062   Code   RO         5322    .text               mc_w.l(uldiv.o)
    0x000001ee   0x00000002   PAD
    0x000001f0   0x00000024   Code   RO         5339    .text               mc_w.l(init.o)
    0x00000214   0x0000001e   Code   RO         5341    .text               mc_w.l(llshl.o)
    0x00000232   0x00000020   Code   RO         5343    .text               mc_w.l(llushr.o)
    0x00000252   0x00000002   PAD
    0x00000254   0x0000002c   Code   RO         2063    i.AFIO_EXTISourceConfig  ht32f1655_56_gpio.o
    0x00000280   0x00000064   Code   RO         2064    i.AFIO_GPxConfig    ht32f1655_56_gpio.o
    0x000002e4   0x00000002   Code   RO          199    i.BusFault_Handler  ht32f165x_it.o
    0x000002e6   0x00000002   PAD
    0x000002e8   0x00000054   Code   RO         1459    i.CKCU_GetClocksFrequency  ht32f1655_56_ckcu.o
    0x0000033c   0x00000040   Code   RO         1461    i.CKCU_GetPLLFrequency  ht32f1655_56_ckcu.o
    0x0000037c   0x00000010   Code   RO         1463    i.CKCU_GetUSARTClockFreq  ht32f1655_56_ckcu.o
    0x0000038c   0x00000024   Code   RO         1474    i.CKCU_PeripClockConfig  ht32f1655_56_ckcu.o
    0x000003b0   0x00000002   Code   RO          200    i.DebugMon_Handler  ht32f165x_it.o
    0x000003b2   0x00000002   PAD
    0x000003b4   0x00000060   Code   RO          201    i.EXTI7_IRQHandler  ht32f165x_it.o
    0x00000414   0x00000014   Code   RO         1859    i.EXTI_ClearWakeupFlag  ht32f1655_56_exti.o
    0x00000428   0x00000018   Code   RO         1862    i.EXTI_GetSWCmdStatus  ht32f1655_56_exti.o
    0x00000440   0x0000001c   Code   RO         1865    i.EXTI_IntConfig    ht32f1655_56_exti.o
    0x0000045c   0x0000001c   Code   RO         1866    i.EXTI_SWIntCmd     ht32f1655_56_exti.o
    0x00000478   0x0000002c   Code   RO         1867    i.EXTI_WakeupEventConfig  ht32f1655_56_exti.o
    0x000004a4   0x00000004   Code   RO         2065    i.GPIO_ClearOutBits  ht32f1655_56_gpio.o
    0x000004a8   0x00000010   Code   RO         2067    i.GPIO_DirectionConfig  ht32f1655_56_gpio.o
    0x000004b8   0x00000010   Code   RO         2069    i.GPIO_InputConfig  ht32f1655_56_gpio.o
    0x000004c8   0x00000028   Code   RO         2074    i.GPIO_PullResistorConfig  ht32f1655_56_gpio.o
    0x000004f0   0x0000000a   Code   RO         2075    i.GPIO_ReadInBit    ht32f1655_56_gpio.o
    0x000004fa   0x00000004   Code   RO         2079    i.GPIO_SetOutBits   ht32f1655_56_gpio.o
    0x000004fe   0x00000002   Code   RO          202    i.HardFault_Handler  ht32f165x_it.o
    0x00000500   0x0000007c   Code   RO          313    i.Init_USART        usart.o
    0x0000057c   0x00000002   Code   RO          203    i.MemManage_Handler  ht32f165x_it.o
    0x0000057e   0x00000002   Code   RO          204    i.NMI_Handler       ht32f165x_it.o
    0x00000580   0x00000044   Code   RO          573    i.Ov7725_GPIO_Config  ov7725.o
    0x000005c4   0x00000058   Code   RO          574    i.Ov7725_Init       ov7725.o
    0x0000061c   0x00000030   Code   RO         3305    i.PDMA_Config       ht32f1655_56_pdma.o
    0x0000064c   0x00000060   Code   RO          675    i.PDMA_Configuration  mpu6050.o
    0x000006ac   0x00000028   Code   RO         3306    i.PDMA_EnaCmd       ht32f1655_56_pdma.o
    0x000006d4   0x00000030   Code   RO         3308    i.PDMA_IntConig     ht32f1655_56_pdma.o
    0x00000704   0x00000028   Code   RO         3309    i.PDMA_SwTrigCmd    ht32f1655_56_pdma.o
    0x0000072c   0x00000010   Code   RO         3386    i.PWRCU_WriteBackupRegister  ht32f1655_56_pwrcu.o
    0x0000073c   0x00000002   Code   RO          205    i.PendSV_Handler    ht32f165x_it.o
    0x0000073e   0x00000002   PAD
    0x00000740   0x0000000c   Code   RO         3568    i.RTC_GetFlagStatus  ht32f1655_56_rtc.o
    0x0000074c   0x00000028   Code   RO          206    i.RTC_IRQHandler    ht32f165x_it.o
    0x00000774   0x0000000c   Code   RO         3578    i.RTC_SetCompare    ht32f1655_56_rtc.o
    0x00000780   0x00000030   Code   RO          613    i.SCCB_GPIO_Config  sccb.o
    0x000007b0   0x00000100   Code   RO          614    i.SCCB_ReadByte     sccb.o
    0x000008b0   0x00000058   Code   RO          615    i.SCCB_SendByte     sccb.o
    0x00000908   0x00000058   Code   RO          616    i.SCCB_Start        sccb.o
    0x00000960   0x0000003c   Code   RO          617    i.SCCB_Stop         sccb.o
    0x0000099c   0x0000005c   Code   RO          618    i.SCCB_WaitAck      sccb.o
    0x000009f8   0x0000003e   Code   RO          619    i.SCCB_WriteByte    sccb.o
    0x00000a36   0x0000000e   Code   RO          620    i.SCCB_delay        sccb.o
    0x00000a44   0x00000018   Code   RO          376    i.SD_DisSelect      sd.o
    0x00000a5c   0x00000158   Code   RO          378    i.SD_Init           sd.o
    0x00000bb4   0x00000004   Code   RO          381    i.SD_SPI_Init       sd.o
    0x00000bb8   0x0000001e   Code   RO          382    i.SD_Select         sd.o
    0x00000bd6   0x00000064   Code   RO          384    i.SD_SendCmd        sd.o
    0x00000c3a   0x00000022   Code   RO          385    i.SD_WaitReady      sd.o
    0x00000c5c   0x00000020   Code   RO         4619    i.SERIAL_PutChar    ht32_serial.o
    0x00000c7c   0x00000074   Code   RO          337    i.SPI0_Init         spi.o
    0x00000cf0   0x0000004e   Code   RO          338    i.SPI0_ReadWriteByte  spi.o
    0x00000d3e   0x00000002   PAD
    0x00000d40   0x00000020   Code   RO          339    i.SPI0_SetSpeed     spi.o
    0x00000d60   0x00000014   Code   RO         3815    i.SPI_Cmd           ht32f1655_56_spi.o
    0x00000d74   0x0000000e   Code   RO         3823    i.SPI_GetFlagStatus  ht32f1655_56_spi.o
    0x00000d82   0x0000004a   Code   RO         3824    i.SPI_Init          ht32f1655_56_spi.o
    0x00000dcc   0x00000006   Code   RO         3827    i.SPI_ReceiveData   ht32f1655_56_spi.o
    0x00000dd2   0x00000014   Code   RO         3830    i.SPI_SELOutputCmd  ht32f1655_56_spi.o
    0x00000de6   0x00000004   Code   RO         3831    i.SPI_SendData      ht32f1655_56_spi.o
    0x00000dea   0x00000014   Code   RO         3834    i.SPI_SoftwareSELCmd  ht32f1655_56_spi.o
    0x00000dfe   0x00000002   Code   RO          207    i.SVC_Handler       ht32f165x_it.o
    0x00000e00   0x00000018   Code   RO         1175    i.SYSTICK_ClockSourceConfig  ht32_cm3_misc.o
    0x00000e18   0x0000001c   Code   RO          473    i.SYSTICK_Config    delay.o
    0x00000e34   0x00000020   Code   RO         1176    i.SYSTICK_CounterCmd  ht32_cm3_misc.o
    0x00000e54   0x00000018   Code   RO         1177    i.SYSTICK_IntConfig  ht32_cm3_misc.o
    0x00000e6c   0x00000008   Code   RO         1178    i.SYSTICK_SetReloadValue  ht32_cm3_misc.o
    0x00000e74   0x00000004   Code   RO          208    i.SysTick_Handler   ht32f165x_it.o
    0x00000e78   0x0000005c   Code   RO         1044    i.SystemInit        system_ht32f165x.o
    0x00000ed4   0x00000014   Code   RO          474    i.TimingDelay       delay.o
    0x00000ee8   0x00000098   Code   RO          387    i.TryInitSD         sd.o
    0x00000f80   0x0000000a   Code   RO         3970    i.USART_GetLineStatus  ht32f1655_56_usart.o
    0x00000f8a   0x00000034   Code   RO         3973    i.USART_Init        ht32f1655_56_usart.o
    0x00000fbe   0x00000014   Code   RO         3985    i.USART_RxCmd       ht32f1655_56_usart.o
    0x00000fd2   0x00000014   Code   RO         3986    i.USART_RxPDMACmd   ht32f1655_56_usart.o
    0x00000fe6   0x00000004   Code   RO         3987    i.USART_SendData    ht32f1655_56_usart.o
    0x00000fea   0x00000014   Code   RO         3999    i.USART_TxCmd       ht32f1655_56_usart.o
    0x00000ffe   0x00000002   Code   RO          209    i.UsageFault_Handler  ht32f165x_it.o
    0x00001000   0x00000060   Code   RO          575    i.VSYNC_Init        ov7725.o
    0x00001060   0x00000020   Code   RO         5246    i.__0printf$8       mc_w.l(printf8.o)
    0x00001080   0x0000000e   Code   RO         5349    i.__scatterload_copy  mc_w.l(handlers.o)
    0x0000108e   0x00000002   Code   RO         5350    i.__scatterload_null  mc_w.l(handlers.o)
    0x00001090   0x0000000e   Code   RO         5351    i.__scatterload_zeroinit  mc_w.l(handlers.o)
    0x0000109e   0x00000002   PAD
    0x000010a0   0x00000408   Code   RO         5253    i._printf_core      mc_w.l(printf8.o)
    0x000014a8   0x00000026   Code   RO         5254    i._printf_post_padding  mc_w.l(printf8.o)
    0x000014ce   0x00000030   Code   RO         5255    i._printf_pre_padding  mc_w.l(printf8.o)
    0x000014fe   0x00000002   PAD
    0x00001500   0x00000028   Code   RO          475    i.delay_ms          delay.o
    0x00001528   0x00000004   Code   RO         4558    i.fputc             ht32_retarget.o
    0x0000152c   0x0000008c   Code   RO            4    i.main              main.o
    0x000015b8   0x00000020   Data   RO         5347    Region$$Table       anon$$obj.o


    Execution Region ER_RW (Base: 0x20000000, Size: 0x000000ac, Max: 0xffffffff, ABSOLUTE)

    Base Addr    Size         Type   Attr      Idx    E Section Name        Object

    0x20000000   0x00000001   Data   RW          390    .data               sd.o
    0x20000001   0x00000003   PAD
    0x20000004   0x00000004   Data   RW          476    .data               delay.o
    0x20000008   0x00000004   Data   RW          518    .data               rtc.o
    0x2000000c   0x0000009b   Data   RW          576    .data               ov7725.o
    0x200000a7   0x00000001   Data   RW          577    .data               ov7725.o
    0x200000a8   0x00000004   Data   RW         4559    .data               ht32_retarget.o


    Execution Region ER_ZI (Base: 0x200000ac, Size: 0x00000254, Max: 0xffffffff, ABSOLUTE)

    Base Addr    Size         Type   Attr      Idx    E Section Name        Object

    0x200000ac   0x0000002c   Zero   RW          340    .bss                spi.o
    0x200000d8   0x00000021   Zero   RW          676    .bss                mpu6050.o
    0x200000f9   0x00000007   PAD
    0x20000100   0x00000200   Zero   RW         1076    STACK               startup_ht32f165x.o


==============================================================================

Image component sizes


      Code (inc. data)   RO Data    RW Data    ZI Data      Debug   Object Name

        88          8          0          4          0       1386   delay.o
        88          0          0          0          0       1986   ht32_cm3_misc.o
         4          0          0          4          0       2298   ht32_retarget.o
        32          0          0          0          0        501   ht32_serial.o
       200         24          0          0          0       4480   ht32f1655_56_ckcu.o
       144         28          0          0          0       2643   ht32f1655_56_exti.o
       234         12          0          0          0       4776   ht32f1655_56_gpio.o
       176         26          0          0          0       2441   ht32f1655_56_pdma.o
        16          4          0          0          0        492   ht32f1655_56_pwrcu.o
        24         10          0          0          0        929   ht32f1655_56_rtc.o
       158          0          0          0          0       4202   ht32f1655_56_spi.o
       126          0          0          0          0       4626   ht32f1655_56_usart.o
       156         16          0          0          0       4314   ht32f165x_it.o
       140         56          0          0          0      44307   main.o
        96          4          0          0         33       1109   mpu6050.o
       252         18          0        156          0       4700   ov7725.o
         0          0          0          4          0      22143   rtc.o
       708         34          0          0          0       4372   sccb.o
       688         96          0          1          0       4263   sd.o
       226         14          0          0         44       1641   spi.o
       376        348          0          0        512        708   startup_ht32f165x.o
        92         14          0          0          0        421   system_ht32f165x.o
       124          4          0          0          0        845   usart.o

    ----------------------------------------------------------------------
      4156        716         32        172        596     119583   Object Totals
         0          0         32          0          0          0   (incl. Generated)
         8          0          0          3          7          0   (incl. Padding)

    ----------------------------------------------------------------------

      Code (inc. data)   RO Data    RW Data    ZI Data      Debug   Library Member Name

         0          0          0          0          0          0   entry.o
         0          0          0          0          0          0   entry10a.o
         0          0          0          0          0          0   entry11a.o
         8          4          0          0          0          0   entry2.o
         4          0          0          0          0          0   entry5.o
         0          0          0          0          0          0   entry7b.o
         0          0          0          0          0          0   entry8b.o
         8          4          0          0          0          0   entry9a.o
        30          0          0          0          0          0   handlers.o
        36          8          0          0          0         68   init.o
        30          0          0          0          0         68   llshl.o
        32          0          0          0          0         68   llushr.o
      1150         54          0          0          0        352   printf8.o
        98          0          0          0          0         92   uldiv.o

    ----------------------------------------------------------------------
      1404         70          0          0          0        648   Library Totals
         8          0          0          0          0          0   (incl. Padding)

    ----------------------------------------------------------------------

      Code (inc. data)   RO Data    RW Data    ZI Data      Debug   Library Name

      1396         70          0          0          0        648   mc_w.l

    ----------------------------------------------------------------------
      1404         70          0          0          0        648   Library Totals

    ----------------------------------------------------------------------

==============================================================================


      Code (inc. data)   RO Data    RW Data    ZI Data      Debug   

      5560        786         32        172        596     115863   Grand Totals
      5560        786         32        172        596     115863   ELF Image Totals
      5560        786         32        172          0          0   ROM Totals

==============================================================================

    Total RO  Size (Code + RO Data)                 5592 (   5.46kB)
    Total RW  Size (RW Data + ZI Data)               768 (   0.75kB)
    Total ROM Size (Code + RO Data + RW Data)       5764 (   5.63kB)

==============================================================================

