ARM Linker, 5.03 [Build 76] [MDK-ARM Standard]

==============================================================================

Section Cross References

    main.o(i.PDMA_Configuration) refers to ht32f1655_56_ckcu.o(i.CKCU_PeripClockConfig) for CKCU_PeripClockConfig
    main.o(i.PDMA_Configuration) refers to ht32f1655_56_usart.o(i.USART_RxPDMACmd) for USART_RxPDMACmd
    main.o(i.PDMA_Configuration) refers to ht32f1655_56_pdma.o(i.PDMA_Config) for PDMA_Config
    main.o(i.PDMA_Configuration) refers to ht32f1655_56_pdma.o(i.PDMA_IntConig) for PDMA_IntConig
    main.o(i.PDMA_Configuration) refers to ht32f1655_56_pdma.o(i.PDMA_EnaCmd) for PDMA_EnaCmd
    main.o(i.PDMA_Configuration) refers to ht32f1655_56_pdma.o(i.PDMA_SwTrigCmd) for PDMA_SwTrigCmd
    main.o(i.PDMA_Configuration) refers to main.o(.bss) for .bss
    main.o(i.main) refers to delay.o(i.SYSTICK_Config) for SYSTICK_Config
    main.o(i.main) refers to usart.o(i.Init_USART) for Init_USART
    main.o(i.main) refers to main.o(i.PDMA_Configuration) for PDMA_Configuration
    main.o(i.main) refers to sd.o(i.SD_SPI_Init) for SD_SPI_Init
    main.o(i.main) refers to sd.o(i.TryInitSD) for TryInitSD
    main.o(i.main) refers to sdfs_app.o(i.sdfs_app_test) for sdfs_app_test
    main.o(i.main) refers to ht32f1655_56_pdma.o(i.PDMA_GetFlagStatus) for PDMA_GetFlagStatus
    main.o(i.main) refers to ht32f1655_56_pdma.o(i.PDMA_ClearFlag) for PDMA_ClearFlag
    main.o(i.main) refers to main.o(i.Data_Check) for Data_Check
    main.o(i.main) refers to ht32f1655_56_usart.o(i.USART_SendData) for USART_SendData
    main.o(i.main) refers to main.o(.bss) for .bss
    main.o(i.main) refers to main.o(.data) for .data
    ht32f165x_it.o(i.SysTick_Handler) refers to delay.o(i.TimingDelay) for TimingDelay
    sdfs_app.o(i.sdfs_app_test) refers to ff.o(i.f_mount) for f_mount
    sdfs_app.o(i.sdfs_app_test) refers to printf5.o(i.__0printf$5) for __2printf
    sdfs_app.o(i.sdfs_app_test) refers to ff.o(i.f_open) for f_open
    sdfs_app.o(i.sdfs_app_test) refers to ff.o(i.f_printf) for f_printf
    sdfs_app.o(i.sdfs_app_test) refers to ff.o(i.f_close) for f_close
    sdfs_app.o(i.sdfs_app_test) refers to sdfs_app.o(.data) for .data
    sdfs_app.o(i.sdfs_app_test) refers to sdfs_app.o(.bss) for .bss
    sdfs_app.o(.data) refers to sdfs_app.o(.conststring) for .conststring
    usart.o(i.Init_USART) refers to ht32f1655_56_ckcu.o(i.CKCU_PeripClockConfig) for CKCU_PeripClockConfig
    usart.o(i.Init_USART) refers to ht32f1655_56_gpio.o(i.AFIO_GPxConfig) for AFIO_GPxConfig
    usart.o(i.Init_USART) refers to ht32f1655_56_usart.o(i.USART_Init) for USART_Init
    usart.o(i.Init_USART) refers to ht32f1655_56_usart.o(i.USART_TxCmd) for USART_TxCmd
    usart.o(i.Init_USART) refers to ht32f1655_56_usart.o(i.USART_RxCmd) for USART_RxCmd
    spi.o(i.SPI0_Init) refers to ht32f1655_56_ckcu.o(i.CKCU_PeripClockConfig) for CKCU_PeripClockConfig
    spi.o(i.SPI0_Init) refers to ht32f1655_56_gpio.o(i.GPIO_PullResistorConfig) for GPIO_PullResistorConfig
    spi.o(i.SPI0_Init) refers to ht32f1655_56_gpio.o(i.AFIO_GPxConfig) for AFIO_GPxConfig
    spi.o(i.SPI0_Init) refers to ht32f1655_56_spi.o(i.SPI_Init) for SPI_Init
    spi.o(i.SPI0_Init) refers to ht32f1655_56_spi.o(i.SPI_SELOutputCmd) for SPI_SELOutputCmd
    spi.o(i.SPI0_Init) refers to ht32f1655_56_spi.o(i.SPI_Cmd) for SPI_Cmd
    spi.o(i.SPI0_Init) refers to spi.o(.bss) for .bss
    spi.o(i.SPI0_ReadWriteByte) refers to ht32f1655_56_spi.o(i.SPI_GetFlagStatus) for SPI_GetFlagStatus
    spi.o(i.SPI0_ReadWriteByte) refers to ht32f1655_56_spi.o(i.SPI_SendData) for SPI_SendData
    spi.o(i.SPI0_ReadWriteByte) refers to ht32f1655_56_spi.o(i.SPI_ReceiveData) for SPI_ReceiveData
    spi.o(i.SPI0_SetSpeed) refers to ht32f1655_56_spi.o(i.SPI_Init) for SPI_Init
    spi.o(i.SPI0_SetSpeed) refers to ht32f1655_56_spi.o(i.SPI_Cmd) for SPI_Cmd
    spi.o(i.SPI0_SetSpeed) refers to spi.o(.bss) for .bss
    sd.o(i.SD_DisSelect) refers to ht32f1655_56_spi.o(i.SPI_SoftwareSELCmd) for SPI_SoftwareSELCmd
    sd.o(i.SD_DisSelect) refers to spi.o(i.SPI0_ReadWriteByte) for SPI0_ReadWriteByte
    sd.o(i.SD_GetResponse) refers to spi.o(i.SPI0_ReadWriteByte) for SPI0_ReadWriteByte
    sd.o(i.SD_Init) refers to spi.o(i.SPI0_SetSpeed) for SPI0_SetSpeed
    sd.o(i.SD_Init) refers to spi.o(i.SPI0_ReadWriteByte) for SPI0_ReadWriteByte
    sd.o(i.SD_Init) refers to sd.o(i.SD_SendCmd) for SD_SendCmd
    sd.o(i.SD_Init) refers to sd.o(i.SD_DisSelect) for SD_DisSelect
    sd.o(i.SD_Init) refers to sd.o(.data) for .data
    sd.o(i.SD_ReadDisk) refers to sd.o(i.SD_SendCmd) for SD_SendCmd
    sd.o(i.SD_ReadDisk) refers to sd.o(i.SD_RecvData) for SD_RecvData
    sd.o(i.SD_ReadDisk) refers to sd.o(i.SD_DisSelect) for SD_DisSelect
    sd.o(i.SD_ReadDisk) refers to sd.o(.data) for .data
    sd.o(i.SD_RecvData) refers to sd.o(i.SD_GetResponse) for SD_GetResponse
    sd.o(i.SD_RecvData) refers to spi.o(i.SPI0_ReadWriteByte) for SPI0_ReadWriteByte
[...]
    Removing ht32f1655_56_gptm.o(i.GPTM_SinglePulseModeCmd), (20 bytes).
    Removing ht32f1655_56_gptm.o(i.GPTM_SlaveModeConfig), (12 bytes).
    Removing ht32f1655_56_gptm.o(i.GPTM_StiConfig), (24 bytes).
    Removing ht32f1655_56_gptm.o(i.GPTM_TimSyncCmd), (20 bytes).
    Removing ht32f1655_56_gptm.o(i.GPTM_TimeBaseInit), (42 bytes).
    Removing ht32f1655_56_gptm.o(i.GPTM_TimeBaseStructInit), (20 bytes).
    Removing ht32f1655_56_gptm.o(i.GPTM_UEVG_IntConfig), (20 bytes).
    Removing ht32f1655_56_gptm.o(i.GPTM_UpdateCmd), (20 bytes).
    Removing ht32f1655_56_gptm.o(i.gptm_CHx_Config), (64 bytes).
    Removing ht32f1655_56_i2c.o(.rev16_text), (4 bytes).
    Removing ht32f1655_56_i2c.o(.revsh_text), (4 bytes).
    Removing ht32f1655_56_i2c.o(.rrx_text), (6 bytes).
    Removing ht32f1655_56_i2c.o(i.I2C_AckCmd), (20 bytes).
    Removing ht32f1655_56_i2c.o(i.I2C_AddressMaskConfig), (4 bytes).
    Removing ht32f1655_56_i2c.o(i.I2C_CheckStatus), (14 bytes).
    Removing ht32f1655_56_i2c.o(i.I2C_ClearFlag), (4 bytes).
    Removing ht32f1655_56_i2c.o(i.I2C_Cmd), (20 bytes).
    Removing ht32f1655_56_i2c.o(i.I2C_CombFilterCmd), (20 bytes).
    Removing ht32f1655_56_i2c.o(i.I2C_DeInit), (28 bytes).
    Removing ht32f1655_56_i2c.o(i.I2C_GeneralCallCmd), (20 bytes).
    Removing ht32f1655_56_i2c.o(i.I2C_GenerateSTOP), (10 bytes).
    Removing ht32f1655_56_i2c.o(i.I2C_GetAddressBuffer), (6 bytes).
    Removing ht32f1655_56_i2c.o(i.I2C_GetFlagStatus), (10 bytes).
    Removing ht32f1655_56_i2c.o(i.I2C_Init), (134 bytes).
    Removing ht32f1655_56_i2c.o(i.I2C_IntConfig), (16 bytes).
    Removing ht32f1655_56_i2c.o(i.I2C_PDMACmd), (16 bytes).
    Removing ht32f1655_56_i2c.o(i.I2C_PDMANACKCmd), (20 bytes).
    Removing ht32f1655_56_i2c.o(i.I2C_ReadRegister), (10 bytes).
    Removing ht32f1655_56_i2c.o(i.I2C_ReceiveData), (6 bytes).
    Removing ht32f1655_56_i2c.o(i.I2C_SendData), (4 bytes).
    Removing ht32f1655_56_i2c.o(i.I2C_SequentialFilterConfig), (112 bytes).
    Removing ht32f1655_56_i2c.o(i.I2C_SetOwnAddress), (4 bytes).
    Removing ht32f1655_56_i2c.o(i.I2C_SetSCLHighPeriod), (4 bytes).
    Removing ht32f1655_56_i2c.o(i.I2C_SetSCLLowPeriod), (4 bytes).
    Removing ht32f1655_56_i2c.o(i.I2C_SetTimeOutPrescaler), (10 bytes).
    Removing ht32f1655_56_i2c.o(i.I2C_SetTimeOutValue), (12 bytes).
    Removing ht32f1655_56_i2c.o(i.I2C_StructInit), (20 bytes).
    Removing ht32f1655_56_i2c.o(i.I2C_TargetAddressConfig), (16 bytes).
    Removing ht32f1655_56_i2c.o(i.I2C_TimeOutCmd), (20 bytes).
    Removing ht32f1655_56_i2s.o(.rev16_text), (4 bytes).
    Removing ht32f1655_56_i2s.o(.revsh_text), (4 bytes).
    Removing ht32f1655_56_i2s.o(.rrx_text), (6 bytes).
    Removing ht32f1655_56_i2s.o(i.I2S_ClearFlag), (12 bytes).
    Removing ht32f1655_56_i2s.o(i.I2S_Cmd), (28 bytes).
    Removing ht32f1655_56_i2s.o(i.I2S_DeInit), (14 bytes).
    Removing ht32f1655_56_i2s.o(i.I2S_FIFOReset), (16 bytes).
    Removing ht32f1655_56_i2s.o(i.I2S_FIFOTrigLevelConfig), (40 bytes).
    Removing ht32f1655_56_i2s.o(i.I2S_GetFIFOStatus), (24 bytes).
    Removing ht32f1655_56_i2s.o(i.I2S_GetFlagStatus), (20 bytes).
    Removing ht32f1655_56_i2s.o(i.I2S_Init), (112 bytes).
    Removing ht32f1655_56_i2s.o(i.I2S_IntConfig), (24 bytes).
    Removing ht32f1655_56_i2s.o(i.I2S_PDMACmd), (24 bytes).
    Removing ht32f1655_56_i2s.o(i.I2S_TxMuteCmd), (28 bytes).
    Removing ht32f1655_56_mctm.o(.rev16_text), (4 bytes).
    Removing ht32f1655_56_mctm.o(.revsh_text), (4 bytes).
    Removing ht32f1655_56_mctm.o(.rrx_text), (6 bytes).
    Removing ht32f1655_56_mctm.o(i.MCTM_CHBRKCTRConfig), (54 bytes).
    Removing ht32f1655_56_mctm.o(i.MCTM_CHBRKCTRStructInit), (28 bytes).
    Removing ht32f1655_56_mctm.o(i.MCTM_CHCCDSConfig), (20 bytes).
    Removing ht32f1655_56_mctm.o(i.MCTM_CHCCRPreloadConfig), (24 bytes).
    Removing ht32f1655_56_mctm.o(i.MCTM_CHMOECmd), (20 bytes).
    Removing ht32f1655_56_mctm.o(i.MCTM_CHPSCConfig), (20 bytes).
    Removing ht32f1655_56_mctm.o(i.MCTM_CKDIVConfig), (16 bytes).
    Removing ht32f1655_56_mctm.o(i.MCTM_COMPRECmd), (20 bytes).
    Removing ht32f1655_56_mctm.o(i.MCTM_COMUSConfig), (20 bytes).
    Removing ht32f1655_56_mctm.o(i.MCTM_CRRPreloadCmd), (20 bytes).
    Removing ht32f1655_56_mctm.o(i.MCTM_CaptureInit), (36 bytes).
    Removing ht32f1655_56_mctm.o(i.MCTM_CaptureStructInit), (18 bytes).
    Removing ht32f1655_56_mctm.o(i.MCTM_ChExternalClockConfig), (48 bytes).
    Removing ht32f1655_56_mctm.o(i.MCTM_ChNPolarityConfig), (22 bytes).
    Removing ht32f1655_56_mctm.o(i.MCTM_ChPolarityConfig), (20 bytes).
    Removing ht32f1655_56_mctm.o(i.MCTM_ChannelConfig), (24 bytes).
    Removing ht32f1655_56_mctm.o(i.MCTM_ChannelNConfig), (26 bytes).
    Removing ht32f1655_56_mctm.o(i.MCTM_ClearFlag), (10 bytes).
    Removing ht32f1655_56_mctm.o(i.MCTM_ClearIntPendingBit), (10 bytes).
    Removing ht32f1655_56_mctm.o(i.MCTM_ClearOREFConfig), (24 bytes).
    Removing ht32f1655_56_mctm.o(i.MCTM_Cmd), (20 bytes).
    Removing ht32f1655_56_mctm.o(i.MCTM_CounterModeConfig), (24 bytes).
    Removing ht32f1655_56_mctm.o(i.MCTM_DeInit), (28 bytes).
    Removing ht32f1655_56_mctm.o(i.MCTM_DecoderConfig), (56 bytes).
    Removing ht32f1655_56_mctm.o(i.MCTM_EtiConfig), (24 bytes).
    Removing ht32f1655_56_mctm.o(i.MCTM_EtiExternalClockConfig), (18 bytes).
    Removing ht32f1655_56_mctm.o(i.MCTM_ForcedOREF0), (14 bytes).
    Removing ht32f1655_56_mctm.o(i.MCTM_ForcedOREF1), (14 bytes).
    Removing ht32f1655_56_mctm.o(i.MCTM_ForcedOREF2), (14 bytes).
    Removing ht32f1655_56_mctm.o(i.MCTM_ForcedOREF3), (14 bytes).
    Removing ht32f1655_56_mctm.o(i.MCTM_GenerateEvent), (4 bytes).
    Removing ht32f1655_56_mctm.o(i.MCTM_GetCaptureCompare0), (6 bytes).
    Removing ht32f1655_56_mctm.o(i.MCTM_GetCaptureCompare1), (6 bytes).
    Removing ht32f1655_56_mctm.o(i.MCTM_GetCaptureCompare2), (6 bytes).
    Removing ht32f1655_56_mctm.o(i.MCTM_GetCaptureCompare3), (6 bytes).
    Removing ht32f1655_56_mctm.o(i.MCTM_GetCounter), (6 bytes).
    Removing ht32f1655_56_mctm.o(i.MCTM_GetFlagStatus), (10 bytes).
    Removing ht32f1655_56_mctm.o(i.MCTM_GetIntStatus), (22 bytes).
    Removing ht32f1655_56_mctm.o(i.MCTM_GetPrescaler), (6 bytes).
    Removing ht32f1655_56_mctm.o(i.MCTM_HallInterfaceCmd), (20 bytes).
    Removing ht32f1655_56_mctm.o(i.MCTM_ImmActiveConfig), (24 bytes).
    Removing ht32f1655_56_mctm.o(i.MCTM_IntConfig), (16 bytes).
    Removing ht32f1655_56_mctm.o(i.MCTM_InternalClockConfig), (10 bytes).
    Removing ht32f1655_56_mctm.o(i.MCTM_ItiExternalClockConfig), (18 bytes).
    Removing ht32f1655_56_mctm.o(i.MCTM_MMSELConfig), (12 bytes).
    Removing ht32f1655_56_mctm.o(i.MCTM_OutputInit), (126 bytes).
    Removing ht32f1655_56_mctm.o(i.MCTM_OutputModeConfig), (32 bytes).
    Removing ht32f1655_56_mctm.o(i.MCTM_OutputStructInit), (24 bytes).
    Removing ht32f1655_56_mctm.o(i.MCTM_PDMAConfig), (16 bytes).
    Removing ht32f1655_56_mctm.o(i.MCTM_PrescalerConfig), (8 bytes).
    Removing ht32f1655_56_mctm.o(i.MCTM_PwmInputInit), (90 bytes).
    Removing ht32f1655_56_mctm.o(i.MCTM_SetAsymmetricCompare0), (6 bytes).
    Removing ht32f1655_56_mctm.o(i.MCTM_SetAsymmetricCompare1), (6 bytes).
    Removing ht32f1655_56_mctm.o(i.MCTM_SetAsymmetricCompare2), (6 bytes).
    Removing ht32f1655_56_mctm.o(i.MCTM_SetAsymmetricCompare3), (6 bytes).
    Removing ht32f1655_56_mctm.o(i.MCTM_SetCaptureCompare0), (6 bytes).
    Removing ht32f1655_56_mctm.o(i.MCTM_SetCaptureCompare1), (6 bytes).
    Removing ht32f1655_56_mctm.o(i.MCTM_SetCaptureCompare2), (6 bytes).
    Removing ht32f1655_56_mctm.o(i.MCTM_SetCaptureCompare3), (6 bytes).
    Removing ht32f1655_56_mctm.o(i.MCTM_SetCounter), (6 bytes).
    Removing ht32f1655_56_mctm.o(i.MCTM_SetCounterReload), (6 bytes).
    Removing ht32f1655_56_mctm.o(i.MCTM_SinglePulseModeCmd), (20 bytes).
    Removing ht32f1655_56_mctm.o(i.MCTM_SlaveModeConfig), (12 bytes).
    Removing ht32f1655_56_mctm.o(i.MCTM_StiConfig), (24 bytes).
    Removing ht32f1655_56_mctm.o(i.MCTM_TimSyncCmd), (20 bytes).
    Removing ht32f1655_56_mctm.o(i.MCTM_TimeBaseInit), (48 bytes).
    Removing ht32f1655_56_mctm.o(i.MCTM_TimeBaseStructInit), (22 bytes).
    Removing ht32f1655_56_mctm.o(i.MCTM_UEV1G_IntConfig), (20 bytes).
    Removing ht32f1655_56_mctm.o(i.MCTM_UpdateCmd), (20 bytes).
    Removing ht32f1655_56_mctm.o(i.mctm_CHx_Config), (64 bytes).
    Removing ht32f1655_56_pdma.o(.rev16_text), (4 bytes).
    Removing ht32f1655_56_pdma.o(.revsh_text), (4 bytes).
    Removing ht32f1655_56_pdma.o(.rrx_text), (6 bytes).
    Removing ht32f1655_56_pdma.o(i.PDMA_TranSizeConfig), (24 bytes).
    Removing ht32f1655_56_pwrcu.o(.rev16_text), (4 bytes).
    Removing ht32f1655_56_pwrcu.o(.revsh_text), (4 bytes).
    Removing ht32f1655_56_pwrcu.o(.rrx_text), (6 bytes).
    Removing ht32f1655_56_pwrcu.o(i.PWRCU_BODCmd), (12 bytes).
    Removing ht32f1655_56_pwrcu.o(i.PWRCU_BODRISConfig), (12 bytes).
    Removing ht32f1655_56_pwrcu.o(i.PWRCU_CheckReadyAccessed), (72 bytes).
    Removing ht32f1655_56_pwrcu.o(i.PWRCU_DMOSCmd), (24 bytes).
    Removing ht32f1655_56_pwrcu.o(i.PWRCU_DeInit), (32 bytes).
    Removing ht32f1655_56_pwrcu.o(i.PWRCU_DeepSleep1), (64 bytes).
    Removing ht32f1655_56_pwrcu.o(i.PWRCU_DeepSleep2), (80 bytes).
    Removing ht32f1655_56_pwrcu.o(i.PWRCU_GetBODFlagStatus), (12 bytes).
    Removing ht32f1655_56_pwrcu.o(i.PWRCU_GetDMOSStatus), (32 bytes).
    Removing ht32f1655_56_pwrcu.o(i.PWRCU_GetFlagStatus), (28 bytes).
    Removing ht32f1655_56_pwrcu.o(i.PWRCU_GetLVDFlagStatus), (12 bytes).
    Removing ht32f1655_56_pwrcu.o(i.PWRCU_HSIReadyCounterBitLengthConfig), (12 bytes).
    Removing ht32f1655_56_pwrcu.o(i.PWRCU_LVDCmd), (12 bytes).
    Removing ht32f1655_56_pwrcu.o(i.PWRCU_LVDEventWakeupConfig), (12 bytes).
    Removing ht32f1655_56_pwrcu.o(i.PWRCU_LVDIntWakeupConfig), (12 bytes).
    Removing ht32f1655_56_pwrcu.o(i.PWRCU_PowerDown), (76 bytes).
    Removing ht32f1655_56_pwrcu.o(i.PWRCU_ReadBackupRegister), (16 bytes).
    Removing ht32f1655_56_pwrcu.o(i.PWRCU_SetLVDS), (20 bytes).
    Removing ht32f1655_56_pwrcu.o(i.PWRCU_Sleep), (24 bytes).
    Removing ht32f1655_56_pwrcu.o(i.PWRCU_V18RDYSourceConfig), (12 bytes).
    Removing ht32f1655_56_pwrcu.o(i.PWRCU_WakeupPinCmd), (28 bytes).
    Removing ht32f1655_56_pwrcu.o(i.PWRCU_WakeupPinIntConfig), (12 bytes).
    Removing ht32f1655_56_pwrcu.o(i.PWRCU_WriteBackupRegister), (16 bytes).
    Removing ht32f1655_56_rstcu.o(.rev16_text), (4 bytes).
    Removing ht32f1655_56_rstcu.o(.revsh_text), (4 bytes).
    Removing ht32f1655_56_rstcu.o(.rrx_text), (6 bytes).
    Removing ht32f1655_56_rstcu.o(i.RSTCU_ClearAllResetFlag), (12 bytes).
    Removing ht32f1655_56_rstcu.o(i.RSTCU_ClearResetFlag), (16 bytes).
    Removing ht32f1655_56_rstcu.o(i.RSTCU_GetResetFlagStatus), (24 bytes).
    Removing ht32f1655_56_rstcu.o(i.RSTCU_PeripReset), (44 bytes).
    Removing ht32f1655_56_rtc.o(.rev16_text), (4 bytes).
    Removing ht32f1655_56_rtc.o(.revsh_text), (4 bytes).
    Removing ht32f1655_56_rtc.o(.rrx_text), (6 bytes).
    Removing ht32f1655_56_rtc.o(i.RTC_CMPCLRCmd), (12 bytes).
    Removing ht32f1655_56_rtc.o(i.RTC_ClockSourceConfig), (12 bytes).
    Removing ht32f1655_56_rtc.o(i.RTC_Cmd), (12 bytes).
    Removing ht32f1655_56_rtc.o(i.RTC_DeInit), (40 bytes).
    Removing ht32f1655_56_rtc.o(i.RTC_GetCompare), (12 bytes).
    Removing ht32f1655_56_rtc.o(i.RTC_GetCounter), (12 bytes).
    Removing ht32f1655_56_rtc.o(i.RTC_GetFlagStatus), (12 bytes).
    Removing ht32f1655_56_rtc.o(i.RTC_GetOutStatus), (12 bytes).
    Removing ht32f1655_56_rtc.o(i.RTC_GetPrescaler), (20 bytes).
    Removing ht32f1655_56_rtc.o(i.RTC_IntConfig), (24 bytes).
    Removing ht32f1655_56_rtc.o(i.RTC_LSECmd), (44 bytes).
    Removing ht32f1655_56_rtc.o(i.RTC_LSESMConfig), (12 bytes).
    Removing ht32f1655_56_rtc.o(i.RTC_LSICmd), (44 bytes).
    Removing ht32f1655_56_rtc.o(i.RTC_LSILoadTrimData), (40 bytes).
    Removing ht32f1655_56_rtc.o(i.RTC_OutCmd), (12 bytes).
    Removing ht32f1655_56_rtc.o(i.RTC_OutConfig), (20 bytes).
    Removing ht32f1655_56_rtc.o(i.RTC_SetCompare), (12 bytes).
    Removing ht32f1655_56_rtc.o(i.RTC_SetPrescaler), (20 bytes).
    Removing ht32f1655_56_rtc.o(i.RTC_WakeupConfig), (24 bytes).
    Removing ht32f1655_56_sci.o(.rev16_text), (4 bytes).
    Removing ht32f1655_56_sci.o(.revsh_text), (4 bytes).
    Removing ht32f1655_56_sci.o(.rrx_text), (6 bytes).
    Removing ht32f1655_56_sci.o(i.SCI_ClearFlag), (30 bytes).
    Removing ht32f1655_56_sci.o(i.SCI_ClockModeConfig), (20 bytes).
    Removing ht32f1655_56_sci.o(i.SCI_Cmd), (20 bytes).
    Removing ht32f1655_56_sci.o(i.SCI_DeInit), (14 bytes).
    Removing ht32f1655_56_sci.o(i.SCI_ETUConfig), (6 bytes).
    Removing ht32f1655_56_sci.o(i.SCI_GetFlagStatus), (14 bytes).
    Removing ht32f1655_56_sci.o(i.SCI_Init), (32 bytes).
    Removing ht32f1655_56_sci.o(i.SCI_IntConfig), (16 bytes).
    Removing ht32f1655_56_sci.o(i.SCI_OutputDIO), (20 bytes).
    Removing ht32f1655_56_sci.o(i.SCI_PDMACmd), (16 bytes).
    Removing ht32f1655_56_sci.o(i.SCI_ReceiveData), (6 bytes).
    Removing ht32f1655_56_sci.o(i.SCI_SendData), (4 bytes).
    Removing ht32f1655_56_sci.o(i.SCI_SetGuardTimeValue), (4 bytes).
    Removing ht32f1655_56_sci.o(i.SCI_SetWaitingTimeValue), (4 bytes).
    Removing ht32f1655_56_sci.o(i.SCI_SoftwareClockCmd), (20 bytes).
    Removing ht32f1655_56_sci.o(i.SCI_StructInit), (14 bytes).
    Removing ht32f1655_56_sci.o(i.SCI_WaitingTimeCounterCmd), (20 bytes).
    Removing ht32f1655_56_spi.o(.rev16_text), (4 bytes).
    Removing ht32f1655_56_spi.o(.revsh_text), (4 bytes).
    Removing ht32f1655_56_spi.o(.rrx_text), (6 bytes).
    Removing ht32f1655_56_spi.o(i.SPI_ClearFlag), (4 bytes).
    Removing ht32f1655_56_spi.o(i.SPI_DUALCmd), (20 bytes).
    Removing ht32f1655_56_spi.o(i.SPI_DeInit), (24 bytes).
    Removing ht32f1655_56_spi.o(i.SPI_FIFOCmd), (20 bytes).
    Removing ht32f1655_56_spi.o(i.SPI_FIFOTriggerLevelConfig), (30 bytes).
    Removing ht32f1655_56_spi.o(i.SPI_GUADTCmd), (20 bytes).
    Removing ht32f1655_56_spi.o(i.SPI_GUADTSPI_GUADTConfig), (16 bytes).
    Removing ht32f1655_56_spi.o(i.SPI_GetFIFOStatus), (20 bytes).
    Removing ht32f1655_56_spi.o(i.SPI_IntConfig), (16 bytes).
    Removing ht32f1655_56_spi.o(i.SPI_PDMACmd), (16 bytes).
    Removing ht32f1655_56_spi.o(i.SPI_SELHTConfig), (10 bytes).
    Removing ht32f1655_56_spi.o(i.SPI_SELModeConfig), (20 bytes).
    Removing ht32f1655_56_spi.o(i.SPI_SetDataLength), (16 bytes).
    Removing ht32f1655_56_spi.o(i.SPI_SetTimeOutValue), (4 bytes).
    Removing ht32f1655_56_spi.o(i.SPI_StructInit), (28 bytes).
    Removing ht32f1655_56_usart.o(.rev16_text), (4 bytes).
    Removing ht32f1655_56_usart.o(.revsh_text), (4 bytes).
    Removing ht32f1655_56_usart.o(.rrx_text), (6 bytes).
    Removing ht32f1655_56_usart.o(i.USART_DeInit), (60 bytes).
    Removing ht32f1655_56_usart.o(i.USART_FIFOReset), (8 bytes).
    Removing ht32f1655_56_usart.o(i.USART_ForceBreakCmd), (20 bytes).
    Removing ht32f1655_56_usart.o(i.USART_ForceModemPinState), (20 bytes).
    Removing ht32f1655_56_usart.o(i.USART_GetFIFOStatus), (18 bytes).
    Removing ht32f1655_56_usart.o(i.USART_GetIntID), (6 bytes).
    Removing ht32f1655_56_usart.o(i.USART_GetModemStatus), (6 bytes).
    Removing ht32f1655_56_usart.o(i.USART_HardwareFlowControlCmd), (20 bytes).
    Removing ht32f1655_56_usart.o(i.USART_IntConfig), (16 bytes).
    Removing ht32f1655_56_usart.o(i.USART_IrDACmd), (20 bytes).
    Removing ht32f1655_56_usart.o(i.USART_IrDAConfig), (20 bytes).
    Removing ht32f1655_56_usart.o(i.USART_IrDADirectionConfig), (20 bytes).
    Removing ht32f1655_56_usart.o(i.USART_IrDAInvtInputCmd), (20 bytes).
    Removing ht32f1655_56_usart.o(i.USART_IrDAInvtOutputCmd), (20 bytes).
    Removing ht32f1655_56_usart.o(i.USART_RFITLConfig), (12 bytes).
    Removing ht32f1655_56_usart.o(i.USART_RS485AADCmd), (20 bytes).
    Removing ht32f1655_56_usart.o(i.USART_RS485NMMCmd), (20 bytes).
    Removing ht32f1655_56_usart.o(i.USART_RS485TxEnablePolarityConfig), (20 bytes).
    Removing ht32f1655_56_usart.o(i.USART_ReceiveData), (6 bytes).
    Removing ht32f1655_56_usart.o(i.USART_SetAddressMatchValue), (14 bytes).
    Removing ht32f1655_56_usart.o(i.USART_SetGuardTime), (14 bytes).
    Removing ht32f1655_56_usart.o(i.USART_SetIrDAPrescaler), (14 bytes).
    Removing ht32f1655_56_usart.o(i.USART_SetTimeOutValue), (12 bytes).
    Removing ht32f1655_56_usart.o(i.USART_StickParityCmd), (20 bytes).
    Removing ht32f1655_56_usart.o(i.USART_StickParityConfig), (20 bytes).
    Removing ht32f1655_56_usart.o(i.USART_StructInit), (20 bytes).
    Removing ht32f1655_56_usart.o(i.USART_SynClockInit), (26 bytes).
    Removing ht32f1655_56_usart.o(i.USART_SynClockStructInit), (12 bytes).
    Removing ht32f1655_56_usart.o(i.USART_TFITLConfig), (12 bytes).
    Removing ht32f1655_56_usart.o(i.USART_TimeOutIntConfig), (20 bytes).
    Removing ht32f1655_56_usart.o(i.USART_TxPDMACmd), (20 bytes).
    Removing ht32f1655_56_usbd.o(.rev16_text), (4 bytes).
    Removing ht32f1655_56_usbd.o(.revsh_text), (4 bytes).
    Removing ht32f1655_56_usbd.o(.rrx_text), (6 bytes).
    Removing ht32f1655_56_usbd.o(i.USBD_ClearINT), (12 bytes).
    Removing ht32f1655_56_usbd.o(i.USBD_DPWakeUpCmd), (28 bytes).
    Removing ht32f1655_56_usbd.o(i.USBD_DPpullupCmd), (28 bytes).
    Removing ht32f1655_56_usbd.o(i.USBD_DeInit), (12 bytes).
    Removing ht32f1655_56_usbd.o(i.USBD_DisableINT), (16 bytes).
    Removing ht32f1655_56_usbd.o(i.USBD_EPTClearDTG), (16 bytes).
    Removing ht32f1655_56_usbd.o(i.USBD_EPTClearHalt), (16 bytes).
    Removing ht32f1655_56_usbd.o(i.USBD_EPTClearINT), (12 bytes).
    Removing ht32f1655_56_usbd.o(i.USBD_EPTEnableINT), (12 bytes).
    Removing ht32f1655_56_usbd.o(i.USBD_EPTGetBuffer0Addr), (24 bytes).
    Removing ht32f1655_56_usbd.o(i.USBD_EPTGetBuffer1Addr), (36 bytes).
    Removing ht32f1655_56_usbd.o(i.USBD_EPTGetBufferLen), (14 bytes).
    Removing ht32f1655_56_usbd.o(i.USBD_EPTGetHalt), (26 bytes).
    Removing ht32f1655_56_usbd.o(i.USBD_EPTGetINT), (14 bytes).
    Removing ht32f1655_56_usbd.o(i.USBD_EPTGetTransferCount), (18 bytes).
    Removing ht32f1655_56_usbd.o(i.USBD_EPTInit), (38 bytes).
    Removing ht32f1655_56_usbd.o(i.USBD_EPTReadMemory), (58 bytes).
    Removing ht32f1655_56_usbd.o(i.USBD_EPTReadOUTData), (48 bytes).
    Removing ht32f1655_56_usbd.o(i.USBD_EPTReset), (16 bytes).
    Removing ht32f1655_56_usbd.o(i.USBD_EPTSendSTALL), (12 bytes).
    Removing ht32f1655_56_usbd.o(i.USBD_EPTSetHalt), (20 bytes).
    Removing ht32f1655_56_usbd.o(i.USBD_EPTWaitSTALLSent), (36 bytes).
    Removing ht32f1655_56_usbd.o(i.USBD_EPTWriteINData), (72 bytes).
    Removing ht32f1655_56_usbd.o(i.USBD_EnableINT), (16 bytes).
    Removing ht32f1655_56_usbd.o(i.USBD_GetEPTnINTNumber), (32 bytes).
    Removing ht32f1655_56_usbd.o(i.USBD_GetINT), (16 bytes).
    Removing ht32f1655_56_usbd.o(i.USBD_Init), (4 bytes).
    Removing ht32f1655_56_usbd.o(i.USBD_PowerOff), (16 bytes).
    Removing ht32f1655_56_usbd.o(i.USBD_PowerOn), (16 bytes).
    Removing ht32f1655_56_usbd.o(i.USBD_PowerUp), (104 bytes).
    Removing ht32f1655_56_usbd.o(i.USBD_PreInit), (24 bytes).
    Removing ht32f1655_56_usbd.o(i.USBD_ReadSETUPData), (16 bytes).
    Removing ht32f1655_56_usbd.o(i.USBD_RemoteWakeup), (16 bytes).
    Removing ht32f1655_56_usbd.o(i.USBD_SRAMResetConditionCmd), (28 bytes).
    Removing ht32f1655_56_usbd.o(i.USBD_SetAddress), (20 bytes).
    Removing ht32f1655_56_usbd.o(i._USBD_CopyMemory), (16 bytes).
    Removing ht32f1655_56_usbd.o(i._USBD_GetEPTnAddr), (16 bytes).
    Removing ht32f1655_56_usbd.o(.data), (4 bytes).
    Removing ht32f1655_56_wdt.o(.rev16_text), (4 bytes).
    Removing ht32f1655_56_wdt.o(.revsh_text), (4 bytes).
    Removing ht32f1655_56_wdt.o(.rrx_text), (6 bytes).
    Removing ht32f1655_56_wdt.o(i.WDT_Cmd), (28 bytes).
    Removing ht32f1655_56_wdt.o(i.WDT_DeInit), (12 bytes).
    Removing ht32f1655_56_wdt.o(i.WDT_GetDeltaValue), (16 bytes).
    Removing ht32f1655_56_wdt.o(i.WDT_GetFlagStatus), (20 bytes).
    Removing ht32f1655_56_wdt.o(i.WDT_GetPrescaler), (24 bytes).
    Removing ht32f1655_56_wdt.o(i.WDT_GetReloadValue), (16 bytes).
    Removing ht32f1655_56_wdt.o(i.WDT_HaltConfig), (24 bytes).
    Removing ht32f1655_56_wdt.o(i.WDT_IntConfig), (28 bytes).
    Removing ht32f1655_56_wdt.o(i.WDT_LockCmd), (32 bytes).
    Removing ht32f1655_56_wdt.o(i.WDT_ProtectCmd), (24 bytes).
    Removing ht32f1655_56_wdt.o(i.WDT_ResetCmd), (28 bytes).
    Removing ht32f1655_56_wdt.o(i.WDT_Restart), (16 bytes).
    Removing ht32f1655_56_wdt.o(i.WDT_SetDeltaValue), (20 bytes).
    Removing ht32f1655_56_wdt.o(i.WDT_SetPrescaler), (20 bytes).
    Removing ht32f1655_56_wdt.o(i.WDT_SetReloadValue), (20 bytes).
    Removing ht32f1655_56_wdt.o(i.WDT_SourceConfig), (16 bytes).
    Removing ht32_retarget.o(.rev16_text), (4 bytes).
    Removing ht32_retarget.o(.revsh_text), (4 bytes).
    Removing ht32_retarget.o(.rrx_text), (6 bytes).
    Removing ht32_retarget.o(i.RETARGET_Configuration), (36 bytes).
    Removing ht32_retarget.o(i.__backspace), (4 bytes).
    Removing ht32_retarget.o(i._sys_exit), (2 bytes).
    Removing ht32_retarget.o(i._ttywrch), (4 bytes).
    Removing ht32_retarget.o(i.fgetc), (4 bytes).
    Removing ht32_retarget.o(.data), (4 bytes).
    Removing ht32_serial.o(.rev16_text), (4 bytes).
    Removing ht32_serial.o(.revsh_text), (4 bytes).
    Removing ht32_serial.o(.rrx_text), (6 bytes).
    Removing ht32_serial.o(i.SERIAL_GetChar), (28 bytes).
    Removing ht32_board.o(.rev16_text), (4 bytes).
    Removing ht32_board.o(.revsh_text), (4 bytes).
    Removing ht32_board.o(.rrx_text), (6 bytes).
    Removing ht32_board.o(i.HT32F_DVB_BuzzerFun), (288 bytes).
    Removing ht32_board.o(i.HT32F_DVB_BuzzerOutputCmd), (16 bytes).
    Removing ht32_board.o(i.HT32F_DVB_COMInit), (92 bytes).
    Removing ht32_board.o(i.HT32F_DVB_LEDInit), (88 bytes).
    Removing ht32_board.o(i.HT32F_DVB_LEDOff), (28 bytes).
    Removing ht32_board.o(i.HT32F_DVB_LEDOn), (28 bytes).
    Removing ht32_board.o(i.HT32F_DVB_LEDToggle), (32 bytes).
    Removing ht32_board.o(i.HT32F_DVB_PBGetState), (28 bytes).
    Removing ht32_board.o(i.HT32F_DVB_PBInit), (188 bytes).
    Removing ht32_board.o(i._HT32F_DVB_ClockConfig), (64 bytes).
    Removing ht32_board.o(.constdata), (80 bytes).
    Removing ebi_lcd.o(.rev16_text), (4 bytes).
    Removing ebi_lcd.o(.revsh_text), (4 bytes).
    Removing ebi_lcd.o(.rrx_text), (6 bytes).
    Removing ebi_lcd.o(i.LCD_BackColorSet), (12 bytes).
    Removing ebi_lcd.o(i.LCD_CharDisplay), (20 bytes).
    Removing ebi_lcd.o(i.LCD_CharDraw), (96 bytes).
    Removing ebi_lcd.o(i.LCD_CircleDraw), (204 bytes).
    Removing ebi_lcd.o(i.LCD_Clear), (32 bytes).
    Removing ebi_lcd.o(i.LCD_Config), (640 bytes).
    Removing ebi_lcd.o(i.LCD_DisplayOff), (8 bytes).
    Removing ebi_lcd.o(i.LCD_DisplayOn), (8 bytes).
    Removing ebi_lcd.o(i.LCD_Init), (348 bytes).
    Removing ebi_lcd.o(i.LCD_LineDraw), (76 bytes).
    Removing ebi_lcd.o(i.LCD_PicDraw), (84 bytes).
    Removing ebi_lcd.o(i.LCD_RectDraw), (60 bytes).
    Removing ebi_lcd.o(i.LCD_SetDisplayArea), (84 bytes).
    Removing ebi_lcd.o(i.LCD_StarterSet), (46 bytes).
    Removing ebi_lcd.o(i.LCD_StringLineDisplay), (40 bytes).
    Removing ebi_lcd.o(i.LCD_TextColorSet), (12 bytes).
    Removing ebi_lcd.o(i.LCD_WriteRAM), (8 bytes).
    Removing ebi_lcd.o(i.LCD_WriteRAMPrior), (10 bytes).
    Removing ebi_lcd.o(i.LCD_WriteRAMWord), (12 bytes).
    Removing ebi_lcd.o(i.LCD_WriteReg), (10 bytes).
    Removing ebi_lcd.o(i._delay), (28 bytes).
    Removing ebi_lcd.o(.data), (4564 bytes).
    Removing spi_flash.o(.rev16_text), (4 bytes).
    Removing spi_flash.o(.revsh_text), (4 bytes).
    Removing spi_flash.o(.rrx_text), (6 bytes).
    Removing spi_flash.o(i.SPI_FLASH_BlockErase), (68 bytes).
    Removing spi_flash.o(i.SPI_FLASH_BufferDualRead), (108 bytes).
    Removing spi_flash.o(i.SPI_FLASH_BufferRead), (80 bytes).
    Removing spi_flash.o(i.SPI_FLASH_BufferWrite), (190 bytes).
    Removing spi_flash.o(i.SPI_FLASH_ChipErase), (44 bytes).
    Removing spi_flash.o(i.SPI_FLASH_Init), (144 bytes).
    Removing spi_flash.o(i.SPI_FLASH_PageWrite), (88 bytes).
    Removing spi_flash.o(i.SPI_FLASH_ReadJEDECID), (68 bytes).
    Removing spi_flash.o(i.SPI_FLASH_SectorErase), (68 bytes).
    Removing spi_flash.o(i.SPI_FLASH_SendByte), (50 bytes).
    Removing spi_flash.o(i.SPI_FLASH_WaitForWriteEnd), (44 bytes).
    Removing spi_flash.o(i.SPI_FLASH_WriteDisable), (36 bytes).
    Removing spi_flash.o(i.SPI_FLASH_WriteEnable), (36 bytes).
    Removing spi_flash.o(i.SPI_FLASH_WriteStatus), (48 bytes).
    Removing i2c_eeprom.o(.rev16_text), (4 bytes).
    Removing i2c_eeprom.o(.revsh_text), (4 bytes).
    Removing i2c_eeprom.o(.rrx_text), (6 bytes).
    Removing i2c_eeprom.o(i.I2C_EEPROM_BufferRead), (184 bytes).
    Removing i2c_eeprom.o(i.I2C_EEPROM_BufferWrite), (56 bytes).
    Removing i2c_eeprom.o(i.I2C_EEPROM_Init), (80 bytes).
    Removing i2c_eeprom.o(i.I2C_EEPROM_PageWrite), (124 bytes).
    Removing i2c_eeprom.o(i._I2C_EEPROM_AckPolling), (60 bytes).
    Removing dadd.o(.text), (334 bytes).
    Removing dmul.o(.text), (228 bytes).
    Removing ddiv.o(.text), (222 bytes).
    Removing dfixul.o(.text), (48 bytes).
    Removing cdrcmple.o(.text), (40 bytes).
    Removing depilogue.o(.text), (190 bytes).

687 unused section(s) (total 25094 bytes) removed from the image.

==============================================================================

Image Symbol Table

    Local Symbols

    Symbol Name                              Value     Ov Type        Size  Object(Section)

    RESET                                    0x00000000   Section      376  startup_ht32f165x.o(RESET)
    ../clib/microlib/division.c              0x00000000   Number         0  uidiv.o ABSOLUTE
    ../clib/microlib/division.c              0x00000000   Number         0  uldiv.o ABSOLUTE
    ../clib/microlib/init/entry.s            0x00000000   Number         0  entry7b.o ABSOLUTE
    ../clib/microlib/init/entry.s            0x00000000   Number         0  entry9a.o ABSOLUTE
    ../clib/microlib/init/entry.s            0x00000000   Number         0  entry8b.o ABSOLUTE
    ../clib/microlib/init/entry.s            0x00000000   Number         0  entry8a.o ABSOLUTE
    ../clib/microlib/init/entry.s            0x00000000   Number         0  entry7a.o ABSOLUTE
    ../clib/microlib/init/entry.s            0x00000000   Number         0  entry11b.o ABSOLUTE
    ../clib/microlib/init/entry.s            0x00000000   Number         0  entry11a.o ABSOLUTE
    ../clib/microlib/init/entry.s            0x00000000   Number         0  entry10b.o ABSOLUTE
    ../clib/microlib/init/entry.s            0x00000000   Number         0  entry5.o ABSOLUTE
    ../clib/microlib/init/entry.s            0x00000000   Number         0  entry.o ABSOLUTE
    ../clib/microlib/init/entry.s            0x00000000   Number         0  entry10a.o ABSOLUTE
    ../clib/microlib/init/entry.s            0x00000000   Number         0  entry2.o ABSOLUTE
    ../clib/microlib/init/entry.s            0x00000000   Number         0  entry9b.o ABSOLUTE
    ../clib/microlib/longlong.c              0x00000000   Number         0  llsshr.o ABSOLUTE
    ../clib/microlib/longlong.c              0x00000000   Number         0  llushr.o ABSOLUTE
    ../clib/microlib/longlong.c              0x00000000   Number         0  llshl.o ABSOLUTE
    ../clib/microlib/printf/printf.c         0x00000000   Number         0  printfb.o ABSOLUTE
    ../clib/microlib/printf/printf.c         0x00000000   Number         0  printf2.o ABSOLUTE
    ../clib/microlib/printf/printf.c         0x00000000   Number         0  printf1.o ABSOLUTE
    ../clib/microlib/printf/printf.c         0x00000000   Number         0  printf3.o ABSOLUTE
    ../clib/microlib/printf/printf.c         0x00000000   Number         0  printf4.o ABSOLUTE
    ../clib/microlib/printf/printf.c         0x00000000   Number         0  printf5.o ABSOLUTE
    ../clib/microlib/printf/printf.c         0x00000000   Number         0  printf6.o ABSOLUTE
    ../clib/microlib/printf/printf.c         0x00000000   Number         0  printf7.o ABSOLUTE
    ../clib/microlib/printf/printf.c         0x00000000   Number         0  printf8.o ABSOLUTE
    ../clib/microlib/printf/printf.c         0x00000000   Number         0  printfa.o ABSOLUTE
    ../clib/microlib/printf/printf.c         0x00000000   Number         0  printf0.o ABSOLUTE
    ../clib/microlib/printf/stubs.s          0x00000000   Number         0  stubs.o ABSOLUTE
    ../clib/microlib/stubs.s                 0x00000000   Number         0  iusefp.o ABSOLUTE
    ../clib/microlib/stubs.s                 0x00000000   Number         0  useno.o ABSOLUTE
    ../fplib/microlib/fpadd.c                0x00000000   Number         0  dadd.o ABSOLUTE
    ../fplib/microlib/fpdiv.c                0x00000000   Number         0  ddiv.o ABSOLUTE
    ../fplib/microlib/fpepilogue.c           0x00000000   Number         0  depilogue.o ABSOLUTE
    ../fplib/microlib/fpfix.c                0x00000000   Number         0  dfixul.o ABSOLUTE
    ../fplib/microlib/fpmul.c                0x00000000   Number         0  dmul.o ABSOLUTE
    ..\..\Driver\DELAY\delay.c               0x00000000   Number         0  delay.o ABSOLUTE
    ..\..\Driver\SD\sd.c                     0x00000000   Number         0  sd.o ABSOLUTE
    ..\..\Driver\SPI\spi.c                   0x00000000   Number         0  spi.o ABSOLUTE
    ..\..\Driver\USART\usart.c               0x00000000   Number         0  usart.o ABSOLUTE
    ..\..\User\ht32f165x_it.c                0x00000000   Number         0  ht32f165x_it.o ABSOLUTE
    ..\..\User\main.c                        0x00000000   Number         0  main.o ABSOLUTE
    ..\..\User\sdfs_app\sdfs_app.c           0x00000000   Number         0  sdfs_app.o ABSOLUTE
    ..\..\ff11a\src\diskio.c                 0x00000000   Number         0  diskio.o ABSOLUTE
    ..\..\ff11a\src\ff.c                     0x00000000   Number         0  ff.o ABSOLUTE
    ..\..\library\HT32F1655_56_Driver\src\ht32_cm3_misc.c 0x00000000   Number         0  ht32_cm3_misc.o ABSOLUTE
    ..\..\library\HT32F1655_56_Driver\src\ht32_retarget.c 0x00000000   Number         0  ht32_retarget.o ABSOLUTE
    ..\..\library\HT32F1655_56_Driver\src\ht32_serial.c 0x00000000   Number         0  ht32_serial.o ABSOLUTE
    ..\..\library\HT32F1655_56_Driver\src\ht32f1655_56_adc.c 0x00000000   Number         0  ht32f1655_56_adc.o ABSOLUTE
    ..\..\library\HT32F1655_56_Driver\src\ht32f1655_56_bftm.c 0x00000000   Number         0  ht32f1655_56_bftm.o ABSOLUTE
    ..\..\library\HT32F1655_56_Driver\src\ht32f1655_56_ckcu.c 0x00000000   Number         0  ht32f1655_56_ckcu.o ABSOLUTE
    ..\..\library\HT32F1655_56_Driver\src\ht32f1655_56_cmp_op.c 0x00000000   Number         0  ht32f1655_56_cmp_op.o ABSOLUTE
    ..\..\library\HT32F1655_56_Driver\src\ht32f1655_56_crc.c 0x00000000   Number         0  ht32f1655_56_crc.o ABSOLUTE
    ..\..\library\HT32F1655_56_Driver\src\ht32f1655_56_ebi.c 0x00000000   Number         0  ht32f1655_56_ebi.o ABSOLUTE
    ..\..\library\HT32F1655_56_Driver\src\ht32f1655_56_exti.c 0x00000000   Number         0  ht32f1655_56_exti.o ABSOLUTE
    ..\..\library\HT32F1655_56_Driver\src\ht32f1655_56_flash.c 0x00000000   Number         0  ht32f1655_56_flash.o ABSOLUTE
    ..\..\library\HT32F1655_56_Driver\src\ht32f1655_56_gpio.c 0x00000000   Number         0  ht32f1655_56_gpio.o ABSOLUTE
    ..\..\library\HT32F1655_56_Driver\src\ht32f1655_56_gptm.c 0x00000000   Number         0  ht32f1655_56_gptm.o ABSOLUTE
    ..\..\library\HT32F1655_56_Driver\src\ht32f1655_56_i2c.c 0x00000000   Number         0  ht32f1655_56_i2c.o ABSOLUTE
    ..\..\library\HT32F1655_56_Driver\src\ht32f1655_56_i2s.c 0x00000000   Number         0  ht32f1655_56_i2s.o ABSOLUTE
    ..\..\library\HT32F1655_56_Driver\src\ht32f1655_56_mctm.c 0x00000000   Number         0  ht32f1655_56_mctm.o ABSOLUTE
    ..\..\library\HT32F1655_56_Driver\src\ht32f1655_56_pdma.c 0x00000000   Number         0  ht32f1655_56_pdma.o ABSOLUTE
    ..\..\library\HT32F1655_56_Driver\src\ht32f1655_56_pwrcu.c 0x00000000   Number         0  ht32f1655_56_pwrcu.o ABSOLUTE
    ..\..\library\HT32F1655_56_Driver\src\ht32f1655_56_rstcu.c 0x00000000   Number         0  ht32f1655_56_rstcu.o ABSOLUTE
    ..\..\library\HT32F1655_56_Driver\src\ht32f1655_56_rtc.c 0x00000000   Number         0  ht32f1655_56_rtc.o ABSOLUTE
    ..\..\library\HT32F1655_56_Driver\src\ht32f1655_56_sci.c 0x00000000   Number         0  ht32f1655_56_sci.o ABSOLUTE
    ..\..\library\HT32F1655_56_Driver\src\ht32f1655_56_spi.c 0x00000000   Number         0  ht32f1655_56_spi.o ABSOLUTE
    ..\..\library\HT32F1655_56_Driver\src\ht32f1655_56_usart.c 0x00000000   Number         0  ht32f1655_56_usart.o ABSOLUTE
    ..\..\library\HT32F1655_56_Driver\src\ht32f1655_56_usbd.c 0x00000000   Number         0  ht32f1655_56_usbd.o ABSOLUTE
    ..\..\library\HT32F1655_56_Driver\src\ht32f1655_56_wdt.c 0x00000000   Number         0  ht32f1655_56_wdt.o ABSOLUTE
    ..\..\library\HT32_USBD_Library\src\ht32_usbd_core.c 0x00000000   Number         0  ht32_usbd_core.o ABSOLUTE
    ..\..\utilities\common\ebi_lcd.c         0x00000000   Number         0  ebi_lcd.o ABSOLUTE
    ..\..\utilities\common\i2c_eeprom.c      0x00000000   Number         0  i2c_eeprom.o ABSOLUTE
    ..\..\utilities\common\spi_flash.c       0x00000000   Number         0  spi_flash.o ABSOLUTE
    ..\..\utilities\ht32_board.c             0x00000000   Number         0  ht32_board.o ABSOLUTE
    ..\MDK_ARM\ht32_op.s                     0x00000000   Number         0  ht32_op.o ABSOLUTE
    ..\\..\\Driver\\DELAY\\delay.c           0x00000000   Number         0  delay.o ABSOLUTE
    ..\\..\\Driver\\SD\\sd.c                 0x00000000   Number         0  sd.o ABSOLUTE
    ..\\..\\Driver\\SPI\\spi.c               0x00000000   Number         0  spi.o ABSOLUTE
    ..\\..\\Driver\\USART\\usart.c           0x00000000   Number         0  usart.o ABSOLUTE
    ..\\..\\User\\ht32f165x_it.c             0x00000000   Number         0  ht32f165x_it.o ABSOLUTE
    ..\\..\\User\\main.c                     0x00000000   Number         0  main.o ABSOLUTE
    ..\\..\\User\\sdfs_app\\sdfs_app.c       0x00000000   Number         0  sdfs_app.o ABSOLUTE
    ..\\..\\ff11a\\src\\diskio.c             0x00000000   Number         0  diskio.o ABSOLUTE
    ..\\..\\library\\HT32F1655_56_Driver\\src\\ht32_cm3_misc.c 0x00000000   Number         0  ht32_cm3_misc.o ABSOLUTE
    ..\\..\\library\\HT32F1655_56_Driver\\src\\ht32_retarget.c 0x00000000   Number         0  ht32_retarget.o ABSOLUTE
    ..\\..\\library\\HT32F1655_56_Driver\\src\\ht32_serial.c 0x00000000   Number         0  ht32_serial.o ABSOLUTE
    ..\\..\\library\\HT32F1655_56_Driver\\src\\ht32f1655_56_adc.c 0x00000000   Number         0  ht32f1655_56_adc.o ABSOLUTE
    ..\\..\\library\\HT32F1655_56_Driver\\src\\ht32f1655_56_bftm.c 0x00000000   Number         0  ht32f1655_56_bftm.o ABSOLUTE
    ..\\..\\library\\HT32F1655_56_Driver\\src\\ht32f1655_56_ckcu.c 0x00000000   Number         0  ht32f1655_56_ckcu.o ABSOLUTE
    ..\\..\\library\\HT32F1655_56_Driver\\src\\ht32f1655_56_cmp_op.c 0x00000000   Number         0  ht32f1655_56_cmp_op.o ABSOLUTE
    ..\\..\\library\\HT32F1655_56_Driver\\src\\ht32f1655_56_crc.c 0x00000000   Number         0  ht32f1655_56_crc.o ABSOLUTE
    ..\\..\\library\\HT32F1655_56_Driver\\src\\ht32f1655_56_ebi.c 0x00000000   Number         0  ht32f1655_56_ebi.o ABSOLUTE
    ..\\..\\library\\HT32F1655_56_Driver\\src\\ht32f1655_56_exti.c 0x00000000   Number         0  ht32f1655_56_exti.o ABSOLUTE
    ..\\..\\library\\HT32F1655_56_Driver\\src\\ht32f1655_56_flash.c 0x00000000   Number         0  ht32f1655_56_flash.o ABSOLUTE
    ..\\..\\library\\HT32F1655_56_Driver\\src\\ht32f1655_56_gpio.c 0x00000000   Number         0  ht32f1655_56_gpio.o ABSOLUTE
    ..\\..\\library\\HT32F1655_56_Driver\\src\\ht32f1655_56_gptm.c 0x00000000   Number         0  ht32f1655_56_gptm.o ABSOLUTE
    ..\\..\\library\\HT32F1655_56_Driver\\src\\ht32f1655_56_i2c.c 0x00000000   Number         0  ht32f1655_56_i2c.o ABSOLUTE
    ..\\..\\library\\HT32F1655_56_Driver\\src\\ht32f1655_56_i2s.c 0x00000000   Number         0  ht32f1655_56_i2s.o ABSOLUTE
    ..\\..\\library\\HT32F1655_56_Driver\\src\\ht32f1655_56_mctm.c 0x00000000   Number         0  ht32f1655_56_mctm.o ABSOLUTE
    ..\\..\\library\\HT32F1655_56_Driver\\src\\ht32f1655_56_pdma.c 0x00000000   Number         0  ht32f1655_56_pdma.o ABSOLUTE
    ..\\..\\library\\HT32F1655_56_Driver\\src\\ht32f1655_56_pwrcu.c 0x00000000   Number         0  ht32f1655_56_pwrcu.o ABSOLUTE
    ..\\..\\library\\HT32F1655_56_Driver\\src\\ht32f1655_56_rstcu.c 0x00000000   Number         0  ht32f1655_56_rstcu.o ABSOLUTE
    ..\\..\\library\\HT32F1655_56_Driver\\src\\ht32f1655_56_rtc.c 0x00000000   Number         0  ht32f1655_56_rtc.o ABSOLUTE
    ..\\..\\library\\HT32F1655_56_Driver\\src\\ht32f1655_56_sci.c 0x00000000   Number         0  ht32f1655_56_sci.o ABSOLUTE
    ..\\..\\library\\HT32F1655_56_Driver\\src\\ht32f1655_56_spi.c 0x00000000   Number         0  ht32f1655_56_spi.o ABSOLUTE
    ..\\..\\library\\HT32F1655_56_Driver\\src\\ht32f1655_56_usart.c 0x00000000   Number         0  ht32f1655_56_usart.o ABSOLUTE
    ..\\..\\library\\HT32F1655_56_Driver\\src\\ht32f1655_56_usbd.c 0x00000000   Number         0  ht32f1655_56_usbd.o ABSOLUTE
    ..\\..\\library\\HT32F1655_56_Driver\\src\\ht32f1655_56_wdt.c 0x00000000   Number         0  ht32f1655_56_wdt.o ABSOLUTE
    ..\\..\\library\\HT32_USBD_Library\\src\\ht32_usbd_core.c 0x00000000   Number         0  ht32_usbd_core.o ABSOLUTE
    ..\\..\\utilities\\common\\ebi_lcd.c     0x00000000   Number         0  ebi_lcd.o ABSOLUTE
    ..\\..\\utilities\\common\\i2c_eeprom.c  0x00000000   Number         0  i2c_eeprom.o ABSOLUTE
    ..\\..\\utilities\\common\\spi_flash.c   0x00000000   Number         0  spi_flash.o ABSOLUTE
    ..\\..\\utilities\\ht32_board.c          0x00000000   Number         0  ht32_board.o ABSOLUTE
    ..\\system_ht32f165x.c                   0x00000000   Number         0  system_ht32f165x.o ABSOLUTE
    ..\system_ht32f165x.c                    0x00000000   Number         0  system_ht32f165x.o ABSOLUTE
    cdrcmple.s                               0x00000000   Number         0  cdrcmple.o ABSOLUTE
    dc.s                                     0x00000000   Number         0  dc.o ABSOLUTE
    handlers.s                               0x00000000   Number         0  handlers.o ABSOLUTE
    init.s                                   0x00000000   Number         0  init.o ABSOLUTE
    startup_ht32f165x.s                      0x00000000   Number         0  startup_ht32f165x.o ABSOLUTE
    .ARM.Collect$$$$00000000                 0x00000178   Section        0  entry.o(.ARM.Collect$$$$00000000)
    .ARM.Collect$$$$00000001                 0x00000178   Section        4  entry2.o(.ARM.Collect$$$$00000001)
    .ARM.Collect$$$$00000004                 0x0000017c   Section        4  entry5.o(.ARM.Collect$$$$00000004)
    .ARM.Collect$$$$00000008                 0x00000180   Section        0  entry7b.o(.ARM.Collect$$$$00000008)
    .ARM.Collect$$$$0000000A                 0x00000180   Section        0  entry8b.o(.ARM.Collect$$$$0000000A)
    .ARM.Collect$$$$0000000B                 0x00000180   Section        8  entry9a.o(.ARM.Collect$$$$0000000B)
    .ARM.Collect$$$$0000000D                 0x00000188   Section        0  entry10a.o(.ARM.Collect$$$$0000000D)
    .ARM.Collect$$$$0000000F                 0x00000188   Section        0  entry11a.o(.ARM.Collect$$$$0000000F)
    .ARM.Collect$$$$00002712                 0x00000188   Section        4  entry2.o(.ARM.Collect$$$$00002712)
    __lit__00000000                          0x00000188   Data           4  entry2.o(.ARM.Collect$$$$00002712)
    .text                                    0x0000018c   Section        0  uldiv.o(.text)
    .text                                    0x000001f0   Section       36  init.o(.text)
    .text                                    0x00000214   Section        0  llshl.o(.text)
    .text                                    0x00000232   Section        0  llushr.o(.text)
    i.AFIO_GPxConfig                         0x00000254   Section        0  ht32f1655_56_gpio.o(i.AFIO_GPxConfig)
    i.BusFault_Handler                       0x000002b8   Section        0  ht32f165x_it.o(i.BusFault_Handler)
    i.CKCU_GetClocksFrequency                0x000002bc   Section        0  ht32f1655_56_ckcu.o(i.CKCU_GetClocksFrequency)
    i.CKCU_GetPLLFrequency                   0x00000310   Section        0  ht32f1655_56_ckcu.o(i.CKCU_GetPLLFrequency)
    i.CKCU_GetUSARTClockFreq                 0x00000350   Section        0  ht32f1655_56_ckcu.o(i.CKCU_GetUSARTClockFreq)
    i.CKCU_PeripClockConfig                  0x00000360   Section        0  ht32f1655_56_ckcu.o(i.CKCU_PeripClockConfig)
    i.Data_Check                             0x00000384   Section        0  main.o(i.Data_Check)
    i.DebugMon_Handler                       0x00000398   Section        0  ht32f165x_it.o(i.DebugMon_Handler)
    i.GPIO_PullResistorConfig                0x0000039a   Section        0  ht32f1655_56_gpio.o(i.GPIO_PullResistorConfig)
    i.HardFault_Handler                      0x000003c2   Section        0  ht32f165x_it.o(i.HardFault_Handler)
    i.Init_USART                             0x000003c4   Section        0  usart.o(i.Init_USART)
    i.MemManage_Handler                      0x00000440   Section        0  ht32f165x_it.o(i.MemManage_Handler)
    i.NMI_Handler                            0x00000442   Section        0  ht32f165x_it.o(i.NMI_Handler)
    i.PDMA_ClearFlag                         0x00000444   Section        0  ht32f1655_56_pdma.o(i.PDMA_ClearFlag)
    i.PDMA_Config                            0x00000470   Section        0  ht32f1655_56_pdma.o(i.PDMA_Config)
    i.PDMA_Configuration                     0x000004a0   Section        0  main.o(i.PDMA_Configuration)
    i.PDMA_EnaCmd                            0x00000500   Section        0  ht32f1655_56_pdma.o(i.PDMA_EnaCmd)
    i.PDMA_GetFlagStatus                     0x00000528   Section        0  ht32f1655_56_pdma.o(i.PDMA_GetFlagStatus)
    i.PDMA_IntConig                          0x00000558   Section        0  ht32f1655_56_pdma.o(i.PDMA_IntConig)
    i.PDMA_SwTrigCmd                         0x00000588   Section        0  ht32f1655_56_pdma.o(i.PDMA_SwTrigCmd)
    i.PendSV_Handler                         0x000005b0   Section        0  ht32f165x_it.o(i.PendSV_Handler)
    i.SD_DisSelect                           0x000005b2   Section        0  sd.o(i.SD_DisSelect)
    i.SD_GetResponse                         0x000005ca   Section        0  sd.o(i.SD_GetResponse)
    i.SD_Init                                0x000005f4   Section        0  sd.o(i.SD_Init)
    i.SD_ReadDisk                            0x0000074c   Section        0  sd.o(i.SD_ReadDisk)
    i.SD_RecvData                            0x000007b8   Section        0  sd.o(i.SD_RecvData)
    i.SD_SPI_Init                            0x000007ee   Section        0  sd.o(i.SD_SPI_Init)
    i.SD_Select                              0x000007f2   Section        0  sd.o(i.SD_Select)
    i.SD_SendBlock                           0x00000810   Section        0  sd.o(i.SD_SendBlock)
    i.SD_SendCmd                             0x0000085e   Section        0  sd.o(i.SD_SendCmd)
    i.SD_WaitReady                           0x000008c2   Section        0  sd.o(i.SD_WaitReady)
    SD_WaitReady                             0x000008c3   Thumb Code    34  sd.o(i.SD_WaitReady)
    i.SD_WriteDisk                           0x000008e4   Section        0  sd.o(i.SD_WriteDisk)
    i.SERIAL_PutChar                         0x00000964   Section        0  ht32_serial.o(i.SERIAL_PutChar)
    i.SPI0_Init                              0x00000984   Section        0  spi.o(i.SPI0_Init)
    i.SPI0_ReadWriteByte                     0x000009f8   Section        0  spi.o(i.SPI0_ReadWriteByte)
    i.SPI0_SetSpeed                          0x00000a48   Section        0  spi.o(i.SPI0_SetSpeed)
    i.SPI_Cmd                                0x00000a68   Section        0  ht32f1655_56_spi.o(i.SPI_Cmd)
    i.SPI_GetFlagStatus                      0x00000a7c   Section        0  ht32f1655_56_spi.o(i.SPI_GetFlagStatus)
    i.SPI_Init                               0x00000a8a   Section        0  ht32f1655_56_spi.o(i.SPI_Init)
    i.SPI_ReceiveData                        0x00000ad4   Section        0  ht32f1655_56_spi.o(i.SPI_ReceiveData)
    i.SPI_SELOutputCmd                       0x00000ada   Section        0  ht32f1655_56_spi.o(i.SPI_SELOutputCmd)
    i.SPI_SendData                           0x00000aee   Section        0  ht32f1655_56_spi.o(i.SPI_SendData)
    i.SPI_SoftwareSELCmd                     0x00000af2   Section        0  ht32f1655_56_spi.o(i.SPI_SoftwareSELCmd)
    i.SVC_Handler                            0x00000b06   Section        0  ht32f165x_it.o(i.SVC_Handler)
    i.SYSTICK_ClockSourceConfig              0x00000b08   Section        0  ht32_cm3_misc.o(i.SYSTICK_ClockSourceConfig)
    i.SYSTICK_Config                         0x00000b20   Section        0  delay.o(i.SYSTICK_Config)
    i.SYSTICK_CounterCmd                     0x00000b3c   Section        0  ht32_cm3_misc.o(i.SYSTICK_CounterCmd)
    i.SYSTICK_IntConfig                      0x00000b5c   Section        0  ht32_cm3_misc.o(i.SYSTICK_IntConfig)
    i.SYSTICK_SetReloadValue                 0x00000b74   Section        0  ht32_cm3_misc.o(i.SYSTICK_SetReloadValue)
    i.SysTick_Handler                        0x00000b7c   Section        0  ht32f165x_it.o(i.SysTick_Handler)
    i.SystemInit                             0x00000b80   Section        0  system_ht32f165x.o(i.SystemInit)
    i.TimingDelay                            0x00000bdc   Section        0  delay.o(i.TimingDelay)
    i.TryInitSD                              0x00000bf0   Section        0  sd.o(i.TryInitSD)
    i.USART_GetLineStatus                    0x00000c88   Section        0  ht32f1655_56_usart.o(i.USART_GetLineStatus)
    i.USART_Init                             0x00000c92   Section        0  ht32f1655_56_usart.o(i.USART_Init)
    i.USART_RxCmd                            0x00000cc6   Section        0  ht32f1655_56_usart.o(i.USART_RxCmd)
    i.USART_RxPDMACmd                        0x00000cda   Section        0  ht32f1655_56_usart.o(i.USART_RxPDMACmd)
    i.USART_SendData                         0x00000cee   Section        0  ht32f1655_56_usart.o(i.USART_SendData)
    i.USART_TxCmd                            0x00000cf2   Section        0  ht32f1655_56_usart.o(i.USART_TxCmd)
    i.UsageFault_Handler                     0x00000d06   Section        0  ht32f165x_it.o(i.UsageFault_Handler)
    i.__0printf$5                            0x00000d08   Section        0  printf5.o(i.__0printf$5)
    i.__scatterload_copy                     0x00000d28   Section       14  handlers.o(i.__scatterload_copy)
    i.__scatterload_null                     0x00000d36   Section        2  handlers.o(i.__scatterload_null)
    i.__scatterload_zeroinit                 0x00000d38   Section       14  handlers.o(i.__scatterload_zeroinit)
    i._printf_core                           0x00000d48   Section        0  printf5.o(i._printf_core)
    _printf_core                             0x00000d49   Thumb Code   658  printf5.o(i._printf_core)
    i.check_fs                               0x00001008   Section        0  ff.o(i.check_fs)
    check_fs                                 0x00001009   Thumb Code    86  ff.o(i.check_fs)
    i.clust2sect                             0x00001064   Section        0  ff.o(i.clust2sect)
    i.create_chain                           0x0000107c   Section        0  ff.o(i.create_chain)
    create_chain                             0x0000107d   Thumb Code   158  ff.o(i.create_chain)
    i.create_name                            0x0000111c   Section        0  ff.o(i.create_name)
    create_name                              0x0000111d   Thumb Code   234  ff.o(i.create_name)
    i.delay_ms                               0x0000121c   Section        0  delay.o(i.delay_ms)
    i.dir_next                               0x00001244   Section        0  ff.o(i.dir_next)
    dir_next                                 0x00001245   Thumb Code   230  ff.o(i.dir_next)
    i.dir_register                           0x0000132a   Section        0  ff.o(i.dir_register)
    dir_register                             0x0000132b   Thumb Code   112  ff.o(i.dir_register)
    i.dir_sdi                                0x0000139a   Section        0  ff.o(i.dir_sdi)
    dir_sdi                                  0x0000139b   Thumb Code   124  ff.o(i.dir_sdi)
    i.disk_initialize                        0x00001416   Section        0  diskio.o(i.disk_initialize)
    i.disk_ioctl                             0x00001426   Section        0  diskio.o(i.disk_ioctl)
    i.disk_read                              0x0000142e   Section        0  diskio.o(i.disk_read)
    i.disk_status                            0x0000144c   Section        0  diskio.o(i.disk_status)
    i.disk_write                             0x00001454   Section        0  diskio.o(i.disk_write)
    i.f_close                                0x00001472   Section        0  ff.o(i.f_close)
    i.f_mount                                0x00001490   Section        0  ff.o(i.f_mount)
    i.f_open                                 0x000014dc   Section        0  ff.o(i.f_open)
    i.f_printf                               0x00001620   Section        0  ff.o(i.f_printf)
    i.f_sync                                 0x00001800   Section        0  ff.o(i.f_sync)
    i.f_write                                0x00001878   Section        0  ff.o(i.f_write)
    i.find_volume                            0x000019e4   Section        0  ff.o(i.find_volume)
    find_volume                              0x000019e5   Thumb Code   554  ff.o(i.find_volume)
    i.follow_path                            0x00001c1c   Section        0  ff.o(i.follow_path)
    follow_path                              0x00001c1d   Thumb Code   170  ff.o(i.follow_path)
    i.fputc                                  0x00001cc6   Section        0  ht32_retarget.o(i.fputc)
    i.get_fat                                0x00001cca   Section        0  ff.o(i.get_fat)
    i.get_fattime                            0x00001d88   Section        0  diskio.o(i.get_fattime)
    i.get_ldnumber                           0x00001d8c   Section        0  ff.o(i.get_ldnumber)
    get_ldnumber                             0x00001d8d   Thumb Code    60  ff.o(i.get_ldnumber)
    i.ld_clust                               0x00001dc8   Section        0  ff.o(i.ld_clust)
    ld_clust                                 0x00001dc9   Thumb Code    18  ff.o(i.ld_clust)
    i.main                                   0x00001ddc   Section        0  main.o(i.main)
    i.mem_cpy                                0x00001e60   Section        0  ff.o(i.mem_cpy)
    mem_cpy                                  0x00001e61   Thumb Code    16  ff.o(i.mem_cpy)
    i.mem_set                                0x00001e70   Section        0  ff.o(i.mem_set)
    mem_set                                  0x00001e71   Thumb Code    14  ff.o(i.mem_set)
    i.move_window                            0x00001e7e   Section        0  ff.o(i.move_window)
    move_window                              0x00001e7f   Thumb Code    50  ff.o(i.move_window)
    i.put_fat                                0x00001eb0   Section        0  ff.o(i.put_fat)
    i.putc_bfd                               0x00001fa4   Section        0  ff.o(i.putc_bfd)
    putc_bfd                                 0x00001fa5   Thumb Code    70  ff.o(i.putc_bfd)
    i.remove_chain                           0x00001fea   Section        0  ff.o(i.remove_chain)
    remove_chain                             0x00001feb   Thumb Code    98  ff.o(i.remove_chain)
    i.sdfs_app_test                          0x0000204c   Section        0  sdfs_app.o(i.sdfs_app_test)
    i.st_clust                               0x00002154   Section        0  ff.o(i.st_clust)
    st_clust                                 0x00002155   Thumb Code    16  ff.o(i.st_clust)
    i.sync_fs                                0x00002164   Section        0  ff.o(i.sync_fs)
    sync_fs                                  0x00002165   Thumb Code   176  ff.o(i.sync_fs)
    i.sync_window                            0x00002214   Section        0  ff.o(i.sync_window)
    sync_window                              0x00002215   Thumb Code    82  ff.o(i.sync_window)
    i.validate                               0x00002266   Section        0  ff.o(i.validate)
    validate                                 0x00002267   Thumb Code    34  ff.o(i.validate)
    .constdata                               0x00002288   Section      128  ff.o(.constdata)
    ExCvt                                    0x00002288   Data         128  ff.o(.constdata)
    .conststring                             0x00002308   Section        1  sdfs_app.o(.conststring)
    .data                                    0x20000000   Section        1  main.o(.data)
    .data                                    0x20000004   Section        4  sdfs_app.o(.data)
    .data                                    0x20000008   Section        1  sd.o(.data)
    .data                                    0x2000000c   Section        4  delay.o(.data)
    DelayTime                                0x2000000c   Data           4  delay.o(.data)
    .data                                    0x20000010   Section        8  ff.o(.data)
    Fsid                                     0x20000010   Data           2  ff.o(.data)
    FatFs                                    0x20000014   Data           4  ff.o(.data)
    .data                                    0x20000018   Section        4  ht32_retarget.o(.data)
    .bss                                     0x2000001c   Section       33  main.o(.bss)
    .bss                                     0x20000040   Section      560  sdfs_app.o(.bss)
    .bss                                     0x20000270   Section       44  spi.o(.bss)
    STACK                                    0x200002a0   Section      512  startup_ht32f165x.o(STACK)

    Global Symbols

    Symbol Name                              Value     Ov Type        Size  Object(Section)

    BuildAttributes$$THM_ISAv4$P$D$K$B$S$PE$A:L22UL41UL21$X:L11$S22US41US21$IEEE1$IW$USESV6$~STKCKD$USESV7$~SHL$OSPACE$ROPI$EBA8$MICROLIB$REQ8$PRES8$EABIv2 0x00000000   Number         0  anon$$obj.o ABSOLUTE
    __ARM_use_no_argv                        0x00000000   Number         0  main.o ABSOLUTE
    __Vectors                                0x00000000   Data           4  startup_ht32f165x.o(RESET)
    __use_no_errno                           0x00000000   Number         0  useno.o ABSOLUTE
    __use_no_exception_handling              0x00000000   Number         0  useno.o ABSOLUTE
    __use_no_fp                              0x00000000   Number         0  useno.o ABSOLUTE
    __use_no_heap                            0x00000000   Number         0  useno.o ABSOLUTE
    __use_no_heap_region                     0x00000000   Number         0  useno.o ABSOLUTE
    __use_no_semihosting                     0x00000000   Number         0  useno.o ABSOLUTE
    __use_no_semihosting_swi                 0x00000000   Number         0  useno.o ABSOLUTE
    __use_no_signal_handling                 0x00000000   Number         0  useno.o ABSOLUTE
    _printf_a                                0x00000000   Number         0  stubs.o ABSOLUTE
    _printf_c                                0x00000000   Number         0  stubs.o ABSOLUTE
    _printf_charcount                        0x00000000   Number         0  stubs.o ABSOLUTE
    _printf_d                                0x00000000   Number         0  stubs.o ABSOLUTE
    _printf_e                                0x00000000   Number         0  stubs.o ABSOLUTE
    _printf_f                                0x00000000   Number         0  stubs.o ABSOLUTE
    _printf_flags                            0x00000000   Number         0  stubs.o ABSOLUTE
    _printf_fp_dec                           0x00000000   Number         0  stubs.o ABSOLUTE
    _printf_fp_hex                           0x00000000   Number         0  stubs.o ABSOLUTE
    _printf_g                                0x00000000   Number         0  stubs.o ABSOLUTE
    _printf_i                                0x00000000   Number         0  stubs.o ABSOLUTE
    _printf_int_dec                          0x00000000   Number         0  stubs.o ABSOLUTE
    _printf_l                                0x00000000   Number         0  stubs.o ABSOLUTE
    _printf_lc                               0x00000000   Number         0  stubs.o ABSOLUTE
    _printf_ll                               0x00000000   Number         0  stubs.o ABSOLUTE
    _printf_lld                              0x00000000   Number         0  stubs.o ABSOLUTE
    _printf_lli                              0x00000000   Number         0  stubs.o ABSOLUTE
    _printf_llo                              0x00000000   Number         0  stubs.o ABSOLUTE
    _printf_llu                              0x00000000   Number         0  stubs.o ABSOLUTE
    _printf_llx                              0x00000000   Number         0  stubs.o ABSOLUTE
    _printf_longlong_dec                     0x00000000   Number         0  stubs.o ABSOLUTE
    _printf_longlong_hex                     0x00000000   Number         0  stubs.o ABSOLUTE
    _printf_longlong_oct                     0x00000000   Number         0  stubs.o ABSOLUTE
    _printf_ls                               0x00000000   Number         0  stubs.o ABSOLUTE
    _printf_mbtowc                           0x00000000   Number         0  stubs.o ABSOLUTE
    _printf_n                                0x00000000   Number         0  stubs.o ABSOLUTE
    _printf_o                                0x00000000   Number         0  stubs.o ABSOLUTE
    _printf_p                                0x00000000   Number         0  stubs.o ABSOLUTE
    _printf_percent                          0x00000000   Number         0  stubs.o ABSOLUTE
    _printf_pre_padding                      0x00000000   Number         0  stubs.o ABSOLUTE
    _printf_return_value                     0x00000000   Number         0  stubs.o ABSOLUTE
    _printf_s                                0x00000000   Number         0  stubs.o ABSOLUTE
    _printf_sizespec                         0x00000000   Number         0  stubs.o ABSOLUTE
    _printf_str                              0x00000000   Number         0  stubs.o ABSOLUTE
    _printf_truncate_signed                  0x00000000   Number         0  stubs.o ABSOLUTE
    _printf_truncate_unsigned                0x00000000   Number         0  stubs.o ABSOLUTE
    _printf_u                                0x00000000   Number         0  stubs.o ABSOLUTE
    _printf_wc                               0x00000000   Number         0  stubs.o ABSOLUTE
    _printf_wctomb                           0x00000000   Number         0  stubs.o ABSOLUTE
    _printf_widthprec                        0x00000000   Number         0  stubs.o ABSOLUTE
    _printf_x                                0x00000000   Number         0  stubs.o ABSOLUTE
    __cpp_initialize__aeabi_                  - Undefined Weak Reference
    __cxa_finalize                            - Undefined Weak Reference
    __decompress                              - Undefined Weak Reference
    _clock_init                               - Undefined Weak Reference
    _microlib_exit                            - Undefined Weak Reference
    Reset_Handler                            0x00000155   Thumb Code     8  startup_ht32f165x.o(RESET)
    ADC_IRQHandler                           0x0000016f   Thumb Code     0  startup_ht32f165x.o(RESET)
    BFTM0_IRQHandler                         0x0000016f   Thumb Code     0  startup_ht32f165x.o(RESET)
    BFTM1_IRQHandler                         0x0000016f   Thumb Code     0  startup_ht32f165x.o(RESET)
    BOD_IRQHandler                           0x0000016f   Thumb Code     0  startup_ht32f165x.o(RESET)
    CKRDY_IRQHandler                         0x0000016f   Thumb Code     0  startup_ht32f165x.o(RESET)
    COMP_IRQHandler                          0x0000016f   Thumb Code     0  startup_ht32f165x.o(RESET)
    EBI_IRQHandler                           0x0000016f   Thumb Code     0  startup_ht32f165x.o(RESET)
    EVWUP_IRQHandler                         0x0000016f   Thumb Code     0  startup_ht32f165x.o(RESET)
    EXTI0_IRQHandler                         0x0000016f   Thumb Code     0  startup_ht32f165x.o(RESET)
    EXTI10_IRQHandler                        0x0000016f   Thumb Code     0  startup_ht32f165x.o(RESET)
    EXTI11_IRQHandler                        0x0000016f   Thumb Code     0  startup_ht32f165x.o(RESET)
    EXTI12_IRQHandler                        0x0000016f   Thumb Code     0  startup_ht32f165x.o(RESET)
    EXTI13_IRQHandler                        0x0000016f   Thumb Code     0  startup_ht32f165x.o(RESET)
    EXTI14_IRQHandler                        0x0000016f   Thumb Code     0  startup_ht32f165x.o(RESET)
    EXTI15_IRQHandler                        0x0000016f   Thumb Code     0  startup_ht32f165x.o(RESET)
    EXTI1_IRQHandler                         0x0000016f   Thumb Code     0  startup_ht32f165x.o(RESET)
    EXTI2_IRQHandler                         0x0000016f   Thumb Code     0  startup_ht32f165x.o(RESET)
    EXTI3_IRQHandler                         0x0000016f   Thumb Code     0  startup_ht32f165x.o(RESET)
    EXTI4_IRQHandler                         0x0000016f   Thumb Code     0  startup_ht32f165x.o(RESET)
    EXTI5_IRQHandler                         0x0000016f   Thumb Code     0  startup_ht32f165x.o(RESET)
    EXTI6_IRQHandler                         0x0000016f   Thumb Code     0  startup_ht32f165x.o(RESET)
    EXTI7_IRQHandler                         0x0000016f   Thumb Code     0  startup_ht32f165x.o(RESET)
    EXTI8_IRQHandler                         0x0000016f   Thumb Code     0  startup_ht32f165x.o(RESET)
    EXTI9_IRQHandler                         0x0000016f   Thumb Code     0  startup_ht32f165x.o(RESET)
    FLASH_IRQHandler                         0x0000016f   Thumb Code     0  startup_ht32f165x.o(RESET)
    GPTM0_IRQHandler                         0x0000016f   Thumb Code     0  startup_ht32f165x.o(RESET)
    GPTM1_IRQHandler                         0x0000016f   Thumb Code     0  startup_ht32f165x.o(RESET)
    I2C0_IRQHandler                          0x0000016f   Thumb Code     0  startup_ht32f165x.o(RESET)
    I2C1_IRQHandler                          0x0000016f   Thumb Code     0  startup_ht32f165x.o(RESET)
    I2S_IRQHandler                           0x0000016f   Thumb Code     0  startup_ht32f165x.o(RESET)
    LPWUP_IRQHandler                         0x0000016f   Thumb Code     0  startup_ht32f165x.o(RESET)
    LVD_IRQHandler                           0x0000016f   Thumb Code     0  startup_ht32f165x.o(RESET)
    MCTM0BRK_IRQHandler                      0x0000016f   Thumb Code     0  startup_ht32f165x.o(RESET)
    MCTM0CC_IRQHandler                       0x0000016f   Thumb Code     0  startup_ht32f165x.o(RESET)
    MCTM0TR_IRQHandler                       0x0000016f   Thumb Code     0  startup_ht32f165x.o(RESET)
    MCTM0UP_IRQHandler                       0x0000016f   Thumb Code     0  startup_ht32f165x.o(RESET)
    MCTM1BRK_IRQHandler                      0x0000016f   Thumb Code     0  startup_ht32f165x.o(RESET)
    MCTM1CC_IRQHandler                       0x0000016f   Thumb Code     0  startup_ht32f165x.o(RESET)
    MCTM1TR_IRQHandler                       0x0000016f   Thumb Code     0  startup_ht32f165x.o(RESET)
    MCTM1UP_IRQHandler                       0x0000016f   Thumb Code     0  startup_ht32f165x.o(RESET)
    PDMA_CH0_IRQHandler                      0x0000016f   Thumb Code     0  startup_ht32f165x.o(RESET)
    PDMA_CH1_IRQHandler                      0x0000016f   Thumb Code     0  startup_ht32f165x.o(RESET)
    PDMA_CH2_IRQHandler                      0x0000016f   Thumb Code     0  startup_ht32f165x.o(RESET)
    PDMA_CH3_IRQHandler                      0x0000016f   Thumb Code     0  startup_ht32f165x.o(RESET)
    PDMA_CH4_IRQHandler                      0x0000016f   Thumb Code     0  startup_ht32f165x.o(RESET)
    PDMA_CH5_IRQHandler                      0x0000016f   Thumb Code     0  startup_ht32f165x.o(RESET)
    PDMA_CH6_IRQHandler                      0x0000016f   Thumb Code     0  startup_ht32f165x.o(RESET)
    PDMA_CH7_IRQHandler                      0x0000016f   Thumb Code     0  startup_ht32f165x.o(RESET)
    RTC_IRQHandler                           0x0000016f   Thumb Code     0  startup_ht32f165x.o(RESET)
    SCI_IRQHandler                           0x0000016f   Thumb Code     0  startup_ht32f165x.o(RESET)
    SPI0_IRQHandler                          0x0000016f   Thumb Code     0  startup_ht32f165x.o(RESET)
    SPI1_IRQHandler                          0x0000016f   Thumb Code     0  startup_ht32f165x.o(RESET)
    UART0_IRQHandler                         0x0000016f   Thumb Code     0  startup_ht32f165x.o(RESET)
    UART1_IRQHandler                         0x0000016f   Thumb Code     0  startup_ht32f165x.o(RESET)
    USART0_IRQHandler                        0x0000016f   Thumb Code     0  startup_ht32f165x.o(RESET)
    USART1_IRQHandler                        0x0000016f   Thumb Code     0  startup_ht32f165x.o(RESET)
    USB_IRQHandler                           0x0000016f   Thumb Code     0  startup_ht32f165x.o(RESET)
    WDT_IRQHandler                           0x0000016f   Thumb Code     0  startup_ht32f165x.o(RESET)
    __main                                   0x00000179   Thumb Code     0  entry.o(.ARM.Collect$$$$00000000)
    _main_stk                                0x00000179   Thumb Code     0  entry2.o(.ARM.Collect$$$$00000001)
    _main_scatterload                        0x0000017d   Thumb Code     0  entry5.o(.ARM.Collect$$$$00000004)
    __main_after_scatterload                 0x00000181   Thumb Code     0  entry5.o(.ARM.Collect$$$$00000004)
    _main_clock                              0x00000181   Thumb Code     0  entry7b.o(.ARM.Collect$$$$00000008)
    _main_cpp_init                           0x00000181   Thumb Code     0  entry8b.o(.ARM.Collect$$$$0000000A)
    _main_init                               0x00000181   Thumb Code     0  entry9a.o(.ARM.Collect$$$$0000000B)
    __rt_final_cpp                           0x00000189   Thumb Code     0  entry10a.o(.ARM.Collect$$$$0000000D)
    __rt_final_exit                          0x00000189   Thumb Code     0  entry11a.o(.ARM.Collect$$$$0000000F)
    __aeabi_uldivmod                         0x0000018d   Thumb Code    98  uldiv.o(.text)
    __scatterload                            0x000001f1   Thumb Code    28  init.o(.text)
    __scatterload_rt2                        0x000001f1   Thumb Code     0  init.o(.text)
    __aeabi_llsl                             0x00000215   Thumb Code    30  llshl.o(.text)
    _ll_shift_l                              0x00000215   Thumb Code     0  llshl.o(.text)
    __aeabi_llsr                             0x00000233   Thumb Code    32  llushr.o(.text)
    _ll_ushift_r                             0x00000233   Thumb Code     0  llushr.o(.text)
    AFIO_GPxConfig                           0x00000255   Thumb Code    94  ht32f1655_56_gpio.o(i.AFIO_GPxConfig)
    BusFault_Handler                         0x000002b9   Thumb Code     2  ht32f165x_it.o(i.BusFault_Handler)
    CKCU_GetClocksFrequency                  0x000002bd   Thumb Code    76  ht32f1655_56_ckcu.o(i.CKCU_GetClocksFrequency)
    CKCU_GetPLLFrequency                     0x00000311   Thumb Code    52  ht32f1655_56_ckcu.o(i.CKCU_GetPLLFrequency)
    CKCU_GetUSARTClockFreq                   0x00000351   Thumb Code    16  ht32f1655_56_ckcu.o(i.CKCU_GetUSARTClockFreq)
    CKCU_PeripClockConfig                    0x00000361   Thumb Code    32  ht32f1655_56_ckcu.o(i.CKCU_PeripClockConfig)
    Data_Check                               0x00000385   Thumb Code    20  main.o(i.Data_Check)
    DebugMon_Handler                         0x00000399   Thumb Code     2  ht32f165x_it.o(i.DebugMon_Handler)
    GPIO_PullResistorConfig                  0x0000039b   Thumb Code    40  ht32f1655_56_gpio.o(i.GPIO_PullResistorConfig)
    HardFault_Handler                        0x000003c3   Thumb Code     2  ht32f165x_it.o(i.HardFault_Handler)
    Init_USART                               0x000003c5   Thumb Code   120  usart.o(i.Init_USART)
    MemManage_Handler                        0x00000441   Thumb Code     2  ht32f165x_it.o(i.MemManage_Handler)
    NMI_Handler                              0x00000443   Thumb Code     2  ht32f165x_it.o(i.NMI_Handler)
    PDMA_ClearFlag                           0x00000445   Thumb Code    34  ht32f1655_56_pdma.o(i.PDMA_ClearFlag)
    PDMA_Config                              0x00000471   Thumb Code    42  ht32f1655_56_pdma.o(i.PDMA_Config)
    PDMA_Configuration                       0x000004a1   Thumb Code    92  main.o(i.PDMA_Configuration)
    PDMA_EnaCmd                              0x00000501   Thumb Code    34  ht32f1655_56_pdma.o(i.PDMA_EnaCmd)
    PDMA_GetFlagStatus                       0x00000529   Thumb Code    38  ht32f1655_56_pdma.o(i.PDMA_GetFlagStatus)
    PDMA_IntConig                            0x00000559   Thumb Code    40  ht32f1655_56_pdma.o(i.PDMA_IntConig)
    PDMA_SwTrigCmd                           0x00000589   Thumb Code    34  ht32f1655_56_pdma.o(i.PDMA_SwTrigCmd)
    PendSV_Handler                           0x000005b1   Thumb Code     2  ht32f165x_it.o(i.PendSV_Handler)
    SD_DisSelect                             0x000005b3   Thumb Code    24  sd.o(i.SD_DisSelect)
    SD_GetResponse                           0x000005cb   Thumb Code    40  sd.o(i.SD_GetResponse)
    SD_Init                                  0x000005f5   Thumb Code   340  sd.o(i.SD_Init)
    SD_ReadDisk                              0x0000074d   Thumb Code   104  sd.o(i.SD_ReadDisk)
    SD_RecvData                              0x000007b9   Thumb Code    54  sd.o(i.SD_RecvData)
    SD_SPI_Init                              0x000007ef   Thumb Code     4  sd.o(i.SD_SPI_Init)
    SD_Select                                0x000007f3   Thumb Code    30  sd.o(i.SD_Select)
    SD_SendBlock                             0x00000811   Thumb Code    78  sd.o(i.SD_SendBlock)
    SD_SendCmd                               0x0000085f   Thumb Code   100  sd.o(i.SD_SendCmd)
    SD_WriteDisk                             0x000008e5   Thumb Code   124  sd.o(i.SD_WriteDisk)
    SERIAL_PutChar                           0x00000965   Thumb Code    32  ht32_serial.o(i.SERIAL_PutChar)
    SPI0_Init                                0x00000985   Thumb Code   106  spi.o(i.SPI0_Init)
    SPI0_ReadWriteByte                       0x000009f9   Thumb Code    78  spi.o(i.SPI0_ReadWriteByte)
    SPI0_SetSpeed                            0x00000a49   Thumb Code    28  spi.o(i.SPI0_SetSpeed)
    SPI_Cmd                                  0x00000a69   Thumb Code    20  ht32f1655_56_spi.o(i.SPI_Cmd)
    SPI_GetFlagStatus                        0x00000a7d   Thumb Code    14  ht32f1655_56_spi.o(i.SPI_GetFlagStatus)
    SPI_Init                                 0x00000a8b   Thumb Code    74  ht32f1655_56_spi.o(i.SPI_Init)
    SPI_ReceiveData                          0x00000ad5   Thumb Code     6  ht32f1655_56_spi.o(i.SPI_ReceiveData)
    SPI_SELOutputCmd                         0x00000adb   Thumb Code    20  ht32f1655_56_spi.o(i.SPI_SELOutputCmd)
    SPI_SendData                             0x00000aef   Thumb Code     4  ht32f1655_56_spi.o(i.SPI_SendData)
    SPI_SoftwareSELCmd                       0x00000af3   Thumb Code    20  ht32f1655_56_spi.o(i.SPI_SoftwareSELCmd)
    SVC_Handler                              0x00000b07   Thumb Code     2  ht32f165x_it.o(i.SVC_Handler)
    SYSTICK_ClockSourceConfig                0x00000b09   Thumb Code    24  ht32_cm3_misc.o(i.SYSTICK_ClockSourceConfig)
    SYSTICK_Config                           0x00000b21   Thumb Code    28  delay.o(i.SYSTICK_Config)
    SYSTICK_CounterCmd                       0x00000b3d   Thumb Code    32  ht32_cm3_misc.o(i.SYSTICK_CounterCmd)
    SYSTICK_IntConfig                        0x00000b5d   Thumb Code    24  ht32_cm3_misc.o(i.SYSTICK_IntConfig)
    SYSTICK_SetReloadValue                   0x00000b75   Thumb Code     8  ht32_cm3_misc.o(i.SYSTICK_SetReloadValue)
    SysTick_Handler                          0x00000b7d   Thumb Code     4  ht32f165x_it.o(i.SysTick_Handler)
    SystemInit                               0x00000b81   Thumb Code    78  system_ht32f165x.o(i.SystemInit)
    TimingDelay                              0x00000bdd   Thumb Code    16  delay.o(i.TimingDelay)
    TryInitSD                                0x00000bf1   Thumb Code    60  sd.o(i.TryInitSD)
    USART_GetLineStatus                      0x00000c89   Thumb Code    10  ht32f1655_56_usart.o(i.USART_GetLineStatus)
    USART_Init                               0x00000c93   Thumb Code    52  ht32f1655_56_usart.o(i.USART_Init)
    USART_RxCmd                              0x00000cc7   Thumb Code    20  ht32f1655_56_usart.o(i.USART_RxCmd)
    USART_RxPDMACmd                          0x00000cdb   Thumb Code    20  ht32f1655_56_usart.o(i.USART_RxPDMACmd)
    USART_SendData                           0x00000cef   Thumb Code     4  ht32f1655_56_usart.o(i.USART_SendData)
    USART_TxCmd                              0x00000cf3   Thumb Code    20  ht32f1655_56_usart.o(i.USART_TxCmd)
    UsageFault_Handler                       0x00000d07   Thumb Code     2  ht32f165x_it.o(i.UsageFault_Handler)
    __0printf$5                              0x00000d09   Thumb Code    22  printf5.o(i.__0printf$5)
    __1printf$5                              0x00000d09   Thumb Code     0  printf5.o(i.__0printf$5)
    __2printf                                0x00000d09   Thumb Code     0  printf5.o(i.__0printf$5)
    __scatterload_copy                       0x00000d29   Thumb Code    14  handlers.o(i.__scatterload_copy)
    __scatterload_null                       0x00000d37   Thumb Code     2  handlers.o(i.__scatterload_null)
    __scatterload_zeroinit                   0x00000d39   Thumb Code    14  handlers.o(i.__scatterload_zeroinit)
    clust2sect                               0x00001065   Thumb Code    24  ff.o(i.clust2sect)
    delay_ms                                 0x0000121d   Thumb Code    36  delay.o(i.delay_ms)
    disk_initialize                          0x00001417   Thumb Code    16  diskio.o(i.disk_initialize)
    disk_ioctl                               0x00001427   Thumb Code     8  diskio.o(i.disk_ioctl)
    disk_read                                0x0000142f   Thumb Code    30  diskio.o(i.disk_read)
    disk_status                              0x0000144d   Thumb Code     8  diskio.o(i.disk_status)
    disk_write                               0x00001455   Thumb Code    30  diskio.o(i.disk_write)
    f_close                                  0x00001473   Thumb Code    28  ff.o(i.f_close)
    f_mount                                  0x00001491   Thumb Code    72  ff.o(i.f_mount)
    f_open                                   0x000014dd   Thumb Code   324  ff.o(i.f_open)
    f_printf                                 0x00001621   Thumb Code   480  ff.o(i.f_printf)
    f_sync                                   0x00001801   Thumb Code   120  ff.o(i.f_sync)
    f_write                                  0x00001879   Thumb Code   362  ff.o(i.f_write)
    fputc                                    0x00001cc7   Thumb Code     4  ht32_retarget.o(i.fputc)
    get_fat                                  0x00001ccb   Thumb Code   190  ff.o(i.get_fat)
    get_fattime                              0x00001d89   Thumb Code     4  diskio.o(i.get_fattime)
    main                                     0x00001ddd   Thumb Code   118  main.o(i.main)
    put_fat                                  0x00001eb1   Thumb Code   244  ff.o(i.put_fat)
    sdfs_app_test                            0x0000204d   Thumb Code    86  sdfs_app.o(i.sdfs_app_test)
    Region$$Table$$Base                      0x0000230c   Number         0  anon$$obj.o(Region$$Table)
    Region$$Table$$Limit                     0x0000232c   Number         0  anon$$obj.o(Region$$Table)
    standard                                 0x20000000   Data           1  main.o(.data)
    root                                     0x20000004   Data           4  sdfs_app.o(.data)
    SD_Type                                  0x20000008   Data           1  sd.o(.data)
    __stdout                                 0x20000018   Data           4  ht32_retarget.o(.data)
    MPU_Data                                 0x2000001c   Data          33  main.o(.bss)
    myfat                                    0x20000040   Data         560  sdfs_app.o(.bss)
    SPI_InitStructure                        0x20000270   Data          44  spi.o(.bss)
    __initial_sp                             0x200004a0   Data           0  startup_ht32f165x.o(STACK)



==============================================================================

Memory Map of the image

  Image Entry point : 0x00000155

  Load Region LR_1 (Base: 0x00000000, Size: 0x00002348, Max: 0xffffffff, ABSOLUTE)

    Execution Region ER_RO (Base: 0x00000000, Size: 0x0000232c, Max: 0xffffffff, ABSOLUTE)

    Base Addr    Size         Type   Attr      Idx    E Section Name        Object

    0x00000000   0x00000178   Code   RO          867  * RESET               startup_ht32f165x.o
    0x00000178   0x00000000   Code   RO         4827  * .ARM.Collect$$$$00000000  mc_w.l(entry.o)
    0x00000178   0x00000004   Code   RO         5091    .ARM.Collect$$$$00000001  mc_w.l(entry2.o)
    0x0000017c   0x00000004   Code   RO         5094    .ARM.Collect$$$$00000004  mc_w.l(entry5.o)
    0x00000180   0x00000000   Code   RO         5096    .ARM.Collect$$$$00000008  mc_w.l(entry7b.o)
    0x00000180   0x00000000   Code   RO         5098    .ARM.Collect$$$$0000000A  mc_w.l(entry8b.o)
    0x00000180   0x00000008   Code   RO         5099    .ARM.Collect$$$$0000000B  mc_w.l(entry9a.o)
    0x00000188   0x00000000   Code   RO         5101    .ARM.Collect$$$$0000000D  mc_w.l(entry10a.o)
    0x00000188   0x00000000   Code   RO         5103    .ARM.Collect$$$$0000000F  mc_w.l(entry11a.o)
    0x00000188   0x00000004   Code   RO         5092    .ARM.Collect$$$$00002712  mc_w.l(entry2.o)
    0x0000018c   0x00000062   Code   RO         5107    .text               mc_w.l(uldiv.o)
    0x000001ee   0x00000002   PAD
    0x000001f0   0x00000024   Code   RO         5120    .text               mc_w.l(init.o)
    0x00000214   0x0000001e   Code   RO         5122    .text               mc_w.l(llshl.o)
    0x00000232   0x00000020   Code   RO         5124    .text               mc_w.l(llushr.o)
    0x00000252   0x00000002   PAD
    0x00000254   0x00000064   Code   RO         1853    i.AFIO_GPxConfig    ht32f1655_56_gpio.o
    0x000002b8   0x00000002   Code   RO          201    i.BusFault_Handler  ht32f165x_it.o
    0x000002ba   0x00000002   PAD
    0x000002bc   0x00000054   Code   RO         1248    i.CKCU_GetClocksFrequency  ht32f1655_56_ckcu.o
    0x00000310   0x00000040   Code   RO         1250    i.CKCU_GetPLLFrequency  ht32f1655_56_ckcu.o
    0x00000350   0x00000010   Code   RO         1252    i.CKCU_GetUSARTClockFreq  ht32f1655_56_ckcu.o
    0x00000360   0x00000024   Code   RO         1263    i.CKCU_PeripClockConfig  ht32f1655_56_ckcu.o
    0x00000384   0x00000014   Code   RO            4    i.Data_Check        main.o
    0x00000398   0x00000002   Code   RO          202    i.DebugMon_Handler  ht32f165x_it.o
    0x0000039a   0x00000028   Code   RO         1863    i.GPIO_PullResistorConfig  ht32f1655_56_gpio.o
    0x000003c2   0x00000002   Code   RO          203    i.HardFault_Handler  ht32f165x_it.o
    0x000003c4   0x0000007c   Code   RO          302    i.Init_USART        usart.o
    0x00000440   0x00000002   Code   RO          204    i.MemManage_Handler  ht32f165x_it.o
    0x00000442   0x00000002   Code   RO          205    i.NMI_Handler       ht32f165x_it.o
    0x00000444   0x0000002c   Code   RO         3093    i.PDMA_ClearFlag    ht32f1655_56_pdma.o
    0x00000470   0x00000030   Code   RO         3094    i.PDMA_Config       ht32f1655_56_pdma.o
    0x000004a0   0x00000060   Code   RO            5    i.PDMA_Configuration  main.o
    0x00000500   0x00000028   Code   RO         3095    i.PDMA_EnaCmd       ht32f1655_56_pdma.o
    0x00000528   0x00000030   Code   RO         3096    i.PDMA_GetFlagStatus  ht32f1655_56_pdma.o
    0x00000558   0x00000030   Code   RO         3097    i.PDMA_IntConig     ht32f1655_56_pdma.o
    0x00000588   0x00000028   Code   RO         3098    i.PDMA_SwTrigCmd    ht32f1655_56_pdma.o
    0x000005b0   0x00000002   Code   RO          206    i.PendSV_Handler    ht32f165x_it.o
    0x000005b2   0x00000018   Code   RO          365    i.SD_DisSelect      sd.o
    0x000005ca   0x00000028   Code   RO          366    i.SD_GetResponse    sd.o
    0x000005f2   0x00000002   PAD
    0x000005f4   0x00000158   Code   RO          367    i.SD_Init           sd.o
    0x0000074c   0x0000006c   Code   RO          368    i.SD_ReadDisk       sd.o
    0x000007b8   0x00000036   Code   RO          369    i.SD_RecvData       sd.o
    0x000007ee   0x00000004   Code   RO          370    i.SD_SPI_Init       sd.o
    0x000007f2   0x0000001e   Code   RO          371    i.SD_Select         sd.o
    0x00000810   0x0000004e   Code   RO          372    i.SD_SendBlock      sd.o
    0x0000085e   0x00000064   Code   RO          373    i.SD_SendCmd        sd.o
    0x000008c2   0x00000022   Code   RO          374    i.SD_WaitReady      sd.o
    0x000008e4   0x00000080   Code   RO          375    i.SD_WriteDisk      sd.o
    0x00000964   0x00000020   Code   RO         4408    i.SERIAL_PutChar    ht32_serial.o
    0x00000984   0x00000074   Code   RO          326    i.SPI0_Init         spi.o
    0x000009f8   0x0000004e   Code   RO          327    i.SPI0_ReadWriteByte  spi.o
    0x00000a46   0x00000002   PAD
    0x00000a48   0x00000020   Code   RO          328    i.SPI0_SetSpeed     spi.o
    0x00000a68   0x00000014   Code   RO         3604    i.SPI_Cmd           ht32f1655_56_spi.o
    0x00000a7c   0x0000000e   Code   RO         3612    i.SPI_GetFlagStatus  ht32f1655_56_spi.o
    0x00000a8a   0x0000004a   Code   RO         3613    i.SPI_Init          ht32f1655_56_spi.o
    0x00000ad4   0x00000006   Code   RO         3616    i.SPI_ReceiveData   ht32f1655_56_spi.o
    0x00000ada   0x00000014   Code   RO         3619    i.SPI_SELOutputCmd  ht32f1655_56_spi.o
    0x00000aee   0x00000004   Code   RO         3620    i.SPI_SendData      ht32f1655_56_spi.o
    0x00000af2   0x00000014   Code   RO         3623    i.SPI_SoftwareSELCmd  ht32f1655_56_spi.o
    0x00000b06   0x00000002   Code   RO          207    i.SVC_Handler       ht32f165x_it.o
    0x00000b08   0x00000018   Code   RO          964    i.SYSTICK_ClockSourceConfig  ht32_cm3_misc.o
    0x00000b20   0x0000001c   Code   RO          462    i.SYSTICK_Config    delay.o
    0x00000b3c   0x00000020   Code   RO          965    i.SYSTICK_CounterCmd  ht32_cm3_misc.o
    0x00000b5c   0x00000018   Code   RO          966    i.SYSTICK_IntConfig  ht32_cm3_misc.o
    0x00000b74   0x00000008   Code   RO          967    i.SYSTICK_SetReloadValue  ht32_cm3_misc.o
    0x00000b7c   0x00000004   Code   RO          208    i.SysTick_Handler   ht32f165x_it.o
    0x00000b80   0x0000005c   Code   RO          833    i.SystemInit        system_ht32f165x.o
    0x00000bdc   0x00000014   Code   RO          463    i.TimingDelay       delay.o
    0x00000bf0   0x00000098   Code   RO          376    i.TryInitSD         sd.o
    0x00000c88   0x0000000a   Code   RO         3759    i.USART_GetLineStatus  ht32f1655_56_usart.o
    0x00000c92   0x00000034   Code   RO         3762    i.USART_Init        ht32f1655_56_usart.o
    0x00000cc6   0x00000014   Code   RO         3774    i.USART_RxCmd       ht32f1655_56_usart.o
    0x00000cda   0x00000014   Code   RO         3775    i.USART_RxPDMACmd   ht32f1655_56_usart.o
    0x00000cee   0x00000004   Code   RO         3776    i.USART_SendData    ht32f1655_56_usart.o
    0x00000cf2   0x00000014   Code   RO         3788    i.USART_TxCmd       ht32f1655_56_usart.o
    0x00000d06   0x00000002   Code   RO          209    i.UsageFault_Handler  ht32f165x_it.o
    0x00000d08   0x00000020   Code   RO         4963    i.__0printf$5       mc_w.l(printf5.o)
    0x00000d28   0x0000000e   Code   RO         5132    i.__scatterload_copy  mc_w.l(handlers.o)
    0x00000d36   0x00000002   Code   RO         5133    i.__scatterload_null  mc_w.l(handlers.o)
    0x00000d38   0x0000000e   Code   RO         5134    i.__scatterload_zeroinit  mc_w.l(handlers.o)
    0x00000d46   0x00000002   PAD
    0x00000d48   0x000002c0   Code   RO         4970    i._printf_core      mc_w.l(printf5.o)
    0x00001008   0x0000005c   Code   RO          554    i.check_fs          ff.o
    0x00001064   0x00000018   Code   RO          555    i.clust2sect        ff.o
    0x0000107c   0x0000009e   Code   RO          556    i.create_chain      ff.o
    0x0000111a   0x00000002   PAD
    0x0000111c   0x00000100   Code   RO          557    i.create_name       ff.o
    0x0000121c   0x00000028   Code   RO          464    i.delay_ms          delay.o
    0x00001244   0x000000e6   Code   RO          558    i.dir_next          ff.o
    0x0000132a   0x00000070   Code   RO          560    i.dir_register      ff.o
    0x0000139a   0x0000007c   Code   RO          562    i.dir_sdi           ff.o
    0x00001416   0x00000010   Code   RO          500    i.disk_initialize   diskio.o
    0x00001426   0x00000008   Code   RO          501    i.disk_ioctl        diskio.o
    0x0000142e   0x0000001e   Code   RO          502    i.disk_read         diskio.o
    0x0000144c   0x00000008   Code   RO          503    i.disk_status       diskio.o
    0x00001454   0x0000001e   Code   RO          504    i.disk_write        diskio.o
    0x00001472   0x0000001c   Code   RO          564    i.f_close           ff.o
    0x0000148e   0x00000002   PAD
    0x00001490   0x0000004c   Code   RO          570    i.f_mount           ff.o
    0x000014dc   0x00000144   Code   RO          571    i.f_open            ff.o
    0x00001620   0x000001e0   Code   RO          573    i.f_printf          ff.o
    0x00001800   0x00000078   Code   RO          580    i.f_sync            ff.o
    0x00001878   0x0000016a   Code   RO          584    i.f_write           ff.o
    0x000019e2   0x00000002   PAD
    0x000019e4   0x00000238   Code   RO          585    i.find_volume       ff.o
    0x00001c1c   0x000000aa   Code   RO          586    i.follow_path       ff.o
    0x00001cc6   0x00000004   Code   RO         4347    i.fputc             ht32_retarget.o
    0x00001cca   0x000000be   Code   RO          587    i.get_fat           ff.o
    0x00001d88   0x00000004   Code   RO          505    i.get_fattime       diskio.o
    0x00001d8c   0x0000003c   Code   RO          589    i.get_ldnumber      ff.o
    0x00001dc8   0x00000012   Code   RO          590    i.ld_clust          ff.o
    0x00001dda   0x00000002   PAD
    0x00001ddc   0x00000084   Code   RO            6    i.main              main.o
    0x00001e60   0x00000010   Code   RO          591    i.mem_cpy           ff.o
    0x00001e70   0x0000000e   Code   RO          592    i.mem_set           ff.o
    0x00001e7e   0x00000032   Code   RO          593    i.move_window       ff.o
    0x00001eb0   0x000000f4   Code   RO          594    i.put_fat           ff.o
    0x00001fa4   0x00000046   Code   RO          595    i.putc_bfd          ff.o
    0x00001fea   0x00000062   Code   RO          596    i.remove_chain      ff.o
    0x0000204c   0x00000108   Code   RO          273    i.sdfs_app_test     sdfs_app.o
    0x00002154   0x00000010   Code   RO          597    i.st_clust          ff.o
    0x00002164   0x000000b0   Code   RO          598    i.sync_fs           ff.o
    0x00002214   0x00000052   Code   RO          599    i.sync_window       ff.o
    0x00002266   0x00000022   Code   RO          600    i.validate          ff.o
    0x00002288   0x00000080   Data   RO          601    .constdata          ff.o
    0x00002308   0x00000001   Data   RO          275    .conststring        sdfs_app.o
    0x00002309   0x00000003   PAD
    0x0000230c   0x00000020   Data   RO         5130    Region$$Table       anon$$obj.o


    Execution Region ER_RW (Base: 0x20000000, Size: 0x0000001c, Max: 0xffffffff, ABSOLUTE)

    Base Addr    Size         Type   Attr      Idx    E Section Name        Object

    0x20000000   0x00000001   Data   RW            8    .data               main.o
    0x20000001   0x00000003   PAD
    0x20000004   0x00000004   Data   RW          276    .data               sdfs_app.o
    0x20000008   0x00000001   Data   RW          379    .data               sd.o
    0x20000009   0x00000003   PAD
    0x2000000c   0x00000004   Data   RW          465    .data               delay.o
    0x20000010   0x00000008   Data   RW          602    .data               ff.o
    0x20000018   0x00000004   Data   RW         4348    .data               ht32_retarget.o


    Execution Region ER_ZI (Base: 0x2000001c, Size: 0x00000484, Max: 0xffffffff, ABSOLUTE)

    Base Addr    Size         Type   Attr      Idx    E Section Name        Object

    0x2000001c   0x00000021   Zero   RW            7    .bss                main.o
    0x2000003d   0x00000003   PAD
    0x20000040   0x00000230   Zero   RW          274    .bss                sdfs_app.o
    0x20000270   0x0000002c   Zero   RW          329    .bss                spi.o
    0x2000029c   0x00000004   PAD
    0x200002a0   0x00000200   Zero   RW          865    STACK               startup_ht32f165x.o


==============================================================================

Image component sizes


      Code (inc. data)   RO Data    RW Data    ZI Data      Debug   Object Name

        88          8          0          4          0       1386   delay.o
        96          0          0          0          0       3796   diskio.o
      4192         46        128          8          0      23528   ff.o
        88          0          0          0          0       1986   ht32_cm3_misc.o
         4          0          0          4          0       2298   ht32_retarget.o
        32          0          0          0          0        501   ht32_serial.o
       200         24          0          0          0       4480   ht32f1655_56_ckcu.o
       140          6          0          0          0       1723   ht32f1655_56_gpio.o
       268         46          0          0          0       3615   ht32f1655_56_pdma.o
       158          0          0          0          0       4202   ht32f1655_56_spi.o
       126          0          0          0          0       4626   ht32f1655_56_usart.o
        20          0          0          0          0       3370   ht32f165x_it.o
       248         18          0          1         33      47017   main.o
      1096        104          0          1          0       6961   sd.o
       264        178          1          4        560        753   sdfs_app.o
       226         14          0          0         44       1641   spi.o
       376        348          0          0        512        708   startup_ht32f165x.o
        92         14          0          0          0        421   system_ht32f165x.o
       124          4          0          0          0        845   usart.o

    ----------------------------------------------------------------------
      7852        810        164         28       1156     113857   Object Totals
         0          0         32          0          0          0   (incl. Generated)
        14          0          3          6          7          0   (incl. Padding)

    ----------------------------------------------------------------------

      Code (inc. data)   RO Data    RW Data    ZI Data      Debug   Library Member Name

         0          0          0          0          0          0   entry.o
         0          0          0          0          0          0   entry10a.o
         0          0          0          0          0          0   entry11a.o
         8          4          0          0          0          0   entry2.o
         4          0          0          0          0          0   entry5.o
         0          0          0          0          0          0   entry7b.o
         0          0          0          0          0          0   entry8b.o
         8          4          0          0          0          0   entry9a.o
        30          0          0          0          0          0   handlers.o
        36          8          0          0          0         68   init.o
        30          0          0          0          0         68   llshl.o
        32          0          0          0          0         68   llushr.o
       736         56          0          0          0        184   printf5.o
        98          0          0          0          0         92   uldiv.o

    ----------------------------------------------------------------------
       988         72          0          0          0        480   Library Totals
         6          0          0          0          0          0   (incl. Padding)

    ----------------------------------------------------------------------

      Code (inc. data)   RO Data    RW Data    ZI Data      Debug   Library Name

       982         72          0          0          0        480   mc_w.l

    ----------------------------------------------------------------------
       988         72          0          0          0        480   Library Totals

    ----------------------------------------------------------------------

==============================================================================


      Code (inc. data)   RO Data    RW Data    ZI Data      Debug   

      8840        882        164         28       1156     109241   Grand Totals
      8840        882        164         28       1156     109241   ELF Image Totals
      8840        882        164         28          0          0   ROM Totals

==============================================================================

    Total RO  Size (Code + RO Data)                 9004 (   8.79kB)
    Total RW  Size (RW Data + ZI Data)              1184 (   1.16kB)
    Total ROM Size (Code + RO Data + RW Data)       9032 (   8.82kB)

==============================================================================

