ARM Linker, 5.03 [Build 76] [MDK-ARM Lite]

==============================================================================

Section Cross References

    main.o(i.GPTM_Configuration) refers to ht32f1655_56_gptm.o(i.GPTM_TimeBaseInit) for GPTM_TimeBaseInit
    main.o(i.GPTM_Configuration) refers to ht32f1655_56_gptm.o(i.GPTM_Cmd) for GPTM_Cmd
    main.o(i.GPTM_Configuration) refers to system_ht32f165x.o(.data) for SystemCoreClock
    main.o(i.PDMA_Configuration) refers to ht32f1655_56_ckcu.o(i.CKCU_PeripClockConfig) for CKCU_PeripClockConfig
    main.o(i.PDMA_Configuration) refers to ht32f1655_56_usart.o(i.USART_RxPDMACmd) for USART_RxPDMACmd
    main.o(i.PDMA_Configuration) refers to ht32f1655_56_pdma.o(i.PDMA_Config) for PDMA_Config
    main.o(i.PDMA_Configuration) refers to ht32f1655_56_pdma.o(i.PDMA_IntConig) for PDMA_IntConig
    main.o(i.PDMA_Configuration) refers to ht32f1655_56_pdma.o(i.PDMA_EnaCmd) for PDMA_EnaCmd
    main.o(i.PDMA_Configuration) refers to ht32f1655_56_pdma.o(i.PDMA_SwTrigCmd) for PDMA_SwTrigCmd
    main.o(i.PDMA_Configuration) refers to main.o(.bss) for .bss
    main.o(i.SD_Read_Sectorx) refers to memseta.o(.text) for __aeabi_memclr4
    main.o(i.SD_Read_Sectorx) refers to sd.o(i.SD_ReadDisk) for SD_ReadDisk
    main.o(i.SD_Read_Sectorx) refers to printf5.o(i.__0printf$5) for __2printf
    main.o(i.delay_ms) refers to ht32f1655_56_gptm.o(i.GPTM_SetCounter) for GPTM_SetCounter
    main.o(i.delay_ms) refers to ht32f1655_56_gptm.o(i.GPTM_ClearFlag) for GPTM_ClearFlag
    main.o(i.delay_ms) refers to ht32f1655_56_gptm.o(i.GPTM_GetFlagStatus) for GPTM_GetFlagStatus
    main.o(i.main) refers to usart.o(i.Init_USART) for Init_USART
    main.o(i.main) refers to main.o(i.PDMA_Configuration) for PDMA_Configuration
    main.o(i.main) refers to ht32f1655_56_pdma.o(i.PDMA_GetFlagStatus) for PDMA_GetFlagStatus
    main.o(i.main) refers to ht32f1655_56_pdma.o(i.PDMA_ClearFlag) for PDMA_ClearFlag
    main.o(i.main) refers to main.o(i.Data_Check) for Data_Check
    main.o(i.main) refers to ht32f1655_56_usart.o(i.USART_SendData) for USART_SendData
    main.o(i.main) refers to main.o(.bss) for .bss
    main.o(i.main) refers to main.o(.data) for .data
    usart.o(i.Init_USART) refers to ht32f1655_56_ckcu.o(i.CKCU_PeripClockConfig) for CKCU_PeripClockConfig
    usart.o(i.Init_USART) refers to ht32f1655_56_gpio.o(i.AFIO_GPxConfig) for AFIO_GPxConfig
    usart.o(i.Init_USART) refers to ht32f1655_56_usart.o(i.USART_Init) for USART_Init
    usart.o(i.Init_USART) refers to ht32f1655_56_usart.o(i.USART_TxCmd) for USART_TxCmd
    usart.o(i.Init_USART) refers to ht32f1655_56_usart.o(i.USART_RxCmd) for USART_RxCmd
    spi.o(i.SPI0_Init) refers to ht32f1655_56_ckcu.o(i.CKCU_PeripClockConfig) for CKCU_PeripClockConfig
    spi.o(i.SPI0_Init) refers to ht32f1655_56_gpio.o(i.GPIO_PullResistorConfig) for GPIO_PullResistorConfig
    spi.o(i.SPI0_Init) refers to ht32f1655_56_gpio.o(i.AFIO_GPxConfig) for AFIO_GPxConfig
    spi.o(i.SPI0_Init) refers to ht32f1655_56_spi.o(i.SPI_Init) for SPI_Init
    spi.o(i.SPI0_Init) refers to ht32f1655_56_spi.o(i.SPI_SELOutputCmd) for SPI_SELOutputCmd
    spi.o(i.SPI0_Init) refers to ht32f1655_56_spi.o(i.SPI_Cmd) for SPI_Cmd
    spi.o(i.SPI0_Init) refers to spi.o(.bss) for .bss
    spi.o(i.SPI0_ReadWriteByte) refers to ht32f1655_56_spi.o(i.SPI_GetFlagStatus) for SPI_GetFlagStatus
    spi.o(i.SPI0_ReadWriteByte) refers to ht32f1655_56_spi.o(i.SPI_SendData) for SPI_SendData
    spi.o(i.SPI0_ReadWriteByte) refers to ht32f1655_56_spi.o(i.SPI_ReceiveData) for SPI_ReceiveData
    spi.o(i.SPI0_SetSpeed) refers to ht32f1655_56_spi.o(i.SPI_Init) for SPI_Init
    spi.o(i.SPI0_SetSpeed) refers to ht32f1655_56_spi.o(i.SPI_Cmd) for SPI_Cmd
    spi.o(i.SPI0_SetSpeed) refers to spi.o(.bss) for .bss
    sd.o(i.SD_DisSelect) refers to ht32f1655_56_spi.o(i.SPI_SoftwareSELCmd) for SPI_SoftwareSELCmd
    sd.o(i.SD_DisSelect) refers to spi.o(i.SPI0_ReadWriteByte) for SPI0_ReadWriteByte
    sd.o(i.SD_GetResponse) refers to spi.o(i.SPI0_ReadWriteByte) for SPI0_ReadWriteByte
    sd.o(i.SD_Init) refers to spi.o(i.SPI0_SetSpeed) for SPI0_SetSpeed
    sd.o(i.SD_Init) refers to spi.o(i.SPI0_ReadWriteByte) for SPI0_ReadWriteByte
    sd.o(i.SD_Init) refers to sd.o(i.SD_SendCmd) for SD_SendCmd
    sd.o(i.SD_Init) refers to sd.o(i.SD_DisSelect) for SD_DisSelect
    sd.o(i.SD_Init) refers to sd.o(.data) for .data
    sd.o(i.SD_ReadDisk) refers to sd.o(i.SD_SendCmd) for SD_SendCmd
    sd.o(i.SD_ReadDisk) refers to sd.o(i.SD_RecvData) for SD_RecvData
    sd.o(i.SD_ReadDisk) refers to sd.o(i.SD_DisSelect) for SD_DisSelect
    sd.o(i.SD_ReadDisk) refers to sd.o(.data) for .data
    sd.o(i.SD_RecvData) refers to sd.o(i.SD_GetResponse) for SD_GetResponse
    sd.o(i.SD_RecvData) refers to spi.o(i.SPI0_ReadWriteByte) for SPI0_ReadWriteByte
    sd.o(i.SD_SPI_Init) refers to spi.o(i.SPI0_Init) for SPI0_Init
    sd.o(i.SD_Select) refers to ht32f1655_56_spi.o(i.SPI_SoftwareSELCmd) for SPI_SoftwareSELCmd
[...]
    printf7.o(i.__0vsnprintf$7) refers to printf7.o(i._snputc) for _snputc
    printf7.o(i.__0vsprintf$7) refers to printf7.o(i._printf_core) for _printf_core
    printf7.o(i.__0vsprintf$7) refers to printf7.o(i._sputc) for _sputc
    printf7.o(i._printf_core) refers to printf7.o(i._printf_pre_padding) for _printf_pre_padding
    printf7.o(i._printf_core) refers to uldiv.o(.text) for __aeabi_uldivmod
    printf7.o(i._printf_core) refers to printf7.o(i._printf_post_padding) for _printf_post_padding
    printf8.o(i.__0fprintf$8) refers to printf8.o(i._printf_core) for _printf_core
    printf8.o(i.__0fprintf$8) refers to ht32_retarget.o(i.fputc) for fputc
    printf8.o(i.__0printf$8) refers to printf8.o(i._printf_core) for _printf_core
    printf8.o(i.__0printf$8) refers to ht32_retarget.o(i.fputc) for fputc
    printf8.o(i.__0printf$8) refers to ht32_retarget.o(.data) for __stdout
    printf8.o(i.__0snprintf$8) refers to printf8.o(i._printf_core) for _printf_core
    printf8.o(i.__0snprintf$8) refers to printf8.o(i._snputc) for _snputc
    printf8.o(i.__0sprintf$8) refers to printf8.o(i._printf_core) for _printf_core
    printf8.o(i.__0sprintf$8) refers to printf8.o(i._sputc) for _sputc
    printf8.o(i.__0vfprintf$8) refers to printf8.o(i._printf_core) for _printf_core
    printf8.o(i.__0vfprintf$8) refers to ht32_retarget.o(i.fputc) for fputc
    printf8.o(i.__0vprintf$8) refers to printf8.o(i._printf_core) for _printf_core
    printf8.o(i.__0vprintf$8) refers to ht32_retarget.o(i.fputc) for fputc
    printf8.o(i.__0vprintf$8) refers to ht32_retarget.o(.data) for __stdout
    printf8.o(i.__0vsnprintf$8) refers to printf8.o(i._printf_core) for _printf_core
    printf8.o(i.__0vsnprintf$8) refers to printf8.o(i._snputc) for _snputc
    printf8.o(i.__0vsprintf$8) refers to printf8.o(i._printf_core) for _printf_core
    printf8.o(i.__0vsprintf$8) refers to printf8.o(i._sputc) for _sputc
    printf8.o(i._printf_core) refers to printf8.o(i._printf_pre_padding) for _printf_pre_padding
    printf8.o(i._printf_core) refers to uldiv.o(.text) for __aeabi_uldivmod
    printf8.o(i._printf_core) refers to printf8.o(i._printf_post_padding) for _printf_post_padding
    printfa.o(i.__0fprintf) refers (Special) to iusefp.o(.text) for __I$use$fp
    printfa.o(i.__0fprintf) refers to printfa.o(i._printf_core) for _printf_core
    printfa.o(i.__0fprintf) refers to ht32_retarget.o(i.fputc) for fputc
    printfa.o(i.__0printf) refers (Special) to iusefp.o(.text) for __I$use$fp
    printfa.o(i.__0printf) refers to printfa.o(i._printf_core) for _printf_core
    printfa.o(i.__0printf) refers to ht32_retarget.o(i.fputc) for fputc
    printfa.o(i.__0printf) refers to ht32_retarget.o(.data) for __stdout
    printfa.o(i.__0snprintf) refers (Special) to iusefp.o(.text) for __I$use$fp
    printfa.o(i.__0snprintf) refers to printfa.o(i._printf_core) for _printf_core
    printfa.o(i.__0snprintf) refers to printfa.o(i._snputc) for _snputc
    printfa.o(i.__0sprintf) refers (Special) to iusefp.o(.text) for __I$use$fp
    printfa.o(i.__0sprintf) refers to printfa.o(i._printf_core) for _printf_core
    printfa.o(i.__0sprintf) refers to printfa.o(i._sputc) for _sputc
    printfa.o(i.__0vfprintf) refers (Special) to iusefp.o(.text) for __I$use$fp
    printfa.o(i.__0vfprintf) refers to printfa.o(i._printf_core) for _printf_core
    printfa.o(i.__0vfprintf) refers to ht32_retarget.o(i.fputc) for fputc
    printfa.o(i.__0vprintf) refers (Special) to iusefp.o(.text) for __I$use$fp
    printfa.o(i.__0vprintf) refers to printfa.o(i._printf_core) for _printf_core
    printfa.o(i.__0vprintf) refers to ht32_retarget.o(i.fputc) for fputc
    printfa.o(i.__0vprintf) refers to ht32_retarget.o(.data) for __stdout
    printfa.o(i.__0vsnprintf) refers (Special) to iusefp.o(.text) for __I$use$fp
    printfa.o(i.__0vsnprintf) refers to printfa.o(i._printf_core) for _printf_core
    printfa.o(i.__0vsnprintf) refers to printfa.o(i._snputc) for _snputc
    printfa.o(i.__0vsprintf) refers (Special) to iusefp.o(.text) for __I$use$fp
    printfa.o(i.__0vsprintf) refers to printfa.o(i._printf_core) for _printf_core
    printfa.o(i.__0vsprintf) refers to printfa.o(i._sputc) for _sputc
    printfa.o(i._fp_digits) refers (Special) to iusefp.o(.text) for __I$use$fp
    printfa.o(i._fp_digits) refers to dmul.o(.text) for __aeabi_dmul
    printfa.o(i._fp_digits) refers to ddiv.o(.text) for __aeabi_ddiv
    printfa.o(i._fp_digits) refers to cdrcmple.o(.text) for __aeabi_cdrcmple
    printfa.o(i._fp_digits) refers to dadd.o(.text) for __aeabi_dadd
    printfa.o(i._fp_digits) refers to dfixul.o(.text) for __aeabi_d2ulz
    printfa.o(i._fp_digits) refers to uldiv.o(.text) for __aeabi_uldivmod
    printfa.o(i._printf_core) refers (Special) to iusefp.o(.text) for __I$use$fp
    printfa.o(i._printf_core) refers to printfa.o(i._printf_pre_padding) for _printf_pre_padding
    printfa.o(i._printf_core) refers to uldiv.o(.text) for __aeabi_uldivmod
    printfa.o(i._printf_core) refers to printfa.o(i._printf_post_padding) for _printf_post_padding
    printfa.o(i._printf_core) refers to printfa.o(i._fp_digits) for _fp_digits
    printfa.o(i._printf_core) refers to uidiv.o(.text) for __aeabi_uidivmod
    printfa.o(i._printf_post_padding) refers (Special) to iusefp.o(.text) for __I$use$fp
    printfa.o(i._printf_pre_padding) refers (Special) to iusefp.o(.text) for __I$use$fp
    printfa.o(i._snputc) refers (Special) to iusefp.o(.text) for __I$use$fp
    printfa.o(i._sputc) refers (Special) to iusefp.o(.text) for __I$use$fp
    entry2.o(.ARM.Collect$$$$00000001) refers to entry2.o(.ARM.Collect$$$$00002712) for __lit__00000000
    entry2.o(.ARM.Collect$$$$00002712) refers to startup_ht32f165x.o(STACK) for __initial_sp
    entry2.o(__vectab_stack_and_reset_area) refers to startup_ht32f165x.o(STACK) for __initial_sp
    entry2.o(__vectab_stack_and_reset_area) refers to entry.o(.ARM.Collect$$$$00000000) for __main
    entry5.o(.ARM.Collect$$$$00000004) refers to init.o(.text) for __scatterload
    entry9a.o(.ARM.Collect$$$$0000000B) refers to main.o(i.main) for main
    entry9b.o(.ARM.Collect$$$$0000000C) refers to main.o(i.main) for main
    uldiv.o(.text) refers to llushr.o(.text) for __aeabi_llsr
    uldiv.o(.text) refers to llshl.o(.text) for __aeabi_llsl
    dadd.o(.text) refers to llshl.o(.text) for __aeabi_llsl
    dadd.o(.text) refers to llsshr.o(.text) for __aeabi_lasr
    dadd.o(.text) refers to depilogue.o(.text) for _double_epilogue
    dmul.o(.text) refers to depilogue.o(.text) for _double_epilogue
    ddiv.o(.text) refers to depilogue.o(.text) for _double_round
    dfixul.o(.text) refers to llushr.o(.text) for __aeabi_llsr
    dfixul.o(.text) refers to llshl.o(.text) for __aeabi_llsl
    init.o(.text) refers to entry5.o(.ARM.Collect$$$$00000004) for __main_after_scatterload
    depilogue.o(.text) refers to llshl.o(.text) for __aeabi_llsl
    depilogue.o(.text) refers to llushr.o(.text) for __aeabi_llsr


==============================================================================

Removing Unused input sections from the image.

    Removing main.o(.rev16_text), (4 bytes).
    Removing main.o(.revsh_text), (4 bytes).
    Removing main.o(.rrx_text), (6 bytes).
    Removing main.o(i.GPTM_Configuration), (64 bytes).
    Removing main.o(i.SD_Read_Sectorx), (112 bytes).
    Removing main.o(i.delay_ms), (48 bytes).
    Removing ht32f165x_it.o(.rev16_text), (4 bytes).
    Removing ht32f165x_it.o(.revsh_text), (4 bytes).
    Removing ht32f165x_it.o(.rrx_text), (6 bytes).
    Removing usart.o(.rev16_text), (4 bytes).
    Removing usart.o(.revsh_text), (4 bytes).
    Removing usart.o(.rrx_text), (6 bytes).
    Removing spi.o(.rev16_text), (4 bytes).
    Removing spi.o(.revsh_text), (4 bytes).
    Removing spi.o(.rrx_text), (6 bytes).
    Removing spi.o(i.SPI0_Init), (116 bytes).
    Removing spi.o(i.SPI0_ReadWriteByte), (78 bytes).
    Removing spi.o(i.SPI0_SetSpeed), (32 bytes).
    Removing spi.o(.bss), (44 bytes).
    Removing sd.o(.rev16_text), (4 bytes).
    Removing sd.o(.revsh_text), (4 bytes).
    Removing sd.o(.rrx_text), (6 bytes).
    Removing sd.o(i.SD_DisSelect), (24 bytes).
    Removing sd.o(i.SD_GetResponse), (40 bytes).
    Removing sd.o(i.SD_Init), (344 bytes).
    Removing sd.o(i.SD_ReadDisk), (108 bytes).
    Removing sd.o(i.SD_RecvData), (54 bytes).
    Removing sd.o(i.SD_SPI_Init), (4 bytes).
    Removing sd.o(i.SD_Select), (30 bytes).
    Removing sd.o(i.SD_SendBlock), (78 bytes).
    Removing sd.o(i.SD_SendCmd), (100 bytes).
    Removing sd.o(i.SD_WaitReady), (34 bytes).
    Removing sd.o(i.SD_WriteDisk), (128 bytes).
    Removing sd.o(.data), (1 bytes).
    Removing system_ht32f165x.o(.rev16_text), (4 bytes).
    Removing system_ht32f165x.o(.revsh_text), (4 bytes).
    Removing system_ht32f165x.o(.rrx_text), (6 bytes).
    Removing system_ht32f165x.o(i.SystemCoreClockUpdate), (96 bytes).
    Removing system_ht32f165x.o(.data), (4 bytes).
    Removing startup_ht32f165x.o(HEAP), (0 bytes).
    Removing ht32_usbd_core.o(.rev16_text), (4 bytes).
    Removing ht32_usbd_core.o(.revsh_text), (4 bytes).
    Removing ht32_usbd_core.o(.rrx_text), (6 bytes).
    Removing ht32_usbd_core.o(i.USBDCore_GetRemoteWakeUpFeature), (10 bytes).
    Removing ht32_usbd_core.o(i.USBDCore_GetStatus), (16 bytes).
    Removing ht32_usbd_core.o(i.USBDCore_IRQHandler), (430 bytes).
    Removing ht32_usbd_core.o(i.USBDCore_Init), (24 bytes).
    Removing ht32_usbd_core.o(i.USBDCore_IsSuspend), (16 bytes).
    Removing ht32_usbd_core.o(i.USBDCore_MainRoutine), (64 bytes).
    Removing ht32_usbd_core.o(i.USBDCore_TriggerRemoteWakeup), (14 bytes).
    Removing ht32_usbd_core.o(i._USBDCore_ControlIN), (66 bytes).
    Removing ht32_usbd_core.o(i._USBDCore_Standard_GetStatus), (54 bytes).
    Removing ht32_usbd_core.o(i._USBDCore_Standard_Request), (284 bytes).
    Removing ht32_usbd_core.o(i._USBDCore_Standard_SetClearFeature), (74 bytes).
    Removing ht32_usbd_core.o(.data), (4 bytes).
    Removing ht32_cm3_misc.o(.rev16_text), (4 bytes).
    Removing ht32_cm3_misc.o(.revsh_text), (4 bytes).
    Removing ht32_cm3_misc.o(.rrx_text), (6 bytes).
    Removing ht32_cm3_misc.o(i.NVIC_CoreReset), (16 bytes).
    Removing ht32_cm3_misc.o(i.NVIC_LowPowerConfig), (24 bytes).
    Removing ht32_cm3_misc.o(i.NVIC_SetPendingSystemHandler), (16 bytes).
    Removing ht32_cm3_misc.o(i.NVIC_SetVectorTable), (20 bytes).
    Removing ht32_cm3_misc.o(i.SYSTICK_ClockSourceConfig), (24 bytes).
    Removing ht32_cm3_misc.o(i.SYSTICK_CounterCmd), (32 bytes).
    Removing ht32_cm3_misc.o(i.SYSTICK_IntConfig), (24 bytes).
    Removing ht32_cm3_misc.o(i.SYSTICK_SetReloadValue), (8 bytes).
    Removing ht32f1655_56_adc.o(.rev16_text), (4 bytes).
    Removing ht32f1655_56_adc.o(.revsh_text), (4 bytes).
    Removing ht32f1655_56_adc.o(.rrx_text), (6 bytes).
    Removing ht32f1655_56_adc.o(i.ADC_AWDConfig), (16 bytes).
    Removing ht32f1655_56_adc.o(i.ADC_AWDSingleChannelConfig), (18 bytes).
    Removing ht32f1655_56_adc.o(i.ADC_AWDThresholdsConfig), (10 bytes).
    Removing ht32f1655_56_adc.o(i.ADC_ClearIntPendingBit), (6 bytes).
    Removing ht32f1655_56_adc.o(i.ADC_DeInit), (14 bytes).
    Removing ht32f1655_56_adc.o(i.ADC_GetConversionData), (12 bytes).
    Removing ht32f1655_56_adc.o(i.ADC_GetFlagStatus), (12 bytes).
    Removing ht32f1655_56_adc.o(i.ADC_GetHPConversionData), (12 bytes).
    Removing ht32f1655_56_adc.o(i.ADC_GetIntStatus), (12 bytes).
    Removing ht32f1655_56_adc.o(i.ADC_HPChannelConfig), (28 bytes).
    Removing ht32f1655_56_adc.o(i.ADC_HPGroupConfig), (22 bytes).
    Removing ht32f1655_56_adc.o(i.ADC_HPSoftwareStartConvCmd), (24 bytes).
    Removing ht32f1655_56_adc.o(i.ADC_HPTrigConfig), (12 bytes).
    Removing ht32f1655_56_adc.o(i.ADC_IntConfig), (20 bytes).
    Removing ht32f1655_56_adc.o(i.ADC_PDMAConfig), (20 bytes).
    Removing ht32f1655_56_adc.o(i.ADC_RegularChannelConfig), (34 bytes).
    Removing ht32f1655_56_adc.o(i.ADC_RegularGroupConfig), (22 bytes).
    Removing ht32f1655_56_adc.o(i.ADC_RegularTrigConfig), (12 bytes).
    Removing ht32f1655_56_adc.o(i.ADC_Reset), (10 bytes).
    Removing ht32f1655_56_adc.o(i.ADC_SoftwareStartConvCmd), (24 bytes).
    Removing ht32f1655_56_bftm.o(.rev16_text), (4 bytes).
    Removing ht32f1655_56_bftm.o(.revsh_text), (4 bytes).
    Removing ht32f1655_56_bftm.o(.rrx_text), (6 bytes).
    Removing ht32f1655_56_bftm.o(i.BFTM_ClearFlag), (14 bytes).
    Removing ht32f1655_56_bftm.o(i.BFTM_DeInit), (32 bytes).
    Removing ht32f1655_56_bftm.o(i.BFTM_EnaCmd), (20 bytes).
    Removing ht32f1655_56_bftm.o(i.BFTM_GetCompare), (4 bytes).
    Removing ht32f1655_56_bftm.o(i.BFTM_GetCounter), (4 bytes).
    Removing ht32f1655_56_bftm.o(i.BFTM_GetFlagStatus), (10 bytes).
    Removing ht32f1655_56_bftm.o(i.BFTM_IntConfig), (20 bytes).
    Removing ht32f1655_56_bftm.o(i.BFTM_OneShotModeCmd), (20 bytes).
    Removing ht32f1655_56_bftm.o(i.BFTM_SetCompare), (4 bytes).
    Removing ht32f1655_56_bftm.o(i.BFTM_SetCounter), (4 bytes).
    Removing ht32f1655_56_ckcu.o(.rev16_text), (4 bytes).
    Removing ht32f1655_56_ckcu.o(.revsh_text), (4 bytes).
    Removing ht32f1655_56_ckcu.o(.rrx_text), (6 bytes).
    Removing ht32f1655_56_ckcu.o(i.CKCU_BKISOCmd), (20 bytes).
    Removing ht32f1655_56_ckcu.o(i.CKCU_CKMCmd), (12 bytes).
    Removing ht32f1655_56_ckcu.o(i.CKCU_CKOUTConfig), (20 bytes).
    Removing ht32f1655_56_ckcu.o(i.CKCU_ClearIntFlag), (16 bytes).
    Removing ht32f1655_56_ckcu.o(i.CKCU_DeInit), (84 bytes).
    Removing ht32f1655_56_ckcu.o(i.CKCU_GetClockReadyStatus), (20 bytes).
    Removing ht32f1655_56_ckcu.o(i.CKCU_GetIntStatus), (20 bytes).
    Removing ht32f1655_56_ckcu.o(i.CKCU_GetSysClockSource), (12 bytes).
    Removing ht32f1655_56_ckcu.o(i.CKCU_HSECmd), (12 bytes).
    Removing ht32f1655_56_ckcu.o(i.CKCU_HSICmd), (12 bytes).
    Removing ht32f1655_56_ckcu.o(i.CKCU_IS_HSE_USED), (20 bytes).
    Removing ht32f1655_56_ckcu.o(i.CKCU_IS_HSI_USED), (20 bytes).
    Removing ht32f1655_56_ckcu.o(i.CKCU_IS_PLL_USED), (20 bytes).
    Removing ht32f1655_56_ckcu.o(i.CKCU_IntConfig), (24 bytes).
    Removing ht32f1655_56_ckcu.o(i.CKCU_MCUDBGConfig), (28 bytes).
    Removing ht32f1655_56_ckcu.o(i.CKCU_PLLCmd), (12 bytes).
    Removing ht32f1655_56_ckcu.o(i.CKCU_PLLInit), (32 bytes).
    Removing ht32f1655_56_ckcu.o(i.CKCU_PSRCWKUPCmd), (12 bytes).
    Removing ht32f1655_56_ckcu.o(i.CKCU_SetADCPrescaler), (20 bytes).
    Removing ht32f1655_56_ckcu.o(i.CKCU_SetCKREFPrescaler), (20 bytes).
    Removing ht32f1655_56_ckcu.o(i.CKCU_SetHCLKPrescaler), (12 bytes).
    Removing ht32f1655_56_ckcu.o(i.CKCU_SetUSARTPrescaler), (20 bytes).
    Removing ht32f1655_56_ckcu.o(i.CKCU_SetUSBPrescaler), (20 bytes).
    Removing ht32f1655_56_ckcu.o(i.CKCU_SleepClockConfig), (24 bytes).
    Removing ht32f1655_56_ckcu.o(i.CKCU_SysClockConfig), (44 bytes).
    Removing ht32f1655_56_ckcu.o(i.CKCU_WaitHSEReady), (32 bytes).
    Removing ht32f1655_56_cmp_op.o(.rev16_text), (4 bytes).
    Removing ht32f1655_56_cmp_op.o(.revsh_text), (4 bytes).
    Removing ht32f1655_56_cmp_op.o(.rrx_text), (6 bytes).
    Removing ht32f1655_56_cmp_op.o(i.CMP_OP_CancellationModeConfig), (16 bytes).
    Removing ht32f1655_56_cmp_op.o(i.CMP_OP_ClearIntPendingBit), (4 bytes).
    Removing ht32f1655_56_cmp_op.o(i.CMP_OP_Cmd), (20 bytes).
    Removing ht32f1655_56_cmp_op.o(i.CMP_OP_Config), (14 bytes).
    Removing ht32f1655_56_cmp_op.o(i.CMP_OP_DeInit), (32 bytes).
    Removing ht32f1655_56_cmp_op.o(i.CMP_OP_GetCancellationVaule), (4 bytes).
    Removing ht32f1655_56_cmp_op.o(i.CMP_OP_GetFlagStatus), (10 bytes).
    Removing ht32f1655_56_cmp_op.o(i.CMP_OP_GetIntStatus), (10 bytes).
    Removing ht32f1655_56_cmp_op.o(i.CMP_OP_GetOutputStatus), (14 bytes).
    Removing ht32f1655_56_cmp_op.o(i.CMP_OP_IntConfig), (16 bytes).
    Removing ht32f1655_56_cmp_op.o(i.CMP_OP_SetCancellationVaule), (4 bytes).
    Removing ht32f1655_56_crc.o(.rev16_text), (4 bytes).
    Removing ht32f1655_56_crc.o(.revsh_text), (4 bytes).
    Removing ht32f1655_56_crc.o(.rrx_text), (6 bytes).
    Removing ht32f1655_56_crc.o(i.CRC_16), (32 bytes).
    Removing ht32f1655_56_crc.o(i.CRC_32), (28 bytes).
    Removing ht32f1655_56_crc.o(i.CRC_CCITT), (32 bytes).
    Removing ht32f1655_56_crc.o(i.CRC_DeInit), (12 bytes).
    Removing ht32f1655_56_crc.o(i.CRC_Init), (34 bytes).
    Removing ht32f1655_56_crc.o(i.CRC_Process), (24 bytes).
    Removing ht32f1655_56_ebi.o(.rev16_text), (4 bytes).
    Removing ht32f1655_56_ebi.o(.revsh_text), (4 bytes).
    Removing ht32f1655_56_ebi.o(.rrx_text), (6 bytes).
    Removing ht32f1655_56_ebi.o(i.EBI_ClearIntFlag), (12 bytes).
    Removing ht32f1655_56_ebi.o(i.EBI_Cmd), (24 bytes).
    Removing ht32f1655_56_ebi.o(i.EBI_DeInit), (12 bytes).
    Removing ht32f1655_56_ebi.o(i.EBI_GetARDYStatus), (20 bytes).
    Removing ht32f1655_56_ebi.o(i.EBI_GetBusyStatus), (16 bytes).
    Removing ht32f1655_56_ebi.o(i.EBI_GetIntStatus), (20 bytes).
    Removing ht32f1655_56_ebi.o(i.EBI_Init), (212 bytes).
    Removing ht32f1655_56_ebi.o(i.EBI_IntConfig), (24 bytes).
    Removing ht32f1655_56_ebi.o(i.EBI_StructInit), (70 bytes).
    Removing ht32f1655_56_exti.o(.rev16_text), (4 bytes).
    Removing ht32f1655_56_exti.o(.revsh_text), (4 bytes).
    Removing ht32f1655_56_exti.o(.rrx_text), (6 bytes).
    Removing ht32f1655_56_exti.o(i.EXTI_ClearEdgeFlag), (16 bytes).
    Removing ht32f1655_56_exti.o(i.EXTI_ClearWakeupFlag), (20 bytes).
    Removing ht32f1655_56_exti.o(i.EXTI_DeInit), (48 bytes).
    Removing ht32f1655_56_exti.o(i.EXTI_GetEdgeStatus), (40 bytes).
    Removing ht32f1655_56_exti.o(i.EXTI_GetSWCmdStatus), (24 bytes).
    Removing ht32f1655_56_exti.o(i.EXTI_GetWakeupFlagStatus), (24 bytes).
    Removing ht32f1655_56_exti.o(i.EXTI_Init), (28 bytes).
    Removing ht32f1655_56_exti.o(i.EXTI_IntConfig), (28 bytes).
    Removing ht32f1655_56_exti.o(i.EXTI_SWIntCmd), (28 bytes).
    Removing ht32f1655_56_exti.o(i.EXTI_WakeupEventConfig), (44 bytes).
    Removing ht32f1655_56_exti.o(i.EXTI_WakeupEventIntConfig), (28 bytes).
    Removing ht32f1655_56_flash.o(.rev16_text), (4 bytes).
    Removing ht32f1655_56_flash.o(.revsh_text), (4 bytes).
    Removing ht32f1655_56_flash.o(.rrx_text), (6 bytes).
    Removing ht32f1655_56_flash.o(i.FLASH_BranchCacheCmd), (32 bytes).
    Removing ht32f1655_56_flash.o(i.FLASH_ClearIntFlag), (12 bytes).
    Removing ht32f1655_56_flash.o(i.FLASH_DcodeCacheCmd), (32 bytes).
    Removing ht32f1655_56_flash.o(i.FLASH_EraseOptionByte), (24 bytes).
    Removing ht32f1655_56_flash.o(i.FLASH_ErasePage), (16 bytes).
    Removing ht32f1655_56_flash.o(i.FLASH_FlashHalfCycleCmd), (48 bytes).
    Removing ht32f1655_56_flash.o(i.FLASH_FlashZwPwrSavingCmd), (48 bytes).
    Removing ht32f1655_56_flash.o(i.FLASH_GetIntStatus), (20 bytes).
    Removing ht32f1655_56_flash.o(i.FLASH_GetOptionByteStatus), (48 bytes).
    Removing ht32f1655_56_flash.o(i.FLASH_IntConfig), (24 bytes).
    Removing ht32f1655_56_flash.o(i.FLASH_MassErase), (16 bytes).
    Removing ht32f1655_56_flash.o(i.FLASH_PrefetchBufferCmd), (32 bytes).
    Removing ht32f1655_56_flash.o(i.FLASH_ProgramOptionByte), (80 bytes).
    Removing ht32f1655_56_flash.o(i.FLASH_ProgramWordData), (20 bytes).
    Removing ht32f1655_56_flash.o(i.FLASH_SetRemappingMode), (12 bytes).
    Removing ht32f1655_56_flash.o(i.FLASH_SetWaitState), (20 bytes).
    Removing ht32f1655_56_flash.o(i.FLASH_WaitForOperationEnd), (76 bytes).
    Removing ht32f1655_56_gpio.o(.rev16_text), (4 bytes).
    Removing ht32f1655_56_gpio.o(.revsh_text), (4 bytes).
    Removing ht32f1655_56_gpio.o(.rrx_text), (6 bytes).
    Removing ht32f1655_56_gpio.o(i.AFIO_DeInit), (14 bytes).
    Removing ht32f1655_56_gpio.o(i.AFIO_EXTISourceConfig), (44 bytes).
    Removing ht32f1655_56_gpio.o(i.GPIO_ClearOutBits), (4 bytes).
    Removing ht32f1655_56_gpio.o(i.GPIO_DeInit), (72 bytes).
    Removing ht32f1655_56_gpio.o(i.GPIO_DirectionConfig), (16 bytes).
    Removing ht32f1655_56_gpio.o(i.GPIO_DriveConfig), (16 bytes).
    Removing ht32f1655_56_gpio.o(i.GPIO_InputConfig), (16 bytes).
    Removing ht32f1655_56_gpio.o(i.GPIO_IsPinLocked), (10 bytes).
    Removing ht32f1655_56_gpio.o(i.GPIO_IsPortLocked), (10 bytes).
    Removing ht32f1655_56_gpio.o(i.GPIO_OpenDrainConfig), (16 bytes).
    Removing ht32f1655_56_gpio.o(i.GPIO_PinLock), (12 bytes).
    Removing ht32f1655_56_gpio.o(i.GPIO_PullResistorConfig), (40 bytes).
    Removing ht32f1655_56_gpio.o(i.GPIO_ReadInBit), (10 bytes).
    Removing ht32f1655_56_gpio.o(i.GPIO_ReadInData), (6 bytes).
    Removing ht32f1655_56_gpio.o(i.GPIO_ReadOutBit), (10 bytes).
    Removing ht32f1655_56_gpio.o(i.GPIO_ReadOutData), (6 bytes).
    Removing ht32f1655_56_gpio.o(i.GPIO_SetOutBits), (4 bytes).
    Removing ht32f1655_56_gpio.o(i.GPIO_WriteOutBits), (10 bytes).
    Removing ht32f1655_56_gpio.o(i.GPIO_WriteOutData), (4 bytes).
    Removing ht32f1655_56_gpio.o(i._AFIO_ClockControl), (40 bytes).
    Removing ht32f1655_56_gpio.o(i._GPIO_ClockControl), (52 bytes).
    Removing ht32f1655_56_gptm.o(.rev16_text), (4 bytes).
    Removing ht32f1655_56_gptm.o(.revsh_text), (4 bytes).
    Removing ht32f1655_56_gptm.o(.rrx_text), (6 bytes).
    Removing ht32f1655_56_gptm.o(i.GPTM_CHCCDSConfig), (20 bytes).
    Removing ht32f1655_56_gptm.o(i.GPTM_CHCCRPreloadConfig), (24 bytes).
    Removing ht32f1655_56_gptm.o(i.GPTM_CHPSCConfig), (20 bytes).
    Removing ht32f1655_56_gptm.o(i.GPTM_CKDIVConfig), (16 bytes).
    Removing ht32f1655_56_gptm.o(i.GPTM_CRRPreloadCmd), (20 bytes).
    Removing ht32f1655_56_gptm.o(i.GPTM_CaptureInit), (36 bytes).
    Removing ht32f1655_56_gptm.o(i.GPTM_CaptureStructInit), (18 bytes).
    Removing ht32f1655_56_gptm.o(i.GPTM_ChExternalClockConfig), (48 bytes).
    Removing ht32f1655_56_gptm.o(i.GPTM_ChPolarityConfig), (20 bytes).
    Removing ht32f1655_56_gptm.o(i.GPTM_ChannelConfig), (24 bytes).
    Removing ht32f1655_56_gptm.o(i.GPTM_ClearFlag), (10 bytes).
    Removing ht32f1655_56_gptm.o(i.GPTM_ClearIntPendingBit), (10 bytes).
    Removing ht32f1655_56_gptm.o(i.GPTM_ClearOREFConfig), (24 bytes).
    Removing ht32f1655_56_gptm.o(i.GPTM_Cmd), (20 bytes).
    Removing ht32f1655_56_gptm.o(i.GPTM_CounterModeConfig), (24 bytes).
    Removing ht32f1655_56_gptm.o(i.GPTM_DeInit), (32 bytes).
    Removing ht32f1655_56_gptm.o(i.GPTM_DecoderConfig), (56 bytes).
    Removing ht32f1655_56_gptm.o(i.GPTM_EtiConfig), (24 bytes).
    Removing ht32f1655_56_gptm.o(i.GPTM_EtiExternalClockConfig), (18 bytes).
    Removing ht32f1655_56_gptm.o(i.GPTM_ForcedOREF0), (14 bytes).
    Removing ht32f1655_56_gptm.o(i.GPTM_ForcedOREF1), (14 bytes).
    Removing ht32f1655_56_gptm.o(i.GPTM_ForcedOREF2), (14 bytes).
    Removing ht32f1655_56_gptm.o(i.GPTM_ForcedOREF3), (14 bytes).
    Removing ht32f1655_56_gptm.o(i.GPTM_GenerateEvent), (4 bytes).
    Removing ht32f1655_56_gptm.o(i.GPTM_GetCaptureCompare0), (6 bytes).
    Removing ht32f1655_56_gptm.o(i.GPTM_GetCaptureCompare1), (6 bytes).
    Removing ht32f1655_56_gptm.o(i.GPTM_GetCaptureCompare2), (6 bytes).
    Removing ht32f1655_56_gptm.o(i.GPTM_GetCaptureCompare3), (6 bytes).
    Removing ht32f1655_56_gptm.o(i.GPTM_GetCounter), (6 bytes).
    Removing ht32f1655_56_gptm.o(i.GPTM_GetFlagStatus), (10 bytes).
    Removing ht32f1655_56_gptm.o(i.GPTM_GetIntStatus), (22 bytes).
    Removing ht32f1655_56_gptm.o(i.GPTM_GetPrescaler), (6 bytes).
    Removing ht32f1655_56_gptm.o(i.GPTM_HallInterfaceCmd), (20 bytes).
    Removing ht32f1655_56_gptm.o(i.GPTM_ImmActiveConfig), (24 bytes).
    Removing ht32f1655_56_gptm.o(i.GPTM_IntConfig), (16 bytes).
    Removing ht32f1655_56_gptm.o(i.GPTM_InternalClockConfig), (10 bytes).
    Removing ht32f1655_56_gptm.o(i.GPTM_ItiExternalClockConfig), (18 bytes).
    Removing ht32f1655_56_gptm.o(i.GPTM_MMSELConfig), (12 bytes).
    Removing ht32f1655_56_gptm.o(i.GPTM_OutputInit), (88 bytes).
    Removing ht32f1655_56_gptm.o(i.GPTM_OutputModeConfig), (32 bytes).
    Removing ht32f1655_56_gptm.o(i.GPTM_OutputStructInit), (16 bytes).
    Removing ht32f1655_56_gptm.o(i.GPTM_PDMAConfig), (16 bytes).
    Removing ht32f1655_56_gptm.o(i.GPTM_PrescalerConfig), (8 bytes).
    Removing ht32f1655_56_gptm.o(i.GPTM_PwmInputInit), (90 bytes).
    Removing ht32f1655_56_gptm.o(i.GPTM_SetAsymmetricCompare0), (6 bytes).
    Removing ht32f1655_56_gptm.o(i.GPTM_SetAsymmetricCompare1), (6 bytes).
    Removing ht32f1655_56_gptm.o(i.GPTM_SetAsymmetricCompare2), (6 bytes).
    Removing ht32f1655_56_gptm.o(i.GPTM_SetAsymmetricCompare3), (6 bytes).
    Removing ht32f1655_56_gptm.o(i.GPTM_SetCaptureCompare0), (6 bytes).
    Removing ht32f1655_56_gptm.o(i.GPTM_SetCaptureCompare1), (6 bytes).
    Removing ht32f1655_56_gptm.o(i.GPTM_SetCaptureCompare2), (6 bytes).
    Removing ht32f1655_56_gptm.o(i.GPTM_SetCaptureCompare3), (6 bytes).
    Removing ht32f1655_56_gptm.o(i.GPTM_SetCounter), (6 bytes).
    Removing ht32f1655_56_gptm.o(i.GPTM_SetCounterReload), (6 bytes).
    Removing ht32f1655_56_gptm.o(i.GPTM_SinglePulseModeCmd), (20 bytes).
    Removing ht32f1655_56_gptm.o(i.GPTM_SlaveModeConfig), (12 bytes).
    Removing ht32f1655_56_gptm.o(i.GPTM_StiConfig), (24 bytes).
    Removing ht32f1655_56_gptm.o(i.GPTM_TimSyncCmd), (20 bytes).
    Removing ht32f1655_56_gptm.o(i.GPTM_TimeBaseInit), (42 bytes).
    Removing ht32f1655_56_gptm.o(i.GPTM_TimeBaseStructInit), (20 bytes).
    Removing ht32f1655_56_gptm.o(i.GPTM_UEVG_IntConfig), (20 bytes).
    Removing ht32f1655_56_gptm.o(i.GPTM_UpdateCmd), (20 bytes).
    Removing ht32f1655_56_gptm.o(i.gptm_CHx_Config), (64 bytes).
    Removing ht32f1655_56_i2c.o(.rev16_text), (4 bytes).
    Removing ht32f1655_56_i2c.o(.revsh_text), (4 bytes).
    Removing ht32f1655_56_i2c.o(.rrx_text), (6 bytes).
    Removing ht32f1655_56_i2c.o(i.I2C_AckCmd), (20 bytes).
    Removing ht32f1655_56_i2c.o(i.I2C_AddressMaskConfig), (4 bytes).
    Removing ht32f1655_56_i2c.o(i.I2C_CheckStatus), (14 bytes).
    Removing ht32f1655_56_i2c.o(i.I2C_ClearFlag), (4 bytes).
    Removing ht32f1655_56_i2c.o(i.I2C_Cmd), (20 bytes).
    Removing ht32f1655_56_i2c.o(i.I2C_CombFilterCmd), (20 bytes).
    Removing ht32f1655_56_i2c.o(i.I2C_DeInit), (28 bytes).
    Removing ht32f1655_56_i2c.o(i.I2C_GeneralCallCmd), (20 bytes).
    Removing ht32f1655_56_i2c.o(i.I2C_GenerateSTOP), (10 bytes).
    Removing ht32f1655_56_i2c.o(i.I2C_GetAddressBuffer), (6 bytes).
    Removing ht32f1655_56_i2c.o(i.I2C_GetFlagStatus), (10 bytes).
    Removing ht32f1655_56_i2c.o(i.I2C_Init), (134 bytes).
    Removing ht32f1655_56_i2c.o(i.I2C_IntConfig), (16 bytes).
    Removing ht32f1655_56_i2c.o(i.I2C_PDMACmd), (16 bytes).
    Removing ht32f1655_56_i2c.o(i.I2C_PDMANACKCmd), (20 bytes).
    Removing ht32f1655_56_i2c.o(i.I2C_ReadRegister), (10 bytes).
    Removing ht32f1655_56_i2c.o(i.I2C_ReceiveData), (6 bytes).
    Removing ht32f1655_56_i2c.o(i.I2C_SendData), (4 bytes).
    Removing ht32f1655_56_i2c.o(i.I2C_SequentialFilterConfig), (112 bytes).
    Removing ht32f1655_56_i2c.o(i.I2C_SetOwnAddress), (4 bytes).
    Removing ht32f1655_56_i2c.o(i.I2C_SetSCLHighPeriod), (4 bytes).
    Removing ht32f1655_56_i2c.o(i.I2C_SetSCLLowPeriod), (4 bytes).
    Removing ht32f1655_56_i2c.o(i.I2C_SetTimeOutPrescaler), (10 bytes).
    Removing ht32f1655_56_i2c.o(i.I2C_SetTimeOutValue), (12 bytes).
    Removing ht32f1655_56_i2c.o(i.I2C_StructInit), (20 bytes).
    Removing ht32f1655_56_i2c.o(i.I2C_TargetAddressConfig), (16 bytes).
    Removing ht32f1655_56_i2c.o(i.I2C_TimeOutCmd), (20 bytes).
    Removing ht32f1655_56_i2s.o(.rev16_text), (4 bytes).
    Removing ht32f1655_56_i2s.o(.revsh_text), (4 bytes).
    Removing ht32f1655_56_i2s.o(.rrx_text), (6 bytes).
    Removing ht32f1655_56_i2s.o(i.I2S_ClearFlag), (12 bytes).
    Removing ht32f1655_56_i2s.o(i.I2S_Cmd), (28 bytes).
    Removing ht32f1655_56_i2s.o(i.I2S_DeInit), (14 bytes).
    Removing ht32f1655_56_i2s.o(i.I2S_FIFOReset), (16 bytes).
    Removing ht32f1655_56_i2s.o(i.I2S_FIFOTrigLevelConfig), (40 bytes).
    Removing ht32f1655_56_i2s.o(i.I2S_GetFIFOStatus), (24 bytes).
    Removing ht32f1655_56_i2s.o(i.I2S_GetFlagStatus), (20 bytes).
    Removing ht32f1655_56_i2s.o(i.I2S_Init), (112 bytes).
    Removing ht32f1655_56_i2s.o(i.I2S_IntConfig), (24 bytes).
    Removing ht32f1655_56_i2s.o(i.I2S_PDMACmd), (24 bytes).
    Removing ht32f1655_56_i2s.o(i.I2S_TxMuteCmd), (28 bytes).
    Removing ht32f1655_56_mctm.o(.rev16_text), (4 bytes).
    Removing ht32f1655_56_mctm.o(.revsh_text), (4 bytes).
    Removing ht32f1655_56_mctm.o(.rrx_text), (6 bytes).
    Removing ht32f1655_56_mctm.o(i.MCTM_CHBRKCTRConfig), (54 bytes).
    Removing ht32f1655_56_mctm.o(i.MCTM_CHBRKCTRStructInit), (28 bytes).
    Removing ht32f1655_56_mctm.o(i.MCTM_CHCCDSConfig), (20 bytes).
    Removing ht32f1655_56_mctm.o(i.MCTM_CHCCRPreloadConfig), (24 bytes).
    Removing ht32f1655_56_mctm.o(i.MCTM_CHMOECmd), (20 bytes).
    Removing ht32f1655_56_mctm.o(i.MCTM_CHPSCConfig), (20 bytes).
    Removing ht32f1655_56_mctm.o(i.MCTM_CKDIVConfig), (16 bytes).
    Removing ht32f1655_56_mctm.o(i.MCTM_COMPRECmd), (20 bytes).
    Removing ht32f1655_56_mctm.o(i.MCTM_COMUSConfig), (20 bytes).
    Removing ht32f1655_56_mctm.o(i.MCTM_CRRPreloadCmd), (20 bytes).
    Removing ht32f1655_56_mctm.o(i.MCTM_CaptureInit), (36 bytes).
    Removing ht32f1655_56_mctm.o(i.MCTM_CaptureStructInit), (18 bytes).
    Removing ht32f1655_56_mctm.o(i.MCTM_ChExternalClockConfig), (48 bytes).
    Removing ht32f1655_56_mctm.o(i.MCTM_ChNPolarityConfig), (22 bytes).
    Removing ht32f1655_56_mctm.o(i.MCTM_ChPolarityConfig), (20 bytes).
    Removing ht32f1655_56_mctm.o(i.MCTM_ChannelConfig), (24 bytes).
    Removing ht32f1655_56_mctm.o(i.MCTM_ChannelNConfig), (26 bytes).
    Removing ht32f1655_56_mctm.o(i.MCTM_ClearFlag), (10 bytes).
    Removing ht32f1655_56_mctm.o(i.MCTM_ClearIntPendingBit), (10 bytes).
    Removing ht32f1655_56_mctm.o(i.MCTM_ClearOREFConfig), (24 bytes).
    Removing ht32f1655_56_mctm.o(i.MCTM_Cmd), (20 bytes).
    Removing ht32f1655_56_mctm.o(i.MCTM_CounterModeConfig), (24 bytes).
    Removing ht32f1655_56_mctm.o(i.MCTM_DeInit), (28 bytes).
    Removing ht32f1655_56_mctm.o(i.MCTM_DecoderConfig), (56 bytes).
    Removing ht32f1655_56_mctm.o(i.MCTM_EtiConfig), (24 bytes).
    Removing ht32f1655_56_mctm.o(i.MCTM_EtiExternalClockConfig), (18 bytes).
    Removing ht32f1655_56_mctm.o(i.MCTM_ForcedOREF0), (14 bytes).
    Removing ht32f1655_56_mctm.o(i.MCTM_ForcedOREF1), (14 bytes).
    Removing ht32f1655_56_mctm.o(i.MCTM_ForcedOREF2), (14 bytes).
    Removing ht32f1655_56_mctm.o(i.MCTM_ForcedOREF3), (14 bytes).
    Removing ht32f1655_56_mctm.o(i.MCTM_GenerateEvent), (4 bytes).
    Removing ht32f1655_56_mctm.o(i.MCTM_GetCaptureCompare0), (6 bytes).
    Removing ht32f1655_56_mctm.o(i.MCTM_GetCaptureCompare1), (6 bytes).
    Removing ht32f1655_56_mctm.o(i.MCTM_GetCaptureCompare2), (6 bytes).
    Removing ht32f1655_56_mctm.o(i.MCTM_GetCaptureCompare3), (6 bytes).
    Removing ht32f1655_56_mctm.o(i.MCTM_GetCounter), (6 bytes).
    Removing ht32f1655_56_mctm.o(i.MCTM_GetFlagStatus), (10 bytes).
    Removing ht32f1655_56_mctm.o(i.MCTM_GetIntStatus), (22 bytes).
    Removing ht32f1655_56_mctm.o(i.MCTM_GetPrescaler), (6 bytes).
    Removing ht32f1655_56_mctm.o(i.MCTM_HallInterfaceCmd), (20 bytes).
    Removing ht32f1655_56_mctm.o(i.MCTM_ImmActiveConfig), (24 bytes).
    Removing ht32f1655_56_mctm.o(i.MCTM_IntConfig), (16 bytes).
    Removing ht32f1655_56_mctm.o(i.MCTM_InternalClockConfig), (10 bytes).
    Removing ht32f1655_56_mctm.o(i.MCTM_ItiExternalClockConfig), (18 bytes).
    Removing ht32f1655_56_mctm.o(i.MCTM_MMSELConfig), (12 bytes).
    Removing ht32f1655_56_mctm.o(i.MCTM_OutputInit), (126 bytes).
    Removing ht32f1655_56_mctm.o(i.MCTM_OutputModeConfig), (32 bytes).
    Removing ht32f1655_56_mctm.o(i.MCTM_OutputStructInit), (24 bytes).
    Removing ht32f1655_56_mctm.o(i.MCTM_PDMAConfig), (16 bytes).
    Removing ht32f1655_56_mctm.o(i.MCTM_PrescalerConfig), (8 bytes).
    Removing ht32f1655_56_mctm.o(i.MCTM_PwmInputInit), (90 bytes).
    Removing ht32f1655_56_mctm.o(i.MCTM_SetAsymmetricCompare0), (6 bytes).
    Removing ht32f1655_56_mctm.o(i.MCTM_SetAsymmetricCompare1), (6 bytes).
    Removing ht32f1655_56_mctm.o(i.MCTM_SetAsymmetricCompare2), (6 bytes).
    Removing ht32f1655_56_mctm.o(i.MCTM_SetAsymmetricCompare3), (6 bytes).
    Removing ht32f1655_56_mctm.o(i.MCTM_SetCaptureCompare0), (6 bytes).
    Removing ht32f1655_56_mctm.o(i.MCTM_SetCaptureCompare1), (6 bytes).
    Removing ht32f1655_56_mctm.o(i.MCTM_SetCaptureCompare2), (6 bytes).
    Removing ht32f1655_56_mctm.o(i.MCTM_SetCaptureCompare3), (6 bytes).
    Removing ht32f1655_56_mctm.o(i.MCTM_SetCounter), (6 bytes).
    Removing ht32f1655_56_mctm.o(i.MCTM_SetCounterReload), (6 bytes).
    Removing ht32f1655_56_mctm.o(i.MCTM_SinglePulseModeCmd), (20 bytes).
    Removing ht32f1655_56_mctm.o(i.MCTM_SlaveModeConfig), (12 bytes).
    Removing ht32f1655_56_mctm.o(i.MCTM_StiConfig), (24 bytes).
    Removing ht32f1655_56_mctm.o(i.MCTM_TimSyncCmd), (20 bytes).
    Removing ht32f1655_56_mctm.o(i.MCTM_TimeBaseInit), (48 bytes).
    Removing ht32f1655_56_mctm.o(i.MCTM_TimeBaseStructInit), (22 bytes).
    Removing ht32f1655_56_mctm.o(i.MCTM_UEV1G_IntConfig), (20 bytes).
    Removing ht32f1655_56_mctm.o(i.MCTM_UpdateCmd), (20 bytes).
    Removing ht32f1655_56_mctm.o(i.mctm_CHx_Config), (64 bytes).
    Removing ht32f1655_56_pdma.o(.rev16_text), (4 bytes).
    Removing ht32f1655_56_pdma.o(.revsh_text), (4 bytes).
    Removing ht32f1655_56_pdma.o(.rrx_text), (6 bytes).
    Removing ht32f1655_56_pdma.o(i.PDMA_TranSizeConfig), (24 bytes).
    Removing ht32f1655_56_pwrcu.o(.rev16_text), (4 bytes).
    Removing ht32f1655_56_pwrcu.o(.revsh_text), (4 bytes).
    Removing ht32f1655_56_pwrcu.o(.rrx_text), (6 bytes).
    Removing ht32f1655_56_pwrcu.o(i.PWRCU_BODCmd), (12 bytes).
    Removing ht32f1655_56_pwrcu.o(i.PWRCU_BODRISConfig), (12 bytes).
    Removing ht32f1655_56_pwrcu.o(i.PWRCU_CheckReadyAccessed), (72 bytes).
    Removing ht32f1655_56_pwrcu.o(i.PWRCU_DMOSCmd), (24 bytes).
    Removing ht32f1655_56_pwrcu.o(i.PWRCU_DeInit), (32 bytes).
    Removing ht32f1655_56_pwrcu.o(i.PWRCU_DeepSleep1), (64 bytes).
    Removing ht32f1655_56_pwrcu.o(i.PWRCU_DeepSleep2), (80 bytes).
    Removing ht32f1655_56_pwrcu.o(i.PWRCU_GetBODFlagStatus), (12 bytes).
    Removing ht32f1655_56_pwrcu.o(i.PWRCU_GetDMOSStatus), (32 bytes).
    Removing ht32f1655_56_pwrcu.o(i.PWRCU_GetFlagStatus), (28 bytes).
    Removing ht32f1655_56_pwrcu.o(i.PWRCU_GetLVDFlagStatus), (12 bytes).
    Removing ht32f1655_56_pwrcu.o(i.PWRCU_HSIReadyCounterBitLengthConfig), (12 bytes).
    Removing ht32f1655_56_pwrcu.o(i.PWRCU_LVDCmd), (12 bytes).
    Removing ht32f1655_56_pwrcu.o(i.PWRCU_LVDEventWakeupConfig), (12 bytes).
    Removing ht32f1655_56_pwrcu.o(i.PWRCU_LVDIntWakeupConfig), (12 bytes).
    Removing ht32f1655_56_pwrcu.o(i.PWRCU_PowerDown), (76 bytes).
    Removing ht32f1655_56_pwrcu.o(i.PWRCU_ReadBackupRegister), (16 bytes).
    Removing ht32f1655_56_pwrcu.o(i.PWRCU_SetLVDS), (20 bytes).
    Removing ht32f1655_56_pwrcu.o(i.PWRCU_Sleep), (24 bytes).
    Removing ht32f1655_56_pwrcu.o(i.PWRCU_V18RDYSourceConfig), (12 bytes).
    Removing ht32f1655_56_pwrcu.o(i.PWRCU_WakeupPinCmd), (28 bytes).
    Removing ht32f1655_56_pwrcu.o(i.PWRCU_WakeupPinIntConfig), (12 bytes).
    Removing ht32f1655_56_pwrcu.o(i.PWRCU_WriteBackupRegister), (16 bytes).
    Removing ht32f1655_56_rstcu.o(.rev16_text), (4 bytes).
    Removing ht32f1655_56_rstcu.o(.revsh_text), (4 bytes).
    Removing ht32f1655_56_rstcu.o(.rrx_text), (6 bytes).
    Removing ht32f1655_56_rstcu.o(i.RSTCU_ClearAllResetFlag), (12 bytes).
    Removing ht32f1655_56_rstcu.o(i.RSTCU_ClearResetFlag), (16 bytes).
    Removing ht32f1655_56_rstcu.o(i.RSTCU_GetResetFlagStatus), (24 bytes).
    Removing ht32f1655_56_rstcu.o(i.RSTCU_PeripReset), (44 bytes).
    Removing ht32f1655_56_rtc.o(.rev16_text), (4 bytes).
    Removing ht32f1655_56_rtc.o(.revsh_text), (4 bytes).
    Removing ht32f1655_56_rtc.o(.rrx_text), (6 bytes).
    Removing ht32f1655_56_rtc.o(i.RTC_CMPCLRCmd), (12 bytes).
    Removing ht32f1655_56_rtc.o(i.RTC_ClockSourceConfig), (12 bytes).
    Removing ht32f1655_56_rtc.o(i.RTC_Cmd), (12 bytes).
    Removing ht32f1655_56_rtc.o(i.RTC_DeInit), (40 bytes).
    Removing ht32f1655_56_rtc.o(i.RTC_GetCompare), (12 bytes).
    Removing ht32f1655_56_rtc.o(i.RTC_GetCounter), (12 bytes).
    Removing ht32f1655_56_rtc.o(i.RTC_GetFlagStatus), (12 bytes).
    Removing ht32f1655_56_rtc.o(i.RTC_GetOutStatus), (12 bytes).
    Removing ht32f1655_56_rtc.o(i.RTC_GetPrescaler), (20 bytes).
    Removing ht32f1655_56_rtc.o(i.RTC_IntConfig), (24 bytes).
    Removing ht32f1655_56_rtc.o(i.RTC_LSECmd), (44 bytes).
    Removing ht32f1655_56_rtc.o(i.RTC_LSESMConfig), (12 bytes).
    Removing ht32f1655_56_rtc.o(i.RTC_LSICmd), (44 bytes).
    Removing ht32f1655_56_rtc.o(i.RTC_LSILoadTrimData), (40 bytes).
    Removing ht32f1655_56_rtc.o(i.RTC_OutCmd), (12 bytes).
    Removing ht32f1655_56_rtc.o(i.RTC_OutConfig), (20 bytes).
    Removing ht32f1655_56_rtc.o(i.RTC_SetCompare), (12 bytes).
    Removing ht32f1655_56_rtc.o(i.RTC_SetPrescaler), (20 bytes).
    Removing ht32f1655_56_rtc.o(i.RTC_WakeupConfig), (24 bytes).
    Removing ht32f1655_56_sci.o(.rev16_text), (4 bytes).
    Removing ht32f1655_56_sci.o(.revsh_text), (4 bytes).
    Removing ht32f1655_56_sci.o(.rrx_text), (6 bytes).
    Removing ht32f1655_56_sci.o(i.SCI_ClearFlag), (30 bytes).
    Removing ht32f1655_56_sci.o(i.SCI_ClockModeConfig), (20 bytes).
    Removing ht32f1655_56_sci.o(i.SCI_Cmd), (20 bytes).
    Removing ht32f1655_56_sci.o(i.SCI_DeInit), (14 bytes).
    Removing ht32f1655_56_sci.o(i.SCI_ETUConfig), (6 bytes).
    Removing ht32f1655_56_sci.o(i.SCI_GetFlagStatus), (14 bytes).
    Removing ht32f1655_56_sci.o(i.SCI_Init), (32 bytes).
    Removing ht32f1655_56_sci.o(i.SCI_IntConfig), (16 bytes).
    Removing ht32f1655_56_sci.o(i.SCI_OutputDIO), (20 bytes).
    Removing ht32f1655_56_sci.o(i.SCI_PDMACmd), (16 bytes).
    Removing ht32f1655_56_sci.o(i.SCI_ReceiveData), (6 bytes).
    Removing ht32f1655_56_sci.o(i.SCI_SendData), (4 bytes).
    Removing ht32f1655_56_sci.o(i.SCI_SetGuardTimeValue), (4 bytes).
    Removing ht32f1655_56_sci.o(i.SCI_SetWaitingTimeValue), (4 bytes).
    Removing ht32f1655_56_sci.o(i.SCI_SoftwareClockCmd), (20 bytes).
    Removing ht32f1655_56_sci.o(i.SCI_StructInit), (14 bytes).
    Removing ht32f1655_56_sci.o(i.SCI_WaitingTimeCounterCmd), (20 bytes).
    Removing ht32f1655_56_spi.o(.rev16_text), (4 bytes).
    Removing ht32f1655_56_spi.o(.revsh_text), (4 bytes).
    Removing ht32f1655_56_spi.o(.rrx_text), (6 bytes).
    Removing ht32f1655_56_spi.o(i.SPI_ClearFlag), (4 bytes).
    Removing ht32f1655_56_spi.o(i.SPI_Cmd), (20 bytes).
    Removing ht32f1655_56_spi.o(i.SPI_DUALCmd), (20 bytes).
    Removing ht32f1655_56_spi.o(i.SPI_DeInit), (24 bytes).
    Removing ht32f1655_56_spi.o(i.SPI_FIFOCmd), (20 bytes).
    Removing ht32f1655_56_spi.o(i.SPI_FIFOTriggerLevelConfig), (30 bytes).
    Removing ht32f1655_56_spi.o(i.SPI_GUADTCmd), (20 bytes).
    Removing ht32f1655_56_spi.o(i.SPI_GUADTSPI_GUADTConfig), (16 bytes).
    Removing ht32f1655_56_spi.o(i.SPI_GetFIFOStatus), (20 bytes).
    Removing ht32f1655_56_spi.o(i.SPI_GetFlagStatus), (14 bytes).
    Removing ht32f1655_56_spi.o(i.SPI_Init), (74 bytes).
    Removing ht32f1655_56_spi.o(i.SPI_IntConfig), (16 bytes).
    Removing ht32f1655_56_spi.o(i.SPI_PDMACmd), (16 bytes).
    Removing ht32f1655_56_spi.o(i.SPI_ReceiveData), (6 bytes).
    Removing ht32f1655_56_spi.o(i.SPI_SELHTConfig), (10 bytes).
    Removing ht32f1655_56_spi.o(i.SPI_SELModeConfig), (20 bytes).
    Removing ht32f1655_56_spi.o(i.SPI_SELOutputCmd), (20 bytes).
    Removing ht32f1655_56_spi.o(i.SPI_SendData), (4 bytes).
    Removing ht32f1655_56_spi.o(i.SPI_SetDataLength), (16 bytes).
    Removing ht32f1655_56_spi.o(i.SPI_SetTimeOutValue), (4 bytes).
    Removing ht32f1655_56_spi.o(i.SPI_SoftwareSELCmd), (20 bytes).
    Removing ht32f1655_56_spi.o(i.SPI_StructInit), (28 bytes).
    Removing ht32f1655_56_usart.o(.rev16_text), (4 bytes).
    Removing ht32f1655_56_usart.o(.revsh_text), (4 bytes).
    Removing ht32f1655_56_usart.o(.rrx_text), (6 bytes).
    Removing ht32f1655_56_usart.o(i.USART_DeInit), (60 bytes).
    Removing ht32f1655_56_usart.o(i.USART_FIFOReset), (8 bytes).
    Removing ht32f1655_56_usart.o(i.USART_ForceBreakCmd), (20 bytes).
    Removing ht32f1655_56_usart.o(i.USART_ForceModemPinState), (20 bytes).
    Removing ht32f1655_56_usart.o(i.USART_GetFIFOStatus), (18 bytes).
    Removing ht32f1655_56_usart.o(i.USART_GetIntID), (6 bytes).
    Removing ht32f1655_56_usart.o(i.USART_GetLineStatus), (10 bytes).
    Removing ht32f1655_56_usart.o(i.USART_GetModemStatus), (6 bytes).
    Removing ht32f1655_56_usart.o(i.USART_HardwareFlowControlCmd), (20 bytes).
    Removing ht32f1655_56_usart.o(i.USART_IntConfig), (16 bytes).
    Removing ht32f1655_56_usart.o(i.USART_IrDACmd), (20 bytes).
    Removing ht32f1655_56_usart.o(i.USART_IrDAConfig), (20 bytes).
    Removing ht32f1655_56_usart.o(i.USART_IrDADirectionConfig), (20 bytes).
    Removing ht32f1655_56_usart.o(i.USART_IrDAInvtInputCmd), (20 bytes).
    Removing ht32f1655_56_usart.o(i.USART_IrDAInvtOutputCmd), (20 bytes).
    Removing ht32f1655_56_usart.o(i.USART_RFITLConfig), (12 bytes).
    Removing ht32f1655_56_usart.o(i.USART_RS485AADCmd), (20 bytes).
    Removing ht32f1655_56_usart.o(i.USART_RS485NMMCmd), (20 bytes).
    Removing ht32f1655_56_usart.o(i.USART_RS485TxEnablePolarityConfig), (20 bytes).
    Removing ht32f1655_56_usart.o(i.USART_ReceiveData), (6 bytes).
    Removing ht32f1655_56_usart.o(i.USART_SetAddressMatchValue), (14 bytes).
    Removing ht32f1655_56_usart.o(i.USART_SetGuardTime), (14 bytes).
    Removing ht32f1655_56_usart.o(i.USART_SetIrDAPrescaler), (14 bytes).
    Removing ht32f1655_56_usart.o(i.USART_SetTimeOutValue), (12 bytes).
    Removing ht32f1655_56_usart.o(i.USART_StickParityCmd), (20 bytes).
    Removing ht32f1655_56_usart.o(i.USART_StickParityConfig), (20 bytes).
    Removing ht32f1655_56_usart.o(i.USART_StructInit), (20 bytes).
    Removing ht32f1655_56_usart.o(i.USART_SynClockInit), (26 bytes).
    Removing ht32f1655_56_usart.o(i.USART_SynClockStructInit), (12 bytes).
    Removing ht32f1655_56_usart.o(i.USART_TFITLConfig), (12 bytes).
    Removing ht32f1655_56_usart.o(i.USART_TimeOutIntConfig), (20 bytes).
    Removing ht32f1655_56_usart.o(i.USART_TxPDMACmd), (20 bytes).
    Removing ht32f1655_56_usbd.o(.rev16_text), (4 bytes).
    Removing ht32f1655_56_usbd.o(.revsh_text), (4 bytes).
    Removing ht32f1655_56_usbd.o(.rrx_text), (6 bytes).
    Removing ht32f1655_56_usbd.o(i.USBD_ClearINT), (12 bytes).
    Removing ht32f1655_56_usbd.o(i.USBD_DPWakeUpCmd), (28 bytes).
    Removing ht32f1655_56_usbd.o(i.USBD_DPpullupCmd), (28 bytes).
    Removing ht32f1655_56_usbd.o(i.USBD_DeInit), (12 bytes).
    Removing ht32f1655_56_usbd.o(i.USBD_DisableINT), (16 bytes).
    Removing ht32f1655_56_usbd.o(i.USBD_EPTClearDTG), (16 bytes).
    Removing ht32f1655_56_usbd.o(i.USBD_EPTClearHalt), (16 bytes).
    Removing ht32f1655_56_usbd.o(i.USBD_EPTClearINT), (12 bytes).
    Removing ht32f1655_56_usbd.o(i.USBD_EPTEnableINT), (12 bytes).
    Removing ht32f1655_56_usbd.o(i.USBD_EPTGetBuffer0Addr), (24 bytes).
    Removing ht32f1655_56_usbd.o(i.USBD_EPTGetBuffer1Addr), (36 bytes).
    Removing ht32f1655_56_usbd.o(i.USBD_EPTGetBufferLen), (14 bytes).
    Removing ht32f1655_56_usbd.o(i.USBD_EPTGetHalt), (26 bytes).
    Removing ht32f1655_56_usbd.o(i.USBD_EPTGetINT), (14 bytes).
    Removing ht32f1655_56_usbd.o(i.USBD_EPTGetTransferCount), (18 bytes).
    Removing ht32f1655_56_usbd.o(i.USBD_EPTInit), (38 bytes).
    Removing ht32f1655_56_usbd.o(i.USBD_EPTReadMemory), (58 bytes).
    Removing ht32f1655_56_usbd.o(i.USBD_EPTReadOUTData), (48 bytes).
    Removing ht32f1655_56_usbd.o(i.USBD_EPTReset), (16 bytes).
    Removing ht32f1655_56_usbd.o(i.USBD_EPTSendSTALL), (12 bytes).
    Removing ht32f1655_56_usbd.o(i.USBD_EPTSetHalt), (20 bytes).
    Removing ht32f1655_56_usbd.o(i.USBD_EPTWaitSTALLSent), (36 bytes).
    Removing ht32f1655_56_usbd.o(i.USBD_EPTWriteINData), (72 bytes).
    Removing ht32f1655_56_usbd.o(i.USBD_EnableINT), (16 bytes).
    Removing ht32f1655_56_usbd.o(i.USBD_GetEPTnINTNumber), (32 bytes).
    Removing ht32f1655_56_usbd.o(i.USBD_GetINT), (16 bytes).
    Removing ht32f1655_56_usbd.o(i.USBD_Init), (4 bytes).
    Removing ht32f1655_56_usbd.o(i.USBD_PowerOff), (16 bytes).
    Removing ht32f1655_56_usbd.o(i.USBD_PowerOn), (16 bytes).
    Removing ht32f1655_56_usbd.o(i.USBD_PowerUp), (104 bytes).
    Removing ht32f1655_56_usbd.o(i.USBD_PreInit), (24 bytes).
    Removing ht32f1655_56_usbd.o(i.USBD_ReadSETUPData), (16 bytes).
    Removing ht32f1655_56_usbd.o(i.USBD_RemoteWakeup), (16 bytes).
    Removing ht32f1655_56_usbd.o(i.USBD_SRAMResetConditionCmd), (28 bytes).
    Removing ht32f1655_56_usbd.o(i.USBD_SetAddress), (20 bytes).
    Removing ht32f1655_56_usbd.o(i._USBD_CopyMemory), (16 bytes).
    Removing ht32f1655_56_usbd.o(i._USBD_GetEPTnAddr), (16 bytes).
    Removing ht32f1655_56_usbd.o(.data), (4 bytes).
    Removing ht32f1655_56_wdt.o(.rev16_text), (4 bytes).
    Removing ht32f1655_56_wdt.o(.revsh_text), (4 bytes).
    Removing ht32f1655_56_wdt.o(.rrx_text), (6 bytes).
    Removing ht32f1655_56_wdt.o(i.WDT_Cmd), (28 bytes).
    Removing ht32f1655_56_wdt.o(i.WDT_DeInit), (12 bytes).
    Removing ht32f1655_56_wdt.o(i.WDT_GetDeltaValue), (16 bytes).
    Removing ht32f1655_56_wdt.o(i.WDT_GetFlagStatus), (20 bytes).
    Removing ht32f1655_56_wdt.o(i.WDT_GetPrescaler), (24 bytes).
    Removing ht32f1655_56_wdt.o(i.WDT_GetReloadValue), (16 bytes).
    Removing ht32f1655_56_wdt.o(i.WDT_HaltConfig), (24 bytes).
    Removing ht32f1655_56_wdt.o(i.WDT_IntConfig), (28 bytes).
    Removing ht32f1655_56_wdt.o(i.WDT_LockCmd), (32 bytes).
    Removing ht32f1655_56_wdt.o(i.WDT_ProtectCmd), (24 bytes).
    Removing ht32f1655_56_wdt.o(i.WDT_ResetCmd), (28 bytes).
    Removing ht32f1655_56_wdt.o(i.WDT_Restart), (16 bytes).
    Removing ht32f1655_56_wdt.o(i.WDT_SetDeltaValue), (20 bytes).
    Removing ht32f1655_56_wdt.o(i.WDT_SetPrescaler), (20 bytes).
    Removing ht32f1655_56_wdt.o(i.WDT_SetReloadValue), (20 bytes).
    Removing ht32f1655_56_wdt.o(i.WDT_SourceConfig), (16 bytes).
    Removing ht32_retarget.o(.rev16_text), (4 bytes).
    Removing ht32_retarget.o(.revsh_text), (4 bytes).
    Removing ht32_retarget.o(.rrx_text), (6 bytes).
    Removing ht32_retarget.o(i.RETARGET_Configuration), (36 bytes).
    Removing ht32_retarget.o(i.__backspace), (4 bytes).
    Removing ht32_retarget.o(i._sys_exit), (2 bytes).
    Removing ht32_retarget.o(i._ttywrch), (4 bytes).
    Removing ht32_retarget.o(i.fgetc), (4 bytes).
    Removing ht32_retarget.o(i.fputc), (4 bytes).
    Removing ht32_retarget.o(.data), (4 bytes).
    Removing ht32_retarget.o(.data), (4 bytes).
    Removing ht32_serial.o(.rev16_text), (4 bytes).
    Removing ht32_serial.o(.revsh_text), (4 bytes).
    Removing ht32_serial.o(.rrx_text), (6 bytes).
    Removing ht32_serial.o(i.SERIAL_GetChar), (28 bytes).
    Removing ht32_serial.o(i.SERIAL_PutChar), (32 bytes).
    Removing ht32_board.o(.rev16_text), (4 bytes).
    Removing ht32_board.o(.revsh_text), (4 bytes).
    Removing ht32_board.o(.rrx_text), (6 bytes).
    Removing ht32_board.o(i.HT32F_DVB_BuzzerFun), (288 bytes).
    Removing ht32_board.o(i.HT32F_DVB_BuzzerOutputCmd), (16 bytes).
    Removing ht32_board.o(i.HT32F_DVB_COMInit), (92 bytes).
    Removing ht32_board.o(i.HT32F_DVB_LEDInit), (88 bytes).
    Removing ht32_board.o(i.HT32F_DVB_LEDOff), (28 bytes).
    Removing ht32_board.o(i.HT32F_DVB_LEDOn), (28 bytes).
    Removing ht32_board.o(i.HT32F_DVB_LEDToggle), (32 bytes).
    Removing ht32_board.o(i.HT32F_DVB_PBGetState), (28 bytes).
    Removing ht32_board.o(i.HT32F_DVB_PBInit), (188 bytes).
    Removing ht32_board.o(i._HT32F_DVB_ClockConfig), (64 bytes).
    Removing ht32_board.o(.constdata), (80 bytes).
    Removing ebi_lcd.o(.rev16_text), (4 bytes).
    Removing ebi_lcd.o(.revsh_text), (4 bytes).
    Removing ebi_lcd.o(.rrx_text), (6 bytes).
    Removing ebi_lcd.o(i.LCD_BackColorSet), (12 bytes).
    Removing ebi_lcd.o(i.LCD_CharDisplay), (20 bytes).
    Removing ebi_lcd.o(i.LCD_CharDraw), (96 bytes).
    Removing ebi_lcd.o(i.LCD_CircleDraw), (204 bytes).
    Removing ebi_lcd.o(i.LCD_Clear), (32 bytes).
    Removing ebi_lcd.o(i.LCD_Config), (640 bytes).
    Removing ebi_lcd.o(i.LCD_DisplayOff), (8 bytes).
    Removing ebi_lcd.o(i.LCD_DisplayOn), (8 bytes).
    Removing ebi_lcd.o(i.LCD_Init), (348 bytes).
    Removing ebi_lcd.o(i.LCD_LineDraw), (76 bytes).
    Removing ebi_lcd.o(i.LCD_PicDraw), (84 bytes).
    Removing ebi_lcd.o(i.LCD_RectDraw), (60 bytes).
    Removing ebi_lcd.o(i.LCD_SetDisplayArea), (84 bytes).
    Removing ebi_lcd.o(i.LCD_StarterSet), (46 bytes).
    Removing ebi_lcd.o(i.LCD_StringLineDisplay), (40 bytes).
    Removing ebi_lcd.o(i.LCD_TextColorSet), (12 bytes).
    Removing ebi_lcd.o(i.LCD_WriteRAM), (8 bytes).
    Removing ebi_lcd.o(i.LCD_WriteRAMPrior), (10 bytes).
    Removing ebi_lcd.o(i.LCD_WriteRAMWord), (12 bytes).
    Removing ebi_lcd.o(i.LCD_WriteReg), (10 bytes).
    Removing ebi_lcd.o(i._delay), (28 bytes).
    Removing ebi_lcd.o(.data), (4564 bytes).
    Removing spi_flash.o(.rev16_text), (4 bytes).
    Removing spi_flash.o(.revsh_text), (4 bytes).
    Removing spi_flash.o(.rrx_text), (6 bytes).
    Removing spi_flash.o(i.SPI_FLASH_BlockErase), (68 bytes).
    Removing spi_flash.o(i.SPI_FLASH_BufferDualRead), (108 bytes).
    Removing spi_flash.o(i.SPI_FLASH_BufferRead), (80 bytes).
    Removing spi_flash.o(i.SPI_FLASH_BufferWrite), (190 bytes).
    Removing spi_flash.o(i.SPI_FLASH_ChipErase), (44 bytes).
    Removing spi_flash.o(i.SPI_FLASH_Init), (144 bytes).
    Removing spi_flash.o(i.SPI_FLASH_PageWrite), (88 bytes).
    Removing spi_flash.o(i.SPI_FLASH_ReadJEDECID), (68 bytes).
    Removing spi_flash.o(i.SPI_FLASH_SectorErase), (68 bytes).
    Removing spi_flash.o(i.SPI_FLASH_SendByte), (50 bytes).
    Removing spi_flash.o(i.SPI_FLASH_WaitForWriteEnd), (44 bytes).
    Removing spi_flash.o(i.SPI_FLASH_WriteDisable), (36 bytes).
    Removing spi_flash.o(i.SPI_FLASH_WriteEnable), (36 bytes).
    Removing spi_flash.o(i.SPI_FLASH_WriteStatus), (48 bytes).
    Removing i2c_eeprom.o(.rev16_text), (4 bytes).
    Removing i2c_eeprom.o(.revsh_text), (4 bytes).
    Removing i2c_eeprom.o(.rrx_text), (6 bytes).
    Removing i2c_eeprom.o(i.I2C_EEPROM_BufferRead), (184 bytes).
    Removing i2c_eeprom.o(i.I2C_EEPROM_BufferWrite), (56 bytes).
    Removing i2c_eeprom.o(i.I2C_EEPROM_Init), (80 bytes).
    Removing i2c_eeprom.o(i.I2C_EEPROM_PageWrite), (124 bytes).
    Removing i2c_eeprom.o(i._I2C_EEPROM_AckPolling), (60 bytes).
    Removing dadd.o(.text), (334 bytes).
    Removing dmul.o(.text), (228 bytes).
    Removing ddiv.o(.text), (222 bytes).
    Removing dfixul.o(.text), (48 bytes).
    Removing cdrcmple.o(.text), (40 bytes).
    Removing depilogue.o(.text), (190 bytes).

692 unused section(s) (total 23735 bytes) removed from the image.

==============================================================================

Image Symbol Table

    Local Symbols

    Symbol Name                              Value     Ov Type        Size  Object(Section)

    RESET                                    0x00000000   Section      376  startup_ht32f165x.o(RESET)
    ../clib/microlib/division.c              0x00000000   Number         0  uldiv.o ABSOLUTE
    ../clib/microlib/division.c              0x00000000   Number         0  uidiv.o ABSOLUTE
    ../clib/microlib/init/entry.s            0x00000000   Number         0  entry8a.o ABSOLUTE
    ../clib/microlib/init/entry.s            0x00000000   Number         0  entry8b.o ABSOLUTE
    ../clib/microlib/init/entry.s            0x00000000   Number         0  entry9a.o ABSOLUTE
    ../clib/microlib/init/entry.s            0x00000000   Number         0  entry7a.o ABSOLUTE
    ../clib/microlib/init/entry.s            0x00000000   Number         0  entry9b.o ABSOLUTE
    ../clib/microlib/init/entry.s            0x00000000   Number         0  entry10a.o ABSOLUTE
    ../clib/microlib/init/entry.s            0x00000000   Number         0  entry11b.o ABSOLUTE
    ../clib/microlib/init/entry.s            0x00000000   Number         0  entry10b.o ABSOLUTE
    ../clib/microlib/init/entry.s            0x00000000   Number         0  entry11a.o ABSOLUTE
    ../clib/microlib/init/entry.s            0x00000000   Number         0  entry2.o ABSOLUTE
    ../clib/microlib/init/entry.s            0x00000000   Number         0  entry5.o ABSOLUTE
    ../clib/microlib/init/entry.s            0x00000000   Number         0  entry7b.o ABSOLUTE
    ../clib/microlib/init/entry.s            0x00000000   Number         0  entry.o ABSOLUTE
    ../clib/microlib/longlong.c              0x00000000   Number         0  llsshr.o ABSOLUTE
    ../clib/microlib/longlong.c              0x00000000   Number         0  llushr.o ABSOLUTE
    ../clib/microlib/longlong.c              0x00000000   Number         0  llshl.o ABSOLUTE
    ../clib/microlib/printf/printf.c         0x00000000   Number         0  printf4.o ABSOLUTE
    ../clib/microlib/printf/printf.c         0x00000000   Number         0  printf6.o ABSOLUTE
    ../clib/microlib/printf/printf.c         0x00000000   Number         0  printf5.o ABSOLUTE
    ../clib/microlib/printf/printf.c         0x00000000   Number         0  printf3.o ABSOLUTE
    ../clib/microlib/printf/printf.c         0x00000000   Number         0  printf2.o ABSOLUTE
    ../clib/microlib/printf/printf.c         0x00000000   Number         0  printf1.o ABSOLUTE
    ../clib/microlib/printf/printf.c         0x00000000   Number         0  printf7.o ABSOLUTE
    ../clib/microlib/printf/printf.c         0x00000000   Number         0  printfb.o ABSOLUTE
    ../clib/microlib/printf/printf.c         0x00000000   Number         0  printf0.o ABSOLUTE
    ../clib/microlib/printf/printf.c         0x00000000   Number         0  printfa.o ABSOLUTE
    ../clib/microlib/printf/printf.c         0x00000000   Number         0  printf8.o ABSOLUTE
    ../clib/microlib/printf/stubs.s          0x00000000   Number         0  stubs.o ABSOLUTE
    ../clib/microlib/string/memset.c         0x00000000   Number         0  memseta.o ABSOLUTE
    ../clib/microlib/stubs.s                 0x00000000   Number         0  iusefp.o ABSOLUTE
    ../clib/microlib/stubs.s                 0x00000000   Number         0  useno.o ABSOLUTE
    ../fplib/microlib/fpadd.c                0x00000000   Number         0  dadd.o ABSOLUTE
    ../fplib/microlib/fpdiv.c                0x00000000   Number         0  ddiv.o ABSOLUTE
    ../fplib/microlib/fpepilogue.c           0x00000000   Number         0  depilogue.o ABSOLUTE
    ../fplib/microlib/fpfix.c                0x00000000   Number         0  dfixul.o ABSOLUTE
    ../fplib/microlib/fpmul.c                0x00000000   Number         0  dmul.o ABSOLUTE
    ..\..\Driver\SD\sd.c                     0x00000000   Number         0  sd.o ABSOLUTE
    ..\..\Driver\SPI\spi.c                   0x00000000   Number         0  spi.o ABSOLUTE
    ..\..\Driver\USART\usart.c               0x00000000   Number         0  usart.o ABSOLUTE
    ..\..\User\ht32f165x_it.c                0x00000000   Number         0  ht32f165x_it.o ABSOLUTE
    ..\..\User\main.c                        0x00000000   Number         0  main.o ABSOLUTE
    ..\..\library\HT32F1655_56_Driver\src\ht32_cm3_misc.c 0x00000000   Number         0  ht32_cm3_misc.o ABSOLUTE
    ..\..\library\HT32F1655_56_Driver\src\ht32_retarget.c 0x00000000   Number         0  ht32_retarget.o ABSOLUTE
    ..\..\library\HT32F1655_56_Driver\src\ht32_serial.c 0x00000000   Number         0  ht32_serial.o ABSOLUTE
    ..\..\library\HT32F1655_56_Driver\src\ht32f1655_56_adc.c 0x00000000   Number         0  ht32f1655_56_adc.o ABSOLUTE
    ..\..\library\HT32F1655_56_Driver\src\ht32f1655_56_bftm.c 0x00000000   Number         0  ht32f1655_56_bftm.o ABSOLUTE
    ..\..\library\HT32F1655_56_Driver\src\ht32f1655_56_ckcu.c 0x00000000   Number         0  ht32f1655_56_ckcu.o ABSOLUTE
    ..\..\library\HT32F1655_56_Driver\src\ht32f1655_56_cmp_op.c 0x00000000   Number         0  ht32f1655_56_cmp_op.o ABSOLUTE
    ..\..\library\HT32F1655_56_Driver\src\ht32f1655_56_crc.c 0x00000000   Number         0  ht32f1655_56_crc.o ABSOLUTE
    ..\..\library\HT32F1655_56_Driver\src\ht32f1655_56_ebi.c 0x00000000   Number         0  ht32f1655_56_ebi.o ABSOLUTE
    ..\..\library\HT32F1655_56_Driver\src\ht32f1655_56_exti.c 0x00000000   Number         0  ht32f1655_56_exti.o ABSOLUTE
    ..\..\library\HT32F1655_56_Driver\src\ht32f1655_56_flash.c 0x00000000   Number         0  ht32f1655_56_flash.o ABSOLUTE
    ..\..\library\HT32F1655_56_Driver\src\ht32f1655_56_gpio.c 0x00000000   Number         0  ht32f1655_56_gpio.o ABSOLUTE
    ..\..\library\HT32F1655_56_Driver\src\ht32f1655_56_gptm.c 0x00000000   Number         0  ht32f1655_56_gptm.o ABSOLUTE
    ..\..\library\HT32F1655_56_Driver\src\ht32f1655_56_i2c.c 0x00000000   Number         0  ht32f1655_56_i2c.o ABSOLUTE
    ..\..\library\HT32F1655_56_Driver\src\ht32f1655_56_i2s.c 0x00000000   Number         0  ht32f1655_56_i2s.o ABSOLUTE
    ..\..\library\HT32F1655_56_Driver\src\ht32f1655_56_mctm.c 0x00000000   Number         0  ht32f1655_56_mctm.o ABSOLUTE
    ..\..\library\HT32F1655_56_Driver\src\ht32f1655_56_pdma.c 0x00000000   Number         0  ht32f1655_56_pdma.o ABSOLUTE
    ..\..\library\HT32F1655_56_Driver\src\ht32f1655_56_pwrcu.c 0x00000000   Number         0  ht32f1655_56_pwrcu.o ABSOLUTE
    ..\..\library\HT32F1655_56_Driver\src\ht32f1655_56_rstcu.c 0x00000000   Number         0  ht32f1655_56_rstcu.o ABSOLUTE
    ..\..\library\HT32F1655_56_Driver\src\ht32f1655_56_rtc.c 0x00000000   Number         0  ht32f1655_56_rtc.o ABSOLUTE
    ..\..\library\HT32F1655_56_Driver\src\ht32f1655_56_sci.c 0x00000000   Number         0  ht32f1655_56_sci.o ABSOLUTE
    ..\..\library\HT32F1655_56_Driver\src\ht32f1655_56_spi.c 0x00000000   Number         0  ht32f1655_56_spi.o ABSOLUTE
    ..\..\library\HT32F1655_56_Driver\src\ht32f1655_56_usart.c 0x00000000   Number         0  ht32f1655_56_usart.o ABSOLUTE
    ..\..\library\HT32F1655_56_Driver\src\ht32f1655_56_usbd.c 0x00000000   Number         0  ht32f1655_56_usbd.o ABSOLUTE
    ..\..\library\HT32F1655_56_Driver\src\ht32f1655_56_wdt.c 0x00000000   Number         0  ht32f1655_56_wdt.o ABSOLUTE
    ..\..\library\HT32_USBD_Library\src\ht32_usbd_core.c 0x00000000   Number         0  ht32_usbd_core.o ABSOLUTE
    ..\..\utilities\common\ebi_lcd.c         0x00000000   Number         0  ebi_lcd.o ABSOLUTE
    ..\..\utilities\common\i2c_eeprom.c      0x00000000   Number         0  i2c_eeprom.o ABSOLUTE
    ..\..\utilities\common\spi_flash.c       0x00000000   Number         0  spi_flash.o ABSOLUTE
    ..\..\utilities\ht32_board.c             0x00000000   Number         0  ht32_board.o ABSOLUTE
    ..\MDK_ARM\ht32_op.s                     0x00000000   Number         0  ht32_op.o ABSOLUTE
    ..\\..\\Driver\\SD\\sd.c                 0x00000000   Number         0  sd.o ABSOLUTE
    ..\\..\\Driver\\SPI\\spi.c               0x00000000   Number         0  spi.o ABSOLUTE
    ..\\..\\Driver\\USART\\usart.c           0x00000000   Number         0  usart.o ABSOLUTE
    ..\\..\\User\\ht32f165x_it.c             0x00000000   Number         0  ht32f165x_it.o ABSOLUTE
    ..\\..\\User\\main.c                     0x00000000   Number         0  main.o ABSOLUTE
    ..\\..\\library\\HT32F1655_56_Driver\\src\\ht32_cm3_misc.c 0x00000000   Number         0  ht32_cm3_misc.o ABSOLUTE
    ..\\..\\library\\HT32F1655_56_Driver\\src\\ht32_retarget.c 0x00000000   Number         0  ht32_retarget.o ABSOLUTE
    ..\\..\\library\\HT32F1655_56_Driver\\src\\ht32_serial.c 0x00000000   Number         0  ht32_serial.o ABSOLUTE
    ..\\..\\library\\HT32F1655_56_Driver\\src\\ht32f1655_56_adc.c 0x00000000   Number         0  ht32f1655_56_adc.o ABSOLUTE
    ..\\..\\library\\HT32F1655_56_Driver\\src\\ht32f1655_56_bftm.c 0x00000000   Number         0  ht32f1655_56_bftm.o ABSOLUTE
    ..\\..\\library\\HT32F1655_56_Driver\\src\\ht32f1655_56_ckcu.c 0x00000000   Number         0  ht32f1655_56_ckcu.o ABSOLUTE
    ..\\..\\library\\HT32F1655_56_Driver\\src\\ht32f1655_56_cmp_op.c 0x00000000   Number         0  ht32f1655_56_cmp_op.o ABSOLUTE
    ..\\..\\library\\HT32F1655_56_Driver\\src\\ht32f1655_56_crc.c 0x00000000   Number         0  ht32f1655_56_crc.o ABSOLUTE
    ..\\..\\library\\HT32F1655_56_Driver\\src\\ht32f1655_56_ebi.c 0x00000000   Number         0  ht32f1655_56_ebi.o ABSOLUTE
    ..\\..\\library\\HT32F1655_56_Driver\\src\\ht32f1655_56_exti.c 0x00000000   Number         0  ht32f1655_56_exti.o ABSOLUTE
    ..\\..\\library\\HT32F1655_56_Driver\\src\\ht32f1655_56_flash.c 0x00000000   Number         0  ht32f1655_56_flash.o ABSOLUTE
    ..\\..\\library\\HT32F1655_56_Driver\\src\\ht32f1655_56_gpio.c 0x00000000   Number         0  ht32f1655_56_gpio.o ABSOLUTE
    ..\\..\\library\\HT32F1655_56_Driver\\src\\ht32f1655_56_gptm.c 0x00000000   Number         0  ht32f1655_56_gptm.o ABSOLUTE
    ..\\..\\library\\HT32F1655_56_Driver\\src\\ht32f1655_56_i2c.c 0x00000000   Number         0  ht32f1655_56_i2c.o ABSOLUTE
    ..\\..\\library\\HT32F1655_56_Driver\\src\\ht32f1655_56_i2s.c 0x00000000   Number         0  ht32f1655_56_i2s.o ABSOLUTE
    ..\\..\\library\\HT32F1655_56_Driver\\src\\ht32f1655_56_mctm.c 0x00000000   Number         0  ht32f1655_56_mctm.o ABSOLUTE
    ..\\..\\library\\HT32F1655_56_Driver\\src\\ht32f1655_56_pdma.c 0x00000000   Number         0  ht32f1655_56_pdma.o ABSOLUTE
    ..\\..\\library\\HT32F1655_56_Driver\\src\\ht32f1655_56_pwrcu.c 0x00000000   Number         0  ht32f1655_56_pwrcu.o ABSOLUTE
    ..\\..\\library\\HT32F1655_56_Driver\\src\\ht32f1655_56_rstcu.c 0x00000000   Number         0  ht32f1655_56_rstcu.o ABSOLUTE
    ..\\..\\library\\HT32F1655_56_Driver\\src\\ht32f1655_56_rtc.c 0x00000000   Number         0  ht32f1655_56_rtc.o ABSOLUTE
    ..\\..\\library\\HT32F1655_56_Driver\\src\\ht32f1655_56_sci.c 0x00000000   Number         0  ht32f1655_56_sci.o ABSOLUTE
    ..\\..\\library\\HT32F1655_56_Driver\\src\\ht32f1655_56_spi.c 0x00000000   Number         0  ht32f1655_56_spi.o ABSOLUTE
    ..\\..\\library\\HT32F1655_56_Driver\\src\\ht32f1655_56_usart.c 0x00000000   Number         0  ht32f1655_56_usart.o ABSOLUTE
    ..\\..\\library\\HT32F1655_56_Driver\\src\\ht32f1655_56_usbd.c 0x00000000   Number         0  ht32f1655_56_usbd.o ABSOLUTE
    ..\\..\\library\\HT32F1655_56_Driver\\src\\ht32f1655_56_wdt.c 0x00000000   Number         0  ht32f1655_56_wdt.o ABSOLUTE
    ..\\..\\library\\HT32_USBD_Library\\src\\ht32_usbd_core.c 0x00000000   Number         0  ht32_usbd_core.o ABSOLUTE
    ..\\..\\utilities\\common\\ebi_lcd.c     0x00000000   Number         0  ebi_lcd.o ABSOLUTE
    ..\\..\\utilities\\common\\i2c_eeprom.c  0x00000000   Number         0  i2c_eeprom.o ABSOLUTE
    ..\\..\\utilities\\common\\spi_flash.c   0x00000000   Number         0  spi_flash.o ABSOLUTE
    ..\\..\\utilities\\ht32_board.c          0x00000000   Number         0  ht32_board.o ABSOLUTE
    ..\\system_ht32f165x.c                   0x00000000   Number         0  system_ht32f165x.o ABSOLUTE
    ..\system_ht32f165x.c                    0x00000000   Number         0  system_ht32f165x.o ABSOLUTE
    cdrcmple.s                               0x00000000   Number         0  cdrcmple.o ABSOLUTE
    dc.s                                     0x00000000   Number         0  dc.o ABSOLUTE
    handlers.s                               0x00000000   Number         0  handlers.o ABSOLUTE
    init.s                                   0x00000000   Number         0  init.o ABSOLUTE
    startup_ht32f165x.s                      0x00000000   Number         0  startup_ht32f165x.o ABSOLUTE
    .ARM.Collect$$$$00000000                 0x00000178   Section        0  entry.o(.ARM.Collect$$$$00000000)
    .ARM.Collect$$$$00000001                 0x00000178   Section        4  entry2.o(.ARM.Collect$$$$00000001)
    .ARM.Collect$$$$00000004                 0x0000017c   Section        4  entry5.o(.ARM.Collect$$$$00000004)
    .ARM.Collect$$$$00000008                 0x00000180   Section        0  entry7b.o(.ARM.Collect$$$$00000008)
    .ARM.Collect$$$$0000000A                 0x00000180   Section        0  entry8b.o(.ARM.Collect$$$$0000000A)
    .ARM.Collect$$$$0000000B                 0x00000180   Section        8  entry9a.o(.ARM.Collect$$$$0000000B)
    .ARM.Collect$$$$0000000D                 0x00000188   Section        0  entry10a.o(.ARM.Collect$$$$0000000D)
    .ARM.Collect$$$$0000000F                 0x00000188   Section        0  entry11a.o(.ARM.Collect$$$$0000000F)
    .ARM.Collect$$$$00002712                 0x00000188   Section        4  entry2.o(.ARM.Collect$$$$00002712)
    __lit__00000000                          0x00000188   Data           4  entry2.o(.ARM.Collect$$$$00002712)
    .text                                    0x0000018c   Section       36  init.o(.text)
    i.AFIO_GPxConfig                         0x000001b0   Section        0  ht32f1655_56_gpio.o(i.AFIO_GPxConfig)
    i.BusFault_Handler                       0x00000214   Section        0  ht32f165x_it.o(i.BusFault_Handler)
    i.CKCU_GetClocksFrequency                0x00000218   Section        0  ht32f1655_56_ckcu.o(i.CKCU_GetClocksFrequency)
    i.CKCU_GetPLLFrequency                   0x0000026c   Section        0  ht32f1655_56_ckcu.o(i.CKCU_GetPLLFrequency)
    i.CKCU_GetUSARTClockFreq                 0x000002ac   Section        0  ht32f1655_56_ckcu.o(i.CKCU_GetUSARTClockFreq)
    i.CKCU_PeripClockConfig                  0x000002bc   Section        0  ht32f1655_56_ckcu.o(i.CKCU_PeripClockConfig)
    i.Data_Check                             0x000002e0   Section        0  main.o(i.Data_Check)
    i.DebugMon_Handler                       0x000002f4   Section        0  ht32f165x_it.o(i.DebugMon_Handler)
    i.HardFault_Handler                      0x000002f6   Section        0  ht32f165x_it.o(i.HardFault_Handler)
    i.Init_USART                             0x000002f8   Section        0  usart.o(i.Init_USART)
    i.MemManage_Handler                      0x00000394   Section        0  ht32f165x_it.o(i.MemManage_Handler)
    i.NMI_Handler                            0x00000396   Section        0  ht32f165x_it.o(i.NMI_Handler)
    i.PDMA_ClearFlag                         0x00000398   Section        0  ht32f1655_56_pdma.o(i.PDMA_ClearFlag)
    i.PDMA_Config                            0x000003c4   Section        0  ht32f1655_56_pdma.o(i.PDMA_Config)
    i.PDMA_Configuration                     0x000003f4   Section        0  main.o(i.PDMA_Configuration)
    i.PDMA_EnaCmd                            0x00000454   Section        0  ht32f1655_56_pdma.o(i.PDMA_EnaCmd)
    i.PDMA_GetFlagStatus                     0x0000047c   Section        0  ht32f1655_56_pdma.o(i.PDMA_GetFlagStatus)
    i.PDMA_IntConig                          0x000004ac   Section        0  ht32f1655_56_pdma.o(i.PDMA_IntConig)
    i.PDMA_SwTrigCmd                         0x000004dc   Section        0  ht32f1655_56_pdma.o(i.PDMA_SwTrigCmd)
    i.PendSV_Handler                         0x00000504   Section        0  ht32f165x_it.o(i.PendSV_Handler)
    i.SVC_Handler                            0x00000506   Section        0  ht32f165x_it.o(i.SVC_Handler)
    i.SysTick_Handler                        0x00000508   Section        0  ht32f165x_it.o(i.SysTick_Handler)
    i.SystemInit                             0x0000050c   Section        0  system_ht32f165x.o(i.SystemInit)
    i.USART_Init                             0x00000568   Section        0  ht32f1655_56_usart.o(i.USART_Init)
    i.USART_RxCmd                            0x0000059c   Section        0  ht32f1655_56_usart.o(i.USART_RxCmd)
    i.USART_RxPDMACmd                        0x000005b0   Section        0  ht32f1655_56_usart.o(i.USART_RxPDMACmd)
    i.USART_SendData                         0x000005c4   Section        0  ht32f1655_56_usart.o(i.USART_SendData)
    i.USART_TxCmd                            0x000005c8   Section        0  ht32f1655_56_usart.o(i.USART_TxCmd)
    i.UsageFault_Handler                     0x000005dc   Section        0  ht32f165x_it.o(i.UsageFault_Handler)
    i.__scatterload_copy                     0x000005de   Section       14  handlers.o(i.__scatterload_copy)
    i.__scatterload_null                     0x000005ec   Section        2  handlers.o(i.__scatterload_null)
    i.__scatterload_zeroinit                 0x000005ee   Section       14  handlers.o(i.__scatterload_zeroinit)
    i.main                                   0x000005fc   Section        0  main.o(i.main)
    .data                                    0x20000000   Section        1  main.o(.data)
    .bss                                     0x20000004   Section       33  main.o(.bss)
    STACK                                    0x20000028   Section      512  startup_ht32f165x.o(STACK)

    Global Symbols

    Symbol Name                              Value     Ov Type        Size  Object(Section)

    BuildAttributes$$THM_ISAv4$P$D$K$B$S$PE$A:L22UL41UL21$X:L11$S22US41US21$IEEE1$IW$USESV6$~STKCKD$USESV7$~SHL$OSPACE$ROPI$EBA8$MICROLIB$REQ8$PRES8$EABIv2 0x00000000   Number         0  anon$$obj.o ABSOLUTE
    __ARM_use_no_argv                        0x00000000   Number         0  main.o ABSOLUTE
    __Vectors                                0x00000000   Data           4  startup_ht32f165x.o(RESET)
    __use_no_errno                           0x00000000   Number         0  useno.o ABSOLUTE
    __use_no_exception_handling              0x00000000   Number         0  useno.o ABSOLUTE
    __use_no_fp                              0x00000000   Number         0  useno.o ABSOLUTE
    __use_no_heap                            0x00000000   Number         0  useno.o ABSOLUTE
    __use_no_heap_region                     0x00000000   Number         0  useno.o ABSOLUTE
    __use_no_semihosting                     0x00000000   Number         0  useno.o ABSOLUTE
    __use_no_semihosting_swi                 0x00000000   Number         0  useno.o ABSOLUTE
    __use_no_signal_handling                 0x00000000   Number         0  useno.o ABSOLUTE
    _printf_a                                0x00000000   Number         0  stubs.o ABSOLUTE
    _printf_c                                0x00000000   Number         0  stubs.o ABSOLUTE
    _printf_charcount                        0x00000000   Number         0  stubs.o ABSOLUTE
    _printf_d                                0x00000000   Number         0  stubs.o ABSOLUTE
    _printf_e                                0x00000000   Number         0  stubs.o ABSOLUTE
    _printf_f                                0x00000000   Number         0  stubs.o ABSOLUTE
    _printf_flags                            0x00000000   Number         0  stubs.o ABSOLUTE
    _printf_fp_dec                           0x00000000   Number         0  stubs.o ABSOLUTE
    _printf_fp_hex                           0x00000000   Number         0  stubs.o ABSOLUTE
    _printf_g                                0x00000000   Number         0  stubs.o ABSOLUTE
    _printf_i                                0x00000000   Number         0  stubs.o ABSOLUTE
    _printf_int_dec                          0x00000000   Number         0  stubs.o ABSOLUTE
    _printf_l                                0x00000000   Number         0  stubs.o ABSOLUTE
    _printf_lc                               0x00000000   Number         0  stubs.o ABSOLUTE
    _printf_ll                               0x00000000   Number         0  stubs.o ABSOLUTE
    _printf_lld                              0x00000000   Number         0  stubs.o ABSOLUTE
    _printf_lli                              0x00000000   Number         0  stubs.o ABSOLUTE
    _printf_llo                              0x00000000   Number         0  stubs.o ABSOLUTE
    _printf_llu                              0x00000000   Number         0  stubs.o ABSOLUTE
    _printf_llx                              0x00000000   Number         0  stubs.o ABSOLUTE
    _printf_longlong_dec                     0x00000000   Number         0  stubs.o ABSOLUTE
    _printf_longlong_hex                     0x00000000   Number         0  stubs.o ABSOLUTE
    _printf_longlong_oct                     0x00000000   Number         0  stubs.o ABSOLUTE
    _printf_ls                               0x00000000   Number         0  stubs.o ABSOLUTE
    _printf_mbtowc                           0x00000000   Number         0  stubs.o ABSOLUTE
    _printf_n                                0x00000000   Number         0  stubs.o ABSOLUTE
    _printf_o                                0x00000000   Number         0  stubs.o ABSOLUTE
    _printf_p                                0x00000000   Number         0  stubs.o ABSOLUTE
    _printf_percent                          0x00000000   Number         0  stubs.o ABSOLUTE
    _printf_pre_padding                      0x00000000   Number         0  stubs.o ABSOLUTE
    _printf_return_value                     0x00000000   Number         0  stubs.o ABSOLUTE
    _printf_s                                0x00000000   Number         0  stubs.o ABSOLUTE
    _printf_sizespec                         0x00000000   Number         0  stubs.o ABSOLUTE
    _printf_str                              0x00000000   Number         0  stubs.o ABSOLUTE
    _printf_truncate_signed                  0x00000000   Number         0  stubs.o ABSOLUTE
    _printf_truncate_unsigned                0x00000000   Number         0  stubs.o ABSOLUTE
    _printf_u                                0x00000000   Number         0  stubs.o ABSOLUTE
    _printf_wc                               0x00000000   Number         0  stubs.o ABSOLUTE
    _printf_wctomb                           0x00000000   Number         0  stubs.o ABSOLUTE
    _printf_widthprec                        0x00000000   Number         0  stubs.o ABSOLUTE
    _printf_x                                0x00000000   Number         0  stubs.o ABSOLUTE
    __cpp_initialize__aeabi_                  - Undefined Weak Reference
    __cxa_finalize                            - Undefined Weak Reference
    __decompress                              - Undefined Weak Reference
    _clock_init                               - Undefined Weak Reference
    _microlib_exit                            - Undefined Weak Reference
    Reset_Handler                            0x00000155   Thumb Code     8  startup_ht32f165x.o(RESET)
    ADC_IRQHandler                           0x0000016f   Thumb Code     0  startup_ht32f165x.o(RESET)
    BFTM0_IRQHandler                         0x0000016f   Thumb Code     0  startup_ht32f165x.o(RESET)
    BFTM1_IRQHandler                         0x0000016f   Thumb Code     0  startup_ht32f165x.o(RESET)
    BOD_IRQHandler                           0x0000016f   Thumb Code     0  startup_ht32f165x.o(RESET)
    CKRDY_IRQHandler                         0x0000016f   Thumb Code     0  startup_ht32f165x.o(RESET)
    COMP_IRQHandler                          0x0000016f   Thumb Code     0  startup_ht32f165x.o(RESET)
    EBI_IRQHandler                           0x0000016f   Thumb Code     0  startup_ht32f165x.o(RESET)
    EVWUP_IRQHandler                         0x0000016f   Thumb Code     0  startup_ht32f165x.o(RESET)
    EXTI0_IRQHandler                         0x0000016f   Thumb Code     0  startup_ht32f165x.o(RESET)
    EXTI10_IRQHandler                        0x0000016f   Thumb Code     0  startup_ht32f165x.o(RESET)
    EXTI11_IRQHandler                        0x0000016f   Thumb Code     0  startup_ht32f165x.o(RESET)
    EXTI12_IRQHandler                        0x0000016f   Thumb Code     0  startup_ht32f165x.o(RESET)
    EXTI13_IRQHandler                        0x0000016f   Thumb Code     0  startup_ht32f165x.o(RESET)
    EXTI14_IRQHandler                        0x0000016f   Thumb Code     0  startup_ht32f165x.o(RESET)
    EXTI15_IRQHandler                        0x0000016f   Thumb Code     0  startup_ht32f165x.o(RESET)
    EXTI1_IRQHandler                         0x0000016f   Thumb Code     0  startup_ht32f165x.o(RESET)
    EXTI2_IRQHandler                         0x0000016f   Thumb Code     0  startup_ht32f165x.o(RESET)
    EXTI3_IRQHandler                         0x0000016f   Thumb Code     0  startup_ht32f165x.o(RESET)
    EXTI4_IRQHandler                         0x0000016f   Thumb Code     0  startup_ht32f165x.o(RESET)
    EXTI5_IRQHandler                         0x0000016f   Thumb Code     0  startup_ht32f165x.o(RESET)
    EXTI6_IRQHandler                         0x0000016f   Thumb Code     0  startup_ht32f165x.o(RESET)
    EXTI7_IRQHandler                         0x0000016f   Thumb Code     0  startup_ht32f165x.o(RESET)
    EXTI8_IRQHandler                         0x0000016f   Thumb Code     0  startup_ht32f165x.o(RESET)
    EXTI9_IRQHandler                         0x0000016f   Thumb Code     0  startup_ht32f165x.o(RESET)
    FLASH_IRQHandler                         0x0000016f   Thumb Code     0  startup_ht32f165x.o(RESET)
    GPTM0_IRQHandler                         0x0000016f   Thumb Code     0  startup_ht32f165x.o(RESET)
    GPTM1_IRQHandler                         0x0000016f   Thumb Code     0  startup_ht32f165x.o(RESET)
    I2C0_IRQHandler                          0x0000016f   Thumb Code     0  startup_ht32f165x.o(RESET)
    I2C1_IRQHandler                          0x0000016f   Thumb Code     0  startup_ht32f165x.o(RESET)
    I2S_IRQHandler                           0x0000016f   Thumb Code     0  startup_ht32f165x.o(RESET)
    LPWUP_IRQHandler                         0x0000016f   Thumb Code     0  startup_ht32f165x.o(RESET)
    LVD_IRQHandler                           0x0000016f   Thumb Code     0  startup_ht32f165x.o(RESET)
    MCTM0BRK_IRQHandler                      0x0000016f   Thumb Code     0  startup_ht32f165x.o(RESET)
    MCTM0CC_IRQHandler                       0x0000016f   Thumb Code     0  startup_ht32f165x.o(RESET)
    MCTM0TR_IRQHandler                       0x0000016f   Thumb Code     0  startup_ht32f165x.o(RESET)
    MCTM0UP_IRQHandler                       0x0000016f   Thumb Code     0  startup_ht32f165x.o(RESET)
    MCTM1BRK_IRQHandler                      0x0000016f   Thumb Code     0  startup_ht32f165x.o(RESET)
    MCTM1CC_IRQHandler                       0x0000016f   Thumb Code     0  startup_ht32f165x.o(RESET)
    MCTM1TR_IRQHandler                       0x0000016f   Thumb Code     0  startup_ht32f165x.o(RESET)
    MCTM1UP_IRQHandler                       0x0000016f   Thumb Code     0  startup_ht32f165x.o(RESET)
    PDMA_CH0_IRQHandler                      0x0000016f   Thumb Code     0  startup_ht32f165x.o(RESET)
    PDMA_CH1_IRQHandler                      0x0000016f   Thumb Code     0  startup_ht32f165x.o(RESET)
    PDMA_CH2_IRQHandler                      0x0000016f   Thumb Code     0  startup_ht32f165x.o(RESET)
    PDMA_CH3_IRQHandler                      0x0000016f   Thumb Code     0  startup_ht32f165x.o(RESET)
    PDMA_CH4_IRQHandler                      0x0000016f   Thumb Code     0  startup_ht32f165x.o(RESET)
    PDMA_CH5_IRQHandler                      0x0000016f   Thumb Code     0  startup_ht32f165x.o(RESET)
    PDMA_CH6_IRQHandler                      0x0000016f   Thumb Code     0  startup_ht32f165x.o(RESET)
    PDMA_CH7_IRQHandler                      0x0000016f   Thumb Code     0  startup_ht32f165x.o(RESET)
    RTC_IRQHandler                           0x0000016f   Thumb Code     0  startup_ht32f165x.o(RESET)
    SCI_IRQHandler                           0x0000016f   Thumb Code     0  startup_ht32f165x.o(RESET)
    SPI0_IRQHandler                          0x0000016f   Thumb Code     0  startup_ht32f165x.o(RESET)
    SPI1_IRQHandler                          0x0000016f   Thumb Code     0  startup_ht32f165x.o(RESET)
    UART0_IRQHandler                         0x0000016f   Thumb Code     0  startup_ht32f165x.o(RESET)
    UART1_IRQHandler                         0x0000016f   Thumb Code     0  startup_ht32f165x.o(RESET)
    USART0_IRQHandler                        0x0000016f   Thumb Code     0  startup_ht32f165x.o(RESET)
    USART1_IRQHandler                        0x0000016f   Thumb Code     0  startup_ht32f165x.o(RESET)
    USB_IRQHandler                           0x0000016f   Thumb Code     0  startup_ht32f165x.o(RESET)
    WDT_IRQHandler                           0x0000016f   Thumb Code     0  startup_ht32f165x.o(RESET)
    __main                                   0x00000179   Thumb Code     0  entry.o(.ARM.Collect$$$$00000000)
    _main_stk                                0x00000179   Thumb Code     0  entry2.o(.ARM.Collect$$$$00000001)
    _main_scatterload                        0x0000017d   Thumb Code     0  entry5.o(.ARM.Collect$$$$00000004)
    __main_after_scatterload                 0x00000181   Thumb Code     0  entry5.o(.ARM.Collect$$$$00000004)
    _main_clock                              0x00000181   Thumb Code     0  entry7b.o(.ARM.Collect$$$$00000008)
    _main_cpp_init                           0x00000181   Thumb Code     0  entry8b.o(.ARM.Collect$$$$0000000A)
    _main_init                               0x00000181   Thumb Code     0  entry9a.o(.ARM.Collect$$$$0000000B)
    __rt_final_cpp                           0x00000189   Thumb Code     0  entry10a.o(.ARM.Collect$$$$0000000D)
    __rt_final_exit                          0x00000189   Thumb Code     0  entry11a.o(.ARM.Collect$$$$0000000F)
    __scatterload                            0x0000018d   Thumb Code    28  init.o(.text)
    __scatterload_rt2                        0x0000018d   Thumb Code     0  init.o(.text)
    AFIO_GPxConfig                           0x000001b1   Thumb Code    94  ht32f1655_56_gpio.o(i.AFIO_GPxConfig)
    BusFault_Handler                         0x00000215   Thumb Code     2  ht32f165x_it.o(i.BusFault_Handler)
    CKCU_GetClocksFrequency                  0x00000219   Thumb Code    76  ht32f1655_56_ckcu.o(i.CKCU_GetClocksFrequency)
    CKCU_GetPLLFrequency                     0x0000026d   Thumb Code    52  ht32f1655_56_ckcu.o(i.CKCU_GetPLLFrequency)
    CKCU_GetUSARTClockFreq                   0x000002ad   Thumb Code    16  ht32f1655_56_ckcu.o(i.CKCU_GetUSARTClockFreq)
    CKCU_PeripClockConfig                    0x000002bd   Thumb Code    32  ht32f1655_56_ckcu.o(i.CKCU_PeripClockConfig)
    Data_Check                               0x000002e1   Thumb Code    20  main.o(i.Data_Check)
    DebugMon_Handler                         0x000002f5   Thumb Code     2  ht32f165x_it.o(i.DebugMon_Handler)
    HardFault_Handler                        0x000002f7   Thumb Code     2  ht32f165x_it.o(i.HardFault_Handler)
    Init_USART                               0x000002f9   Thumb Code   150  usart.o(i.Init_USART)
    MemManage_Handler                        0x00000395   Thumb Code     2  ht32f165x_it.o(i.MemManage_Handler)
    NMI_Handler                              0x00000397   Thumb Code     2  ht32f165x_it.o(i.NMI_Handler)
    PDMA_ClearFlag                           0x00000399   Thumb Code    34  ht32f1655_56_pdma.o(i.PDMA_ClearFlag)
    PDMA_Config                              0x000003c5   Thumb Code    42  ht32f1655_56_pdma.o(i.PDMA_Config)
    PDMA_Configuration                       0x000003f5   Thumb Code    92  main.o(i.PDMA_Configuration)
    PDMA_EnaCmd                              0x00000455   Thumb Code    34  ht32f1655_56_pdma.o(i.PDMA_EnaCmd)
    PDMA_GetFlagStatus                       0x0000047d   Thumb Code    38  ht32f1655_56_pdma.o(i.PDMA_GetFlagStatus)
    PDMA_IntConig                            0x000004ad   Thumb Code    40  ht32f1655_56_pdma.o(i.PDMA_IntConig)
    PDMA_SwTrigCmd                           0x000004dd   Thumb Code    34  ht32f1655_56_pdma.o(i.PDMA_SwTrigCmd)
    PendSV_Handler                           0x00000505   Thumb Code     2  ht32f165x_it.o(i.PendSV_Handler)
    SVC_Handler                              0x00000507   Thumb Code     2  ht32f165x_it.o(i.SVC_Handler)
    SysTick_Handler                          0x00000509   Thumb Code     2  ht32f165x_it.o(i.SysTick_Handler)
    SystemInit                               0x0000050d   Thumb Code    78  system_ht32f165x.o(i.SystemInit)
    USART_Init                               0x00000569   Thumb Code    52  ht32f1655_56_usart.o(i.USART_Init)
    USART_RxCmd                              0x0000059d   Thumb Code    20  ht32f1655_56_usart.o(i.USART_RxCmd)
    USART_RxPDMACmd                          0x000005b1   Thumb Code    20  ht32f1655_56_usart.o(i.USART_RxPDMACmd)
    USART_SendData                           0x000005c5   Thumb Code     4  ht32f1655_56_usart.o(i.USART_SendData)
    USART_TxCmd                              0x000005c9   Thumb Code    20  ht32f1655_56_usart.o(i.USART_TxCmd)
    UsageFault_Handler                       0x000005dd   Thumb Code     2  ht32f165x_it.o(i.UsageFault_Handler)
    __scatterload_copy                       0x000005df   Thumb Code    14  handlers.o(i.__scatterload_copy)
    __scatterload_null                       0x000005ed   Thumb Code     2  handlers.o(i.__scatterload_null)
    __scatterload_zeroinit                   0x000005ef   Thumb Code    14  handlers.o(i.__scatterload_zeroinit)
    main                                     0x000005fd   Thumb Code   114  main.o(i.main)
    Region$$Table$$Base                      0x0000067c   Number         0  anon$$obj.o(Region$$Table)
    Region$$Table$$Limit                     0x0000069c   Number         0  anon$$obj.o(Region$$Table)
    standard                                 0x20000000   Data           1  main.o(.data)
    MPU_Data                                 0x20000004   Data          33  main.o(.bss)
    __initial_sp                             0x20000228   Data           0  startup_ht32f165x.o(STACK)



==============================================================================

Memory Map of the image

  Image Entry point : 0x00000155

  Load Region LR_1 (Base: 0x00000000, Size: 0x000006a0, Max: 0xffffffff, ABSOLUTE)

    Execution Region ER_RO (Base: 0x00000000, Size: 0x0000069c, Max: 0xffffffff, ABSOLUTE)

    Base Addr    Size         Type   Attr      Idx    E Section Name        Object

    0x00000000   0x00000178   Code   RO          458  * RESET               startup_ht32f165x.o
    0x00000178   0x00000000   Code   RO         4418  * .ARM.Collect$$$$00000000  mc_w.l(entry.o)
    0x00000178   0x00000004   Code   RO         4684    .ARM.Collect$$$$00000001  mc_w.l(entry2.o)
    0x0000017c   0x00000004   Code   RO         4687    .ARM.Collect$$$$00000004  mc_w.l(entry5.o)
    0x00000180   0x00000000   Code   RO         4689    .ARM.Collect$$$$00000008  mc_w.l(entry7b.o)
    0x00000180   0x00000000   Code   RO         4691    .ARM.Collect$$$$0000000A  mc_w.l(entry8b.o)
    0x00000180   0x00000008   Code   RO         4692    .ARM.Collect$$$$0000000B  mc_w.l(entry9a.o)
    0x00000188   0x00000000   Code   RO         4694    .ARM.Collect$$$$0000000D  mc_w.l(entry10a.o)
    0x00000188   0x00000000   Code   RO         4696    .ARM.Collect$$$$0000000F  mc_w.l(entry11a.o)
    0x00000188   0x00000004   Code   RO         4685    .ARM.Collect$$$$00002712  mc_w.l(entry2.o)
    0x0000018c   0x00000024   Code   RO         4713    .text               mc_w.l(init.o)
    0x000001b0   0x00000064   Code   RO         1444    i.AFIO_GPxConfig    ht32f1655_56_gpio.o
    0x00000214   0x00000002   Code   RO          204    i.BusFault_Handler  ht32f165x_it.o
    0x00000216   0x00000002   PAD
    0x00000218   0x00000054   Code   RO          839    i.CKCU_GetClocksFrequency  ht32f1655_56_ckcu.o
    0x0000026c   0x00000040   Code   RO          841    i.CKCU_GetPLLFrequency  ht32f1655_56_ckcu.o
    0x000002ac   0x00000010   Code   RO          843    i.CKCU_GetUSARTClockFreq  ht32f1655_56_ckcu.o
    0x000002bc   0x00000024   Code   RO          854    i.CKCU_PeripClockConfig  ht32f1655_56_ckcu.o
    0x000002e0   0x00000014   Code   RO            4    i.Data_Check        main.o
    0x000002f4   0x00000002   Code   RO          205    i.DebugMon_Handler  ht32f165x_it.o
    0x000002f6   0x00000002   Code   RO          206    i.HardFault_Handler  ht32f165x_it.o
    0x000002f8   0x0000009c   Code   RO          276    i.Init_USART        usart.o
    0x00000394   0x00000002   Code   RO          207    i.MemManage_Handler  ht32f165x_it.o
    0x00000396   0x00000002   Code   RO          208    i.NMI_Handler       ht32f165x_it.o
    0x00000398   0x0000002c   Code   RO         2684    i.PDMA_ClearFlag    ht32f1655_56_pdma.o
    0x000003c4   0x00000030   Code   RO         2685    i.PDMA_Config       ht32f1655_56_pdma.o
    0x000003f4   0x00000060   Code   RO            6    i.PDMA_Configuration  main.o
    0x00000454   0x00000028   Code   RO         2686    i.PDMA_EnaCmd       ht32f1655_56_pdma.o
    0x0000047c   0x00000030   Code   RO         2687    i.PDMA_GetFlagStatus  ht32f1655_56_pdma.o
    0x000004ac   0x00000030   Code   RO         2688    i.PDMA_IntConig     ht32f1655_56_pdma.o
    0x000004dc   0x00000028   Code   RO         2689    i.PDMA_SwTrigCmd    ht32f1655_56_pdma.o
    0x00000504   0x00000002   Code   RO          209    i.PendSV_Handler    ht32f165x_it.o
    0x00000506   0x00000002   Code   RO          210    i.SVC_Handler       ht32f165x_it.o
    0x00000508   0x00000002   Code   RO          211    i.SysTick_Handler   ht32f165x_it.o
    0x0000050a   0x00000002   PAD
    0x0000050c   0x0000005c   Code   RO          424    i.SystemInit        system_ht32f165x.o
    0x00000568   0x00000034   Code   RO         3353    i.USART_Init        ht32f1655_56_usart.o
    0x0000059c   0x00000014   Code   RO         3365    i.USART_RxCmd       ht32f1655_56_usart.o
    0x000005b0   0x00000014   Code   RO         3366    i.USART_RxPDMACmd   ht32f1655_56_usart.o
    0x000005c4   0x00000004   Code   RO         3367    i.USART_SendData    ht32f1655_56_usart.o
    0x000005c8   0x00000014   Code   RO         3379    i.USART_TxCmd       ht32f1655_56_usart.o
    0x000005dc   0x00000002   Code   RO          212    i.UsageFault_Handler  ht32f165x_it.o
    0x000005de   0x0000000e   Code   RO         4725    i.__scatterload_copy  mc_w.l(handlers.o)
    0x000005ec   0x00000002   Code   RO         4726    i.__scatterload_null  mc_w.l(handlers.o)
    0x000005ee   0x0000000e   Code   RO         4727    i.__scatterload_zeroinit  mc_w.l(handlers.o)
    0x000005fc   0x00000080   Code   RO            9    i.main              main.o
    0x0000067c   0x00000020   Data   RO         4723    Region$$Table       anon$$obj.o


    Execution Region ER_RW (Base: 0x20000000, Size: 0x00000004, Max: 0xffffffff, ABSOLUTE)

    Base Addr    Size         Type   Attr      Idx    E Section Name        Object

    0x20000000   0x00000001   Data   RW           11    .data               main.o


    Execution Region ER_ZI (Base: 0x20000004, Size: 0x00000224, Max: 0xffffffff, ABSOLUTE)

    Base Addr    Size         Type   Attr      Idx    E Section Name        Object

    0x20000004   0x00000021   Zero   RW           10    .bss                main.o
    0x20000025   0x00000003   PAD
    0x20000028   0x00000200   Zero   RW          456    STACK               startup_ht32f165x.o


==============================================================================

Image component sizes


      Code (inc. data)   RO Data    RW Data    ZI Data      Debug   Object Name

       200         24          0          0          0       4756   ht32f1655_56_ckcu.o
       100          6          0          0          0       1293   ht32f1655_56_gpio.o
       268         46          0          0          0       4003   ht32f1655_56_pdma.o
       116          0          0          0          0       4440   ht32f1655_56_usart.o
        18          0          0          0          0       3866   ht32f165x_it.o
       244         18          0          1         33      39133   main.o
       376        348          0          0        512        748   startup_ht32f165x.o
        92         14          0          0          0        477   system_ht32f165x.o
       156          6          0          0          0       1041   usart.o

    ----------------------------------------------------------------------
      1574        462         32          4        548      59757   Object Totals
         0          0         32          0          0          0   (incl. Generated)
         4          0          0          3          3          0   (incl. Padding)

    ----------------------------------------------------------------------

      Code (inc. data)   RO Data    RW Data    ZI Data      Debug   Library Member Name

         0          0          0          0          0          0   entry.o
         0          0          0          0          0          0   entry10a.o
         0          0          0          0          0          0   entry11a.o
         8          4          0          0          0          0   entry2.o
         4          0          0          0          0          0   entry5.o
         0          0          0          0          0          0   entry7b.o
         0          0          0          0          0          0   entry8b.o
         8          4          0          0          0          0   entry9a.o
        30          0          0          0          0          0   handlers.o
        36          8          0          0          0         68   init.o

    ----------------------------------------------------------------------
        86         16          0          0          0         68   Library Totals
         0          0          0          0          0          0   (incl. Padding)

    ----------------------------------------------------------------------

      Code (inc. data)   RO Data    RW Data    ZI Data      Debug   Library Name

        86         16          0          0          0         68   mc_w.l

    ----------------------------------------------------------------------
        86         16          0          0          0         68   Library Totals

    ----------------------------------------------------------------------

==============================================================================


      Code (inc. data)   RO Data    RW Data    ZI Data      Debug   

      1660        478         32          4        548      58473   Grand Totals
      1660        478         32          4        548      58473   ELF Image Totals
      1660        478         32          4          0          0   ROM Totals

==============================================================================

    Total RO  Size (Code + RO Data)                 1692 (   1.65kB)
    Total RW  Size (RW Data + ZI Data)               552 (   0.54kB)
    Total ROM Size (Code + RO Data + RW Data)       1696 (   1.66kB)

==============================================================================

