ARM Linker, 5.03 [Build 76] [MDK-ARM Lite]

==============================================================================

Section Cross References

    main.o(i.main) refers to delay.o(i.SYSTICK_Config) for SYSTICK_Config
    main.o(i.main) refers to usart.o(i.Init_USART) for Init_USART
    main.o(i.main) refers to mpu6050.o(i.PDMA_Configuration) for PDMA_Configuration
    main.o(i.main) refers to sd.o(i.SD_SPI_Init) for SD_SPI_Init
    main.o(i.main) refers to sd.o(i.SD_TryInit) for SD_TryInit
    main.o(i.main) refers to sdfs_app.o(i.sdfs_app_mnt) for sdfs_app_mnt
    main.o(i.main) refers to ov7725.o(i.Ov7725_GPIO_Config) for Ov7725_GPIO_Config
    main.o(i.main) refers to ov7725.o(i.Ov7725_TryInit) for Ov7725_TryInit
    main.o(i.main) refers to ov7725.o(i.Ov7725_VSYNC_Init) for Ov7725_VSYNC_Init
    main.o(i.main) refers to pwcru.o(i.pwrcu_init) for pwrcu_init
    main.o(i.main) refers to ht32f1655_56_pdma.o(i.PDMA_GetFlagStatus) for PDMA_GetFlagStatus
    main.o(i.main) refers to mpu6050.o(i.Axis_GetFinalData) for Axis_GetFinalData
    main.o(i.main) refers to fmul.o(.text) for __aeabi_fmul
    main.o(i.main) refers to fadd.o(.text) for __aeabi_fadd
    main.o(i.main) refers to printf8.o(i.__0printf$8) for __2printf
    main.o(i.main) refers to ht32f1655_56_pdma.o(i.PDMA_ClearFlag) for PDMA_ClearFlag
    main.o(i.main) refers to sdfs_app.o(i.sdfs_app_savePhoto) for sdfs_app_savePhoto
    main.o(i.main) refers to delay.o(i.delay_ms) for delay_ms
    main.o(i.main) refers to mpu6050.o(.bss) for MPU_Data
    ht32f165x_it.o(i.EVWUP_IRQHandler) refers to ht32f1655_56_exti.o(i.EXTI_GetWakeupFlagStatus) for EXTI_GetWakeupFlagStatus
    ht32f165x_it.o(i.EVWUP_IRQHandler) refers to ht32f1655_56_exti.o(i.EXTI_WakeupEventConfig) for EXTI_WakeupEventConfig
    ht32f165x_it.o(i.EVWUP_IRQHandler) refers to ht32f1655_56_exti.o(i.EXTI_ClearWakeupFlag) for EXTI_ClearWakeupFlag
    ht32f165x_it.o(i.EVWUP_IRQHandler) refers to delay.o(i.delay_ms) for delay_ms
    ht32f165x_it.o(i.EVWUP_IRQHandler) refers to printf8.o(i.__0printf$8) for __2printf
    ht32f165x_it.o(i.EXTI1_IRQHandler) refers to ht32f1655_56_exti.o(i.EXTI_ClearEdgeFlag) for EXTI_ClearEdgeFlag
    ht32f165x_it.o(i.EXTI7_IRQHandler) refers to ht32f1655_56_exti.o(i.EXTI_GetEdgeStatus) for EXTI_GetEdgeStatus
    ht32f165x_it.o(i.EXTI7_IRQHandler) refers to ht32f1655_56_gpio.o(i.GPIO_ClearOutBits) for GPIO_ClearOutBits
    ht32f165x_it.o(i.EXTI7_IRQHandler) refers to ht32f1655_56_gpio.o(i.GPIO_SetOutBits) for GPIO_SetOutBits
    ht32f165x_it.o(i.EXTI7_IRQHandler) refers to printf8.o(i.__0printf$8) for __2printf
    ht32f165x_it.o(i.EXTI7_IRQHandler) refers to ht32f1655_56_exti.o(i.EXTI_ClearEdgeFlag) for EXTI_ClearEdgeFlag
    ht32f165x_it.o(i.EXTI7_IRQHandler) refers to ov7725.o(.data) for Ov7725_vsync
    ht32f165x_it.o(i.SysTick_Handler) refers to delay.o(i.TimingDelay) for TimingDelay
    sdfs_app.o(i.sdfs_app_mnt) refers to ff.o(i.f_mount) for f_mount
    sdfs_app.o(i.sdfs_app_mnt) refers to printf8.o(i.__0printf$8) for __2printf
    sdfs_app.o(i.sdfs_app_mnt) refers to sdfs_app.o(.data) for .data
    sdfs_app.o(i.sdfs_app_mnt) refers to sdfs_app.o(.bss) for .bss
    sdfs_app.o(i.sdfs_app_savePhoto) refers to ov7725.o(i.Ov7725_IfPhotoCaptured) for Ov7725_IfPhotoCaptured
    sdfs_app.o(i.sdfs_app_savePhoto) refers to printf8.o(i.__0printf$8) for __2printf
    sdfs_app.o(i.sdfs_app_savePhoto) refers to printf8.o(i.__0sprintf$8) for __2sprintf
    sdfs_app.o(i.sdfs_app_savePhoto) refers to sdfs_app.o(i.sdfs_app_writeBmp) for sdfs_app_writeBmp
    sdfs_app.o(i.sdfs_app_savePhoto) refers to ov7725.o(i.Ov7725_ClearCaptureFlag) for Ov7725_ClearCaptureFlag
    sdfs_app.o(i.sdfs_app_savePhoto) refers to sd.o(.data) for SD_Type
    sdfs_app.o(i.sdfs_app_savePhoto) refers to sdfs_app.o(.data) for .data
    sdfs_app.o(i.sdfs_app_test) refers to ff.o(i.f_mount) for f_mount
    sdfs_app.o(i.sdfs_app_test) refers to printf8.o(i.__0printf$8) for __2printf
    sdfs_app.o(i.sdfs_app_test) refers to ff.o(i.f_open) for f_open
    sdfs_app.o(i.sdfs_app_test) refers to ff.o(i.f_printf) for f_printf
    sdfs_app.o(i.sdfs_app_test) refers to ff.o(i.f_close) for f_close
    sdfs_app.o(i.sdfs_app_test) refers to sdfs_app.o(.data) for .data
    sdfs_app.o(i.sdfs_app_test) refers to sdfs_app.o(.bss) for .bss
    sdfs_app.o(i.sdfs_app_writeBmp) refers to ff.o(i.f_open) for f_open
    sdfs_app.o(i.sdfs_app_writeBmp) refers to ff.o(i.f_write) for f_write
    sdfs_app.o(i.sdfs_app_writeBmp) refers to printf8.o(i.__0printf$8) for __2printf
    sdfs_app.o(i.sdfs_app_writeBmp) refers to ht32f1655_56_gpio.o(i.GPIO_ClearOutBits) for GPIO_ClearOutBits
    sdfs_app.o(i.sdfs_app_writeBmp) refers to ht32f1655_56_gpio.o(i.GPIO_SetOutBits) for GPIO_SetOutBits
    sdfs_app.o(i.sdfs_app_writeBmp) refers to ht32f1655_56_gpio.o(i.GPIO_ReadInData) for GPIO_ReadInData
    sdfs_app.o(i.sdfs_app_writeBmp) refers to ff.o(i.f_close) for f_close
[...]
    ..\..\Driver\USART\usart.c               0x00000000   Number         0  usart.o ABSOLUTE
    ..\..\User\Bluetooth\Bluetooth.c         0x00000000   Number         0  bluetooth.o ABSOLUTE
    ..\..\User\ht32f165x_it.c                0x00000000   Number         0  ht32f165x_it.o ABSOLUTE
    ..\..\User\main.c                        0x00000000   Number         0  main.o ABSOLUTE
    ..\..\User\sdfs_app\sdfs_app.c           0x00000000   Number         0  sdfs_app.o ABSOLUTE
    ..\..\ff11a\src\diskio.c                 0x00000000   Number         0  diskio.o ABSOLUTE
    ..\..\ff11a\src\ff.c                     0x00000000   Number         0  ff.o ABSOLUTE
    ..\..\library\HT32F1655_56_Driver\src\ht32_cm3_misc.c 0x00000000   Number         0  ht32_cm3_misc.o ABSOLUTE
    ..\..\library\HT32F1655_56_Driver\src\ht32_retarget.c 0x00000000   Number         0  ht32_retarget.o ABSOLUTE
    ..\..\library\HT32F1655_56_Driver\src\ht32_serial.c 0x00000000   Number         0  ht32_serial.o ABSOLUTE
    ..\..\library\HT32F1655_56_Driver\src\ht32f1655_56_adc.c 0x00000000   Number         0  ht32f1655_56_adc.o ABSOLUTE
    ..\..\library\HT32F1655_56_Driver\src\ht32f1655_56_bftm.c 0x00000000   Number         0  ht32f1655_56_bftm.o ABSOLUTE
    ..\..\library\HT32F1655_56_Driver\src\ht32f1655_56_ckcu.c 0x00000000   Number         0  ht32f1655_56_ckcu.o ABSOLUTE
    ..\..\library\HT32F1655_56_Driver\src\ht32f1655_56_cmp_op.c 0x00000000   Number         0  ht32f1655_56_cmp_op.o ABSOLUTE
    ..\..\library\HT32F1655_56_Driver\src\ht32f1655_56_crc.c 0x00000000   Number         0  ht32f1655_56_crc.o ABSOLUTE
    ..\..\library\HT32F1655_56_Driver\src\ht32f1655_56_ebi.c 0x00000000   Number         0  ht32f1655_56_ebi.o ABSOLUTE
    ..\..\library\HT32F1655_56_Driver\src\ht32f1655_56_exti.c 0x00000000   Number         0  ht32f1655_56_exti.o ABSOLUTE
    ..\..\library\HT32F1655_56_Driver\src\ht32f1655_56_flash.c 0x00000000   Number         0  ht32f1655_56_flash.o ABSOLUTE
    ..\..\library\HT32F1655_56_Driver\src\ht32f1655_56_gpio.c 0x00000000   Number         0  ht32f1655_56_gpio.o ABSOLUTE
    ..\..\library\HT32F1655_56_Driver\src\ht32f1655_56_gptm.c 0x00000000   Number         0  ht32f1655_56_gptm.o ABSOLUTE
    ..\..\library\HT32F1655_56_Driver\src\ht32f1655_56_i2c.c 0x00000000   Number         0  ht32f1655_56_i2c.o ABSOLUTE
    ..\..\library\HT32F1655_56_Driver\src\ht32f1655_56_i2s.c 0x00000000   Number         0  ht32f1655_56_i2s.o ABSOLUTE
    ..\..\library\HT32F1655_56_Driver\src\ht32f1655_56_mctm.c 0x00000000   Number         0  ht32f1655_56_mctm.o ABSOLUTE
    ..\..\library\HT32F1655_56_Driver\src\ht32f1655_56_pdma.c 0x00000000   Number         0  ht32f1655_56_pdma.o ABSOLUTE
    ..\..\library\HT32F1655_56_Driver\src\ht32f1655_56_pwrcu.c 0x00000000   Number         0  ht32f1655_56_pwrcu.o ABSOLUTE
    ..\..\library\HT32F1655_56_Driver\src\ht32f1655_56_rstcu.c 0x00000000   Number         0  ht32f1655_56_rstcu.o ABSOLUTE
    ..\..\library\HT32F1655_56_Driver\src\ht32f1655_56_rtc.c 0x00000000   Number         0  ht32f1655_56_rtc.o ABSOLUTE
    ..\..\library\HT32F1655_56_Driver\src\ht32f1655_56_sci.c 0x00000000   Number         0  ht32f1655_56_sci.o ABSOLUTE
    ..\..\library\HT32F1655_56_Driver\src\ht32f1655_56_spi.c 0x00000000   Number         0  ht32f1655_56_spi.o ABSOLUTE
    ..\..\library\HT32F1655_56_Driver\src\ht32f1655_56_usart.c 0x00000000   Number         0  ht32f1655_56_usart.o ABSOLUTE
    ..\..\library\HT32F1655_56_Driver\src\ht32f1655_56_usbd.c 0x00000000   Number         0  ht32f1655_56_usbd.o ABSOLUTE
    ..\..\library\HT32F1655_56_Driver\src\ht32f1655_56_wdt.c 0x00000000   Number         0  ht32f1655_56_wdt.o ABSOLUTE
    ..\..\library\HT32_USBD_Library\src\ht32_usbd_core.c 0x00000000   Number         0  ht32_usbd_core.o ABSOLUTE
    ..\..\utilities\common\ebi_lcd.c         0x00000000   Number         0  ebi_lcd.o ABSOLUTE
    ..\..\utilities\common\i2c_eeprom.c      0x00000000   Number         0  i2c_eeprom.o ABSOLUTE
    ..\..\utilities\common\spi_flash.c       0x00000000   Number         0  spi_flash.o ABSOLUTE
    ..\..\utilities\ht32_board.c             0x00000000   Number         0  ht32_board.o ABSOLUTE
    ..\MDK_ARM\ht32_op.s                     0x00000000   Number         0  ht32_op.o ABSOLUTE
    ..\\..\\Driver\\DELAY\\delay.c           0x00000000   Number         0  delay.o ABSOLUTE
    ..\\..\\Driver\\MPU6050\\MPU6050.c       0x00000000   Number         0  mpu6050.o ABSOLUTE
    ..\\..\\Driver\\OV7725\\ov7725.c         0x00000000   Number         0  ov7725.o ABSOLUTE
    ..\\..\\Driver\\PWCRU\\pwcru.c           0x00000000   Number         0  pwcru.o ABSOLUTE
    ..\\..\\Driver\\RTC\\rtc.c               0x00000000   Number         0  rtc.o ABSOLUTE
    ..\\..\\Driver\\SCCB\\sccb.c             0x00000000   Number         0  sccb.o ABSOLUTE
    ..\\..\\Driver\\SD\\sd.c                 0x00000000   Number         0  sd.o ABSOLUTE
    ..\\..\\Driver\\SPI\\spi.c               0x00000000   Number         0  spi.o ABSOLUTE
    ..\\..\\Driver\\USART\\usart.c           0x00000000   Number         0  usart.o ABSOLUTE
    ..\\..\\User\\Bluetooth\\Bluetooth.c     0x00000000   Number         0  bluetooth.o ABSOLUTE
    ..\\..\\User\\ht32f165x_it.c             0x00000000   Number         0  ht32f165x_it.o ABSOLUTE
    ..\\..\\User\\main.c                     0x00000000   Number         0  main.o ABSOLUTE
    ..\\..\\User\\sdfs_app\\sdfs_app.c       0x00000000   Number         0  sdfs_app.o ABSOLUTE
    ..\\..\\ff11a\\src\\diskio.c             0x00000000   Number         0  diskio.o ABSOLUTE
    ..\\..\\library\\HT32F1655_56_Driver\\src\\ht32_cm3_misc.c 0x00000000   Number         0  ht32_cm3_misc.o ABSOLUTE
    ..\\..\\library\\HT32F1655_56_Driver\\src\\ht32_retarget.c 0x00000000   Number         0  ht32_retarget.o ABSOLUTE
    ..\\..\\library\\HT32F1655_56_Driver\\src\\ht32_serial.c 0x00000000   Number         0  ht32_serial.o ABSOLUTE
    ..\\..\\library\\HT32F1655_56_Driver\\src\\ht32f1655_56_adc.c 0x00000000   Number         0  ht32f1655_56_adc.o ABSOLUTE
    ..\\..\\library\\HT32F1655_56_Driver\\src\\ht32f1655_56_bftm.c 0x00000000   Number         0  ht32f1655_56_bftm.o ABSOLUTE
    ..\\..\\library\\HT32F1655_56_Driver\\src\\ht32f1655_56_ckcu.c 0x00000000   Number         0  ht32f1655_56_ckcu.o ABSOLUTE
    ..\\..\\library\\HT32F1655_56_Driver\\src\\ht32f1655_56_cmp_op.c 0x00000000   Number         0  ht32f1655_56_cmp_op.o ABSOLUTE
    ..\\..\\library\\HT32F1655_56_Driver\\src\\ht32f1655_56_crc.c 0x00000000   Number         0  ht32f1655_56_crc.o ABSOLUTE
    ..\\..\\library\\HT32F1655_56_Driver\\src\\ht32f1655_56_ebi.c 0x00000000   Number         0  ht32f1655_56_ebi.o ABSOLUTE
    ..\\..\\library\\HT32F1655_56_Driver\\src\\ht32f1655_56_exti.c 0x00000000   Number         0  ht32f1655_56_exti.o ABSOLUTE
    ..\\..\\library\\HT32F1655_56_Driver\\src\\ht32f1655_56_flash.c 0x00000000   Number         0  ht32f1655_56_flash.o ABSOLUTE
    ..\\..\\library\\HT32F1655_56_Driver\\src\\ht32f1655_56_gpio.c 0x00000000   Number         0  ht32f1655_56_gpio.o ABSOLUTE
    ..\\..\\library\\HT32F1655_56_Driver\\src\\ht32f1655_56_gptm.c 0x00000000   Number         0  ht32f1655_56_gptm.o ABSOLUTE
    ..\\..\\library\\HT32F1655_56_Driver\\src\\ht32f1655_56_i2c.c 0x00000000   Number         0  ht32f1655_56_i2c.o ABSOLUTE
    ..\\..\\library\\HT32F1655_56_Driver\\src\\ht32f1655_56_i2s.c 0x00000000   Number         0  ht32f1655_56_i2s.o ABSOLUTE
    ..\\..\\library\\HT32F1655_56_Driver\\src\\ht32f1655_56_mctm.c 0x00000000   Number         0  ht32f1655_56_mctm.o ABSOLUTE
    ..\\..\\library\\HT32F1655_56_Driver\\src\\ht32f1655_56_pdma.c 0x00000000   Number         0  ht32f1655_56_pdma.o ABSOLUTE
    ..\\..\\library\\HT32F1655_56_Driver\\src\\ht32f1655_56_pwrcu.c 0x00000000   Number         0  ht32f1655_56_pwrcu.o ABSOLUTE
    ..\\..\\library\\HT32F1655_56_Driver\\src\\ht32f1655_56_rstcu.c 0x00000000   Number         0  ht32f1655_56_rstcu.o ABSOLUTE
    ..\\..\\library\\HT32F1655_56_Driver\\src\\ht32f1655_56_rtc.c 0x00000000   Number         0  ht32f1655_56_rtc.o ABSOLUTE
    ..\\..\\library\\HT32F1655_56_Driver\\src\\ht32f1655_56_sci.c 0x00000000   Number         0  ht32f1655_56_sci.o ABSOLUTE
    ..\\..\\library\\HT32F1655_56_Driver\\src\\ht32f1655_56_spi.c 0x00000000   Number         0  ht32f1655_56_spi.o ABSOLUTE
    ..\\..\\library\\HT32F1655_56_Driver\\src\\ht32f1655_56_usart.c 0x00000000   Number         0  ht32f1655_56_usart.o ABSOLUTE
    ..\\..\\library\\HT32F1655_56_Driver\\src\\ht32f1655_56_usbd.c 0x00000000   Number         0  ht32f1655_56_usbd.o ABSOLUTE
    ..\\..\\library\\HT32F1655_56_Driver\\src\\ht32f1655_56_wdt.c 0x00000000   Number         0  ht32f1655_56_wdt.o ABSOLUTE
    ..\\..\\library\\HT32_USBD_Library\\src\\ht32_usbd_core.c 0x00000000   Number         0  ht32_usbd_core.o ABSOLUTE
    ..\\..\\utilities\\common\\ebi_lcd.c     0x00000000   Number         0  ebi_lcd.o ABSOLUTE
    ..\\..\\utilities\\common\\i2c_eeprom.c  0x00000000   Number         0  i2c_eeprom.o ABSOLUTE
    ..\\..\\utilities\\common\\spi_flash.c   0x00000000   Number         0  spi_flash.o ABSOLUTE
    ..\\..\\utilities\\ht32_board.c          0x00000000   Number         0  ht32_board.o ABSOLUTE
    ..\\system_ht32f165x.c                   0x00000000   Number         0  system_ht32f165x.o ABSOLUTE
    ..\system_ht32f165x.c                    0x00000000   Number         0  system_ht32f165x.o ABSOLUTE
    cdrcmple.s                               0x00000000   Number         0  cdrcmple.o ABSOLUTE
    cfrcmple.s                               0x00000000   Number         0  cfrcmple.o ABSOLUTE
    dc.s                                     0x00000000   Number         0  dc.o ABSOLUTE
    handlers.s                               0x00000000   Number         0  handlers.o ABSOLUTE
    init.s                                   0x00000000   Number         0  init.o ABSOLUTE
    startup_ht32f165x.s                      0x00000000   Number         0  startup_ht32f165x.o ABSOLUTE
    .ARM.Collect$$$$00000000                 0x00000178   Section        0  entry.o(.ARM.Collect$$$$00000000)
    .ARM.Collect$$$$00000001                 0x00000178   Section        4  entry2.o(.ARM.Collect$$$$00000001)
    .ARM.Collect$$$$00000004                 0x0000017c   Section        4  entry5.o(.ARM.Collect$$$$00000004)
    .ARM.Collect$$$$00000008                 0x00000180   Section        0  entry7b.o(.ARM.Collect$$$$00000008)
    .ARM.Collect$$$$0000000A                 0x00000180   Section        0  entry8b.o(.ARM.Collect$$$$0000000A)
    .ARM.Collect$$$$0000000B                 0x00000180   Section        8  entry9a.o(.ARM.Collect$$$$0000000B)
    .ARM.Collect$$$$0000000D                 0x00000188   Section        0  entry10a.o(.ARM.Collect$$$$0000000D)
    .ARM.Collect$$$$0000000F                 0x00000188   Section        0  entry11a.o(.ARM.Collect$$$$0000000F)
    .ARM.Collect$$$$00002712                 0x00000188   Section        4  entry2.o(.ARM.Collect$$$$00002712)
    __lit__00000000                          0x00000188   Data           4  entry2.o(.ARM.Collect$$$$00002712)
    .text                                    0x0000018c   Section        0  memseta.o(.text)
    .text                                    0x000001b0   Section        0  fadd.o(.text)
    .text                                    0x00000260   Section        0  fmul.o(.text)
    .text                                    0x000002cc   Section        0  dmul.o(.text)
    .text                                    0x000003b0   Section        0  ddiv.o(.text)
    .text                                    0x0000048e   Section        0  dscalb.o(.text)
    .text                                    0x000004bc   Section        0  dflti.o(.text)
    .text                                    0x000004de   Section        0  f2d.o(.text)
    .text                                    0x00000504   Section        0  d2f.o(.text)
    .text                                    0x0000053c   Section        0  uldiv.o(.text)
    .text                                    0x0000059e   Section        0  iusefp.o(.text)
    .text                                    0x0000059e   Section        0  fepilogue.o(.text)
    .text                                    0x0000060a   Section        0  depilogue.o(.text)
    .text                                    0x000006c8   Section        0  dadd.o(.text)
    .text                                    0x00000818   Section       36  init.o(.text)
    .text                                    0x0000083c   Section        0  llshl.o(.text)
    .text                                    0x0000085a   Section        0  llushr.o(.text)
    .text                                    0x0000087a   Section        0  llsshr.o(.text)
    .text                                    0x0000089e   Section        0  dfltui.o(.text)
    .text                                    0x000008b8   Section        0  dfixi.o(.text)
    i.AFIO_EXTISourceConfig                  0x000008f8   Section        0  ht32f1655_56_gpio.o(i.AFIO_EXTISourceConfig)
    i.AFIO_GPxConfig                         0x00000924   Section        0  ht32f1655_56_gpio.o(i.AFIO_GPxConfig)
    i.Angle_DataTransfrom                    0x00000988   Section        0  mpu6050.o(i.Angle_DataTransfrom)
    i.Angular_DataTransFrom                  0x000009ec   Section        0  mpu6050.o(i.Angular_DataTransFrom)
    i.Axis_DataTransfrom                     0x00000a50   Section        0  mpu6050.o(i.Axis_DataTransfrom)
    i.Axis_GetFinalData                      0x00000aac   Section        0  mpu6050.o(i.Axis_GetFinalData)
    i.BusFault_Handler                       0x00000ac2   Section        0  ht32f165x_it.o(i.BusFault_Handler)
    i.CKCU_GetClocksFrequency                0x00000ac4   Section        0  ht32f1655_56_ckcu.o(i.CKCU_GetClocksFrequency)
    i.CKCU_GetPLLFrequency                   0x00000b18   Section        0  ht32f1655_56_ckcu.o(i.CKCU_GetPLLFrequency)
    i.CKCU_GetUSARTClockFreq                 0x00000b58   Section        0  ht32f1655_56_ckcu.o(i.CKCU_GetUSARTClockFreq)
    i.CKCU_PeripClockConfig                  0x00000b68   Section        0  ht32f1655_56_ckcu.o(i.CKCU_PeripClockConfig)
    i.DealWithRotation                       0x00000b8c   Section        0  mpu6050.o(i.DealWithRotation)
    i.DebugMon_Handler                       0x00000c2c   Section        0  ht32f165x_it.o(i.DebugMon_Handler)
    i.EVWUP_IRQHandler                       0x00000c30   Section        0  ht32f165x_it.o(i.EVWUP_IRQHandler)
    i.EXTI1_IRQHandler                       0x00000c74   Section        0  ht32f165x_it.o(i.EXTI1_IRQHandler)
    i.EXTI7_IRQHandler                       0x00000c7c   Section        0  ht32f165x_it.o(i.EXTI7_IRQHandler)
    i.EXTI_ClearEdgeFlag                     0x00000cf4   Section        0  ht32f1655_56_exti.o(i.EXTI_ClearEdgeFlag)
    i.EXTI_ClearWakeupFlag                   0x00000d04   Section        0  ht32f1655_56_exti.o(i.EXTI_ClearWakeupFlag)
    i.EXTI_GetEdgeStatus                     0x00000d18   Section        0  ht32f1655_56_exti.o(i.EXTI_GetEdgeStatus)
    i.EXTI_GetWakeupFlagStatus               0x00000d40   Section        0  ht32f1655_56_exti.o(i.EXTI_GetWakeupFlagStatus)
    i.EXTI_Init                              0x00000d58   Section        0  ht32f1655_56_exti.o(i.EXTI_Init)
    i.EXTI_IntConfig                         0x00000d74   Section        0  ht32f1655_56_exti.o(i.EXTI_IntConfig)
    i.EXTI_WakeupEventConfig                 0x00000d90   Section        0  ht32f1655_56_exti.o(i.EXTI_WakeupEventConfig)
    i.EXTI_WakeupEventIntConfig              0x00000dbc   Section        0  ht32f1655_56_exti.o(i.EXTI_WakeupEventIntConfig)
    i.GPIO_ClearOutBits                      0x00000dd8   Section        0  ht32f1655_56_gpio.o(i.GPIO_ClearOutBits)
    i.GPIO_DirectionConfig                   0x00000ddc   Section        0  ht32f1655_56_gpio.o(i.GPIO_DirectionConfig)
    i.GPIO_InputConfig                       0x00000dec   Section        0  ht32f1655_56_gpio.o(i.GPIO_InputConfig)
    i.GPIO_PullResistorConfig                0x00000dfc   Section        0  ht32f1655_56_gpio.o(i.GPIO_PullResistorConfig)
    i.GPIO_ReadInBit                         0x00000e24   Section        0  ht32f1655_56_gpio.o(i.GPIO_ReadInBit)
    i.GPIO_ReadInData                        0x00000e2e   Section        0  ht32f1655_56_gpio.o(i.GPIO_ReadInData)
    i.GPIO_SetOutBits                        0x00000e34   Section        0  ht32f1655_56_gpio.o(i.GPIO_SetOutBits)
    i.GetAcceleration                        0x00000e38   Section        0  mpu6050.o(i.GetAcceleration)
    GetAcceleration                          0x00000e39   Thumb Code    66  mpu6050.o(i.GetAcceleration)
    i.HT32F_DVB_PBInit                       0x00000e7c   Section        0  ht32_board.o(i.HT32F_DVB_PBInit)
    i.HardFault_Handler                      0x00000f38   Section        0  ht32f165x_it.o(i.HardFault_Handler)
    i.Init_USART                             0x00000f3c   Section        0  usart.o(i.Init_USART)
    i.MemManage_Handler                      0x00000fb8   Section        0  ht32f165x_it.o(i.MemManage_Handler)
    i.NMI_Handler                            0x00000fba   Section        0  ht32f165x_it.o(i.NMI_Handler)
    i.Ov7725_ClearCaptureFlag                0x00000fbc   Section        0  ov7725.o(i.Ov7725_ClearCaptureFlag)
    i.Ov7725_GPIO_Config                     0x00000fc8   Section        0  ov7725.o(i.Ov7725_GPIO_Config)
    i.Ov7725_IfPhotoCaptured                 0x00001024   Section        0  ov7725.o(i.Ov7725_IfPhotoCaptured)
    i.Ov7725_Init                            0x00001038   Section        0  ov7725.o(i.Ov7725_Init)
    i.Ov7725_TryInit                         0x00001158   Section        0  ov7725.o(i.Ov7725_TryInit)
    i.Ov7725_VSYNC_Init                      0x000011b0   Section        0  ov7725.o(i.Ov7725_VSYNC_Init)
    i.PDMA_ClearFlag                         0x00001228   Section        0  ht32f1655_56_pdma.o(i.PDMA_ClearFlag)
    i.PDMA_Config                            0x00001254   Section        0  ht32f1655_56_pdma.o(i.PDMA_Config)
    i.PDMA_Configuration                     0x00001284   Section        0  mpu6050.o(i.PDMA_Configuration)
    i.PDMA_EnaCmd                            0x000012e8   Section        0  ht32f1655_56_pdma.o(i.PDMA_EnaCmd)
    i.PDMA_GetFlagStatus                     0x00001310   Section        0  ht32f1655_56_pdma.o(i.PDMA_GetFlagStatus)
    i.PDMA_IntConig                          0x00001340   Section        0  ht32f1655_56_pdma.o(i.PDMA_IntConig)
    i.PDMA_SwTrigCmd                         0x00001370   Section        0  ht32f1655_56_pdma.o(i.PDMA_SwTrigCmd)
    i.PWRCU_CheckReadyAccessed               0x00001398   Section        0  ht32f1655_56_pwrcu.o(i.PWRCU_CheckReadyAccessed)
    i.PWRCU_DeInit                           0x000013e0   Section        0  ht32f1655_56_pwrcu.o(i.PWRCU_DeInit)
    i.PendSV_Handler                         0x00001400   Section        0  ht32f165x_it.o(i.PendSV_Handler)
    i.Rotate                                 0x00001404   Section        0  mpu6050.o(i.Rotate)
    Rotate                                   0x00001405   Thumb Code   268  mpu6050.o(i.Rotate)
    i.SCCB_GPIO_Config                       0x0000151c   Section        0  sccb.o(i.SCCB_GPIO_Config)
    i.SCCB_ReadByte                          0x0000154c   Section        0  sccb.o(i.SCCB_ReadByte)
    i.SCCB_ReceiveByte                       0x000015f8   Section        0  sccb.o(i.SCCB_ReceiveByte)
    SCCB_ReceiveByte                         0x000015f9   Thumb Code   106  sccb.o(i.SCCB_ReceiveByte)
    i.SCCB_SendByte                          0x00001668   Section        0  sccb.o(i.SCCB_SendByte)
    SCCB_SendByte                            0x00001669   Thumb Code    86  sccb.o(i.SCCB_SendByte)
    i.SCCB_Start                             0x000016c4   Section        0  sccb.o(i.SCCB_Start)
    i.SCCB_Stop                              0x0000171c   Section        0  sccb.o(i.SCCB_Stop)
    SCCB_Stop                                0x0000171d   Thumb Code    56  sccb.o(i.SCCB_Stop)
    i.SCCB_WaitAck                           0x00001758   Section        0  sccb.o(i.SCCB_WaitAck)
    SCCB_WaitAck                             0x00001759   Thumb Code    96  sccb.o(i.SCCB_WaitAck)
    i.SCCB_WriteByte                         0x000017bc   Section        0  sccb.o(i.SCCB_WriteByte)
    i.SCCB_delay                             0x000017fa   Section        0  sccb.o(i.SCCB_delay)
    SCCB_delay                               0x000017fb   Thumb Code    14  sccb.o(i.SCCB_delay)
    i.SD_DisSelect                           0x00001808   Section        0  sd.o(i.SD_DisSelect)
    i.SD_GetResponse                         0x00001820   Section        0  sd.o(i.SD_GetResponse)
    i.SD_Init                                0x00001848   Section        0  sd.o(i.SD_Init)
    i.SD_ReadDisk                            0x000019a0   Section        0  sd.o(i.SD_ReadDisk)
    i.SD_RecvData                            0x00001a0c   Section        0  sd.o(i.SD_RecvData)
    i.SD_SPI_Init                            0x00001a42   Section        0  sd.o(i.SD_SPI_Init)
    i.SD_Select                              0x00001a46   Section        0  sd.o(i.SD_Select)
    i.SD_SendBlock                           0x00001a64   Section        0  sd.o(i.SD_SendBlock)
    i.SD_SendCmd                             0x00001ab2   Section        0  sd.o(i.SD_SendCmd)
    i.SD_TryInit                             0x00001b18   Section        0  sd.o(i.SD_TryInit)
    i.SD_WaitReady                           0x00001bb0   Section        0  sd.o(i.SD_WaitReady)
    SD_WaitReady                             0x00001bb1   Thumb Code    34  sd.o(i.SD_WaitReady)
    i.SD_WriteDisk                           0x00001bd4   Section        0  sd.o(i.SD_WriteDisk)
    i.SERIAL_PutChar                         0x00001c54   Section        0  ht32_serial.o(i.SERIAL_PutChar)
    i.SPI0_Init                              0x00001c74   Section        0  spi.o(i.SPI0_Init)
    i.SPI0_ReadWriteByte                     0x00001ce8   Section        0  spi.o(i.SPI0_ReadWriteByte)
    i.SPI0_SetSpeed                          0x00001d38   Section        0  spi.o(i.SPI0_SetSpeed)
    i.SPI_Cmd                                0x00001d58   Section        0  ht32f1655_56_spi.o(i.SPI_Cmd)
    i.SPI_GetFlagStatus                      0x00001d6c   Section        0  ht32f1655_56_spi.o(i.SPI_GetFlagStatus)
    i.SPI_Init                               0x00001d7a   Section        0  ht32f1655_56_spi.o(i.SPI_Init)
    i.SPI_ReceiveData                        0x00001dc4   Section        0  ht32f1655_56_spi.o(i.SPI_ReceiveData)
    i.SPI_SELOutputCmd                       0x00001dca   Section        0  ht32f1655_56_spi.o(i.SPI_SELOutputCmd)
    i.SPI_SendData                           0x00001dde   Section        0  ht32f1655_56_spi.o(i.SPI_SendData)
    i.SPI_SoftwareSELCmd                     0x00001de2   Section        0  ht32f1655_56_spi.o(i.SPI_SoftwareSELCmd)
    i.SVC_Handler                            0x00001df6   Section        0  ht32f165x_it.o(i.SVC_Handler)
    i.SYSTICK_ClockSourceConfig              0x00001df8   Section        0  ht32_cm3_misc.o(i.SYSTICK_ClockSourceConfig)
    i.SYSTICK_Config                         0x00001e10   Section        0  delay.o(i.SYSTICK_Config)
    i.SYSTICK_CounterCmd                     0x00001e2c   Section        0  ht32_cm3_misc.o(i.SYSTICK_CounterCmd)
    i.SYSTICK_IntConfig                      0x00001e4c   Section        0  ht32_cm3_misc.o(i.SYSTICK_IntConfig)
    i.SYSTICK_SetReloadValue                 0x00001e64   Section        0  ht32_cm3_misc.o(i.SYSTICK_SetReloadValue)
    i.SysTick_Handler                        0x00001e6c   Section        0  ht32f165x_it.o(i.SysTick_Handler)
    i.SystemInit                             0x00001e70   Section        0  system_ht32f165x.o(i.SystemInit)
    i.TimingDelay                            0x00001ecc   Section        0  delay.o(i.TimingDelay)
    i.USART_GetLineStatus                    0x00001ee0   Section        0  ht32f1655_56_usart.o(i.USART_GetLineStatus)
    i.USART_Init                             0x00001eea   Section        0  ht32f1655_56_usart.o(i.USART_Init)
    i.USART_RxCmd                            0x00001f1e   Section        0  ht32f1655_56_usart.o(i.USART_RxCmd)
    i.USART_RxPDMACmd                        0x00001f32   Section        0  ht32f1655_56_usart.o(i.USART_RxPDMACmd)
    i.USART_SendData                         0x00001f46   Section        0  ht32f1655_56_usart.o(i.USART_SendData)
    i.USART_TxCmd                            0x00001f4a   Section        0  ht32f1655_56_usart.o(i.USART_TxCmd)
    i.UsageFault_Handler                     0x00001f5e   Section        0  ht32f165x_it.o(i.UsageFault_Handler)
    i._HT32F_DVB_ClockConfig                 0x00001f60   Section        0  ht32_board.o(i._HT32F_DVB_ClockConfig)
    _HT32F_DVB_ClockConfig                   0x00001f61   Thumb Code    64  ht32_board.o(i._HT32F_DVB_ClockConfig)
    i.__0printf$8                            0x00001fa0   Section        0  printf8.o(i.__0printf$8)
    i.__0sprintf$8                           0x00001fc0   Section        0  printf8.o(i.__0sprintf$8)
    i.__ARM_fpclassify                       0x00001fe8   Section        0  fpclassify.o(i.__ARM_fpclassify)
    i.__ieee754_rem_pio2                     0x00002010   Section        0  rred.o(i.__ieee754_rem_pio2)
    i.__kernel_cos                           0x00002398   Section        0  cos_i.o(i.__kernel_cos)
    i.__kernel_poly                          0x00002494   Section        0  poly.o(i.__kernel_poly)
    i.__kernel_sin                           0x00002540   Section        0  sin_i.o(i.__kernel_sin)
    i.__mathlib_dbl_underflow                0x0000262c   Section        0  dunder.o(i.__mathlib_dbl_underflow)
    i.__scatterload_copy                     0x0000263c   Section       14  handlers.o(i.__scatterload_copy)
    i.__scatterload_null                     0x0000264a   Section        2  handlers.o(i.__scatterload_null)
    i.__scatterload_zeroinit                 0x0000264c   Section       14  handlers.o(i.__scatterload_zeroinit)
    i.__set_errno                            0x0000265c   Section        0  errno.o(i.__set_errno)
    i._printf_core                           0x00002668   Section        0  printf8.o(i._printf_core)
    _printf_core                             0x00002669   Thumb Code   988  printf8.o(i._printf_core)
    i._printf_post_padding                   0x00002a70   Section        0  printf8.o(i._printf_post_padding)
    _printf_post_padding                     0x00002a71   Thumb Code    38  printf8.o(i._printf_post_padding)
    i._printf_pre_padding                    0x00002a96   Section        0  printf8.o(i._printf_pre_padding)
    _printf_pre_padding                      0x00002a97   Thumb Code    48  printf8.o(i._printf_pre_padding)
    i._sputc                                 0x00002ac6   Section        0  printf8.o(i._sputc)
    _sputc                                   0x00002ac7   Thumb Code    10  printf8.o(i._sputc)
    i.check_fs                               0x00002ad0   Section        0  ff.o(i.check_fs)
    check_fs                                 0x00002ad1   Thumb Code    86  ff.o(i.check_fs)
    i.clust2sect                             0x00002b2c   Section        0  ff.o(i.clust2sect)
    i.cos                                    0x00002b44   Section        0  cos.o(i.cos)
    i.create_chain                           0x00002bf0   Section        0  ff.o(i.create_chain)
    create_chain                             0x00002bf1   Thumb Code   158  ff.o(i.create_chain)
    i.create_name                            0x00002c90   Section        0  ff.o(i.create_name)
    create_name                              0x00002c91   Thumb Code   222  ff.o(i.create_name)
    i.delay_ms                               0x00002d80   Section        0  delay.o(i.delay_ms)
    i.dir_next                               0x00002da8   Section        0  ff.o(i.dir_next)
    dir_next                                 0x00002da9   Thumb Code   230  ff.o(i.dir_next)
    i.dir_register                           0x00002e8e   Section        0  ff.o(i.dir_register)
    dir_register                             0x00002e8f   Thumb Code   112  ff.o(i.dir_register)
    i.dir_sdi                                0x00002efe   Section        0  ff.o(i.dir_sdi)
    dir_sdi                                  0x00002eff   Thumb Code   124  ff.o(i.dir_sdi)
    i.disk_initialize                        0x00002f7a   Section        0  diskio.o(i.disk_initialize)
    i.disk_ioctl                             0x00002f8a   Section        0  diskio.o(i.disk_ioctl)
    i.disk_read                              0x00002f92   Section        0  diskio.o(i.disk_read)
    i.disk_status                            0x00002fb0   Section        0  diskio.o(i.disk_status)
    i.disk_write                             0x00002fb8   Section        0  diskio.o(i.disk_write)
    i.f_close                                0x00002fd6   Section        0  ff.o(i.f_close)
    i.f_mount                                0x00002ff4   Section        0  ff.o(i.f_mount)
    i.f_open                                 0x00003040   Section        0  ff.o(i.f_open)
    i.f_sync                                 0x000031e2   Section        0  ff.o(i.f_sync)
    i.f_write                                0x0000325a   Section        0  ff.o(i.f_write)
    i.find_volume                            0x0000339c   Section        0  ff.o(i.find_volume)
    find_volume                              0x0000339d   Thumb Code   554  ff.o(i.find_volume)
    i.follow_path                            0x000035d4   Section        0  ff.o(i.follow_path)
    follow_path                              0x000035d5   Thumb Code   170  ff.o(i.follow_path)
    i.fputc                                  0x0000367e   Section        0  ht32_retarget.o(i.fputc)
    i.get_fat                                0x00003682   Section        0  ff.o(i.get_fat)
    i.get_fattime                            0x00003740   Section        0  diskio.o(i.get_fattime)
    i.get_ldnumber                           0x00003744   Section        0  ff.o(i.get_ldnumber)
    get_ldnumber                             0x00003745   Thumb Code    60  ff.o(i.get_ldnumber)
    i.ld_clust                               0x00003780   Section        0  ff.o(i.ld_clust)
    ld_clust                                 0x00003781   Thumb Code    18  ff.o(i.ld_clust)
    i.main                                   0x00003794   Section        0  main.o(i.main)
    i.mem_cpy                                0x00003854   Section        0  ff.o(i.mem_cpy)
    mem_cpy                                  0x00003855   Thumb Code    16  ff.o(i.mem_cpy)
    i.mem_set                                0x00003864   Section        0  ff.o(i.mem_set)
    mem_set                                  0x00003865   Thumb Code    14  ff.o(i.mem_set)
    i.move_window                            0x00003872   Section        0  ff.o(i.move_window)
    move_window                              0x00003873   Thumb Code    50  ff.o(i.move_window)
    i.put_fat                                0x000038a4   Section        0  ff.o(i.put_fat)
    i.pwrcu_init                             0x00003998   Section        0  pwcru.o(i.pwrcu_init)
    i.sdfs_app_mnt                           0x000039e0   Section        0  sdfs_app.o(i.sdfs_app_mnt)
    i.sdfs_app_savePhoto                     0x00003a1c   Section        0  sdfs_app.o(i.sdfs_app_savePhoto)
    i.sdfs_app_writeBmp                      0x00003aec   Section        0  sdfs_app.o(i.sdfs_app_writeBmp)
    i.sin                                    0x00003ca0   Section        0  sin.o(i.sin)
    i.st_clust                               0x00003d50   Section        0  ff.o(i.st_clust)
    st_clust                                 0x00003d51   Thumb Code    16  ff.o(i.st_clust)
    i.sync_fs                                0x00003d60   Section        0  ff.o(i.sync_fs)
    sync_fs                                  0x00003d61   Thumb Code   176  ff.o(i.sync_fs)
    i.sync_window                            0x00003e10   Section        0  ff.o(i.sync_window)
    sync_window                              0x00003e11   Thumb Code    82  ff.o(i.sync_window)
    i.validate                               0x00003e62   Section        0  ff.o(i.validate)
    validate                                 0x00003e63   Thumb Code    34  ff.o(i.validate)
    .constdata                               0x00003e84   Section       80  ht32_board.o(.constdata)
    .constdata                               0x00003ed8   Section       48  cos_i.o(.constdata)
    C                                        0x00003ed8   Data          48  cos_i.o(.constdata)
    .constdata                               0x00003f08   Section      200  rred.o(.constdata)
    pio2s                                    0x00003f08   Data          48  rred.o(.constdata)
    twooverpi                                0x00003f38   Data         152  rred.o(.constdata)
    .constdata                               0x00003fd0   Section       40  sin_i.o(.constdata)
    S                                        0x00003fd0   Data          40  sin_i.o(.constdata)
    .conststring                             0x00003ff8   Section        1  sdfs_app.o(.conststring)
    .data                                    0x20000000   Section       62  sdfs_app.o(.data)
    num                                      0x20000000   Data           2  sdfs_app.o(.data)
    .data                                    0x2000003e   Section        1  sd.o(.data)
    .data                                    0x20000040   Section        4  delay.o(.data)
    DelayTime                                0x20000040   Data           4  delay.o(.data)
    .data                                    0x20000044   Section      158  ov7725.o(.data)
    .data                                    0x200000e4   Section        8  ff.o(.data)
    Fsid                                     0x200000e4   Data           2  ff.o(.data)
    FatFs                                    0x200000e8   Data           4  ff.o(.data)
    .data                                    0x200000ec   Section        4  ht32_retarget.o(.data)
    .data                                    0x200000f0   Section        4  errno.o(.data)
    _errno                                   0x200000f0   Data           4  errno.o(.data)
    .bss                                     0x200000f4   Section     1520  sdfs_app.o(.bss)
    .bss                                     0x200006e4   Section       44  spi.o(.bss)
    .bss                                     0x20000710   Section       84  mpu6050.o(.bss)
    STACK                                    0x20000768   Section      512  startup_ht32f165x.o(STACK)

    Global Symbols

    Symbol Name                              Value     Ov Type        Size  Object(Section)

    BuildAttributes$$THM_ISAv4$P$D$K$B$S$PE$A:L22UL41UL21$X:L11$S22US41US21$IEEE1$IW$USESV6$~STKCKD$USESV7$~SHL$OTIME$ROPI$IEEEX$EBA8$MICROLIB$REQ8$PRES8$EABIv2 0x00000000   Number         0  anon$$obj.o ABSOLUTE
    __ARM_use_no_argv                        0x00000000   Number         0  main.o ABSOLUTE
    __Vectors                                0x00000000   Data           4  startup_ht32f165x.o(RESET)
    __use_no_errno                           0x00000000   Number         0  useno.o ABSOLUTE
    __use_no_exception_handling              0x00000000   Number         0  useno.o ABSOLUTE
    __use_no_fp                              0x00000000   Number         0  useno.o ABSOLUTE
    __use_no_heap                            0x00000000   Number         0  useno.o ABSOLUTE
    __use_no_heap_region                     0x00000000   Number         0  useno.o ABSOLUTE
    __use_no_semihosting                     0x00000000   Number         0  useno.o ABSOLUTE
    __use_no_semihosting_swi                 0x00000000   Number         0  useno.o ABSOLUTE
    __use_no_signal_handling                 0x00000000   Number         0  useno.o ABSOLUTE
    _printf_a                                0x00000000   Number         0  stubs.o ABSOLUTE
    _printf_c                                0x00000000   Number         0  stubs.o ABSOLUTE
    _printf_charcount                        0x00000000   Number         0  stubs.o ABSOLUTE
    _printf_d                                0x00000000   Number         0  stubs.o ABSOLUTE
    _printf_e                                0x00000000   Number         0  stubs.o ABSOLUTE
    _printf_f                                0x00000000   Number         0  stubs.o ABSOLUTE
    _printf_flags                            0x00000000   Number         0  stubs.o ABSOLUTE
    _printf_fp_dec                           0x00000000   Number         0  stubs.o ABSOLUTE
    _printf_fp_hex                           0x00000000   Number         0  stubs.o ABSOLUTE
    _printf_g                                0x00000000   Number         0  stubs.o ABSOLUTE
    _printf_i                                0x00000000   Number         0  stubs.o ABSOLUTE
    _printf_int_dec                          0x00000000   Number         0  stubs.o ABSOLUTE
    _printf_l                                0x00000000   Number         0  stubs.o ABSOLUTE
    _printf_lc                               0x00000000   Number         0  stubs.o ABSOLUTE
    _printf_ll                               0x00000000   Number         0  stubs.o ABSOLUTE
    _printf_lld                              0x00000000   Number         0  stubs.o ABSOLUTE
    _printf_lli                              0x00000000   Number         0  stubs.o ABSOLUTE
    _printf_llo                              0x00000000   Number         0  stubs.o ABSOLUTE
    _printf_llu                              0x00000000   Number         0  stubs.o ABSOLUTE
    _printf_llx                              0x00000000   Number         0  stubs.o ABSOLUTE
    _printf_longlong_dec                     0x00000000   Number         0  stubs.o ABSOLUTE
    _printf_longlong_hex                     0x00000000   Number         0  stubs.o ABSOLUTE
    _printf_longlong_oct                     0x00000000   Number         0  stubs.o ABSOLUTE
    _printf_ls                               0x00000000   Number         0  stubs.o ABSOLUTE
    _printf_mbtowc                           0x00000000   Number         0  stubs.o ABSOLUTE
    _printf_n                                0x00000000   Number         0  stubs.o ABSOLUTE
    _printf_o                                0x00000000   Number         0  stubs.o ABSOLUTE
    _printf_p                                0x00000000   Number         0  stubs.o ABSOLUTE
    _printf_percent                          0x00000000   Number         0  stubs.o ABSOLUTE
    _printf_pre_padding                      0x00000000   Number         0  stubs.o ABSOLUTE
    _printf_return_value                     0x00000000   Number         0  stubs.o ABSOLUTE
    _printf_s                                0x00000000   Number         0  stubs.o ABSOLUTE
    _printf_sizespec                         0x00000000   Number         0  stubs.o ABSOLUTE
    _printf_str                              0x00000000   Number         0  stubs.o ABSOLUTE
    _printf_truncate_signed                  0x00000000   Number         0  stubs.o ABSOLUTE
    _printf_truncate_unsigned                0x00000000   Number         0  stubs.o ABSOLUTE
    _printf_u                                0x00000000   Number         0  stubs.o ABSOLUTE
    _printf_wc                               0x00000000   Number         0  stubs.o ABSOLUTE
    _printf_wctomb                           0x00000000   Number         0  stubs.o ABSOLUTE
    _printf_widthprec                        0x00000000   Number         0  stubs.o ABSOLUTE
    _printf_x                                0x00000000   Number         0  stubs.o ABSOLUTE
    __cpp_initialize__aeabi_                  - Undefined Weak Reference
    __cxa_finalize                            - Undefined Weak Reference
    __decompress                              - Undefined Weak Reference
    _clock_init                               - Undefined Weak Reference
    _microlib_exit                            - Undefined Weak Reference
    Reset_Handler                            0x00000155   Thumb Code     8  startup_ht32f165x.o(RESET)
    ADC_IRQHandler                           0x0000016f   Thumb Code     0  startup_ht32f165x.o(RESET)
    BFTM0_IRQHandler                         0x0000016f   Thumb Code     0  startup_ht32f165x.o(RESET)
    BFTM1_IRQHandler                         0x0000016f   Thumb Code     0  startup_ht32f165x.o(RESET)
    BOD_IRQHandler                           0x0000016f   Thumb Code     0  startup_ht32f165x.o(RESET)
    CKRDY_IRQHandler                         0x0000016f   Thumb Code     0  startup_ht32f165x.o(RESET)
    COMP_IRQHandler                          0x0000016f   Thumb Code     0  startup_ht32f165x.o(RESET)
    EBI_IRQHandler                           0x0000016f   Thumb Code     0  startup_ht32f165x.o(RESET)
    EXTI0_IRQHandler                         0x0000016f   Thumb Code     0  startup_ht32f165x.o(RESET)
    EXTI10_IRQHandler                        0x0000016f   Thumb Code     0  startup_ht32f165x.o(RESET)
    EXTI11_IRQHandler                        0x0000016f   Thumb Code     0  startup_ht32f165x.o(RESET)
    EXTI12_IRQHandler                        0x0000016f   Thumb Code     0  startup_ht32f165x.o(RESET)
    EXTI13_IRQHandler                        0x0000016f   Thumb Code     0  startup_ht32f165x.o(RESET)
    EXTI14_IRQHandler                        0x0000016f   Thumb Code     0  startup_ht32f165x.o(RESET)
    EXTI15_IRQHandler                        0x0000016f   Thumb Code     0  startup_ht32f165x.o(RESET)
    EXTI2_IRQHandler                         0x0000016f   Thumb Code     0  startup_ht32f165x.o(RESET)
    EXTI3_IRQHandler                         0x0000016f   Thumb Code     0  startup_ht32f165x.o(RESET)
    EXTI4_IRQHandler                         0x0000016f   Thumb Code     0  startup_ht32f165x.o(RESET)
    EXTI5_IRQHandler                         0x0000016f   Thumb Code     0  startup_ht32f165x.o(RESET)
    EXTI6_IRQHandler                         0x0000016f   Thumb Code     0  startup_ht32f165x.o(RESET)
    EXTI8_IRQHandler                         0x0000016f   Thumb Code     0  startup_ht32f165x.o(RESET)
    EXTI9_IRQHandler                         0x0000016f   Thumb Code     0  startup_ht32f165x.o(RESET)
    FLASH_IRQHandler                         0x0000016f   Thumb Code     0  startup_ht32f165x.o(RESET)
    GPTM0_IRQHandler                         0x0000016f   Thumb Code     0  startup_ht32f165x.o(RESET)
    GPTM1_IRQHandler                         0x0000016f   Thumb Code     0  startup_ht32f165x.o(RESET)
    I2C0_IRQHandler                          0x0000016f   Thumb Code     0  startup_ht32f165x.o(RESET)
    I2C1_IRQHandler                          0x0000016f   Thumb Code     0  startup_ht32f165x.o(RESET)
    I2S_IRQHandler                           0x0000016f   Thumb Code     0  startup_ht32f165x.o(RESET)
    LPWUP_IRQHandler                         0x0000016f   Thumb Code     0  startup_ht32f165x.o(RESET)
    LVD_IRQHandler                           0x0000016f   Thumb Code     0  startup_ht32f165x.o(RESET)
    MCTM0BRK_IRQHandler                      0x0000016f   Thumb Code     0  startup_ht32f165x.o(RESET)
    MCTM0CC_IRQHandler                       0x0000016f   Thumb Code     0  startup_ht32f165x.o(RESET)
    MCTM0TR_IRQHandler                       0x0000016f   Thumb Code     0  startup_ht32f165x.o(RESET)
    MCTM0UP_IRQHandler                       0x0000016f   Thumb Code     0  startup_ht32f165x.o(RESET)
    MCTM1BRK_IRQHandler                      0x0000016f   Thumb Code     0  startup_ht32f165x.o(RESET)
    MCTM1CC_IRQHandler                       0x0000016f   Thumb Code     0  startup_ht32f165x.o(RESET)
    MCTM1TR_IRQHandler                       0x0000016f   Thumb Code     0  startup_ht32f165x.o(RESET)
    MCTM1UP_IRQHandler                       0x0000016f   Thumb Code     0  startup_ht32f165x.o(RESET)
    PDMA_CH0_IRQHandler                      0x0000016f   Thumb Code     0  startup_ht32f165x.o(RESET)
    PDMA_CH1_IRQHandler                      0x0000016f   Thumb Code     0  startup_ht32f165x.o(RESET)
    PDMA_CH2_IRQHandler                      0x0000016f   Thumb Code     0  startup_ht32f165x.o(RESET)
    PDMA_CH3_IRQHandler                      0x0000016f   Thumb Code     0  startup_ht32f165x.o(RESET)
    PDMA_CH4_IRQHandler                      0x0000016f   Thumb Code     0  startup_ht32f165x.o(RESET)
    PDMA_CH5_IRQHandler                      0x0000016f   Thumb Code     0  startup_ht32f165x.o(RESET)
    PDMA_CH6_IRQHandler                      0x0000016f   Thumb Code     0  startup_ht32f165x.o(RESET)
    PDMA_CH7_IRQHandler                      0x0000016f   Thumb Code     0  startup_ht32f165x.o(RESET)
    RTC_IRQHandler                           0x0000016f   Thumb Code     0  startup_ht32f165x.o(RESET)
    SCI_IRQHandler                           0x0000016f   Thumb Code     0  startup_ht32f165x.o(RESET)
    SPI0_IRQHandler                          0x0000016f   Thumb Code     0  startup_ht32f165x.o(RESET)
    SPI1_IRQHandler                          0x0000016f   Thumb Code     0  startup_ht32f165x.o(RESET)
    UART0_IRQHandler                         0x0000016f   Thumb Code     0  startup_ht32f165x.o(RESET)
    UART1_IRQHandler                         0x0000016f   Thumb Code     0  startup_ht32f165x.o(RESET)
    USART0_IRQHandler                        0x0000016f   Thumb Code     0  startup_ht32f165x.o(RESET)
    USART1_IRQHandler                        0x0000016f   Thumb Code     0  startup_ht32f165x.o(RESET)
    USB_IRQHandler                           0x0000016f   Thumb Code     0  startup_ht32f165x.o(RESET)
    WDT_IRQHandler                           0x0000016f   Thumb Code     0  startup_ht32f165x.o(RESET)
    __main                                   0x00000179   Thumb Code     0  entry.o(.ARM.Collect$$$$00000000)
    _main_stk                                0x00000179   Thumb Code     0  entry2.o(.ARM.Collect$$$$00000001)
    _main_scatterload                        0x0000017d   Thumb Code     0  entry5.o(.ARM.Collect$$$$00000004)
    __main_after_scatterload                 0x00000181   Thumb Code     0  entry5.o(.ARM.Collect$$$$00000004)
    _main_clock                              0x00000181   Thumb Code     0  entry7b.o(.ARM.Collect$$$$00000008)
    _main_cpp_init                           0x00000181   Thumb Code     0  entry8b.o(.ARM.Collect$$$$0000000A)
    _main_init                               0x00000181   Thumb Code     0  entry9a.o(.ARM.Collect$$$$0000000B)
    __rt_final_cpp                           0x00000189   Thumb Code     0  entry10a.o(.ARM.Collect$$$$0000000D)
    __rt_final_exit                          0x00000189   Thumb Code     0  entry11a.o(.ARM.Collect$$$$0000000F)
    __aeabi_memset                           0x0000018d   Thumb Code    14  memseta.o(.text)
    __aeabi_memset4                          0x0000018d   Thumb Code     0  memseta.o(.text)
    __aeabi_memset8                          0x0000018d   Thumb Code     0  memseta.o(.text)
    __aeabi_memclr                           0x0000019b   Thumb Code     4  memseta.o(.text)
    __aeabi_memclr4                          0x0000019b   Thumb Code     0  memseta.o(.text)
    __aeabi_memclr8                          0x0000019b   Thumb Code     0  memseta.o(.text)
    _memset$wrapper                          0x0000019f   Thumb Code    18  memseta.o(.text)
    __aeabi_fadd                             0x000001b1   Thumb Code   164  fadd.o(.text)
    __aeabi_fsub                             0x00000255   Thumb Code     6  fadd.o(.text)
    __aeabi_frsub                            0x0000025b   Thumb Code     6  fadd.o(.text)
    __aeabi_fmul                             0x00000261   Thumb Code   108  fmul.o(.text)
    __aeabi_dmul                             0x000002cd   Thumb Code   228  dmul.o(.text)
    __aeabi_ddiv                             0x000003b1   Thumb Code   222  ddiv.o(.text)
    __ARM_scalbn                             0x0000048f   Thumb Code    46  dscalb.o(.text)
    scalbn                                   0x0000048f   Thumb Code     0  dscalb.o(.text)
    __aeabi_i2d                              0x000004bd   Thumb Code    34  dflti.o(.text)
    __aeabi_f2d                              0x000004df   Thumb Code    38  f2d.o(.text)
    __aeabi_d2f                              0x00000505   Thumb Code    56  d2f.o(.text)
    __aeabi_uldivmod                         0x0000053d   Thumb Code    98  uldiv.o(.text)
    __I$use$fp                               0x0000059f   Thumb Code     0  iusefp.o(.text)
    _float_round                             0x0000059f   Thumb Code    18  fepilogue.o(.text)
    _float_epilogue                          0x000005b1   Thumb Code    90  fepilogue.o(.text)
    _double_round                            0x0000060b   Thumb Code    26  depilogue.o(.text)
    _double_epilogue                         0x00000625   Thumb Code   164  depilogue.o(.text)
    __aeabi_dadd                             0x000006c9   Thumb Code   322  dadd.o(.text)
    __aeabi_dsub                             0x0000080b   Thumb Code     6  dadd.o(.text)
    __aeabi_drsub                            0x00000811   Thumb Code     6  dadd.o(.text)
    __scatterload                            0x00000819   Thumb Code    28  init.o(.text)
    __scatterload_rt2                        0x00000819   Thumb Code     0  init.o(.text)
    __aeabi_llsl                             0x0000083d   Thumb Code    30  llshl.o(.text)
    _ll_shift_l                              0x0000083d   Thumb Code     0  llshl.o(.text)
    __aeabi_llsr                             0x0000085b   Thumb Code    32  llushr.o(.text)
    _ll_ushift_r                             0x0000085b   Thumb Code     0  llushr.o(.text)
    __aeabi_lasr                             0x0000087b   Thumb Code    36  llsshr.o(.text)
    _ll_sshift_r                             0x0000087b   Thumb Code     0  llsshr.o(.text)
    __aeabi_ui2d                             0x0000089f   Thumb Code    26  dfltui.o(.text)
    __aeabi_d2iz                             0x000008b9   Thumb Code    62  dfixi.o(.text)
    AFIO_EXTISourceConfig                    0x000008f9   Thumb Code    38  ht32f1655_56_gpio.o(i.AFIO_EXTISourceConfig)
    AFIO_GPxConfig                           0x00000925   Thumb Code    94  ht32f1655_56_gpio.o(i.AFIO_GPxConfig)
    Angle_DataTransfrom                      0x00000989   Thumb Code    92  mpu6050.o(i.Angle_DataTransfrom)
    Angular_DataTransFrom                    0x000009ed   Thumb Code    92  mpu6050.o(i.Angular_DataTransFrom)
    Axis_DataTransfrom                       0x00000a51   Thumb Code    86  mpu6050.o(i.Axis_DataTransfrom)
    Axis_GetFinalData                        0x00000aad   Thumb Code    22  mpu6050.o(i.Axis_GetFinalData)
    BusFault_Handler                         0x00000ac3   Thumb Code     2  ht32f165x_it.o(i.BusFault_Handler)
    CKCU_GetClocksFrequency                  0x00000ac5   Thumb Code    76  ht32f1655_56_ckcu.o(i.CKCU_GetClocksFrequency)
    CKCU_GetPLLFrequency                     0x00000b19   Thumb Code    52  ht32f1655_56_ckcu.o(i.CKCU_GetPLLFrequency)
    CKCU_GetUSARTClockFreq                   0x00000b59   Thumb Code    16  ht32f1655_56_ckcu.o(i.CKCU_GetUSARTClockFreq)
    CKCU_PeripClockConfig                    0x00000b69   Thumb Code    32  ht32f1655_56_ckcu.o(i.CKCU_PeripClockConfig)
    DealWithRotation                         0x00000b8d   Thumb Code   156  mpu6050.o(i.DealWithRotation)
    DebugMon_Handler                         0x00000c2d   Thumb Code     2  ht32f165x_it.o(i.DebugMon_Handler)
    EVWUP_IRQHandler                         0x00000c31   Thumb Code    48  ht32f165x_it.o(i.EVWUP_IRQHandler)
    EXTI1_IRQHandler                         0x00000c75   Thumb Code     6  ht32f165x_it.o(i.EXTI1_IRQHandler)
    EXTI7_IRQHandler                         0x00000c7d   Thumb Code    92  ht32f165x_it.o(i.EXTI7_IRQHandler)
    EXTI_ClearEdgeFlag                       0x00000cf5   Thumb Code    12  ht32f1655_56_exti.o(i.EXTI_ClearEdgeFlag)
    EXTI_ClearWakeupFlag                     0x00000d05   Thumb Code    14  ht32f1655_56_exti.o(i.EXTI_ClearWakeupFlag)
    EXTI_GetEdgeStatus                       0x00000d19   Thumb Code    32  ht32f1655_56_exti.o(i.EXTI_GetEdgeStatus)
    EXTI_GetWakeupFlagStatus                 0x00000d41   Thumb Code    20  ht32f1655_56_exti.o(i.EXTI_GetWakeupFlagStatus)
    EXTI_Init                                0x00000d59   Thumb Code    24  ht32f1655_56_exti.o(i.EXTI_Init)
    EXTI_IntConfig                           0x00000d75   Thumb Code    22  ht32f1655_56_exti.o(i.EXTI_IntConfig)
    EXTI_WakeupEventConfig                   0x00000d91   Thumb Code    38  ht32f1655_56_exti.o(i.EXTI_WakeupEventConfig)
    EXTI_WakeupEventIntConfig                0x00000dbd   Thumb Code    22  ht32f1655_56_exti.o(i.EXTI_WakeupEventIntConfig)
    GPIO_ClearOutBits                        0x00000dd9   Thumb Code     4  ht32f1655_56_gpio.o(i.GPIO_ClearOutBits)
    GPIO_DirectionConfig                     0x00000ddd   Thumb Code    16  ht32f1655_56_gpio.o(i.GPIO_DirectionConfig)
    GPIO_InputConfig                         0x00000ded   Thumb Code    16  ht32f1655_56_gpio.o(i.GPIO_InputConfig)
    GPIO_PullResistorConfig                  0x00000dfd   Thumb Code    40  ht32f1655_56_gpio.o(i.GPIO_PullResistorConfig)
    GPIO_ReadInBit                           0x00000e25   Thumb Code    10  ht32f1655_56_gpio.o(i.GPIO_ReadInBit)
    GPIO_ReadInData                          0x00000e2f   Thumb Code     6  ht32f1655_56_gpio.o(i.GPIO_ReadInData)
    GPIO_SetOutBits                          0x00000e35   Thumb Code     4  ht32f1655_56_gpio.o(i.GPIO_SetOutBits)
    HT32F_DVB_PBInit                         0x00000e7d   Thumb Code   184  ht32_board.o(i.HT32F_DVB_PBInit)
    HardFault_Handler                        0x00000f39   Thumb Code     2  ht32f165x_it.o(i.HardFault_Handler)
    Init_USART                               0x00000f3d   Thumb Code   120  usart.o(i.Init_USART)
    MemManage_Handler                        0x00000fb9   Thumb Code     2  ht32f165x_it.o(i.MemManage_Handler)
    NMI_Handler                              0x00000fbb   Thumb Code     2  ht32f165x_it.o(i.NMI_Handler)
    Ov7725_ClearCaptureFlag                  0x00000fbd   Thumb Code     8  ov7725.o(i.Ov7725_ClearCaptureFlag)
    Ov7725_GPIO_Config                       0x00000fc9   Thumb Code    84  ov7725.o(i.Ov7725_GPIO_Config)
    Ov7725_IfPhotoCaptured                   0x00001025   Thumb Code    16  ov7725.o(i.Ov7725_IfPhotoCaptured)
    Ov7725_Init                              0x00001039   Thumb Code   124  ov7725.o(i.Ov7725_Init)
    Ov7725_TryInit                           0x00001159   Thumb Code    38  ov7725.o(i.Ov7725_TryInit)
    Ov7725_VSYNC_Init                        0x000011b1   Thumb Code   112  ov7725.o(i.Ov7725_VSYNC_Init)
    PDMA_ClearFlag                           0x00001229   Thumb Code    34  ht32f1655_56_pdma.o(i.PDMA_ClearFlag)
    PDMA_Config                              0x00001255   Thumb Code    42  ht32f1655_56_pdma.o(i.PDMA_Config)
    PDMA_Configuration                       0x00001285   Thumb Code    92  mpu6050.o(i.PDMA_Configuration)
    PDMA_EnaCmd                              0x000012e9   Thumb Code    34  ht32f1655_56_pdma.o(i.PDMA_EnaCmd)
    PDMA_GetFlagStatus                       0x00001311   Thumb Code    38  ht32f1655_56_pdma.o(i.PDMA_GetFlagStatus)
    PDMA_IntConig                            0x00001341   Thumb Code    40  ht32f1655_56_pdma.o(i.PDMA_IntConig)
    PDMA_SwTrigCmd                           0x00001371   Thumb Code    34  ht32f1655_56_pdma.o(i.PDMA_SwTrigCmd)
    PWRCU_CheckReadyAccessed                 0x00001399   Thumb Code    58  ht32f1655_56_pwrcu.o(i.PWRCU_CheckReadyAccessed)
    PWRCU_DeInit                             0x000013e1   Thumb Code    26  ht32f1655_56_pwrcu.o(i.PWRCU_DeInit)
    PendSV_Handler                           0x00001401   Thumb Code     2  ht32f165x_it.o(i.PendSV_Handler)
    SCCB_GPIO_Config                         0x0000151d   Thumb Code    42  sccb.o(i.SCCB_GPIO_Config)
    SCCB_ReadByte                            0x0000154d   Thumb Code   168  sccb.o(i.SCCB_ReadByte)
    SCCB_Start                               0x000016c5   Thumb Code    82  sccb.o(i.SCCB_Start)
    SCCB_WriteByte                           0x000017bd   Thumb Code    62  sccb.o(i.SCCB_WriteByte)
    SD_DisSelect                             0x00001809   Thumb Code    24  sd.o(i.SD_DisSelect)
    SD_GetResponse                           0x00001821   Thumb Code    40  sd.o(i.SD_GetResponse)
    SD_Init                                  0x00001849   Thumb Code   340  sd.o(i.SD_Init)
    SD_ReadDisk                              0x000019a1   Thumb Code   104  sd.o(i.SD_ReadDisk)
    SD_RecvData                              0x00001a0d   Thumb Code    54  sd.o(i.SD_RecvData)
    SD_SPI_Init                              0x00001a43   Thumb Code     4  sd.o(i.SD_SPI_Init)
    SD_Select                                0x00001a47   Thumb Code    30  sd.o(i.SD_Select)
    SD_SendBlock                             0x00001a65   Thumb Code    78  sd.o(i.SD_SendBlock)
    SD_SendCmd                               0x00001ab3   Thumb Code   100  sd.o(i.SD_SendCmd)
    SD_TryInit                               0x00001b19   Thumb Code    60  sd.o(i.SD_TryInit)
    SD_WriteDisk                             0x00001bd5   Thumb Code   124  sd.o(i.SD_WriteDisk)
    SERIAL_PutChar                           0x00001c55   Thumb Code    32  ht32_serial.o(i.SERIAL_PutChar)
    SPI0_Init                                0x00001c75   Thumb Code   106  spi.o(i.SPI0_Init)
    SPI0_ReadWriteByte                       0x00001ce9   Thumb Code    78  spi.o(i.SPI0_ReadWriteByte)
    SPI0_SetSpeed                            0x00001d39   Thumb Code    28  spi.o(i.SPI0_SetSpeed)
    SPI_Cmd                                  0x00001d59   Thumb Code    20  ht32f1655_56_spi.o(i.SPI_Cmd)
    SPI_GetFlagStatus                        0x00001d6d   Thumb Code    14  ht32f1655_56_spi.o(i.SPI_GetFlagStatus)
    SPI_Init                                 0x00001d7b   Thumb Code    74  ht32f1655_56_spi.o(i.SPI_Init)
    SPI_ReceiveData                          0x00001dc5   Thumb Code     6  ht32f1655_56_spi.o(i.SPI_ReceiveData)
    SPI_SELOutputCmd                         0x00001dcb   Thumb Code    20  ht32f1655_56_spi.o(i.SPI_SELOutputCmd)
    SPI_SendData                             0x00001ddf   Thumb Code     4  ht32f1655_56_spi.o(i.SPI_SendData)
    SPI_SoftwareSELCmd                       0x00001de3   Thumb Code    20  ht32f1655_56_spi.o(i.SPI_SoftwareSELCmd)
    SVC_Handler                              0x00001df7   Thumb Code     2  ht32f165x_it.o(i.SVC_Handler)
    SYSTICK_ClockSourceConfig                0x00001df9   Thumb Code    24  ht32_cm3_misc.o(i.SYSTICK_ClockSourceConfig)
    SYSTICK_Config                           0x00001e11   Thumb Code    28  delay.o(i.SYSTICK_Config)
    SYSTICK_CounterCmd                       0x00001e2d   Thumb Code    32  ht32_cm3_misc.o(i.SYSTICK_CounterCmd)
    SYSTICK_IntConfig                        0x00001e4d   Thumb Code    24  ht32_cm3_misc.o(i.SYSTICK_IntConfig)
    SYSTICK_SetReloadValue                   0x00001e65   Thumb Code     8  ht32_cm3_misc.o(i.SYSTICK_SetReloadValue)
    SysTick_Handler                          0x00001e6d   Thumb Code     4  ht32f165x_it.o(i.SysTick_Handler)
    SystemInit                               0x00001e71   Thumb Code    78  system_ht32f165x.o(i.SystemInit)
    TimingDelay                              0x00001ecd   Thumb Code    16  delay.o(i.TimingDelay)
    USART_GetLineStatus                      0x00001ee1   Thumb Code    10  ht32f1655_56_usart.o(i.USART_GetLineStatus)
    USART_Init                               0x00001eeb   Thumb Code    52  ht32f1655_56_usart.o(i.USART_Init)
    USART_RxCmd                              0x00001f1f   Thumb Code    20  ht32f1655_56_usart.o(i.USART_RxCmd)
    USART_RxPDMACmd                          0x00001f33   Thumb Code    20  ht32f1655_56_usart.o(i.USART_RxPDMACmd)
    USART_SendData                           0x00001f47   Thumb Code     4  ht32f1655_56_usart.o(i.USART_SendData)
    USART_TxCmd                              0x00001f4b   Thumb Code    20  ht32f1655_56_usart.o(i.USART_TxCmd)
    UsageFault_Handler                       0x00001f5f   Thumb Code     2  ht32f165x_it.o(i.UsageFault_Handler)
    __0printf$8                              0x00001fa1   Thumb Code    22  printf8.o(i.__0printf$8)
    __1printf$8                              0x00001fa1   Thumb Code     0  printf8.o(i.__0printf$8)
    __2printf                                0x00001fa1   Thumb Code     0  printf8.o(i.__0printf$8)
    __0sprintf$8                             0x00001fc1   Thumb Code    34  printf8.o(i.__0sprintf$8)
    __1sprintf$8                             0x00001fc1   Thumb Code     0  printf8.o(i.__0sprintf$8)
    __2sprintf                               0x00001fc1   Thumb Code     0  printf8.o(i.__0sprintf$8)
    __ARM_fpclassify                         0x00001fe9   Thumb Code    40  fpclassify.o(i.__ARM_fpclassify)
    __ieee754_rem_pio2                       0x00002011   Thumb Code   832  rred.o(i.__ieee754_rem_pio2)
    __kernel_cos                             0x00002399   Thumb Code   230  cos_i.o(i.__kernel_cos)
    __kernel_poly                            0x00002495   Thumb Code   170  poly.o(i.__kernel_poly)
    __kernel_sin                             0x00002541   Thumb Code   224  sin_i.o(i.__kernel_sin)
    __mathlib_dbl_underflow                  0x0000262d   Thumb Code    10  dunder.o(i.__mathlib_dbl_underflow)
    __scatterload_copy                       0x0000263d   Thumb Code    14  handlers.o(i.__scatterload_copy)
    __scatterload_null                       0x0000264b   Thumb Code     2  handlers.o(i.__scatterload_null)
    __scatterload_zeroinit                   0x0000264d   Thumb Code    14  handlers.o(i.__scatterload_zeroinit)
    __set_errno                              0x0000265d   Thumb Code     6  errno.o(i.__set_errno)
    clust2sect                               0x00002b2d   Thumb Code    24  ff.o(i.clust2sect)
    cos                                      0x00002b45   Thumb Code   164  cos.o(i.cos)
    delay_ms                                 0x00002d81   Thumb Code    36  delay.o(i.delay_ms)
    disk_initialize                          0x00002f7b   Thumb Code    16  diskio.o(i.disk_initialize)
    disk_ioctl                               0x00002f8b   Thumb Code     8  diskio.o(i.disk_ioctl)
    disk_read                                0x00002f93   Thumb Code    30  diskio.o(i.disk_read)
    disk_status                              0x00002fb1   Thumb Code     8  diskio.o(i.disk_status)
    disk_write                               0x00002fb9   Thumb Code    30  diskio.o(i.disk_write)
    f_close                                  0x00002fd7   Thumb Code    28  ff.o(i.f_close)
    f_mount                                  0x00002ff5   Thumb Code    72  ff.o(i.f_mount)
    f_open                                   0x00003041   Thumb Code   418  ff.o(i.f_open)
    f_sync                                   0x000031e3   Thumb Code   120  ff.o(i.f_sync)
    f_write                                  0x0000325b   Thumb Code   320  ff.o(i.f_write)
    fputc                                    0x0000367f   Thumb Code     4  ht32_retarget.o(i.fputc)
    get_fat                                  0x00003683   Thumb Code   190  ff.o(i.get_fat)
    get_fattime                              0x00003741   Thumb Code     4  diskio.o(i.get_fattime)
    main                                     0x00003795   Thumb Code   160  main.o(i.main)
    put_fat                                  0x000038a5   Thumb Code   244  ff.o(i.put_fat)
    pwrcu_init                               0x00003999   Thumb Code    62  pwcru.o(i.pwrcu_init)
    sdfs_app_mnt                             0x000039e1   Thumb Code    30  sdfs_app.o(i.sdfs_app_mnt)
    sdfs_app_savePhoto                       0x00003a1d   Thumb Code    90  sdfs_app.o(i.sdfs_app_savePhoto)
    sdfs_app_writeBmp                        0x00003aed   Thumb Code   340  sdfs_app.o(i.sdfs_app_writeBmp)
    sin                                      0x00003ca1   Thumb Code   166  sin.o(i.sin)
    LED_GPIO_ID                              0x00003e84   Data           3  ht32_board.o(.constdata)
    LED_AFIO_MODE                            0x00003e87   Data           3  ht32_board.o(.constdata)
    BUTTON_GPIO_ID                           0x00003e8a   Data           3  ht32_board.o(.constdata)
    BUTTON_AFIO_MODE                         0x00003e8d   Data           3  ht32_board.o(.constdata)
    BUTTON_EXTI_CH                           0x00003e90   Data           3  ht32_board.o(.constdata)
    LED_GPIO_PIN                             0x00003e94   Data           6  ht32_board.o(.constdata)
    BUTTON_GPIO_PIN                          0x00003e9a   Data           6  ht32_board.o(.constdata)
    GPIO_PORT                                0x00003ea0   Data          20  ht32_board.o(.constdata)
    gCOMInfo                                 0x00003eb4   Data          32  ht32_board.o(.constdata)
    Region$$Table$$Base                      0x00003ffc   Number         0  anon$$obj.o(Region$$Table)
    Region$$Table$$Limit                     0x0000401c   Number         0  anon$$obj.o(Region$$Table)
    root                                     0x20000004   Data           4  sdfs_app.o(.data)
    bmpHeader                                0x20000008   Data          54  sdfs_app.o(.data)
    SD_Type                                  0x2000003e   Data           1  sd.o(.data)
    OV7725_REG_NUM                           0x20000044   Data           1  ov7725.o(.data)
    Ov7725_vsync                             0x20000045   Data           1  ov7725.o(.data)
    Sensor_Config                            0x20000046   Data         156  ov7725.o(.data)
    __stdout                                 0x200000ec   Data           4  ht32_retarget.o(.data)
    myfat                                    0x200000f4   Data         560  sdfs_app.o(.bss)
    BGR_Buf                                  0x20000324   Data         960  sdfs_app.o(.bss)
    SPI_InitStructure                        0x200006e4   Data          44  spi.o(.bss)
    MPU_Data                                 0x20000710   Data          33  mpu6050.o(.bss)
    Axis                                     0x20000734   Data          12  mpu6050.o(.bss)
    Angle                                    0x20000740   Data          12  mpu6050.o(.bss)
    Angular                                  0x2000074c   Data          12  mpu6050.o(.bss)
    FinalBaseAxis                            0x20000758   Data          12  mpu6050.o(.bss)
    __initial_sp                             0x20000968   Data           0  startup_ht32f165x.o(STACK)



==============================================================================

Memory Map of the image

  Image Entry point : 0x00000155

  Load Region LR_1 (Base: 0x00000000, Size: 0x00004110, Max: 0xffffffff, ABSOLUTE)

    Execution Region ER_RO (Base: 0x00000000, Size: 0x0000401c, Max: 0xffffffff, ABSOLUTE)

    Base Addr    Size         Type   Attr      Idx    E Section Name        Object

    0x00000000   0x00000178   Code   RO         1135  * RESET               startup_ht32f165x.o
    0x00000178   0x00000000   Code   RO         5107  * .ARM.Collect$$$$00000000  mc_w.l(entry.o)
    0x00000178   0x00000004   Code   RO         5409    .ARM.Collect$$$$00000001  mc_w.l(entry2.o)
    0x0000017c   0x00000004   Code   RO         5412    .ARM.Collect$$$$00000004  mc_w.l(entry5.o)
    0x00000180   0x00000000   Code   RO         5414    .ARM.Collect$$$$00000008  mc_w.l(entry7b.o)
    0x00000180   0x00000000   Code   RO         5416    .ARM.Collect$$$$0000000A  mc_w.l(entry8b.o)
    0x00000180   0x00000008   Code   RO         5417    .ARM.Collect$$$$0000000B  mc_w.l(entry9a.o)
    0x00000188   0x00000000   Code   RO         5419    .ARM.Collect$$$$0000000D  mc_w.l(entry10a.o)
    0x00000188   0x00000000   Code   RO         5421    .ARM.Collect$$$$0000000F  mc_w.l(entry11a.o)
    0x00000188   0x00000004   Code   RO         5410    .ARM.Collect$$$$00002712  mc_w.l(entry2.o)
    0x0000018c   0x00000024   Code   RO         5114    .text               mc_w.l(memseta.o)
    0x000001b0   0x000000b0   Code   RO         5377    .text               mf_w.l(fadd.o)
    0x00000260   0x0000006c   Code   RO         5379    .text               mf_w.l(fmul.o)
    0x000002cc   0x000000e4   Code   RO         5381    .text               mf_w.l(dmul.o)
    0x000003b0   0x000000de   Code   RO         5383    .text               mf_w.l(ddiv.o)
    0x0000048e   0x0000002e   Code   RO         5385    .text               mf_w.l(dscalb.o)
    0x000004bc   0x00000022   Code   RO         5387    .text               mf_w.l(dflti.o)
    0x000004de   0x00000026   Code   RO         5389    .text               mf_w.l(f2d.o)
    0x00000504   0x00000038   Code   RO         5391    .text               mf_w.l(d2f.o)
    0x0000053c   0x00000062   Code   RO         5425    .text               mc_w.l(uldiv.o)
    0x0000059e   0x00000000   Code   RO         5434    .text               mc_w.l(iusefp.o)
    0x0000059e   0x0000006c   Code   RO         5435    .text               mf_w.l(fepilogue.o)
    0x0000060a   0x000000be   Code   RO         5437    .text               mf_w.l(depilogue.o)
    0x000006c8   0x0000014e   Code   RO         5439    .text               mf_w.l(dadd.o)
    0x00000816   0x00000002   PAD
    0x00000818   0x00000024   Code   RO         5451    .text               mc_w.l(init.o)
    0x0000083c   0x0000001e   Code   RO         5453    .text               mc_w.l(llshl.o)
    0x0000085a   0x00000020   Code   RO         5455    .text               mc_w.l(llushr.o)
    0x0000087a   0x00000024   Code   RO         5457    .text               mc_w.l(llsshr.o)
    0x0000089e   0x0000001a   Code   RO         5459    .text               mf_w.l(dfltui.o)
    0x000008b8   0x0000003e   Code   RO         5461    .text               mf_w.l(dfixi.o)
    0x000008f6   0x00000002   PAD
    0x000008f8   0x0000002c   Code   RO         2120    i.AFIO_EXTISourceConfig  ht32f1655_56_gpio.o
    0x00000924   0x00000064   Code   RO         2121    i.AFIO_GPxConfig    ht32f1655_56_gpio.o
    0x00000988   0x00000064   Code   RO          692    i.Angle_DataTransfrom  mpu6050.o
    0x000009ec   0x00000064   Code   RO          693    i.Angular_DataTransFrom  mpu6050.o
    0x00000a50   0x0000005c   Code   RO          694    i.Axis_DataTransfrom  mpu6050.o
    0x00000aac   0x00000016   Code   RO          695    i.Axis_GetFinalData  mpu6050.o
    0x00000ac2   0x00000002   Code   RO          202    i.BusFault_Handler  ht32f165x_it.o
    0x00000ac4   0x00000054   Code   RO         1516    i.CKCU_GetClocksFrequency  ht32f1655_56_ckcu.o
    0x00000b18   0x00000040   Code   RO         1518    i.CKCU_GetPLLFrequency  ht32f1655_56_ckcu.o
    0x00000b58   0x00000010   Code   RO         1520    i.CKCU_GetUSARTClockFreq  ht32f1655_56_ckcu.o
    0x00000b68   0x00000024   Code   RO         1531    i.CKCU_PeripClockConfig  ht32f1655_56_ckcu.o
    0x00000b8c   0x000000a0   Code   RO          696    i.DealWithRotation  mpu6050.o
    0x00000c2c   0x00000002   Code   RO          203    i.DebugMon_Handler  ht32f165x_it.o
    0x00000c2e   0x00000002   PAD
    0x00000c30   0x00000044   Code   RO          204    i.EVWUP_IRQHandler  ht32f165x_it.o
    0x00000c74   0x00000006   Code   RO          205    i.EXTI1_IRQHandler  ht32f165x_it.o
    0x00000c7a   0x00000002   PAD
    0x00000c7c   0x00000078   Code   RO          206    i.EXTI7_IRQHandler  ht32f165x_it.o
    0x00000cf4   0x00000010   Code   RO         1915    i.EXTI_ClearEdgeFlag  ht32f1655_56_exti.o
    0x00000d04   0x00000014   Code   RO         1916    i.EXTI_ClearWakeupFlag  ht32f1655_56_exti.o
    0x00000d18   0x00000028   Code   RO         1918    i.EXTI_GetEdgeStatus  ht32f1655_56_exti.o
    0x00000d40   0x00000018   Code   RO         1920    i.EXTI_GetWakeupFlagStatus  ht32f1655_56_exti.o
    0x00000d58   0x0000001c   Code   RO         1921    i.EXTI_Init         ht32f1655_56_exti.o
    0x00000d74   0x0000001c   Code   RO         1922    i.EXTI_IntConfig    ht32f1655_56_exti.o
    0x00000d90   0x0000002c   Code   RO         1924    i.EXTI_WakeupEventConfig  ht32f1655_56_exti.o
    0x00000dbc   0x0000001c   Code   RO         1925    i.EXTI_WakeupEventIntConfig  ht32f1655_56_exti.o
    0x00000dd8   0x00000004   Code   RO         2122    i.GPIO_ClearOutBits  ht32f1655_56_gpio.o
    0x00000ddc   0x00000010   Code   RO         2124    i.GPIO_DirectionConfig  ht32f1655_56_gpio.o
    0x00000dec   0x00000010   Code   RO         2126    i.GPIO_InputConfig  ht32f1655_56_gpio.o
    0x00000dfc   0x00000028   Code   RO         2131    i.GPIO_PullResistorConfig  ht32f1655_56_gpio.o
    0x00000e24   0x0000000a   Code   RO         2132    i.GPIO_ReadInBit    ht32f1655_56_gpio.o
    0x00000e2e   0x00000006   Code   RO         2133    i.GPIO_ReadInData   ht32f1655_56_gpio.o
    0x00000e34   0x00000004   Code   RO         2136    i.GPIO_SetOutBits   ht32f1655_56_gpio.o
    0x00000e38   0x00000042   Code   RO          697    i.GetAcceleration   mpu6050.o
    0x00000e7a   0x00000002   PAD
    0x00000e7c   0x000000bc   Code   RO         4713    i.HT32F_DVB_PBInit  ht32_board.o
    0x00000f38   0x00000002   Code   RO          207    i.HardFault_Handler  ht32f165x_it.o
    0x00000f3a   0x00000002   PAD
    0x00000f3c   0x0000007c   Code   RO          365    i.Init_USART        usart.o
    0x00000fb8   0x00000002   Code   RO          208    i.MemManage_Handler  ht32f165x_it.o
    0x00000fba   0x00000002   Code   RO          209    i.NMI_Handler       ht32f165x_it.o
    0x00000fbc   0x0000000c   Code   RO          803    i.Ov7725_ClearCaptureFlag  ov7725.o
    0x00000fc8   0x0000005c   Code   RO          804    i.Ov7725_GPIO_Config  ov7725.o
    0x00001024   0x00000014   Code   RO          805    i.Ov7725_IfPhotoCaptured  ov7725.o
    0x00001038   0x00000120   Code   RO          806    i.Ov7725_Init       ov7725.o
    0x00001158   0x00000058   Code   RO          807    i.Ov7725_TryInit    ov7725.o
    0x000011b0   0x00000078   Code   RO          808    i.Ov7725_VSYNC_Init  ov7725.o
    0x00001228   0x0000002c   Code   RO         3361    i.PDMA_ClearFlag    ht32f1655_56_pdma.o
    0x00001254   0x00000030   Code   RO         3362    i.PDMA_Config       ht32f1655_56_pdma.o
    0x00001284   0x00000064   Code   RO          699    i.PDMA_Configuration  mpu6050.o
    0x000012e8   0x00000028   Code   RO         3363    i.PDMA_EnaCmd       ht32f1655_56_pdma.o
    0x00001310   0x00000030   Code   RO         3364    i.PDMA_GetFlagStatus  ht32f1655_56_pdma.o
    0x00001340   0x00000030   Code   RO         3365    i.PDMA_IntConig     ht32f1655_56_pdma.o
    0x00001370   0x00000028   Code   RO         3366    i.PDMA_SwTrigCmd    ht32f1655_56_pdma.o
    0x00001398   0x00000048   Code   RO         3423    i.PWRCU_CheckReadyAccessed  ht32f1655_56_pwrcu.o
    0x000013e0   0x00000020   Code   RO         3425    i.PWRCU_DeInit      ht32f1655_56_pwrcu.o
    0x00001400   0x00000002   Code   RO          210    i.PendSV_Handler    ht32f165x_it.o
    0x00001402   0x00000002   PAD
    0x00001404   0x00000118   Code   RO          700    i.Rotate            mpu6050.o
    0x0000151c   0x00000030   Code   RO          625    i.SCCB_GPIO_Config  sccb.o
    0x0000154c   0x000000ac   Code   RO          626    i.SCCB_ReadByte     sccb.o
    0x000015f8   0x00000070   Code   RO          627    i.SCCB_ReceiveByte  sccb.o
    0x00001668   0x0000005c   Code   RO          628    i.SCCB_SendByte     sccb.o
    0x000016c4   0x00000058   Code   RO          629    i.SCCB_Start        sccb.o
    0x0000171c   0x0000003c   Code   RO          630    i.SCCB_Stop         sccb.o
    0x00001758   0x00000064   Code   RO          631    i.SCCB_WaitAck      sccb.o
    0x000017bc   0x0000003e   Code   RO          632    i.SCCB_WriteByte    sccb.o
    0x000017fa   0x0000000e   Code   RO          633    i.SCCB_delay        sccb.o
    0x00001808   0x00000018   Code   RO          428    i.SD_DisSelect      sd.o
    0x00001820   0x00000028   Code   RO          429    i.SD_GetResponse    sd.o
    0x00001848   0x00000158   Code   RO          430    i.SD_Init           sd.o
    0x000019a0   0x0000006c   Code   RO          431    i.SD_ReadDisk       sd.o
    0x00001a0c   0x00000036   Code   RO          432    i.SD_RecvData       sd.o
    0x00001a42   0x00000004   Code   RO          433    i.SD_SPI_Init       sd.o
    0x00001a46   0x0000001e   Code   RO          434    i.SD_Select         sd.o
    0x00001a64   0x0000004e   Code   RO          435    i.SD_SendBlock      sd.o
    0x00001ab2   0x00000064   Code   RO          436    i.SD_SendCmd        sd.o
    0x00001b16   0x00000002   PAD
    0x00001b18   0x00000098   Code   RO          437    i.SD_TryInit        sd.o
    0x00001bb0   0x00000022   Code   RO          439    i.SD_WaitReady      sd.o
    0x00001bd2   0x00000002   PAD
    0x00001bd4   0x00000080   Code   RO          440    i.SD_WriteDisk      sd.o
    0x00001c54   0x00000020   Code   RO         4676    i.SERIAL_PutChar    ht32_serial.o
    0x00001c74   0x00000074   Code   RO          389    i.SPI0_Init         spi.o
    0x00001ce8   0x0000004e   Code   RO          390    i.SPI0_ReadWriteByte  spi.o
    0x00001d36   0x00000002   PAD
    0x00001d38   0x00000020   Code   RO          391    i.SPI0_SetSpeed     spi.o
    0x00001d58   0x00000014   Code   RO         3872    i.SPI_Cmd           ht32f1655_56_spi.o
    0x00001d6c   0x0000000e   Code   RO         3880    i.SPI_GetFlagStatus  ht32f1655_56_spi.o
    0x00001d7a   0x0000004a   Code   RO         3881    i.SPI_Init          ht32f1655_56_spi.o
    0x00001dc4   0x00000006   Code   RO         3884    i.SPI_ReceiveData   ht32f1655_56_spi.o
    0x00001dca   0x00000014   Code   RO         3887    i.SPI_SELOutputCmd  ht32f1655_56_spi.o
    0x00001dde   0x00000004   Code   RO         3888    i.SPI_SendData      ht32f1655_56_spi.o
    0x00001de2   0x00000014   Code   RO         3891    i.SPI_SoftwareSELCmd  ht32f1655_56_spi.o
    0x00001df6   0x00000002   Code   RO          211    i.SVC_Handler       ht32f165x_it.o
    0x00001df8   0x00000018   Code   RO         1232    i.SYSTICK_ClockSourceConfig  ht32_cm3_misc.o
    0x00001e10   0x0000001c   Code   RO          525    i.SYSTICK_Config    delay.o
    0x00001e2c   0x00000020   Code   RO         1233    i.SYSTICK_CounterCmd  ht32_cm3_misc.o
    0x00001e4c   0x00000018   Code   RO         1234    i.SYSTICK_IntConfig  ht32_cm3_misc.o
    0x00001e64   0x00000008   Code   RO         1235    i.SYSTICK_SetReloadValue  ht32_cm3_misc.o
    0x00001e6c   0x00000004   Code   RO          212    i.SysTick_Handler   ht32f165x_it.o
    0x00001e70   0x0000005c   Code   RO         1101    i.SystemInit        system_ht32f165x.o
    0x00001ecc   0x00000014   Code   RO          526    i.TimingDelay       delay.o
    0x00001ee0   0x0000000a   Code   RO         4027    i.USART_GetLineStatus  ht32f1655_56_usart.o
    0x00001eea   0x00000034   Code   RO         4030    i.USART_Init        ht32f1655_56_usart.o
    0x00001f1e   0x00000014   Code   RO         4042    i.USART_RxCmd       ht32f1655_56_usart.o
    0x00001f32   0x00000014   Code   RO         4043    i.USART_RxPDMACmd   ht32f1655_56_usart.o
    0x00001f46   0x00000004   Code   RO         4044    i.USART_SendData    ht32f1655_56_usart.o
    0x00001f4a   0x00000014   Code   RO         4056    i.USART_TxCmd       ht32f1655_56_usart.o
    0x00001f5e   0x00000002   Code   RO          213    i.UsageFault_Handler  ht32f165x_it.o
    0x00001f60   0x00000040   Code   RO         4714    i._HT32F_DVB_ClockConfig  ht32_board.o
    0x00001fa0   0x00000020   Code   RO         5323    i.__0printf$8       mc_w.l(printf8.o)
    0x00001fc0   0x00000028   Code   RO         5325    i.__0sprintf$8      mc_w.l(printf8.o)
    0x00001fe8   0x00000028   Code   RO         5447    i.__ARM_fpclassify  m_ws.l(fpclassify.o)
    0x00002010   0x00000388   Code   RO         5398    i.__ieee754_rem_pio2  m_ws.l(rred.o)
    0x00002398   0x000000fc   Code   RO         5395    i.__kernel_cos      m_ws.l(cos_i.o)
    0x00002494   0x000000aa   Code   RO         5449    i.__kernel_poly     m_ws.l(poly.o)
    0x0000253e   0x00000002   PAD
    0x00002540   0x000000ec   Code   RO         5403    i.__kernel_sin      m_ws.l(sin_i.o)
    0x0000262c   0x00000010   Code   RO         5445    i.__mathlib_dbl_underflow  m_ws.l(dunder.o)
    0x0000263c   0x0000000e   Code   RO         5465    i.__scatterload_copy  mc_w.l(handlers.o)
    0x0000264a   0x00000002   Code   RO         5466    i.__scatterload_null  mc_w.l(handlers.o)
    0x0000264c   0x0000000e   Code   RO         5467    i.__scatterload_zeroinit  mc_w.l(handlers.o)
    0x0000265a   0x00000002   PAD
    0x0000265c   0x0000000c   Code   RO         5429    i.__set_errno       mc_w.l(errno.o)
    0x00002668   0x00000408   Code   RO         5330    i._printf_core      mc_w.l(printf8.o)
    0x00002a70   0x00000026   Code   RO         5331    i._printf_post_padding  mc_w.l(printf8.o)
    0x00002a96   0x00000030   Code   RO         5332    i._printf_pre_padding  mc_w.l(printf8.o)
    0x00002ac6   0x0000000a   Code   RO         5334    i._sputc            mc_w.l(printf8.o)
    0x00002ad0   0x0000005c   Code   RO          915    i.check_fs          ff.o
    0x00002b2c   0x00000018   Code   RO          916    i.clust2sect        ff.o
    0x00002b44   0x000000ac   Code   RO         5092    i.cos               m_ws.l(cos.o)
    0x00002bf0   0x0000009e   Code   RO          917    i.create_chain      ff.o
    0x00002c8e   0x00000002   PAD
    0x00002c90   0x000000f0   Code   RO          918    i.create_name       ff.o
    0x00002d80   0x00000028   Code   RO          527    i.delay_ms          delay.o
    0x00002da8   0x000000e6   Code   RO          919    i.dir_next          ff.o
    0x00002e8e   0x00000070   Code   RO          920    i.dir_register      ff.o
    0x00002efe   0x0000007c   Code   RO          921    i.dir_sdi           ff.o
    0x00002f7a   0x00000010   Code   RO          861    i.disk_initialize   diskio.o
    0x00002f8a   0x00000008   Code   RO          862    i.disk_ioctl        diskio.o
    0x00002f92   0x0000001e   Code   RO          863    i.disk_read         diskio.o
    0x00002fb0   0x00000008   Code   RO          864    i.disk_status       diskio.o
    0x00002fb8   0x0000001e   Code   RO          865    i.disk_write        diskio.o
    0x00002fd6   0x0000001c   Code   RO          922    i.f_close           ff.o
    0x00002ff2   0x00000002   PAD
    0x00002ff4   0x0000004c   Code   RO          924    i.f_mount           ff.o
    0x00003040   0x000001a2   Code   RO          925    i.f_open            ff.o
    0x000031e2   0x00000078   Code   RO          930    i.f_sync            ff.o
    0x0000325a   0x00000140   Code   RO          931    i.f_write           ff.o
    0x0000339a   0x00000002   PAD
    0x0000339c   0x00000238   Code   RO          932    i.find_volume       ff.o
    0x000035d4   0x000000aa   Code   RO          933    i.follow_path       ff.o
    0x0000367e   0x00000004   Code   RO         4615    i.fputc             ht32_retarget.o
    0x00003682   0x000000be   Code   RO          934    i.get_fat           ff.o
    0x00003740   0x00000004   Code   RO          866    i.get_fattime       diskio.o
    0x00003744   0x0000003c   Code   RO          935    i.get_ldnumber      ff.o
    0x00003780   0x00000012   Code   RO          936    i.ld_clust          ff.o
    0x00003792   0x00000002   PAD
    0x00003794   0x000000c0   Code   RO            4    i.main              main.o
    0x00003854   0x00000010   Code   RO          937    i.mem_cpy           ff.o
    0x00003864   0x0000000e   Code   RO          938    i.mem_set           ff.o
    0x00003872   0x00000032   Code   RO          939    i.move_window       ff.o
    0x000038a4   0x000000f4   Code   RO          940    i.put_fat           ff.o
    0x00003998   0x00000048   Code   RO          770    i.pwrcu_init        pwcru.o
    0x000039e0   0x0000003c   Code   RO          293    i.sdfs_app_mnt      sdfs_app.o
    0x00003a1c   0x000000d0   Code   RO          294    i.sdfs_app_savePhoto  sdfs_app.o
    0x00003aec   0x000001b4   Code   RO          296    i.sdfs_app_writeBmp  sdfs_app.o
    0x00003ca0   0x000000b0   Code   RO         5100    i.sin               m_ws.l(sin.o)
    0x00003d50   0x00000010   Code   RO          942    i.st_clust          ff.o
    0x00003d60   0x000000b0   Code   RO          943    i.sync_fs           ff.o
    0x00003e10   0x00000052   Code   RO          944    i.sync_window       ff.o
    0x00003e62   0x00000022   Code   RO          945    i.validate          ff.o
    0x00003e84   0x00000050   Data   RO         4715    .constdata          ht32_board.o
    0x00003ed4   0x00000004   PAD
    0x00003ed8   0x00000030   Data   RO         5396    .constdata          m_ws.l(cos_i.o)
    0x00003f08   0x000000c8   Data   RO         5400    .constdata          m_ws.l(rred.o)
    0x00003fd0   0x00000028   Data   RO         5404    .constdata          m_ws.l(sin_i.o)
    0x00003ff8   0x00000001   Data   RO          298    .conststring        sdfs_app.o
    0x00003ff9   0x00000003   PAD
    0x00003ffc   0x00000020   Data   RO         5463    Region$$Table       anon$$obj.o


    Execution Region ER_RW (Base: 0x20000000, Size: 0x000000f4, Max: 0xffffffff, ABSOLUTE)

    Base Addr    Size         Type   Attr      Idx    E Section Name        Object

    0x20000000   0x0000003e   Data   RW          299    .data               sdfs_app.o
    0x2000003e   0x00000001   Data   RW          442    .data               sd.o
    0x2000003f   0x00000001   PAD
    0x20000040   0x00000004   Data   RW          528    .data               delay.o
    0x20000044   0x0000009e   Data   RW          810    .data               ov7725.o
    0x200000e2   0x00000002   PAD
    0x200000e4   0x00000008   Data   RW          946    .data               ff.o
    0x200000ec   0x00000004   Data   RW         4616    .data               ht32_retarget.o
    0x200000f0   0x00000004   Data   RW         5430    .data               mc_w.l(errno.o)


    Execution Region ER_ZI (Base: 0x200000f4, Size: 0x00000874, Max: 0xffffffff, ABSOLUTE)

    Base Addr    Size         Type   Attr      Idx    E Section Name        Object

    0x200000f4   0x000005f0   Zero   RW          297    .bss                sdfs_app.o
    0x200006e4   0x0000002c   Zero   RW          392    .bss                spi.o
    0x20000710   0x00000054   Zero   RW          701    .bss                mpu6050.o
    0x20000764   0x00000004   PAD
    0x20000768   0x00000200   Zero   RW         1133    STACK               startup_ht32f165x.o


==============================================================================

Image component sizes


      Code (inc. data)   RO Data    RW Data    ZI Data      Debug   Object Name

        88          8          0          4          0       1606   delay.o
        96          0          0          0          0       4240   diskio.o
      3580         42          0          8          0      21981   ff.o
       252          4         80          0          0       8521   ht32_board.o
        88          0          0          0          0       2202   ht32_cm3_misc.o
         4          0          0          4          0       2474   ht32_retarget.o
        32          0          0          0          0        557   ht32_serial.o
       200         24          0          0          0       4756   ht32f1655_56_ckcu.o
       228         44          0          0          0       5114   ht32f1655_56_exti.o
       240         12          0          0          0       5822   ht32f1655_56_gpio.o
       268         46          0          0          0       4003   ht32f1655_56_pdma.o
       104         20          0          0          0       1214   ht32f1655_56_pwrcu.o
       158          0          0          0          0       4646   ht32f1655_56_spi.o
       126          0          0          0          0       5014   ht32f1655_56_usart.o
       214         48          0          0          0       5355   ht32f165x_it.o
       192         32          0          0          0      49991   main.o
       920         46          0          0         84       5547   mpu6050.o
       620        238          0        158          0       6595   ov7725.o
        72         10          0          0          0      22668   pwcru.o
         0          0          0          0          0      22023   rtc.o
       748         36          0          0          0       5321   sccb.o
      1096        104          0          1          0       7722   sd.o
       704        244          1         62       1520       2965   sdfs_app.o
       226         14          0          0         44       1865   spi.o
       376        348          0          0        512        748   startup_ht32f165x.o
        92         14          0          0          0        477   system_ht32f165x.o
       124          4          0          0          0        957   usart.o

    ----------------------------------------------------------------------
     10872       1338        120        240       2164     204384   Object Totals
         0          0         32          0          0          0   (incl. Generated)
        24          0          7          3          4          0   (incl. Padding)

    ----------------------------------------------------------------------

      Code (inc. data)   RO Data    RW Data    ZI Data      Debug   Library Member Name

       172          8          0          0          0        112   cos.o
       252         22         48          0          0        124   cos_i.o
        16          6          0          0          0         68   dunder.o
        40          0          0          0          0         68   fpclassify.o
       170          0          0          0          0         96   poly.o
       904         72        200          0          0        140   rred.o
       176         10          0          0          0        116   sin.o
       236         12         40          0          0        128   sin_i.o
         0          0          0          0          0          0   entry.o
         0          0          0          0          0          0   entry10a.o
         0          0          0          0          0          0   entry11a.o
         8          4          0          0          0          0   entry2.o
         4          0          0          0          0          0   entry5.o
         0          0          0          0          0          0   entry7b.o
         0          0          0          0          0          0   entry8b.o
         8          4          0          0          0          0   entry9a.o
        12          6          0          4          0         68   errno.o
        30          0          0          0          0          0   handlers.o
        36          8          0          0          0         68   init.o
         0          0          0          0          0          0   iusefp.o
        30          0          0          0          0         68   llshl.o
        36          0          0          0          0         68   llsshr.o
        32          0          0          0          0         68   llushr.o
        36          0          0          0          0        108   memseta.o
      1200         60          0          0          0        504   printf8.o
        98          0          0          0          0         92   uldiv.o
        56          0          0          0          0         88   d2f.o
       334          0          0          0          0        148   dadd.o
       222          0          0          0          0        100   ddiv.o
       190          0          0          0          0        176   depilogue.o
        62          0          0          0          0         80   dfixi.o
        34          0          0          0          0         76   dflti.o
        26          0          0          0          0         76   dfltui.o
       228          0          0          0          0         96   dmul.o
        46          0          0          0          0         80   dscalb.o
        38          0          0          0          0         68   f2d.o
       176          0          0          0          0        140   fadd.o
       108          0          0          0          0        168   fepilogue.o
       108          0          0          0          0         76   fmul.o

    ----------------------------------------------------------------------
      5132        212        288          4          0       3268   Library Totals
         8          0          0          0          0          0   (incl. Padding)

    ----------------------------------------------------------------------

      Code (inc. data)   RO Data    RW Data    ZI Data      Debug   Library Name

      1966        130        288          0          0        852   m_ws.l
      1530         82          0          4          0       1044   mc_w.l
      1628          0          0          0          0       1372   mf_w.l

    ----------------------------------------------------------------------
      5132        212        288          4          0       3268   Library Totals

    ----------------------------------------------------------------------

==============================================================================


      Code (inc. data)   RO Data    RW Data    ZI Data      Debug   

     16004       1550        408        244       2164     198760   Grand Totals
     16004       1550        408        244       2164     198760   ELF Image Totals
     16004       1550        408        244          0          0   ROM Totals

==============================================================================

    Total RO  Size (Code + RO Data)                16412 (  16.03kB)
    Total RW  Size (RW Data + ZI Data)              2408 (   2.35kB)
    Total ROM Size (Code + RO Data + RW Data)      16656 (  16.27kB)

==============================================================================

