ARM Linker, 5.03 [Build 76] [MDK-ARM Standard]

==============================================================================

Section Cross References

    main.o(i.main) refers to delay.o(i.SYSTICK_Config) for SYSTICK_Config
    main.o(i.main) refers to usart.o(i.Init_USART) for Init_USART
    main.o(i.main) refers to mpu6050.o(i.PDMA_Configuration) for PDMA_Configuration
    main.o(i.main) refers to printf8.o(i.__0printf$8) for __2printf
    main.o(i.main) refers to ht32f1655_56_pdma.o(i.PDMA_GetFlagStatus) for PDMA_GetFlagStatus
    main.o(i.main) refers to mpu6050.o(i.Axis_GetFinalData) for Axis_GetFinalData
    main.o(i.main) refers to fmul.o(.text) for __aeabi_fmul
    main.o(i.main) refers to fadd.o(.text) for __aeabi_fadd
    main.o(i.main) refers to ht32f1655_56_usart.o(i.USART_SendData) for USART_SendData
    main.o(i.main) refers to ht32f1655_56_pdma.o(i.PDMA_ClearFlag) for PDMA_ClearFlag
    main.o(i.main) refers to ht32f165x_it.o(.data) for flag
    main.o(i.main) refers to mpu6050.o(.bss) for MPU_Data
    ht32f165x_it.o(i.EVWUP_IRQHandler) refers to ht32f1655_56_exti.o(i.EXTI_GetWakeupFlagStatus) for EXTI_GetWakeupFlagStatus
    ht32f165x_it.o(i.EVWUP_IRQHandler) refers to ht32f1655_56_exti.o(i.EXTI_WakeupEventConfig) for EXTI_WakeupEventConfig
    ht32f165x_it.o(i.EVWUP_IRQHandler) refers to ht32f1655_56_exti.o(i.EXTI_ClearWakeupFlag) for EXTI_ClearWakeupFlag
    ht32f165x_it.o(i.EVWUP_IRQHandler) refers to delay.o(i.delay_ms) for delay_ms
    ht32f165x_it.o(i.EVWUP_IRQHandler) refers to printf8.o(i.__0printf$8) for __2printf
    ht32f165x_it.o(i.EXTI1_IRQHandler) refers to ht32f1655_56_exti.o(i.EXTI_ClearEdgeFlag) for EXTI_ClearEdgeFlag
    ht32f165x_it.o(i.EXTI7_IRQHandler) refers to ht32f1655_56_exti.o(i.EXTI_GetSWCmdStatus) for EXTI_GetSWCmdStatus
    ht32f165x_it.o(i.EXTI7_IRQHandler) refers to ht32f1655_56_gpio.o(i.GPIO_ClearOutBits) for GPIO_ClearOutBits
    ht32f165x_it.o(i.EXTI7_IRQHandler) refers to ht32f1655_56_gpio.o(i.GPIO_SetOutBits) for GPIO_SetOutBits
    ht32f165x_it.o(i.EXTI7_IRQHandler) refers to ht32f1655_56_exti.o(i.EXTI_ClearWakeupFlag) for EXTI_ClearWakeupFlag
    ht32f165x_it.o(i.EXTI7_IRQHandler) refers to ov7725.o(.data) for Ov7725_vsync
    ht32f165x_it.o(i.SysTick_Handler) refers to delay.o(i.TimingDelay) for TimingDelay
    sdfs_app.o(i.sdfs_app_test) refers to ff.o(i.f_mount) for f_mount
    sdfs_app.o(i.sdfs_app_test) refers to printf8.o(i.__0printf$8) for __2printf
    sdfs_app.o(i.sdfs_app_test) refers to ff.o(i.f_open) for f_open
    sdfs_app.o(i.sdfs_app_test) refers to ff.o(i.f_printf) for f_printf
    sdfs_app.o(i.sdfs_app_test) refers to ff.o(i.f_close) for f_close
    sdfs_app.o(i.sdfs_app_test) refers to sdfs_app.o(.data) for .data
    sdfs_app.o(i.sdfs_app_test) refers to sdfs_app.o(.bss) for .bss
    sdfs_app.o(.data) refers to sdfs_app.o(.conststring) for .conststring
    usart.o(i.Init_USART) refers to ht32f1655_56_ckcu.o(i.CKCU_PeripClockConfig) for CKCU_PeripClockConfig
    usart.o(i.Init_USART) refers to ht32f1655_56_gpio.o(i.AFIO_GPxConfig) for AFIO_GPxConfig
    usart.o(i.Init_USART) refers to ht32f1655_56_usart.o(i.USART_Init) for USART_Init
    usart.o(i.Init_USART) refers to ht32f1655_56_usart.o(i.USART_TxCmd) for USART_TxCmd
    usart.o(i.Init_USART) refers to ht32f1655_56_usart.o(i.USART_RxCmd) for USART_RxCmd
    spi.o(i.SPI0_Init) refers to ht32f1655_56_ckcu.o(i.CKCU_PeripClockConfig) for CKCU_PeripClockConfig
    spi.o(i.SPI0_Init) refers to ht32f1655_56_gpio.o(i.GPIO_PullResistorConfig) for GPIO_PullResistorConfig
    spi.o(i.SPI0_Init) refers to ht32f1655_56_gpio.o(i.AFIO_GPxConfig) for AFIO_GPxConfig
    spi.o(i.SPI0_Init) refers to ht32f1655_56_spi.o(i.SPI_Init) for SPI_Init
    spi.o(i.SPI0_Init) refers to ht32f1655_56_spi.o(i.SPI_SELOutputCmd) for SPI_SELOutputCmd
    spi.o(i.SPI0_Init) refers to ht32f1655_56_spi.o(i.SPI_Cmd) for SPI_Cmd
    spi.o(i.SPI0_Init) refers to spi.o(.bss) for .bss
    spi.o(i.SPI0_ReadWriteByte) refers to ht32f1655_56_spi.o(i.SPI_GetFlagStatus) for SPI_GetFlagStatus
    spi.o(i.SPI0_ReadWriteByte) refers to ht32f1655_56_spi.o(i.SPI_SendData) for SPI_SendData
    spi.o(i.SPI0_ReadWriteByte) refers to ht32f1655_56_spi.o(i.SPI_ReceiveData) for SPI_ReceiveData
    spi.o(i.SPI0_SetSpeed) refers to ht32f1655_56_spi.o(i.SPI_Init) for SPI_Init
    spi.o(i.SPI0_SetSpeed) refers to ht32f1655_56_spi.o(i.SPI_Cmd) for SPI_Cmd
    spi.o(i.SPI0_SetSpeed) refers to spi.o(.bss) for .bss
    sd.o(i.SD_DisSelect) refers to ht32f1655_56_spi.o(i.SPI_SoftwareSELCmd) for SPI_SoftwareSELCmd
    sd.o(i.SD_DisSelect) refers to spi.o(i.SPI0_ReadWriteByte) for SPI0_ReadWriteByte
    sd.o(i.SD_GetResponse) refers to spi.o(i.SPI0_ReadWriteByte) for SPI0_ReadWriteByte
    sd.o(i.SD_Init) refers to spi.o(i.SPI0_SetSpeed) for SPI0_SetSpeed
    sd.o(i.SD_Init) refers to spi.o(i.SPI0_ReadWriteByte) for SPI0_ReadWriteByte
    sd.o(i.SD_Init) refers to sd.o(i.SD_SendCmd) for SD_SendCmd
[...]
    Removing ht32f1655_56_i2s.o(i.I2S_DeInit), (14 bytes).
    Removing ht32f1655_56_i2s.o(i.I2S_FIFOReset), (16 bytes).
    Removing ht32f1655_56_i2s.o(i.I2S_FIFOTrigLevelConfig), (40 bytes).
    Removing ht32f1655_56_i2s.o(i.I2S_GetFIFOStatus), (24 bytes).
    Removing ht32f1655_56_i2s.o(i.I2S_GetFlagStatus), (20 bytes).
    Removing ht32f1655_56_i2s.o(i.I2S_Init), (112 bytes).
    Removing ht32f1655_56_i2s.o(i.I2S_IntConfig), (24 bytes).
    Removing ht32f1655_56_i2s.o(i.I2S_PDMACmd), (24 bytes).
    Removing ht32f1655_56_i2s.o(i.I2S_TxMuteCmd), (28 bytes).
    Removing ht32f1655_56_mctm.o(.rev16_text), (4 bytes).
    Removing ht32f1655_56_mctm.o(.revsh_text), (4 bytes).
    Removing ht32f1655_56_mctm.o(.rrx_text), (6 bytes).
    Removing ht32f1655_56_mctm.o(i.MCTM_CHBRKCTRConfig), (54 bytes).
    Removing ht32f1655_56_mctm.o(i.MCTM_CHBRKCTRStructInit), (28 bytes).
    Removing ht32f1655_56_mctm.o(i.MCTM_CHCCDSConfig), (20 bytes).
    Removing ht32f1655_56_mctm.o(i.MCTM_CHCCRPreloadConfig), (24 bytes).
    Removing ht32f1655_56_mctm.o(i.MCTM_CHMOECmd), (20 bytes).
    Removing ht32f1655_56_mctm.o(i.MCTM_CHPSCConfig), (20 bytes).
    Removing ht32f1655_56_mctm.o(i.MCTM_CKDIVConfig), (16 bytes).
    Removing ht32f1655_56_mctm.o(i.MCTM_COMPRECmd), (20 bytes).
    Removing ht32f1655_56_mctm.o(i.MCTM_COMUSConfig), (20 bytes).
    Removing ht32f1655_56_mctm.o(i.MCTM_CRRPreloadCmd), (20 bytes).
    Removing ht32f1655_56_mctm.o(i.MCTM_CaptureInit), (36 bytes).
    Removing ht32f1655_56_mctm.o(i.MCTM_CaptureStructInit), (18 bytes).
    Removing ht32f1655_56_mctm.o(i.MCTM_ChExternalClockConfig), (48 bytes).
    Removing ht32f1655_56_mctm.o(i.MCTM_ChNPolarityConfig), (22 bytes).
    Removing ht32f1655_56_mctm.o(i.MCTM_ChPolarityConfig), (20 bytes).
    Removing ht32f1655_56_mctm.o(i.MCTM_ChannelConfig), (24 bytes).
    Removing ht32f1655_56_mctm.o(i.MCTM_ChannelNConfig), (26 bytes).
    Removing ht32f1655_56_mctm.o(i.MCTM_ClearFlag), (10 bytes).
    Removing ht32f1655_56_mctm.o(i.MCTM_ClearIntPendingBit), (10 bytes).
    Removing ht32f1655_56_mctm.o(i.MCTM_ClearOREFConfig), (24 bytes).
    Removing ht32f1655_56_mctm.o(i.MCTM_Cmd), (20 bytes).
    Removing ht32f1655_56_mctm.o(i.MCTM_CounterModeConfig), (24 bytes).
    Removing ht32f1655_56_mctm.o(i.MCTM_DeInit), (28 bytes).
    Removing ht32f1655_56_mctm.o(i.MCTM_DecoderConfig), (56 bytes).
    Removing ht32f1655_56_mctm.o(i.MCTM_EtiConfig), (24 bytes).
    Removing ht32f1655_56_mctm.o(i.MCTM_EtiExternalClockConfig), (18 bytes).
    Removing ht32f1655_56_mctm.o(i.MCTM_ForcedOREF0), (14 bytes).
    Removing ht32f1655_56_mctm.o(i.MCTM_ForcedOREF1), (14 bytes).
    Removing ht32f1655_56_mctm.o(i.MCTM_ForcedOREF2), (14 bytes).
    Removing ht32f1655_56_mctm.o(i.MCTM_ForcedOREF3), (14 bytes).
    Removing ht32f1655_56_mctm.o(i.MCTM_GenerateEvent), (4 bytes).
    Removing ht32f1655_56_mctm.o(i.MCTM_GetCaptureCompare0), (6 bytes).
    Removing ht32f1655_56_mctm.o(i.MCTM_GetCaptureCompare1), (6 bytes).
    Removing ht32f1655_56_mctm.o(i.MCTM_GetCaptureCompare2), (6 bytes).
    Removing ht32f1655_56_mctm.o(i.MCTM_GetCaptureCompare3), (6 bytes).
    Removing ht32f1655_56_mctm.o(i.MCTM_GetCounter), (6 bytes).
    Removing ht32f1655_56_mctm.o(i.MCTM_GetFlagStatus), (10 bytes).
    Removing ht32f1655_56_mctm.o(i.MCTM_GetIntStatus), (22 bytes).
    Removing ht32f1655_56_mctm.o(i.MCTM_GetPrescaler), (6 bytes).
    Removing ht32f1655_56_mctm.o(i.MCTM_HallInterfaceCmd), (20 bytes).
    Removing ht32f1655_56_mctm.o(i.MCTM_ImmActiveConfig), (24 bytes).
    Removing ht32f1655_56_mctm.o(i.MCTM_IntConfig), (16 bytes).
    Removing ht32f1655_56_mctm.o(i.MCTM_InternalClockConfig), (10 bytes).
    Removing ht32f1655_56_mctm.o(i.MCTM_ItiExternalClockConfig), (18 bytes).
    Removing ht32f1655_56_mctm.o(i.MCTM_MMSELConfig), (12 bytes).
    Removing ht32f1655_56_mctm.o(i.MCTM_OutputInit), (126 bytes).
    Removing ht32f1655_56_mctm.o(i.MCTM_OutputModeConfig), (32 bytes).
    Removing ht32f1655_56_mctm.o(i.MCTM_OutputStructInit), (24 bytes).
    Removing ht32f1655_56_mctm.o(i.MCTM_PDMAConfig), (16 bytes).
    Removing ht32f1655_56_mctm.o(i.MCTM_PrescalerConfig), (8 bytes).
    Removing ht32f1655_56_mctm.o(i.MCTM_PwmInputInit), (90 bytes).
    Removing ht32f1655_56_mctm.o(i.MCTM_SetAsymmetricCompare0), (6 bytes).
    Removing ht32f1655_56_mctm.o(i.MCTM_SetAsymmetricCompare1), (6 bytes).
    Removing ht32f1655_56_mctm.o(i.MCTM_SetAsymmetricCompare2), (6 bytes).
    Removing ht32f1655_56_mctm.o(i.MCTM_SetAsymmetricCompare3), (6 bytes).
    Removing ht32f1655_56_mctm.o(i.MCTM_SetCaptureCompare0), (6 bytes).
    Removing ht32f1655_56_mctm.o(i.MCTM_SetCaptureCompare1), (6 bytes).
    Removing ht32f1655_56_mctm.o(i.MCTM_SetCaptureCompare2), (6 bytes).
    Removing ht32f1655_56_mctm.o(i.MCTM_SetCaptureCompare3), (6 bytes).
    Removing ht32f1655_56_mctm.o(i.MCTM_SetCounter), (6 bytes).
    Removing ht32f1655_56_mctm.o(i.MCTM_SetCounterReload), (6 bytes).
    Removing ht32f1655_56_mctm.o(i.MCTM_SinglePulseModeCmd), (20 bytes).
    Removing ht32f1655_56_mctm.o(i.MCTM_SlaveModeConfig), (12 bytes).
    Removing ht32f1655_56_mctm.o(i.MCTM_StiConfig), (24 bytes).
    Removing ht32f1655_56_mctm.o(i.MCTM_TimSyncCmd), (20 bytes).
    Removing ht32f1655_56_mctm.o(i.MCTM_TimeBaseInit), (48 bytes).
    Removing ht32f1655_56_mctm.o(i.MCTM_TimeBaseStructInit), (22 bytes).
    Removing ht32f1655_56_mctm.o(i.MCTM_UEV1G_IntConfig), (20 bytes).
    Removing ht32f1655_56_mctm.o(i.MCTM_UpdateCmd), (20 bytes).
    Removing ht32f1655_56_mctm.o(i.mctm_CHx_Config), (64 bytes).
    Removing ht32f1655_56_pdma.o(.rev16_text), (4 bytes).
    Removing ht32f1655_56_pdma.o(.revsh_text), (4 bytes).
    Removing ht32f1655_56_pdma.o(.rrx_text), (6 bytes).
    Removing ht32f1655_56_pdma.o(i.PDMA_TranSizeConfig), (24 bytes).
    Removing ht32f1655_56_pwrcu.o(.rev16_text), (4 bytes).
    Removing ht32f1655_56_pwrcu.o(.revsh_text), (4 bytes).
    Removing ht32f1655_56_pwrcu.o(.rrx_text), (6 bytes).
    Removing ht32f1655_56_pwrcu.o(i.PWRCU_BODCmd), (12 bytes).
    Removing ht32f1655_56_pwrcu.o(i.PWRCU_BODRISConfig), (12 bytes).
    Removing ht32f1655_56_pwrcu.o(i.PWRCU_CheckReadyAccessed), (72 bytes).
    Removing ht32f1655_56_pwrcu.o(i.PWRCU_DMOSCmd), (24 bytes).
    Removing ht32f1655_56_pwrcu.o(i.PWRCU_DeInit), (32 bytes).
    Removing ht32f1655_56_pwrcu.o(i.PWRCU_DeepSleep1), (64 bytes).
    Removing ht32f1655_56_pwrcu.o(i.PWRCU_DeepSleep2), (80 bytes).
    Removing ht32f1655_56_pwrcu.o(i.PWRCU_GetBODFlagStatus), (12 bytes).
    Removing ht32f1655_56_pwrcu.o(i.PWRCU_GetDMOSStatus), (32 bytes).
    Removing ht32f1655_56_pwrcu.o(i.PWRCU_GetFlagStatus), (28 bytes).
    Removing ht32f1655_56_pwrcu.o(i.PWRCU_GetLVDFlagStatus), (12 bytes).
    Removing ht32f1655_56_pwrcu.o(i.PWRCU_HSIReadyCounterBitLengthConfig), (12 bytes).
    Removing ht32f1655_56_pwrcu.o(i.PWRCU_LVDCmd), (12 bytes).
    Removing ht32f1655_56_pwrcu.o(i.PWRCU_LVDEventWakeupConfig), (12 bytes).
    Removing ht32f1655_56_pwrcu.o(i.PWRCU_LVDIntWakeupConfig), (12 bytes).
    Removing ht32f1655_56_pwrcu.o(i.PWRCU_PowerDown), (76 bytes).
    Removing ht32f1655_56_pwrcu.o(i.PWRCU_ReadBackupRegister), (16 bytes).
    Removing ht32f1655_56_pwrcu.o(i.PWRCU_SetLVDS), (20 bytes).
    Removing ht32f1655_56_pwrcu.o(i.PWRCU_Sleep), (24 bytes).
    Removing ht32f1655_56_pwrcu.o(i.PWRCU_V18RDYSourceConfig), (12 bytes).
    Removing ht32f1655_56_pwrcu.o(i.PWRCU_WakeupPinCmd), (28 bytes).
    Removing ht32f1655_56_pwrcu.o(i.PWRCU_WakeupPinIntConfig), (12 bytes).
    Removing ht32f1655_56_pwrcu.o(i.PWRCU_WriteBackupRegister), (16 bytes).
    Removing ht32f1655_56_rstcu.o(.rev16_text), (4 bytes).
    Removing ht32f1655_56_rstcu.o(.revsh_text), (4 bytes).
    Removing ht32f1655_56_rstcu.o(.rrx_text), (6 bytes).
    Removing ht32f1655_56_rstcu.o(i.RSTCU_ClearAllResetFlag), (12 bytes).
    Removing ht32f1655_56_rstcu.o(i.RSTCU_ClearResetFlag), (16 bytes).
    Removing ht32f1655_56_rstcu.o(i.RSTCU_GetResetFlagStatus), (24 bytes).
    Removing ht32f1655_56_rstcu.o(i.RSTCU_PeripReset), (44 bytes).
    Removing ht32f1655_56_rtc.o(.rev16_text), (4 bytes).
    Removing ht32f1655_56_rtc.o(.revsh_text), (4 bytes).
    Removing ht32f1655_56_rtc.o(.rrx_text), (6 bytes).
    Removing ht32f1655_56_rtc.o(i.RTC_CMPCLRCmd), (12 bytes).
    Removing ht32f1655_56_rtc.o(i.RTC_ClockSourceConfig), (12 bytes).
    Removing ht32f1655_56_rtc.o(i.RTC_Cmd), (12 bytes).
    Removing ht32f1655_56_rtc.o(i.RTC_DeInit), (40 bytes).
    Removing ht32f1655_56_rtc.o(i.RTC_GetCompare), (12 bytes).
    Removing ht32f1655_56_rtc.o(i.RTC_GetCounter), (12 bytes).
    Removing ht32f1655_56_rtc.o(i.RTC_GetFlagStatus), (12 bytes).
    Removing ht32f1655_56_rtc.o(i.RTC_GetOutStatus), (12 bytes).
    Removing ht32f1655_56_rtc.o(i.RTC_GetPrescaler), (20 bytes).
    Removing ht32f1655_56_rtc.o(i.RTC_IntConfig), (24 bytes).
    Removing ht32f1655_56_rtc.o(i.RTC_LSECmd), (44 bytes).
    Removing ht32f1655_56_rtc.o(i.RTC_LSESMConfig), (12 bytes).
    Removing ht32f1655_56_rtc.o(i.RTC_LSICmd), (44 bytes).
    Removing ht32f1655_56_rtc.o(i.RTC_LSILoadTrimData), (40 bytes).
    Removing ht32f1655_56_rtc.o(i.RTC_OutCmd), (12 bytes).
    Removing ht32f1655_56_rtc.o(i.RTC_OutConfig), (20 bytes).
    Removing ht32f1655_56_rtc.o(i.RTC_SetCompare), (12 bytes).
    Removing ht32f1655_56_rtc.o(i.RTC_SetPrescaler), (20 bytes).
    Removing ht32f1655_56_rtc.o(i.RTC_WakeupConfig), (24 bytes).
    Removing ht32f1655_56_sci.o(.rev16_text), (4 bytes).
    Removing ht32f1655_56_sci.o(.revsh_text), (4 bytes).
    Removing ht32f1655_56_sci.o(.rrx_text), (6 bytes).
    Removing ht32f1655_56_sci.o(i.SCI_ClearFlag), (30 bytes).
    Removing ht32f1655_56_sci.o(i.SCI_ClockModeConfig), (20 bytes).
    Removing ht32f1655_56_sci.o(i.SCI_Cmd), (20 bytes).
    Removing ht32f1655_56_sci.o(i.SCI_DeInit), (14 bytes).
    Removing ht32f1655_56_sci.o(i.SCI_ETUConfig), (6 bytes).
    Removing ht32f1655_56_sci.o(i.SCI_GetFlagStatus), (14 bytes).
    Removing ht32f1655_56_sci.o(i.SCI_Init), (32 bytes).
    Removing ht32f1655_56_sci.o(i.SCI_IntConfig), (16 bytes).
    Removing ht32f1655_56_sci.o(i.SCI_OutputDIO), (20 bytes).
    Removing ht32f1655_56_sci.o(i.SCI_PDMACmd), (16 bytes).
    Removing ht32f1655_56_sci.o(i.SCI_ReceiveData), (6 bytes).
    Removing ht32f1655_56_sci.o(i.SCI_SendData), (4 bytes).
    Removing ht32f1655_56_sci.o(i.SCI_SetGuardTimeValue), (4 bytes).
    Removing ht32f1655_56_sci.o(i.SCI_SetWaitingTimeValue), (4 bytes).
    Removing ht32f1655_56_sci.o(i.SCI_SoftwareClockCmd), (20 bytes).
    Removing ht32f1655_56_sci.o(i.SCI_StructInit), (14 bytes).
    Removing ht32f1655_56_sci.o(i.SCI_WaitingTimeCounterCmd), (20 bytes).
    Removing ht32f1655_56_spi.o(.rev16_text), (4 bytes).
    Removing ht32f1655_56_spi.o(.revsh_text), (4 bytes).
    Removing ht32f1655_56_spi.o(.rrx_text), (6 bytes).
    Removing ht32f1655_56_spi.o(i.SPI_ClearFlag), (4 bytes).
    Removing ht32f1655_56_spi.o(i.SPI_Cmd), (20 bytes).
    Removing ht32f1655_56_spi.o(i.SPI_DUALCmd), (20 bytes).
    Removing ht32f1655_56_spi.o(i.SPI_DeInit), (24 bytes).
    Removing ht32f1655_56_spi.o(i.SPI_FIFOCmd), (20 bytes).
    Removing ht32f1655_56_spi.o(i.SPI_FIFOTriggerLevelConfig), (30 bytes).
    Removing ht32f1655_56_spi.o(i.SPI_GUADTCmd), (20 bytes).
    Removing ht32f1655_56_spi.o(i.SPI_GUADTSPI_GUADTConfig), (16 bytes).
    Removing ht32f1655_56_spi.o(i.SPI_GetFIFOStatus), (20 bytes).
    Removing ht32f1655_56_spi.o(i.SPI_GetFlagStatus), (14 bytes).
    Removing ht32f1655_56_spi.o(i.SPI_Init), (74 bytes).
    Removing ht32f1655_56_spi.o(i.SPI_IntConfig), (16 bytes).
    Removing ht32f1655_56_spi.o(i.SPI_PDMACmd), (16 bytes).
    Removing ht32f1655_56_spi.o(i.SPI_ReceiveData), (6 bytes).
    Removing ht32f1655_56_spi.o(i.SPI_SELHTConfig), (10 bytes).
    Removing ht32f1655_56_spi.o(i.SPI_SELModeConfig), (20 bytes).
    Removing ht32f1655_56_spi.o(i.SPI_SELOutputCmd), (20 bytes).
    Removing ht32f1655_56_spi.o(i.SPI_SendData), (4 bytes).
    Removing ht32f1655_56_spi.o(i.SPI_SetDataLength), (16 bytes).
    Removing ht32f1655_56_spi.o(i.SPI_SetTimeOutValue), (4 bytes).
    Removing ht32f1655_56_spi.o(i.SPI_SoftwareSELCmd), (20 bytes).
    Removing ht32f1655_56_spi.o(i.SPI_StructInit), (28 bytes).
    Removing ht32f1655_56_usart.o(.rev16_text), (4 bytes).
    Removing ht32f1655_56_usart.o(.revsh_text), (4 bytes).
    Removing ht32f1655_56_usart.o(.rrx_text), (6 bytes).
    Removing ht32f1655_56_usart.o(i.USART_DeInit), (60 bytes).
    Removing ht32f1655_56_usart.o(i.USART_FIFOReset), (8 bytes).
    Removing ht32f1655_56_usart.o(i.USART_ForceBreakCmd), (20 bytes).
    Removing ht32f1655_56_usart.o(i.USART_ForceModemPinState), (20 bytes).
    Removing ht32f1655_56_usart.o(i.USART_GetFIFOStatus), (18 bytes).
    Removing ht32f1655_56_usart.o(i.USART_GetIntID), (6 bytes).
    Removing ht32f1655_56_usart.o(i.USART_GetModemStatus), (6 bytes).
    Removing ht32f1655_56_usart.o(i.USART_HardwareFlowControlCmd), (20 bytes).
    Removing ht32f1655_56_usart.o(i.USART_IntConfig), (16 bytes).
    Removing ht32f1655_56_usart.o(i.USART_IrDACmd), (20 bytes).
    Removing ht32f1655_56_usart.o(i.USART_IrDAConfig), (20 bytes).
    Removing ht32f1655_56_usart.o(i.USART_IrDADirectionConfig), (20 bytes).
    Removing ht32f1655_56_usart.o(i.USART_IrDAInvtInputCmd), (20 bytes).
    Removing ht32f1655_56_usart.o(i.USART_IrDAInvtOutputCmd), (20 bytes).
    Removing ht32f1655_56_usart.o(i.USART_RFITLConfig), (12 bytes).
    Removing ht32f1655_56_usart.o(i.USART_RS485AADCmd), (20 bytes).
    Removing ht32f1655_56_usart.o(i.USART_RS485NMMCmd), (20 bytes).
    Removing ht32f1655_56_usart.o(i.USART_RS485TxEnablePolarityConfig), (20 bytes).
    Removing ht32f1655_56_usart.o(i.USART_ReceiveData), (6 bytes).
    Removing ht32f1655_56_usart.o(i.USART_SetAddressMatchValue), (14 bytes).
    Removing ht32f1655_56_usart.o(i.USART_SetGuardTime), (14 bytes).
    Removing ht32f1655_56_usart.o(i.USART_SetIrDAPrescaler), (14 bytes).
    Removing ht32f1655_56_usart.o(i.USART_SetTimeOutValue), (12 bytes).
    Removing ht32f1655_56_usart.o(i.USART_StickParityCmd), (20 bytes).
    Removing ht32f1655_56_usart.o(i.USART_StickParityConfig), (20 bytes).
    Removing ht32f1655_56_usart.o(i.USART_StructInit), (20 bytes).
    Removing ht32f1655_56_usart.o(i.USART_SynClockInit), (26 bytes).
    Removing ht32f1655_56_usart.o(i.USART_SynClockStructInit), (12 bytes).
    Removing ht32f1655_56_usart.o(i.USART_TFITLConfig), (12 bytes).
    Removing ht32f1655_56_usart.o(i.USART_TimeOutIntConfig), (20 bytes).
    Removing ht32f1655_56_usart.o(i.USART_TxPDMACmd), (20 bytes).
    Removing ht32f1655_56_usbd.o(.rev16_text), (4 bytes).
    Removing ht32f1655_56_usbd.o(.revsh_text), (4 bytes).
    Removing ht32f1655_56_usbd.o(.rrx_text), (6 bytes).
    Removing ht32f1655_56_usbd.o(i.USBD_ClearINT), (12 bytes).
    Removing ht32f1655_56_usbd.o(i.USBD_DPWakeUpCmd), (28 bytes).
    Removing ht32f1655_56_usbd.o(i.USBD_DPpullupCmd), (28 bytes).
    Removing ht32f1655_56_usbd.o(i.USBD_DeInit), (12 bytes).
    Removing ht32f1655_56_usbd.o(i.USBD_DisableINT), (16 bytes).
    Removing ht32f1655_56_usbd.o(i.USBD_EPTClearDTG), (16 bytes).
    Removing ht32f1655_56_usbd.o(i.USBD_EPTClearHalt), (16 bytes).
    Removing ht32f1655_56_usbd.o(i.USBD_EPTClearINT), (12 bytes).
    Removing ht32f1655_56_usbd.o(i.USBD_EPTEnableINT), (12 bytes).
    Removing ht32f1655_56_usbd.o(i.USBD_EPTGetBuffer0Addr), (24 bytes).
    Removing ht32f1655_56_usbd.o(i.USBD_EPTGetBuffer1Addr), (36 bytes).
    Removing ht32f1655_56_usbd.o(i.USBD_EPTGetBufferLen), (14 bytes).
    Removing ht32f1655_56_usbd.o(i.USBD_EPTGetHalt), (26 bytes).
    Removing ht32f1655_56_usbd.o(i.USBD_EPTGetINT), (14 bytes).
    Removing ht32f1655_56_usbd.o(i.USBD_EPTGetTransferCount), (18 bytes).
    Removing ht32f1655_56_usbd.o(i.USBD_EPTInit), (38 bytes).
    Removing ht32f1655_56_usbd.o(i.USBD_EPTReadMemory), (58 bytes).
    Removing ht32f1655_56_usbd.o(i.USBD_EPTReadOUTData), (48 bytes).
    Removing ht32f1655_56_usbd.o(i.USBD_EPTReset), (16 bytes).
    Removing ht32f1655_56_usbd.o(i.USBD_EPTSendSTALL), (12 bytes).
    Removing ht32f1655_56_usbd.o(i.USBD_EPTSetHalt), (20 bytes).
    Removing ht32f1655_56_usbd.o(i.USBD_EPTWaitSTALLSent), (36 bytes).
    Removing ht32f1655_56_usbd.o(i.USBD_EPTWriteINData), (72 bytes).
    Removing ht32f1655_56_usbd.o(i.USBD_EnableINT), (16 bytes).
    Removing ht32f1655_56_usbd.o(i.USBD_GetEPTnINTNumber), (32 bytes).
    Removing ht32f1655_56_usbd.o(i.USBD_GetINT), (16 bytes).
    Removing ht32f1655_56_usbd.o(i.USBD_Init), (4 bytes).
    Removing ht32f1655_56_usbd.o(i.USBD_PowerOff), (16 bytes).
    Removing ht32f1655_56_usbd.o(i.USBD_PowerOn), (16 bytes).
    Removing ht32f1655_56_usbd.o(i.USBD_PowerUp), (104 bytes).
    Removing ht32f1655_56_usbd.o(i.USBD_PreInit), (24 bytes).
    Removing ht32f1655_56_usbd.o(i.USBD_ReadSETUPData), (16 bytes).
    Removing ht32f1655_56_usbd.o(i.USBD_RemoteWakeup), (16 bytes).
    Removing ht32f1655_56_usbd.o(i.USBD_SRAMResetConditionCmd), (28 bytes).
    Removing ht32f1655_56_usbd.o(i.USBD_SetAddress), (20 bytes).
    Removing ht32f1655_56_usbd.o(i._USBD_CopyMemory), (16 bytes).
    Removing ht32f1655_56_usbd.o(i._USBD_GetEPTnAddr), (16 bytes).
    Removing ht32f1655_56_usbd.o(.data), (4 bytes).
    Removing ht32f1655_56_wdt.o(.rev16_text), (4 bytes).
    Removing ht32f1655_56_wdt.o(.revsh_text), (4 bytes).
    Removing ht32f1655_56_wdt.o(.rrx_text), (6 bytes).
    Removing ht32f1655_56_wdt.o(i.WDT_Cmd), (28 bytes).
    Removing ht32f1655_56_wdt.o(i.WDT_DeInit), (12 bytes).
    Removing ht32f1655_56_wdt.o(i.WDT_GetDeltaValue), (16 bytes).
    Removing ht32f1655_56_wdt.o(i.WDT_GetFlagStatus), (20 bytes).
    Removing ht32f1655_56_wdt.o(i.WDT_GetPrescaler), (24 bytes).
    Removing ht32f1655_56_wdt.o(i.WDT_GetReloadValue), (16 bytes).
    Removing ht32f1655_56_wdt.o(i.WDT_HaltConfig), (24 bytes).
    Removing ht32f1655_56_wdt.o(i.WDT_IntConfig), (28 bytes).
    Removing ht32f1655_56_wdt.o(i.WDT_LockCmd), (32 bytes).
    Removing ht32f1655_56_wdt.o(i.WDT_ProtectCmd), (24 bytes).
    Removing ht32f1655_56_wdt.o(i.WDT_ResetCmd), (28 bytes).
    Removing ht32f1655_56_wdt.o(i.WDT_Restart), (16 bytes).
    Removing ht32f1655_56_wdt.o(i.WDT_SetDeltaValue), (20 bytes).
    Removing ht32f1655_56_wdt.o(i.WDT_SetPrescaler), (20 bytes).
    Removing ht32f1655_56_wdt.o(i.WDT_SetReloadValue), (20 bytes).
    Removing ht32f1655_56_wdt.o(i.WDT_SourceConfig), (16 bytes).
    Removing ht32_retarget.o(.rev16_text), (4 bytes).
    Removing ht32_retarget.o(.revsh_text), (4 bytes).
    Removing ht32_retarget.o(.rrx_text), (6 bytes).
    Removing ht32_retarget.o(i.RETARGET_Configuration), (36 bytes).
    Removing ht32_retarget.o(i.__backspace), (4 bytes).
    Removing ht32_retarget.o(i._sys_exit), (2 bytes).
    Removing ht32_retarget.o(i._ttywrch), (4 bytes).
    Removing ht32_retarget.o(i.fgetc), (4 bytes).
    Removing ht32_retarget.o(.data), (4 bytes).
    Removing ht32_serial.o(.rev16_text), (4 bytes).
    Removing ht32_serial.o(.revsh_text), (4 bytes).
    Removing ht32_serial.o(.rrx_text), (6 bytes).
    Removing ht32_serial.o(i.SERIAL_GetChar), (28 bytes).
    Removing ht32_board.o(.rev16_text), (4 bytes).
    Removing ht32_board.o(.revsh_text), (4 bytes).
    Removing ht32_board.o(.rrx_text), (6 bytes).
    Removing ht32_board.o(i.HT32F_DVB_BuzzerFun), (288 bytes).
    Removing ht32_board.o(i.HT32F_DVB_BuzzerOutputCmd), (16 bytes).
    Removing ht32_board.o(i.HT32F_DVB_COMInit), (92 bytes).
    Removing ht32_board.o(i.HT32F_DVB_LEDInit), (88 bytes).
    Removing ht32_board.o(i.HT32F_DVB_LEDOff), (28 bytes).
    Removing ht32_board.o(i.HT32F_DVB_LEDOn), (28 bytes).
    Removing ht32_board.o(i.HT32F_DVB_LEDToggle), (32 bytes).
    Removing ht32_board.o(i.HT32F_DVB_PBGetState), (28 bytes).
    Removing ht32_board.o(i.HT32F_DVB_PBInit), (188 bytes).
    Removing ht32_board.o(i._HT32F_DVB_ClockConfig), (64 bytes).
    Removing ht32_board.o(.constdata), (80 bytes).
    Removing ebi_lcd.o(.rev16_text), (4 bytes).
    Removing ebi_lcd.o(.revsh_text), (4 bytes).
    Removing ebi_lcd.o(.rrx_text), (6 bytes).
    Removing ebi_lcd.o(i.LCD_BackColorSet), (12 bytes).
    Removing ebi_lcd.o(i.LCD_CharDisplay), (20 bytes).
    Removing ebi_lcd.o(i.LCD_CharDraw), (96 bytes).
    Removing ebi_lcd.o(i.LCD_CircleDraw), (204 bytes).
    Removing ebi_lcd.o(i.LCD_Clear), (32 bytes).
    Removing ebi_lcd.o(i.LCD_Config), (640 bytes).
    Removing ebi_lcd.o(i.LCD_DisplayOff), (8 bytes).
    Removing ebi_lcd.o(i.LCD_DisplayOn), (8 bytes).
    Removing ebi_lcd.o(i.LCD_Init), (348 bytes).
    Removing ebi_lcd.o(i.LCD_LineDraw), (76 bytes).
    Removing ebi_lcd.o(i.LCD_PicDraw), (84 bytes).
    Removing ebi_lcd.o(i.LCD_RectDraw), (60 bytes).
    Removing ebi_lcd.o(i.LCD_SetDisplayArea), (84 bytes).
    Removing ebi_lcd.o(i.LCD_StarterSet), (46 bytes).
    Removing ebi_lcd.o(i.LCD_StringLineDisplay), (40 bytes).
    Removing ebi_lcd.o(i.LCD_TextColorSet), (12 bytes).
    Removing ebi_lcd.o(i.LCD_WriteRAM), (8 bytes).
    Removing ebi_lcd.o(i.LCD_WriteRAMPrior), (10 bytes).
    Removing ebi_lcd.o(i.LCD_WriteRAMWord), (12 bytes).
    Removing ebi_lcd.o(i.LCD_WriteReg), (10 bytes).
    Removing ebi_lcd.o(i._delay), (28 bytes).
    Removing ebi_lcd.o(.data), (4564 bytes).
    Removing spi_flash.o(.rev16_text), (4 bytes).
    Removing spi_flash.o(.revsh_text), (4 bytes).
    Removing spi_flash.o(.rrx_text), (6 bytes).
    Removing spi_flash.o(i.SPI_FLASH_BlockErase), (68 bytes).
    Removing spi_flash.o(i.SPI_FLASH_BufferDualRead), (108 bytes).
    Removing spi_flash.o(i.SPI_FLASH_BufferRead), (80 bytes).
    Removing spi_flash.o(i.SPI_FLASH_BufferWrite), (190 bytes).
    Removing spi_flash.o(i.SPI_FLASH_ChipErase), (44 bytes).
    Removing spi_flash.o(i.SPI_FLASH_Init), (144 bytes).
    Removing spi_flash.o(i.SPI_FLASH_PageWrite), (88 bytes).
    Removing spi_flash.o(i.SPI_FLASH_ReadJEDECID), (68 bytes).
    Removing spi_flash.o(i.SPI_FLASH_SectorErase), (68 bytes).
    Removing spi_flash.o(i.SPI_FLASH_SendByte), (50 bytes).
    Removing spi_flash.o(i.SPI_FLASH_WaitForWriteEnd), (44 bytes).
    Removing spi_flash.o(i.SPI_FLASH_WriteDisable), (36 bytes).
    Removing spi_flash.o(i.SPI_FLASH_WriteEnable), (36 bytes).
    Removing spi_flash.o(i.SPI_FLASH_WriteStatus), (48 bytes).
    Removing i2c_eeprom.o(.rev16_text), (4 bytes).
    Removing i2c_eeprom.o(.revsh_text), (4 bytes).
    Removing i2c_eeprom.o(.rrx_text), (6 bytes).
    Removing i2c_eeprom.o(i.I2C_EEPROM_BufferRead), (184 bytes).
    Removing i2c_eeprom.o(i.I2C_EEPROM_BufferWrite), (56 bytes).
    Removing i2c_eeprom.o(i.I2C_EEPROM_Init), (80 bytes).
    Removing i2c_eeprom.o(i.I2C_EEPROM_PageWrite), (124 bytes).
    Removing i2c_eeprom.o(i._I2C_EEPROM_AckPolling), (60 bytes).
    Removing cfrcmple.o(.text), (20 bytes).
    Removing dfixul.o(.text), (48 bytes).
    Removing cdrcmple.o(.text), (40 bytes).

780 unused section(s) (total 32920 bytes) removed from the image.

==============================================================================

Image Symbol Table

    Local Symbols

    Symbol Name                              Value     Ov Type        Size  Object(Section)

    RESET                                    0x00000000   Section      376  startup_ht32f165x.o(RESET)
    ../clib/microlib/division.c              0x00000000   Number         0  uldiv.o ABSOLUTE
    ../clib/microlib/division.c              0x00000000   Number         0  uidiv.o ABSOLUTE
    ../clib/microlib/errno.c                 0x00000000   Number         0  errno.o ABSOLUTE
    ../clib/microlib/init/entry.s            0x00000000   Number         0  entry11b.o ABSOLUTE
    ../clib/microlib/init/entry.s            0x00000000   Number         0  entry.o ABSOLUTE
    ../clib/microlib/init/entry.s            0x00000000   Number         0  entry11a.o ABSOLUTE
    ../clib/microlib/init/entry.s            0x00000000   Number         0  entry9a.o ABSOLUTE
    ../clib/microlib/init/entry.s            0x00000000   Number         0  entry10a.o ABSOLUTE
    ../clib/microlib/init/entry.s            0x00000000   Number         0  entry10b.o ABSOLUTE
    ../clib/microlib/init/entry.s            0x00000000   Number         0  entry8b.o ABSOLUTE
    ../clib/microlib/init/entry.s            0x00000000   Number         0  entry2.o ABSOLUTE
    ../clib/microlib/init/entry.s            0x00000000   Number         0  entry8a.o ABSOLUTE
    ../clib/microlib/init/entry.s            0x00000000   Number         0  entry7b.o ABSOLUTE
    ../clib/microlib/init/entry.s            0x00000000   Number         0  entry7a.o ABSOLUTE
    ../clib/microlib/init/entry.s            0x00000000   Number         0  entry5.o ABSOLUTE
    ../clib/microlib/init/entry.s            0x00000000   Number         0  entry9b.o ABSOLUTE
    ../clib/microlib/longlong.c              0x00000000   Number         0  llsshr.o ABSOLUTE
    ../clib/microlib/longlong.c              0x00000000   Number         0  llushr.o ABSOLUTE
    ../clib/microlib/longlong.c              0x00000000   Number         0  llshl.o ABSOLUTE
    ../clib/microlib/printf/printf.c         0x00000000   Number         0  printf5.o ABSOLUTE
    ../clib/microlib/printf/printf.c         0x00000000   Number         0  printf2.o ABSOLUTE
    ../clib/microlib/printf/printf.c         0x00000000   Number         0  printf0.o ABSOLUTE
    ../clib/microlib/printf/printf.c         0x00000000   Number         0  printfb.o ABSOLUTE
    ../clib/microlib/printf/printf.c         0x00000000   Number         0  printfa.o ABSOLUTE
    ../clib/microlib/printf/printf.c         0x00000000   Number         0  printf4.o ABSOLUTE
    ../clib/microlib/printf/printf.c         0x00000000   Number         0  printf3.o ABSOLUTE
    ../clib/microlib/printf/printf.c         0x00000000   Number         0  printf7.o ABSOLUTE
    ../clib/microlib/printf/printf.c         0x00000000   Number         0  printf1.o ABSOLUTE
    ../clib/microlib/printf/printf.c         0x00000000   Number         0  printf8.o ABSOLUTE
    ../clib/microlib/printf/printf.c         0x00000000   Number         0  printf6.o ABSOLUTE
    ../clib/microlib/printf/stubs.s          0x00000000   Number         0  stubs.o ABSOLUTE
    ../clib/microlib/stdio/getc.c            0x00000000   Number         0  getc.o ABSOLUTE
    ../clib/microlib/string/memset.c         0x00000000   Number         0  memseta.o ABSOLUTE
    ../clib/microlib/stubs.s                 0x00000000   Number         0  iusefp.o ABSOLUTE
    ../clib/microlib/stubs.s                 0x00000000   Number         0  useno.o ABSOLUTE
    ../fplib/microlib/d2f.c                  0x00000000   Number         0  d2f.o ABSOLUTE
    ../fplib/microlib/f2d.c                  0x00000000   Number         0  f2d.o ABSOLUTE
    ../fplib/microlib/fpadd.c                0x00000000   Number         0  fadd.o ABSOLUTE
    ../fplib/microlib/fpadd.c                0x00000000   Number         0  dadd.o ABSOLUTE
    ../fplib/microlib/fpdiv.c                0x00000000   Number         0  ddiv.o ABSOLUTE
    ../fplib/microlib/fpepilogue.c           0x00000000   Number         0  fepilogue.o ABSOLUTE
    ../fplib/microlib/fpepilogue.c           0x00000000   Number         0  depilogue.o ABSOLUTE
    ../fplib/microlib/fpfix.c                0x00000000   Number         0  dfixi.o ABSOLUTE
    ../fplib/microlib/fpfix.c                0x00000000   Number         0  dfixul.o ABSOLUTE
    ../fplib/microlib/fpflt.c                0x00000000   Number         0  dflti.o ABSOLUTE
    ../fplib/microlib/fpflt.c                0x00000000   Number         0  dfltui.o ABSOLUTE
    ../fplib/microlib/fpmul.c                0x00000000   Number         0  fmul.o ABSOLUTE
    ../fplib/microlib/fpmul.c                0x00000000   Number         0  dmul.o ABSOLUTE
    ../fplib/microlib/fpscalb.c              0x00000000   Number         0  dscalb.o ABSOLUTE
    ../mathlib/cos.c                         0x00000000   Number         0  cos_x.o ABSOLUTE
    ../mathlib/cos.c                         0x00000000   Number         0  cos.o ABSOLUTE
    ../mathlib/cos_i.c                       0x00000000   Number         0  cos_i.o ABSOLUTE
    ../mathlib/dunder.c                      0x00000000   Number         0  dunder.o ABSOLUTE
    ../mathlib/fpclassify.c                  0x00000000   Number         0  fpclassify.o ABSOLUTE
    ../mathlib/poly.c                        0x00000000   Number         0  poly.o ABSOLUTE
    ../mathlib/rred.c                        0x00000000   Number         0  rred.o ABSOLUTE
    ../mathlib/sin.c                         0x00000000   Number         0  sin.o ABSOLUTE
    ../mathlib/sin.c                         0x00000000   Number         0  sin_x.o ABSOLUTE
    ../mathlib/sin_i.c                       0x00000000   Number         0  sin_i_x.o ABSOLUTE
    ../mathlib/sin_i.c                       0x00000000   Number         0  sin_i.o ABSOLUTE
    ..\..\Driver\DELAY\delay.c               0x00000000   Number         0  delay.o ABSOLUTE
    ..\..\Driver\MPU6050\MPU6050.c           0x00000000   Number         0  mpu6050.o ABSOLUTE
    ..\..\Driver\OV7725\ov7725.c             0x00000000   Number         0  ov7725.o ABSOLUTE
    ..\..\Driver\PWCRU\pwcru.c               0x00000000   Number         0  pwcru.o ABSOLUTE
    ..\..\Driver\RTC\rtc.c                   0x00000000   Number         0  rtc.o ABSOLUTE
    ..\..\Driver\SCCB\sccb.c                 0x00000000   Number         0  sccb.o ABSOLUTE
    ..\..\Driver\SD\sd.c                     0x00000000   Number         0  sd.o ABSOLUTE
    ..\..\Driver\SPI\spi.c                   0x00000000   Number         0  spi.o ABSOLUTE
    ..\..\Driver\USART\usart.c               0x00000000   Number         0  usart.o ABSOLUTE
    ..\..\User\ht32f165x_it.c                0x00000000   Number         0  ht32f165x_it.o ABSOLUTE
    ..\..\User\main.c                        0x00000000   Number         0  main.o ABSOLUTE
    ..\..\User\sdfs_app\sdfs_app.c           0x00000000   Number         0  sdfs_app.o ABSOLUTE
    ..\..\ff11a\src\diskio.c                 0x00000000   Number         0  diskio.o ABSOLUTE
    ..\..\ff11a\src\ff.c                     0x00000000   Number         0  ff.o ABSOLUTE
    ..\..\library\HT32F1655_56_Driver\src\ht32_cm3_misc.c 0x00000000   Number         0  ht32_cm3_misc.o ABSOLUTE
    ..\..\library\HT32F1655_56_Driver\src\ht32_retarget.c 0x00000000   Number         0  ht32_retarget.o ABSOLUTE
    ..\..\library\HT32F1655_56_Driver\src\ht32_serial.c 0x00000000   Number         0  ht32_serial.o ABSOLUTE
    ..\..\library\HT32F1655_56_Driver\src\ht32f1655_56_adc.c 0x00000000   Number         0  ht32f1655_56_adc.o ABSOLUTE
    ..\..\library\HT32F1655_56_Driver\src\ht32f1655_56_bftm.c 0x00000000   Number         0  ht32f1655_56_bftm.o ABSOLUTE
    ..\..\library\HT32F1655_56_Driver\src\ht32f1655_56_ckcu.c 0x00000000   Number         0  ht32f1655_56_ckcu.o ABSOLUTE
    ..\..\library\HT32F1655_56_Driver\src\ht32f1655_56_cmp_op.c 0x00000000   Number         0  ht32f1655_56_cmp_op.o ABSOLUTE
    ..\..\library\HT32F1655_56_Driver\src\ht32f1655_56_crc.c 0x00000000   Number         0  ht32f1655_56_crc.o ABSOLUTE
    ..\..\library\HT32F1655_56_Driver\src\ht32f1655_56_ebi.c 0x00000000   Number         0  ht32f1655_56_ebi.o ABSOLUTE
    ..\..\library\HT32F1655_56_Driver\src\ht32f1655_56_exti.c 0x00000000   Number         0  ht32f1655_56_exti.o ABSOLUTE
    ..\..\library\HT32F1655_56_Driver\src\ht32f1655_56_flash.c 0x00000000   Number         0  ht32f1655_56_flash.o ABSOLUTE
    ..\..\library\HT32F1655_56_Driver\src\ht32f1655_56_gpio.c 0x00000000   Number         0  ht32f1655_56_gpio.o ABSOLUTE
    ..\..\library\HT32F1655_56_Driver\src\ht32f1655_56_gptm.c 0x00000000   Number         0  ht32f1655_56_gptm.o ABSOLUTE
    ..\..\library\HT32F1655_56_Driver\src\ht32f1655_56_i2c.c 0x00000000   Number         0  ht32f1655_56_i2c.o ABSOLUTE
    ..\..\library\HT32F1655_56_Driver\src\ht32f1655_56_i2s.c 0x00000000   Number         0  ht32f1655_56_i2s.o ABSOLUTE
    ..\..\library\HT32F1655_56_Driver\src\ht32f1655_56_mctm.c 0x00000000   Number         0  ht32f1655_56_mctm.o ABSOLUTE
    ..\..\library\HT32F1655_56_Driver\src\ht32f1655_56_pdma.c 0x00000000   Number         0  ht32f1655_56_pdma.o ABSOLUTE
    ..\..\library\HT32F1655_56_Driver\src\ht32f1655_56_pwrcu.c 0x00000000   Number         0  ht32f1655_56_pwrcu.o ABSOLUTE
    ..\..\library\HT32F1655_56_Driver\src\ht32f1655_56_rstcu.c 0x00000000   Number         0  ht32f1655_56_rstcu.o ABSOLUTE
    ..\..\library\HT32F1655_56_Driver\src\ht32f1655_56_rtc.c 0x00000000   Number         0  ht32f1655_56_rtc.o ABSOLUTE
    ..\..\library\HT32F1655_56_Driver\src\ht32f1655_56_sci.c 0x00000000   Number         0  ht32f1655_56_sci.o ABSOLUTE
    ..\..\library\HT32F1655_56_Driver\src\ht32f1655_56_spi.c 0x00000000   Number         0  ht32f1655_56_spi.o ABSOLUTE
    ..\..\library\HT32F1655_56_Driver\src\ht32f1655_56_usart.c 0x00000000   Number         0  ht32f1655_56_usart.o ABSOLUTE
    ..\..\library\HT32F1655_56_Driver\src\ht32f1655_56_usbd.c 0x00000000   Number         0  ht32f1655_56_usbd.o ABSOLUTE
    ..\..\library\HT32F1655_56_Driver\src\ht32f1655_56_wdt.c 0x00000000   Number         0  ht32f1655_56_wdt.o ABSOLUTE
    ..\..\library\HT32_USBD_Library\src\ht32_usbd_core.c 0x00000000   Number         0  ht32_usbd_core.o ABSOLUTE
    ..\..\utilities\common\ebi_lcd.c         0x00000000   Number         0  ebi_lcd.o ABSOLUTE
    ..\..\utilities\common\i2c_eeprom.c      0x00000000   Number         0  i2c_eeprom.o ABSOLUTE
    ..\..\utilities\common\spi_flash.c       0x00000000   Number         0  spi_flash.o ABSOLUTE
    ..\..\utilities\ht32_board.c             0x00000000   Number         0  ht32_board.o ABSOLUTE
    ..\MDK_ARM\ht32_op.s                     0x00000000   Number         0  ht32_op.o ABSOLUTE
    ..\\..\\Driver\\DELAY\\delay.c           0x00000000   Number         0  delay.o ABSOLUTE
    ..\\..\\Driver\\MPU6050\\MPU6050.c       0x00000000   Number         0  mpu6050.o ABSOLUTE
    ..\\..\\Driver\\OV7725\\ov7725.c         0x00000000   Number         0  ov7725.o ABSOLUTE
    ..\\..\\Driver\\PWCRU\\pwcru.c           0x00000000   Number         0  pwcru.o ABSOLUTE
    ..\\..\\Driver\\RTC\\rtc.c               0x00000000   Number         0  rtc.o ABSOLUTE
    ..\\..\\Driver\\SCCB\\sccb.c             0x00000000   Number         0  sccb.o ABSOLUTE
    ..\\..\\Driver\\SD\\sd.c                 0x00000000   Number         0  sd.o ABSOLUTE
    ..\\..\\Driver\\SPI\\spi.c               0x00000000   Number         0  spi.o ABSOLUTE
    ..\\..\\Driver\\USART\\usart.c           0x00000000   Number         0  usart.o ABSOLUTE
    ..\\..\\User\\ht32f165x_it.c             0x00000000   Number         0  ht32f165x_it.o ABSOLUTE
    ..\\..\\User\\main.c                     0x00000000   Number         0  main.o ABSOLUTE
    ..\\..\\User\\sdfs_app\\sdfs_app.c       0x00000000   Number         0  sdfs_app.o ABSOLUTE
    ..\\..\\ff11a\\src\\diskio.c             0x00000000   Number         0  diskio.o ABSOLUTE
    ..\\..\\library\\HT32F1655_56_Driver\\src\\ht32_cm3_misc.c 0x00000000   Number         0  ht32_cm3_misc.o ABSOLUTE
    ..\\..\\library\\HT32F1655_56_Driver\\src\\ht32_retarget.c 0x00000000   Number         0  ht32_retarget.o ABSOLUTE
    ..\\..\\library\\HT32F1655_56_Driver\\src\\ht32_serial.c 0x00000000   Number         0  ht32_serial.o ABSOLUTE
    ..\\..\\library\\HT32F1655_56_Driver\\src\\ht32f1655_56_adc.c 0x00000000   Number         0  ht32f1655_56_adc.o ABSOLUTE
    ..\\..\\library\\HT32F1655_56_Driver\\src\\ht32f1655_56_bftm.c 0x00000000   Number         0  ht32f1655_56_bftm.o ABSOLUTE
    ..\\..\\library\\HT32F1655_56_Driver\\src\\ht32f1655_56_ckcu.c 0x00000000   Number         0  ht32f1655_56_ckcu.o ABSOLUTE
    ..\\..\\library\\HT32F1655_56_Driver\\src\\ht32f1655_56_cmp_op.c 0x00000000   Number         0  ht32f1655_56_cmp_op.o ABSOLUTE
    ..\\..\\library\\HT32F1655_56_Driver\\src\\ht32f1655_56_crc.c 0x00000000   Number         0  ht32f1655_56_crc.o ABSOLUTE
    ..\\..\\library\\HT32F1655_56_Driver\\src\\ht32f1655_56_ebi.c 0x00000000   Number         0  ht32f1655_56_ebi.o ABSOLUTE
    ..\\..\\library\\HT32F1655_56_Driver\\src\\ht32f1655_56_exti.c 0x00000000   Number         0  ht32f1655_56_exti.o ABSOLUTE
    ..\\..\\library\\HT32F1655_56_Driver\\src\\ht32f1655_56_flash.c 0x00000000   Number         0  ht32f1655_56_flash.o ABSOLUTE
    ..\\..\\library\\HT32F1655_56_Driver\\src\\ht32f1655_56_gpio.c 0x00000000   Number         0  ht32f1655_56_gpio.o ABSOLUTE
    ..\\..\\library\\HT32F1655_56_Driver\\src\\ht32f1655_56_gptm.c 0x00000000   Number         0  ht32f1655_56_gptm.o ABSOLUTE
    ..\\..\\library\\HT32F1655_56_Driver\\src\\ht32f1655_56_i2c.c 0x00000000   Number         0  ht32f1655_56_i2c.o ABSOLUTE
    ..\\..\\library\\HT32F1655_56_Driver\\src\\ht32f1655_56_i2s.c 0x00000000   Number         0  ht32f1655_56_i2s.o ABSOLUTE
    ..\\..\\library\\HT32F1655_56_Driver\\src\\ht32f1655_56_mctm.c 0x00000000   Number         0  ht32f1655_56_mctm.o ABSOLUTE
    ..\\..\\library\\HT32F1655_56_Driver\\src\\ht32f1655_56_pdma.c 0x00000000   Number         0  ht32f1655_56_pdma.o ABSOLUTE
    ..\\..\\library\\HT32F1655_56_Driver\\src\\ht32f1655_56_pwrcu.c 0x00000000   Number         0  ht32f1655_56_pwrcu.o ABSOLUTE
    ..\\..\\library\\HT32F1655_56_Driver\\src\\ht32f1655_56_rstcu.c 0x00000000   Number         0  ht32f1655_56_rstcu.o ABSOLUTE
    ..\\..\\library\\HT32F1655_56_Driver\\src\\ht32f1655_56_rtc.c 0x00000000   Number         0  ht32f1655_56_rtc.o ABSOLUTE
    ..\\..\\library\\HT32F1655_56_Driver\\src\\ht32f1655_56_sci.c 0x00000000   Number         0  ht32f1655_56_sci.o ABSOLUTE
    ..\\..\\library\\HT32F1655_56_Driver\\src\\ht32f1655_56_spi.c 0x00000000   Number         0  ht32f1655_56_spi.o ABSOLUTE
    ..\\..\\library\\HT32F1655_56_Driver\\src\\ht32f1655_56_usart.c 0x00000000   Number         0  ht32f1655_56_usart.o ABSOLUTE
    ..\\..\\library\\HT32F1655_56_Driver\\src\\ht32f1655_56_usbd.c 0x00000000   Number         0  ht32f1655_56_usbd.o ABSOLUTE
    ..\\..\\library\\HT32F1655_56_Driver\\src\\ht32f1655_56_wdt.c 0x00000000   Number         0  ht32f1655_56_wdt.o ABSOLUTE
    ..\\..\\library\\HT32_USBD_Library\\src\\ht32_usbd_core.c 0x00000000   Number         0  ht32_usbd_core.o ABSOLUTE
    ..\\..\\utilities\\common\\ebi_lcd.c     0x00000000   Number         0  ebi_lcd.o ABSOLUTE
    ..\\..\\utilities\\common\\i2c_eeprom.c  0x00000000   Number         0  i2c_eeprom.o ABSOLUTE
    ..\\..\\utilities\\common\\spi_flash.c   0x00000000   Number         0  spi_flash.o ABSOLUTE
    ..\\..\\utilities\\ht32_board.c          0x00000000   Number         0  ht32_board.o ABSOLUTE
    ..\\system_ht32f165x.c                   0x00000000   Number         0  system_ht32f165x.o ABSOLUTE
    ..\system_ht32f165x.c                    0x00000000   Number         0  system_ht32f165x.o ABSOLUTE
    cdrcmple.s                               0x00000000   Number         0  cdrcmple.o ABSOLUTE
    cfrcmple.s                               0x00000000   Number         0  cfrcmple.o ABSOLUTE
    dc.s                                     0x00000000   Number         0  dc.o ABSOLUTE
    handlers.s                               0x00000000   Number         0  handlers.o ABSOLUTE
    init.s                                   0x00000000   Number         0  init.o ABSOLUTE
    startup_ht32f165x.s                      0x00000000   Number         0  startup_ht32f165x.o ABSOLUTE
    .ARM.Collect$$$$00000000                 0x00000178   Section        0  entry.o(.ARM.Collect$$$$00000000)
    .ARM.Collect$$$$00000001                 0x00000178   Section        4  entry2.o(.ARM.Collect$$$$00000001)
    .ARM.Collect$$$$00000004                 0x0000017c   Section        4  entry5.o(.ARM.Collect$$$$00000004)
    .ARM.Collect$$$$00000008                 0x00000180   Section        0  entry7b.o(.ARM.Collect$$$$00000008)
    .ARM.Collect$$$$0000000A                 0x00000180   Section        0  entry8b.o(.ARM.Collect$$$$0000000A)
    .ARM.Collect$$$$0000000B                 0x00000180   Section        8  entry9a.o(.ARM.Collect$$$$0000000B)
    .ARM.Collect$$$$0000000D                 0x00000188   Section        0  entry10a.o(.ARM.Collect$$$$0000000D)
    .ARM.Collect$$$$0000000F                 0x00000188   Section        0  entry11a.o(.ARM.Collect$$$$0000000F)
    .ARM.Collect$$$$00002712                 0x00000188   Section        4  entry2.o(.ARM.Collect$$$$00002712)
    __lit__00000000                          0x00000188   Data           4  entry2.o(.ARM.Collect$$$$00002712)
    .text                                    0x0000018c   Section        0  memseta.o(.text)
    .text                                    0x000001b0   Section        0  fadd.o(.text)
    .text                                    0x00000260   Section        0  fmul.o(.text)
    .text                                    0x000002cc   Section        0  dmul.o(.text)
    .text                                    0x000003b0   Section        0  ddiv.o(.text)
    .text                                    0x0000048e   Section        0  dscalb.o(.text)
    .text                                    0x000004bc   Section        0  dflti.o(.text)
    .text                                    0x000004de   Section        0  f2d.o(.text)
    .text                                    0x00000504   Section        0  d2f.o(.text)
    .text                                    0x0000053c   Section        0  uldiv.o(.text)
    .text                                    0x0000059e   Section        0  fepilogue.o(.text)
    .text                                    0x0000059e   Section        0  iusefp.o(.text)
    .text                                    0x0000060a   Section        0  depilogue.o(.text)
    .text                                    0x000006c8   Section        0  dadd.o(.text)
    .text                                    0x00000818   Section       36  init.o(.text)
    .text                                    0x0000083c   Section        0  llshl.o(.text)
    .text                                    0x0000085a   Section        0  llushr.o(.text)
    .text                                    0x0000087a   Section        0  llsshr.o(.text)
    .text                                    0x0000089e   Section        0  dfltui.o(.text)
    .text                                    0x000008b8   Section        0  dfixi.o(.text)
    i.AFIO_GPxConfig                         0x000008f8   Section        0  ht32f1655_56_gpio.o(i.AFIO_GPxConfig)
    i.Angle_DataTransfrom                    0x0000095c   Section        0  mpu6050.o(i.Angle_DataTransfrom)
    i.Angular_DataTransFrom                  0x000009c0   Section        0  mpu6050.o(i.Angular_DataTransFrom)
    i.Axis_DataTransfrom                     0x00000a24   Section        0  mpu6050.o(i.Axis_DataTransfrom)
    i.Axis_GetFinalData                      0x00000a80   Section        0  mpu6050.o(i.Axis_GetFinalData)
    i.BusFault_Handler                       0x00000a96   Section        0  ht32f165x_it.o(i.BusFault_Handler)
    i.CKCU_GetClocksFrequency                0x00000a98   Section        0  ht32f1655_56_ckcu.o(i.CKCU_GetClocksFrequency)
    i.CKCU_GetPLLFrequency                   0x00000aec   Section        0  ht32f1655_56_ckcu.o(i.CKCU_GetPLLFrequency)
    i.CKCU_GetUSARTClockFreq                 0x00000b2c   Section        0  ht32f1655_56_ckcu.o(i.CKCU_GetUSARTClockFreq)
    i.CKCU_PeripClockConfig                  0x00000b3c   Section        0  ht32f1655_56_ckcu.o(i.CKCU_PeripClockConfig)
    i.DealWithRotation                       0x00000b60   Section        0  mpu6050.o(i.DealWithRotation)
    i.DebugMon_Handler                       0x00000c00   Section        0  ht32f165x_it.o(i.DebugMon_Handler)
    i.EVWUP_IRQHandler                       0x00000c04   Section        0  ht32f165x_it.o(i.EVWUP_IRQHandler)
    i.EXTI1_IRQHandler                       0x00000c48   Section        0  ht32f165x_it.o(i.EXTI1_IRQHandler)
    i.EXTI7_IRQHandler                       0x00000c50   Section        0  ht32f165x_it.o(i.EXTI7_IRQHandler)
    i.EXTI_ClearEdgeFlag                     0x00000cb0   Section        0  ht32f1655_56_exti.o(i.EXTI_ClearEdgeFlag)
    i.EXTI_ClearWakeupFlag                   0x00000cc0   Section        0  ht32f1655_56_exti.o(i.EXTI_ClearWakeupFlag)
    i.EXTI_GetSWCmdStatus                    0x00000cd4   Section        0  ht32f1655_56_exti.o(i.EXTI_GetSWCmdStatus)
    i.EXTI_GetWakeupFlagStatus               0x00000cec   Section        0  ht32f1655_56_exti.o(i.EXTI_GetWakeupFlagStatus)
    i.EXTI_WakeupEventConfig                 0x00000d04   Section        0  ht32f1655_56_exti.o(i.EXTI_WakeupEventConfig)
    i.GPIO_ClearOutBits                      0x00000d30   Section        0  ht32f1655_56_gpio.o(i.GPIO_ClearOutBits)
    i.GPIO_SetOutBits                        0x00000d34   Section        0  ht32f1655_56_gpio.o(i.GPIO_SetOutBits)
    i.GetAcceleration                        0x00000d38   Section        0  mpu6050.o(i.GetAcceleration)
    GetAcceleration                          0x00000d39   Thumb Code    66  mpu6050.o(i.GetAcceleration)
    i.HardFault_Handler                      0x00000d7a   Section        0  ht32f165x_it.o(i.HardFault_Handler)
    i.Init_USART                             0x00000d7c   Section        0  usart.o(i.Init_USART)
    i.MemManage_Handler                      0x00000df8   Section        0  ht32f165x_it.o(i.MemManage_Handler)
    i.NMI_Handler                            0x00000dfa   Section        0  ht32f165x_it.o(i.NMI_Handler)
    i.PDMA_ClearFlag                         0x00000dfc   Section        0  ht32f1655_56_pdma.o(i.PDMA_ClearFlag)
    i.PDMA_Config                            0x00000e28   Section        0  ht32f1655_56_pdma.o(i.PDMA_Config)
    i.PDMA_Configuration                     0x00000e58   Section        0  mpu6050.o(i.PDMA_Configuration)
    i.PDMA_EnaCmd                            0x00000eb8   Section        0  ht32f1655_56_pdma.o(i.PDMA_EnaCmd)
    i.PDMA_GetFlagStatus                     0x00000ee0   Section        0  ht32f1655_56_pdma.o(i.PDMA_GetFlagStatus)
    i.PDMA_IntConig                          0x00000f10   Section        0  ht32f1655_56_pdma.o(i.PDMA_IntConig)
    i.PDMA_SwTrigCmd                         0x00000f40   Section        0  ht32f1655_56_pdma.o(i.PDMA_SwTrigCmd)
    i.PendSV_Handler                         0x00000f68   Section        0  ht32f165x_it.o(i.PendSV_Handler)
    i.Rotate                                 0x00000f6c   Section        0  mpu6050.o(i.Rotate)
    Rotate                                   0x00000f6d   Thumb Code   268  mpu6050.o(i.Rotate)
    i.SERIAL_PutChar                         0x00001084   Section        0  ht32_serial.o(i.SERIAL_PutChar)
    i.SVC_Handler                            0x000010a4   Section        0  ht32f165x_it.o(i.SVC_Handler)
    i.SYSTICK_ClockSourceConfig              0x000010a6   Section        0  ht32_cm3_misc.o(i.SYSTICK_ClockSourceConfig)
    i.SYSTICK_Config                         0x000010be   Section        0  delay.o(i.SYSTICK_Config)
    i.SYSTICK_CounterCmd                     0x000010da   Section        0  ht32_cm3_misc.o(i.SYSTICK_CounterCmd)
    i.SYSTICK_IntConfig                      0x000010fa   Section        0  ht32_cm3_misc.o(i.SYSTICK_IntConfig)
    i.SYSTICK_SetReloadValue                 0x00001112   Section        0  ht32_cm3_misc.o(i.SYSTICK_SetReloadValue)
    i.SysTick_Handler                        0x0000111a   Section        0  ht32f165x_it.o(i.SysTick_Handler)
    i.SystemInit                             0x00001120   Section        0  system_ht32f165x.o(i.SystemInit)
    i.TimingDelay                            0x0000117c   Section        0  delay.o(i.TimingDelay)
    i.USART_GetLineStatus                    0x00001190   Section        0  ht32f1655_56_usart.o(i.USART_GetLineStatus)
    i.USART_Init                             0x0000119a   Section        0  ht32f1655_56_usart.o(i.USART_Init)
    i.USART_RxCmd                            0x000011ce   Section        0  ht32f1655_56_usart.o(i.USART_RxCmd)
    i.USART_RxPDMACmd                        0x000011e2   Section        0  ht32f1655_56_usart.o(i.USART_RxPDMACmd)
    i.USART_SendData                         0x000011f6   Section        0  ht32f1655_56_usart.o(i.USART_SendData)
    i.USART_TxCmd                            0x000011fa   Section        0  ht32f1655_56_usart.o(i.USART_TxCmd)
    i.UsageFault_Handler                     0x0000120e   Section        0  ht32f165x_it.o(i.UsageFault_Handler)
    i.__0printf$8                            0x00001210   Section        0  printf8.o(i.__0printf$8)
    i.__ARM_fpclassify                       0x00001230   Section        0  fpclassify.o(i.__ARM_fpclassify)
    i.__ieee754_rem_pio2                     0x00001258   Section        0  rred.o(i.__ieee754_rem_pio2)
    i.__kernel_cos                           0x000015e0   Section        0  cos_i.o(i.__kernel_cos)
    i.__kernel_poly                          0x000016dc   Section        0  poly.o(i.__kernel_poly)
    i.__kernel_sin                           0x00001788   Section        0  sin_i.o(i.__kernel_sin)
    i.__mathlib_dbl_underflow                0x00001874   Section        0  dunder.o(i.__mathlib_dbl_underflow)
    i.__scatterload_copy                     0x00001884   Section       14  handlers.o(i.__scatterload_copy)
    i.__scatterload_null                     0x00001892   Section        2  handlers.o(i.__scatterload_null)
    i.__scatterload_zeroinit                 0x00001894   Section       14  handlers.o(i.__scatterload_zeroinit)
    i.__set_errno                            0x000018a4   Section        0  errno.o(i.__set_errno)
    i._printf_core                           0x000018b0   Section        0  printf8.o(i._printf_core)
    _printf_core                             0x000018b1   Thumb Code   988  printf8.o(i._printf_core)
    i._printf_post_padding                   0x00001cb8   Section        0  printf8.o(i._printf_post_padding)
    _printf_post_padding                     0x00001cb9   Thumb Code    38  printf8.o(i._printf_post_padding)
    i._printf_pre_padding                    0x00001cde   Section        0  printf8.o(i._printf_pre_padding)
    _printf_pre_padding                      0x00001cdf   Thumb Code    48  printf8.o(i._printf_pre_padding)
    i.cos                                    0x00001d10   Section        0  cos.o(i.cos)
    i.delay_ms                               0x00001dbc   Section        0  delay.o(i.delay_ms)
    i.fputc                                  0x00001de4   Section        0  ht32_retarget.o(i.fputc)
    i.main                                   0x00001de8   Section        0  main.o(i.main)
    i.sin                                    0x00001e94   Section        0  sin.o(i.sin)
    .constdata                               0x00001f48   Section       48  cos_i.o(.constdata)
    C                                        0x00001f48   Data          48  cos_i.o(.constdata)
    .constdata                               0x00001f78   Section      200  rred.o(.constdata)
    pio2s                                    0x00001f78   Data          48  rred.o(.constdata)
    twooverpi                                0x00001fa8   Data         152  rred.o(.constdata)
    .constdata                               0x00002040   Section       40  sin_i.o(.constdata)
    S                                        0x00002040   Data          40  sin_i.o(.constdata)
    .data                                    0x20000000   Section        1  ht32f165x_it.o(.data)
    .data                                    0x20000004   Section        4  delay.o(.data)
    DelayTime                                0x20000004   Data           4  delay.o(.data)
    .data                                    0x20000008   Section        1  ov7725.o(.data)
    .data                                    0x2000000c   Section        4  ht32_retarget.o(.data)
    .data                                    0x20000010   Section        4  errno.o(.data)
    _errno                                   0x20000010   Data           4  errno.o(.data)
    .bss                                     0x20000014   Section       84  mpu6050.o(.bss)
    STACK                                    0x20000068   Section      512  startup_ht32f165x.o(STACK)

    Global Symbols

    Symbol Name                              Value     Ov Type        Size  Object(Section)

    BuildAttributes$$THM_ISAv4$P$D$K$B$S$PE$A:L22UL41UL21$X:L11$S22US41US21$IEEE1$IW$USESV6$~STKCKD$USESV7$~SHL$OTIME$ROPI$IEEEX$EBA8$MICROLIB$REQ8$PRES8$EABIv2 0x00000000   Number         0  anon$$obj.o ABSOLUTE
    __ARM_use_no_argv                        0x00000000   Number         0  main.o ABSOLUTE
    __Vectors                                0x00000000   Data           4  startup_ht32f165x.o(RESET)
    __use_no_errno                           0x00000000   Number         0  useno.o ABSOLUTE
    __use_no_exception_handling              0x00000000   Number         0  useno.o ABSOLUTE
    __use_no_fp                              0x00000000   Number         0  useno.o ABSOLUTE
    __use_no_heap                            0x00000000   Number         0  useno.o ABSOLUTE
    __use_no_heap_region                     0x00000000   Number         0  useno.o ABSOLUTE
    __use_no_semihosting                     0x00000000   Number         0  useno.o ABSOLUTE
    __use_no_semihosting_swi                 0x00000000   Number         0  useno.o ABSOLUTE
    __use_no_signal_handling                 0x00000000   Number         0  useno.o ABSOLUTE
    _printf_a                                0x00000000   Number         0  stubs.o ABSOLUTE
    _printf_c                                0x00000000   Number         0  stubs.o ABSOLUTE
    _printf_charcount                        0x00000000   Number         0  stubs.o ABSOLUTE
    _printf_d                                0x00000000   Number         0  stubs.o ABSOLUTE
    _printf_e                                0x00000000   Number         0  stubs.o ABSOLUTE
    _printf_f                                0x00000000   Number         0  stubs.o ABSOLUTE
    _printf_flags                            0x00000000   Number         0  stubs.o ABSOLUTE
    _printf_fp_dec                           0x00000000   Number         0  stubs.o ABSOLUTE
    _printf_fp_hex                           0x00000000   Number         0  stubs.o ABSOLUTE
    _printf_g                                0x00000000   Number         0  stubs.o ABSOLUTE
    _printf_i                                0x00000000   Number         0  stubs.o ABSOLUTE
    _printf_int_dec                          0x00000000   Number         0  stubs.o ABSOLUTE
    _printf_l                                0x00000000   Number         0  stubs.o ABSOLUTE
    _printf_lc                               0x00000000   Number         0  stubs.o ABSOLUTE
    _printf_ll                               0x00000000   Number         0  stubs.o ABSOLUTE
    _printf_lld                              0x00000000   Number         0  stubs.o ABSOLUTE
    _printf_lli                              0x00000000   Number         0  stubs.o ABSOLUTE
    _printf_llo                              0x00000000   Number         0  stubs.o ABSOLUTE
    _printf_llu                              0x00000000   Number         0  stubs.o ABSOLUTE
    _printf_llx                              0x00000000   Number         0  stubs.o ABSOLUTE
    _printf_longlong_dec                     0x00000000   Number         0  stubs.o ABSOLUTE
    _printf_longlong_hex                     0x00000000   Number         0  stubs.o ABSOLUTE
    _printf_longlong_oct                     0x00000000   Number         0  stubs.o ABSOLUTE
    _printf_ls                               0x00000000   Number         0  stubs.o ABSOLUTE
    _printf_mbtowc                           0x00000000   Number         0  stubs.o ABSOLUTE
    _printf_n                                0x00000000   Number         0  stubs.o ABSOLUTE
    _printf_o                                0x00000000   Number         0  stubs.o ABSOLUTE
    _printf_p                                0x00000000   Number         0  stubs.o ABSOLUTE
    _printf_percent                          0x00000000   Number         0  stubs.o ABSOLUTE
    _printf_pre_padding                      0x00000000   Number         0  stubs.o ABSOLUTE
    _printf_return_value                     0x00000000   Number         0  stubs.o ABSOLUTE
    _printf_s                                0x00000000   Number         0  stubs.o ABSOLUTE
    _printf_sizespec                         0x00000000   Number         0  stubs.o ABSOLUTE
    _printf_str                              0x00000000   Number         0  stubs.o ABSOLUTE
    _printf_truncate_signed                  0x00000000   Number         0  stubs.o ABSOLUTE
    _printf_truncate_unsigned                0x00000000   Number         0  stubs.o ABSOLUTE
    _printf_u                                0x00000000   Number         0  stubs.o ABSOLUTE
    _printf_wc                               0x00000000   Number         0  stubs.o ABSOLUTE
    _printf_wctomb                           0x00000000   Number         0  stubs.o ABSOLUTE
    _printf_widthprec                        0x00000000   Number         0  stubs.o ABSOLUTE
    _printf_x                                0x00000000   Number         0  stubs.o ABSOLUTE
    __cpp_initialize__aeabi_                  - Undefined Weak Reference
    __cxa_finalize                            - Undefined Weak Reference
    __decompress                              - Undefined Weak Reference
    _clock_init                               - Undefined Weak Reference
    _microlib_exit                            - Undefined Weak Reference
    Reset_Handler                            0x00000155   Thumb Code     8  startup_ht32f165x.o(RESET)
    ADC_IRQHandler                           0x0000016f   Thumb Code     0  startup_ht32f165x.o(RESET)
    BFTM0_IRQHandler                         0x0000016f   Thumb Code     0  startup_ht32f165x.o(RESET)
    BFTM1_IRQHandler                         0x0000016f   Thumb Code     0  startup_ht32f165x.o(RESET)
    BOD_IRQHandler                           0x0000016f   Thumb Code     0  startup_ht32f165x.o(RESET)
    CKRDY_IRQHandler                         0x0000016f   Thumb Code     0  startup_ht32f165x.o(RESET)
    COMP_IRQHandler                          0x0000016f   Thumb Code     0  startup_ht32f165x.o(RESET)
    EBI_IRQHandler                           0x0000016f   Thumb Code     0  startup_ht32f165x.o(RESET)
    EXTI0_IRQHandler                         0x0000016f   Thumb Code     0  startup_ht32f165x.o(RESET)
    EXTI10_IRQHandler                        0x0000016f   Thumb Code     0  startup_ht32f165x.o(RESET)
    EXTI11_IRQHandler                        0x0000016f   Thumb Code     0  startup_ht32f165x.o(RESET)
    EXTI12_IRQHandler                        0x0000016f   Thumb Code     0  startup_ht32f165x.o(RESET)
    EXTI13_IRQHandler                        0x0000016f   Thumb Code     0  startup_ht32f165x.o(RESET)
    EXTI14_IRQHandler                        0x0000016f   Thumb Code     0  startup_ht32f165x.o(RESET)
    EXTI15_IRQHandler                        0x0000016f   Thumb Code     0  startup_ht32f165x.o(RESET)
    EXTI2_IRQHandler                         0x0000016f   Thumb Code     0  startup_ht32f165x.o(RESET)
    EXTI3_IRQHandler                         0x0000016f   Thumb Code     0  startup_ht32f165x.o(RESET)
    EXTI4_IRQHandler                         0x0000016f   Thumb Code     0  startup_ht32f165x.o(RESET)
    EXTI5_IRQHandler                         0x0000016f   Thumb Code     0  startup_ht32f165x.o(RESET)
    EXTI6_IRQHandler                         0x0000016f   Thumb Code     0  startup_ht32f165x.o(RESET)
    EXTI8_IRQHandler                         0x0000016f   Thumb Code     0  startup_ht32f165x.o(RESET)
    EXTI9_IRQHandler                         0x0000016f   Thumb Code     0  startup_ht32f165x.o(RESET)
    FLASH_IRQHandler                         0x0000016f   Thumb Code     0  startup_ht32f165x.o(RESET)
    GPTM0_IRQHandler                         0x0000016f   Thumb Code     0  startup_ht32f165x.o(RESET)
    GPTM1_IRQHandler                         0x0000016f   Thumb Code     0  startup_ht32f165x.o(RESET)
    I2C0_IRQHandler                          0x0000016f   Thumb Code     0  startup_ht32f165x.o(RESET)
    I2C1_IRQHandler                          0x0000016f   Thumb Code     0  startup_ht32f165x.o(RESET)
    I2S_IRQHandler                           0x0000016f   Thumb Code     0  startup_ht32f165x.o(RESET)
    LPWUP_IRQHandler                         0x0000016f   Thumb Code     0  startup_ht32f165x.o(RESET)
    LVD_IRQHandler                           0x0000016f   Thumb Code     0  startup_ht32f165x.o(RESET)
    MCTM0BRK_IRQHandler                      0x0000016f   Thumb Code     0  startup_ht32f165x.o(RESET)
    MCTM0CC_IRQHandler                       0x0000016f   Thumb Code     0  startup_ht32f165x.o(RESET)
    MCTM0TR_IRQHandler                       0x0000016f   Thumb Code     0  startup_ht32f165x.o(RESET)
    MCTM0UP_IRQHandler                       0x0000016f   Thumb Code     0  startup_ht32f165x.o(RESET)
    MCTM1BRK_IRQHandler                      0x0000016f   Thumb Code     0  startup_ht32f165x.o(RESET)
    MCTM1CC_IRQHandler                       0x0000016f   Thumb Code     0  startup_ht32f165x.o(RESET)
    MCTM1TR_IRQHandler                       0x0000016f   Thumb Code     0  startup_ht32f165x.o(RESET)
    MCTM1UP_IRQHandler                       0x0000016f   Thumb Code     0  startup_ht32f165x.o(RESET)
    PDMA_CH0_IRQHandler                      0x0000016f   Thumb Code     0  startup_ht32f165x.o(RESET)
    PDMA_CH1_IRQHandler                      0x0000016f   Thumb Code     0  startup_ht32f165x.o(RESET)
    PDMA_CH2_IRQHandler                      0x0000016f   Thumb Code     0  startup_ht32f165x.o(RESET)
    PDMA_CH3_IRQHandler                      0x0000016f   Thumb Code     0  startup_ht32f165x.o(RESET)
    PDMA_CH4_IRQHandler                      0x0000016f   Thumb Code     0  startup_ht32f165x.o(RESET)
    PDMA_CH5_IRQHandler                      0x0000016f   Thumb Code     0  startup_ht32f165x.o(RESET)
    PDMA_CH6_IRQHandler                      0x0000016f   Thumb Code     0  startup_ht32f165x.o(RESET)
    PDMA_CH7_IRQHandler                      0x0000016f   Thumb Code     0  startup_ht32f165x.o(RESET)
    RTC_IRQHandler                           0x0000016f   Thumb Code     0  startup_ht32f165x.o(RESET)
    SCI_IRQHandler                           0x0000016f   Thumb Code     0  startup_ht32f165x.o(RESET)
    SPI0_IRQHandler                          0x0000016f   Thumb Code     0  startup_ht32f165x.o(RESET)
    SPI1_IRQHandler                          0x0000016f   Thumb Code     0  startup_ht32f165x.o(RESET)
    UART0_IRQHandler                         0x0000016f   Thumb Code     0  startup_ht32f165x.o(RESET)
    UART1_IRQHandler                         0x0000016f   Thumb Code     0  startup_ht32f165x.o(RESET)
    USART0_IRQHandler                        0x0000016f   Thumb Code     0  startup_ht32f165x.o(RESET)
    USART1_IRQHandler                        0x0000016f   Thumb Code     0  startup_ht32f165x.o(RESET)
    USB_IRQHandler                           0x0000016f   Thumb Code     0  startup_ht32f165x.o(RESET)
    WDT_IRQHandler                           0x0000016f   Thumb Code     0  startup_ht32f165x.o(RESET)
    __main                                   0x00000179   Thumb Code     0  entry.o(.ARM.Collect$$$$00000000)
    _main_stk                                0x00000179   Thumb Code     0  entry2.o(.ARM.Collect$$$$00000001)
    _main_scatterload                        0x0000017d   Thumb Code     0  entry5.o(.ARM.Collect$$$$00000004)
    __main_after_scatterload                 0x00000181   Thumb Code     0  entry5.o(.ARM.Collect$$$$00000004)
    _main_clock                              0x00000181   Thumb Code     0  entry7b.o(.ARM.Collect$$$$00000008)
    _main_cpp_init                           0x00000181   Thumb Code     0  entry8b.o(.ARM.Collect$$$$0000000A)
    _main_init                               0x00000181   Thumb Code     0  entry9a.o(.ARM.Collect$$$$0000000B)
    __rt_final_cpp                           0x00000189   Thumb Code     0  entry10a.o(.ARM.Collect$$$$0000000D)
    __rt_final_exit                          0x00000189   Thumb Code     0  entry11a.o(.ARM.Collect$$$$0000000F)
    __aeabi_memset                           0x0000018d   Thumb Code    14  memseta.o(.text)
    __aeabi_memset4                          0x0000018d   Thumb Code     0  memseta.o(.text)
    __aeabi_memset8                          0x0000018d   Thumb Code     0  memseta.o(.text)
    __aeabi_memclr                           0x0000019b   Thumb Code     4  memseta.o(.text)
    __aeabi_memclr4                          0x0000019b   Thumb Code     0  memseta.o(.text)
    __aeabi_memclr8                          0x0000019b   Thumb Code     0  memseta.o(.text)
    _memset$wrapper                          0x0000019f   Thumb Code    18  memseta.o(.text)
    __aeabi_fadd                             0x000001b1   Thumb Code   164  fadd.o(.text)
    __aeabi_fsub                             0x00000255   Thumb Code     6  fadd.o(.text)
    __aeabi_frsub                            0x0000025b   Thumb Code     6  fadd.o(.text)
    __aeabi_fmul                             0x00000261   Thumb Code   108  fmul.o(.text)
    __aeabi_dmul                             0x000002cd   Thumb Code   228  dmul.o(.text)
    __aeabi_ddiv                             0x000003b1   Thumb Code   222  ddiv.o(.text)
    __ARM_scalbn                             0x0000048f   Thumb Code    46  dscalb.o(.text)
    scalbn                                   0x0000048f   Thumb Code     0  dscalb.o(.text)
    __aeabi_i2d                              0x000004bd   Thumb Code    34  dflti.o(.text)
    __aeabi_f2d                              0x000004df   Thumb Code    38  f2d.o(.text)
    __aeabi_d2f                              0x00000505   Thumb Code    56  d2f.o(.text)
    __aeabi_uldivmod                         0x0000053d   Thumb Code    98  uldiv.o(.text)
    __I$use$fp                               0x0000059f   Thumb Code     0  iusefp.o(.text)
    _float_round                             0x0000059f   Thumb Code    18  fepilogue.o(.text)
    _float_epilogue                          0x000005b1   Thumb Code    90  fepilogue.o(.text)
    _double_round                            0x0000060b   Thumb Code    26  depilogue.o(.text)
    _double_epilogue                         0x00000625   Thumb Code   164  depilogue.o(.text)
    __aeabi_dadd                             0x000006c9   Thumb Code   322  dadd.o(.text)
    __aeabi_dsub                             0x0000080b   Thumb Code     6  dadd.o(.text)
    __aeabi_drsub                            0x00000811   Thumb Code     6  dadd.o(.text)
    __scatterload                            0x00000819   Thumb Code    28  init.o(.text)
    __scatterload_rt2                        0x00000819   Thumb Code     0  init.o(.text)
    __aeabi_llsl                             0x0000083d   Thumb Code    30  llshl.o(.text)
    _ll_shift_l                              0x0000083d   Thumb Code     0  llshl.o(.text)
    __aeabi_llsr                             0x0000085b   Thumb Code    32  llushr.o(.text)
    _ll_ushift_r                             0x0000085b   Thumb Code     0  llushr.o(.text)
    __aeabi_lasr                             0x0000087b   Thumb Code    36  llsshr.o(.text)
    _ll_sshift_r                             0x0000087b   Thumb Code     0  llsshr.o(.text)
    __aeabi_ui2d                             0x0000089f   Thumb Code    26  dfltui.o(.text)
    __aeabi_d2iz                             0x000008b9   Thumb Code    62  dfixi.o(.text)
    AFIO_GPxConfig                           0x000008f9   Thumb Code    94  ht32f1655_56_gpio.o(i.AFIO_GPxConfig)
    Angle_DataTransfrom                      0x0000095d   Thumb Code    92  mpu6050.o(i.Angle_DataTransfrom)
    Angular_DataTransFrom                    0x000009c1   Thumb Code    92  mpu6050.o(i.Angular_DataTransFrom)
    Axis_DataTransfrom                       0x00000a25   Thumb Code    86  mpu6050.o(i.Axis_DataTransfrom)
    Axis_GetFinalData                        0x00000a81   Thumb Code    22  mpu6050.o(i.Axis_GetFinalData)
    BusFault_Handler                         0x00000a97   Thumb Code     2  ht32f165x_it.o(i.BusFault_Handler)
    CKCU_GetClocksFrequency                  0x00000a99   Thumb Code    76  ht32f1655_56_ckcu.o(i.CKCU_GetClocksFrequency)
    CKCU_GetPLLFrequency                     0x00000aed   Thumb Code    52  ht32f1655_56_ckcu.o(i.CKCU_GetPLLFrequency)
    CKCU_GetUSARTClockFreq                   0x00000b2d   Thumb Code    16  ht32f1655_56_ckcu.o(i.CKCU_GetUSARTClockFreq)
    CKCU_PeripClockConfig                    0x00000b3d   Thumb Code    32  ht32f1655_56_ckcu.o(i.CKCU_PeripClockConfig)
    DealWithRotation                         0x00000b61   Thumb Code   156  mpu6050.o(i.DealWithRotation)
    DebugMon_Handler                         0x00000c01   Thumb Code     2  ht32f165x_it.o(i.DebugMon_Handler)
    EVWUP_IRQHandler                         0x00000c05   Thumb Code    48  ht32f165x_it.o(i.EVWUP_IRQHandler)
    EXTI1_IRQHandler                         0x00000c49   Thumb Code     6  ht32f165x_it.o(i.EXTI1_IRQHandler)
    EXTI7_IRQHandler                         0x00000c51   Thumb Code    88  ht32f165x_it.o(i.EXTI7_IRQHandler)
    EXTI_ClearEdgeFlag                       0x00000cb1   Thumb Code    12  ht32f1655_56_exti.o(i.EXTI_ClearEdgeFlag)
    EXTI_ClearWakeupFlag                     0x00000cc1   Thumb Code    14  ht32f1655_56_exti.o(i.EXTI_ClearWakeupFlag)
    EXTI_GetSWCmdStatus                      0x00000cd5   Thumb Code    20  ht32f1655_56_exti.o(i.EXTI_GetSWCmdStatus)
    EXTI_GetWakeupFlagStatus                 0x00000ced   Thumb Code    20  ht32f1655_56_exti.o(i.EXTI_GetWakeupFlagStatus)
    EXTI_WakeupEventConfig                   0x00000d05   Thumb Code    38  ht32f1655_56_exti.o(i.EXTI_WakeupEventConfig)
    GPIO_ClearOutBits                        0x00000d31   Thumb Code     4  ht32f1655_56_gpio.o(i.GPIO_ClearOutBits)
    GPIO_SetOutBits                          0x00000d35   Thumb Code     4  ht32f1655_56_gpio.o(i.GPIO_SetOutBits)
    HardFault_Handler                        0x00000d7b   Thumb Code     2  ht32f165x_it.o(i.HardFault_Handler)
    Init_USART                               0x00000d7d   Thumb Code   120  usart.o(i.Init_USART)
    MemManage_Handler                        0x00000df9   Thumb Code     2  ht32f165x_it.o(i.MemManage_Handler)
    NMI_Handler                              0x00000dfb   Thumb Code     2  ht32f165x_it.o(i.NMI_Handler)
    PDMA_ClearFlag                           0x00000dfd   Thumb Code    34  ht32f1655_56_pdma.o(i.PDMA_ClearFlag)
    PDMA_Config                              0x00000e29   Thumb Code    42  ht32f1655_56_pdma.o(i.PDMA_Config)
    PDMA_Configuration                       0x00000e59   Thumb Code    92  mpu6050.o(i.PDMA_Configuration)
    PDMA_EnaCmd                              0x00000eb9   Thumb Code    34  ht32f1655_56_pdma.o(i.PDMA_EnaCmd)
    PDMA_GetFlagStatus                       0x00000ee1   Thumb Code    38  ht32f1655_56_pdma.o(i.PDMA_GetFlagStatus)
    PDMA_IntConig                            0x00000f11   Thumb Code    40  ht32f1655_56_pdma.o(i.PDMA_IntConig)
    PDMA_SwTrigCmd                           0x00000f41   Thumb Code    34  ht32f1655_56_pdma.o(i.PDMA_SwTrigCmd)
    PendSV_Handler                           0x00000f69   Thumb Code     2  ht32f165x_it.o(i.PendSV_Handler)
    SERIAL_PutChar                           0x00001085   Thumb Code    32  ht32_serial.o(i.SERIAL_PutChar)
    SVC_Handler                              0x000010a5   Thumb Code     2  ht32f165x_it.o(i.SVC_Handler)
    SYSTICK_ClockSourceConfig                0x000010a7   Thumb Code    24  ht32_cm3_misc.o(i.SYSTICK_ClockSourceConfig)
    SYSTICK_Config                           0x000010bf   Thumb Code    28  delay.o(i.SYSTICK_Config)
    SYSTICK_CounterCmd                       0x000010db   Thumb Code    32  ht32_cm3_misc.o(i.SYSTICK_CounterCmd)
    SYSTICK_IntConfig                        0x000010fb   Thumb Code    24  ht32_cm3_misc.o(i.SYSTICK_IntConfig)
    SYSTICK_SetReloadValue                   0x00001113   Thumb Code     8  ht32_cm3_misc.o(i.SYSTICK_SetReloadValue)
    SysTick_Handler                          0x0000111b   Thumb Code     4  ht32f165x_it.o(i.SysTick_Handler)
    SystemInit                               0x00001121   Thumb Code    78  system_ht32f165x.o(i.SystemInit)
    TimingDelay                              0x0000117d   Thumb Code    16  delay.o(i.TimingDelay)
    USART_GetLineStatus                      0x00001191   Thumb Code    10  ht32f1655_56_usart.o(i.USART_GetLineStatus)
    USART_Init                               0x0000119b   Thumb Code    52  ht32f1655_56_usart.o(i.USART_Init)
    USART_RxCmd                              0x000011cf   Thumb Code    20  ht32f1655_56_usart.o(i.USART_RxCmd)
    USART_RxPDMACmd                          0x000011e3   Thumb Code    20  ht32f1655_56_usart.o(i.USART_RxPDMACmd)
    USART_SendData                           0x000011f7   Thumb Code     4  ht32f1655_56_usart.o(i.USART_SendData)
    USART_TxCmd                              0x000011fb   Thumb Code    20  ht32f1655_56_usart.o(i.USART_TxCmd)
    UsageFault_Handler                       0x0000120f   Thumb Code     2  ht32f165x_it.o(i.UsageFault_Handler)
    __0printf$8                              0x00001211   Thumb Code    22  printf8.o(i.__0printf$8)
    __1printf$8                              0x00001211   Thumb Code     0  printf8.o(i.__0printf$8)
    __2printf                                0x00001211   Thumb Code     0  printf8.o(i.__0printf$8)
    __ARM_fpclassify                         0x00001231   Thumb Code    40  fpclassify.o(i.__ARM_fpclassify)
    __ieee754_rem_pio2                       0x00001259   Thumb Code   832  rred.o(i.__ieee754_rem_pio2)
    __kernel_cos                             0x000015e1   Thumb Code   230  cos_i.o(i.__kernel_cos)
    __kernel_poly                            0x000016dd   Thumb Code   170  poly.o(i.__kernel_poly)
    __kernel_sin                             0x00001789   Thumb Code   224  sin_i.o(i.__kernel_sin)
    __mathlib_dbl_underflow                  0x00001875   Thumb Code    10  dunder.o(i.__mathlib_dbl_underflow)
    __scatterload_copy                       0x00001885   Thumb Code    14  handlers.o(i.__scatterload_copy)
    __scatterload_null                       0x00001893   Thumb Code     2  handlers.o(i.__scatterload_null)
    __scatterload_zeroinit                   0x00001895   Thumb Code    14  handlers.o(i.__scatterload_zeroinit)
    __set_errno                              0x000018a5   Thumb Code     6  errno.o(i.__set_errno)
    cos                                      0x00001d11   Thumb Code   164  cos.o(i.cos)
    delay_ms                                 0x00001dbd   Thumb Code    36  delay.o(i.delay_ms)
    fputc                                    0x00001de5   Thumb Code     4  ht32_retarget.o(i.fputc)
    main                                     0x00001de9   Thumb Code   132  main.o(i.main)
    sin                                      0x00001e95   Thumb Code   166  sin.o(i.sin)
    Region$$Table$$Base                      0x00002068   Number         0  anon$$obj.o(Region$$Table)
    Region$$Table$$Limit                     0x00002088   Number         0  anon$$obj.o(Region$$Table)
    flag                                     0x20000000   Data           1  ht32f165x_it.o(.data)
    Ov7725_vsync                             0x20000008   Data           1  ov7725.o(.data)
    __stdout                                 0x2000000c   Data           4  ht32_retarget.o(.data)
    MPU_Data                                 0x20000014   Data          33  mpu6050.o(.bss)
    Axis                                     0x20000038   Data          12  mpu6050.o(.bss)
    Angle                                    0x20000044   Data          12  mpu6050.o(.bss)
    Angular                                  0x20000050   Data          12  mpu6050.o(.bss)
    FinalBaseAxis                            0x2000005c   Data          12  mpu6050.o(.bss)
    __initial_sp                             0x20000268   Data           0  startup_ht32f165x.o(STACK)



==============================================================================

Memory Map of the image

  Image Entry point : 0x00000155

  Load Region LR_1 (Base: 0x00000000, Size: 0x0000209c, Max: 0xffffffff, ABSOLUTE)

    Execution Region ER_RO (Base: 0x00000000, Size: 0x00002088, Max: 0xffffffff, ABSOLUTE)

    Base Addr    Size         Type   Attr      Idx    E Section Name        Object

    0x00000000   0x00000178   Code   RO         1165  * RESET               startup_ht32f165x.o
    0x00000178   0x00000000   Code   RO         5137  * .ARM.Collect$$$$00000000  mc_w.l(entry.o)
    0x00000178   0x00000004   Code   RO         5437    .ARM.Collect$$$$00000001  mc_w.l(entry2.o)
    0x0000017c   0x00000004   Code   RO         5440    .ARM.Collect$$$$00000004  mc_w.l(entry5.o)
    0x00000180   0x00000000   Code   RO         5442    .ARM.Collect$$$$00000008  mc_w.l(entry7b.o)
    0x00000180   0x00000000   Code   RO         5444    .ARM.Collect$$$$0000000A  mc_w.l(entry8b.o)
    0x00000180   0x00000008   Code   RO         5445    .ARM.Collect$$$$0000000B  mc_w.l(entry9a.o)
    0x00000188   0x00000000   Code   RO         5447    .ARM.Collect$$$$0000000D  mc_w.l(entry10a.o)
    0x00000188   0x00000000   Code   RO         5449    .ARM.Collect$$$$0000000F  mc_w.l(entry11a.o)
    0x00000188   0x00000004   Code   RO         5438    .ARM.Collect$$$$00002712  mc_w.l(entry2.o)
    0x0000018c   0x00000024   Code   RO         5142    .text               mc_w.l(memseta.o)
    0x000001b0   0x000000b0   Code   RO         5405    .text               mf_w.l(fadd.o)
    0x00000260   0x0000006c   Code   RO         5407    .text               mf_w.l(fmul.o)
    0x000002cc   0x000000e4   Code   RO         5409    .text               mf_w.l(dmul.o)
    0x000003b0   0x000000de   Code   RO         5411    .text               mf_w.l(ddiv.o)
    0x0000048e   0x0000002e   Code   RO         5413    .text               mf_w.l(dscalb.o)
    0x000004bc   0x00000022   Code   RO         5415    .text               mf_w.l(dflti.o)
    0x000004de   0x00000026   Code   RO         5417    .text               mf_w.l(f2d.o)
    0x00000504   0x00000038   Code   RO         5419    .text               mf_w.l(d2f.o)
    0x0000053c   0x00000062   Code   RO         5453    .text               mc_w.l(uldiv.o)
    0x0000059e   0x00000000   Code   RO         5462    .text               mc_w.l(iusefp.o)
    0x0000059e   0x0000006c   Code   RO         5463    .text               mf_w.l(fepilogue.o)
    0x0000060a   0x000000be   Code   RO         5465    .text               mf_w.l(depilogue.o)
    0x000006c8   0x0000014e   Code   RO         5467    .text               mf_w.l(dadd.o)
    0x00000816   0x00000002   PAD
    0x00000818   0x00000024   Code   RO         5479    .text               mc_w.l(init.o)
    0x0000083c   0x0000001e   Code   RO         5481    .text               mc_w.l(llshl.o)
    0x0000085a   0x00000020   Code   RO         5483    .text               mc_w.l(llushr.o)
    0x0000087a   0x00000024   Code   RO         5485    .text               mc_w.l(llsshr.o)
    0x0000089e   0x0000001a   Code   RO         5487    .text               mf_w.l(dfltui.o)
    0x000008b8   0x0000003e   Code   RO         5489    .text               mf_w.l(dfixi.o)
    0x000008f6   0x00000002   PAD
    0x000008f8   0x00000064   Code   RO         2151    i.AFIO_GPxConfig    ht32f1655_56_gpio.o
    0x0000095c   0x00000064   Code   RO          687    i.Angle_DataTransfrom  mpu6050.o
    0x000009c0   0x00000064   Code   RO          688    i.Angular_DataTransFrom  mpu6050.o
    0x00000a24   0x0000005c   Code   RO          689    i.Axis_DataTransfrom  mpu6050.o
    0x00000a80   0x00000016   Code   RO          690    i.Axis_GetFinalData  mpu6050.o
    0x00000a96   0x00000002   Code   RO          203    i.BusFault_Handler  ht32f165x_it.o
    0x00000a98   0x00000054   Code   RO         1546    i.CKCU_GetClocksFrequency  ht32f1655_56_ckcu.o
    0x00000aec   0x00000040   Code   RO         1548    i.CKCU_GetPLLFrequency  ht32f1655_56_ckcu.o
    0x00000b2c   0x00000010   Code   RO         1550    i.CKCU_GetUSARTClockFreq  ht32f1655_56_ckcu.o
    0x00000b3c   0x00000024   Code   RO         1561    i.CKCU_PeripClockConfig  ht32f1655_56_ckcu.o
    0x00000b60   0x000000a0   Code   RO          691    i.DealWithRotation  mpu6050.o
    0x00000c00   0x00000002   Code   RO          204    i.DebugMon_Handler  ht32f165x_it.o
    0x00000c02   0x00000002   PAD
    0x00000c04   0x00000044   Code   RO          205    i.EVWUP_IRQHandler  ht32f165x_it.o
    0x00000c48   0x00000006   Code   RO          206    i.EXTI1_IRQHandler  ht32f165x_it.o
    0x00000c4e   0x00000002   PAD
    0x00000c50   0x00000060   Code   RO          207    i.EXTI7_IRQHandler  ht32f165x_it.o
    0x00000cb0   0x00000010   Code   RO         1945    i.EXTI_ClearEdgeFlag  ht32f1655_56_exti.o
    0x00000cc0   0x00000014   Code   RO         1946    i.EXTI_ClearWakeupFlag  ht32f1655_56_exti.o
    0x00000cd4   0x00000018   Code   RO         1949    i.EXTI_GetSWCmdStatus  ht32f1655_56_exti.o
    0x00000cec   0x00000018   Code   RO         1950    i.EXTI_GetWakeupFlagStatus  ht32f1655_56_exti.o
    0x00000d04   0x0000002c   Code   RO         1954    i.EXTI_WakeupEventConfig  ht32f1655_56_exti.o
    0x00000d30   0x00000004   Code   RO         2152    i.GPIO_ClearOutBits  ht32f1655_56_gpio.o
    0x00000d34   0x00000004   Code   RO         2166    i.GPIO_SetOutBits   ht32f1655_56_gpio.o
    0x00000d38   0x00000042   Code   RO          692    i.GetAcceleration   mpu6050.o
    0x00000d7a   0x00000002   Code   RO          208    i.HardFault_Handler  ht32f165x_it.o
    0x00000d7c   0x0000007c   Code   RO          326    i.Init_USART        usart.o
    0x00000df8   0x00000002   Code   RO          209    i.MemManage_Handler  ht32f165x_it.o
    0x00000dfa   0x00000002   Code   RO          210    i.NMI_Handler       ht32f165x_it.o
    0x00000dfc   0x0000002c   Code   RO         3391    i.PDMA_ClearFlag    ht32f1655_56_pdma.o
    0x00000e28   0x00000030   Code   RO         3392    i.PDMA_Config       ht32f1655_56_pdma.o
    0x00000e58   0x00000060   Code   RO          694    i.PDMA_Configuration  mpu6050.o
    0x00000eb8   0x00000028   Code   RO         3393    i.PDMA_EnaCmd       ht32f1655_56_pdma.o
    0x00000ee0   0x00000030   Code   RO         3394    i.PDMA_GetFlagStatus  ht32f1655_56_pdma.o
    0x00000f10   0x00000030   Code   RO         3395    i.PDMA_IntConig     ht32f1655_56_pdma.o
    0x00000f40   0x00000028   Code   RO         3396    i.PDMA_SwTrigCmd    ht32f1655_56_pdma.o
    0x00000f68   0x00000002   Code   RO          211    i.PendSV_Handler    ht32f165x_it.o
    0x00000f6a   0x00000002   PAD
    0x00000f6c   0x00000118   Code   RO          695    i.Rotate            mpu6050.o
    0x00001084   0x00000020   Code   RO         4706    i.SERIAL_PutChar    ht32_serial.o
    0x000010a4   0x00000002   Code   RO          212    i.SVC_Handler       ht32f165x_it.o
    0x000010a6   0x00000018   Code   RO         1262    i.SYSTICK_ClockSourceConfig  ht32_cm3_misc.o
    0x000010be   0x0000001c   Code   RO          486    i.SYSTICK_Config    delay.o
    0x000010da   0x00000020   Code   RO         1263    i.SYSTICK_CounterCmd  ht32_cm3_misc.o
    0x000010fa   0x00000018   Code   RO         1264    i.SYSTICK_IntConfig  ht32_cm3_misc.o
    0x00001112   0x00000008   Code   RO         1265    i.SYSTICK_SetReloadValue  ht32_cm3_misc.o
    0x0000111a   0x00000004   Code   RO          213    i.SysTick_Handler   ht32f165x_it.o
    0x0000111e   0x00000002   PAD
    0x00001120   0x0000005c   Code   RO         1131    i.SystemInit        system_ht32f165x.o
    0x0000117c   0x00000014   Code   RO          487    i.TimingDelay       delay.o
    0x00001190   0x0000000a   Code   RO         4057    i.USART_GetLineStatus  ht32f1655_56_usart.o
    0x0000119a   0x00000034   Code   RO         4060    i.USART_Init        ht32f1655_56_usart.o
    0x000011ce   0x00000014   Code   RO         4072    i.USART_RxCmd       ht32f1655_56_usart.o
    0x000011e2   0x00000014   Code   RO         4073    i.USART_RxPDMACmd   ht32f1655_56_usart.o
    0x000011f6   0x00000004   Code   RO         4074    i.USART_SendData    ht32f1655_56_usart.o
    0x000011fa   0x00000014   Code   RO         4086    i.USART_TxCmd       ht32f1655_56_usart.o
    0x0000120e   0x00000002   Code   RO          214    i.UsageFault_Handler  ht32f165x_it.o
    0x00001210   0x00000020   Code   RO         5351    i.__0printf$8       mc_w.l(printf8.o)
    0x00001230   0x00000028   Code   RO         5475    i.__ARM_fpclassify  m_ws.l(fpclassify.o)
    0x00001258   0x00000388   Code   RO         5426    i.__ieee754_rem_pio2  m_ws.l(rred.o)
    0x000015e0   0x000000fc   Code   RO         5423    i.__kernel_cos      m_ws.l(cos_i.o)
    0x000016dc   0x000000aa   Code   RO         5477    i.__kernel_poly     m_ws.l(poly.o)
    0x00001786   0x00000002   PAD
    0x00001788   0x000000ec   Code   RO         5431    i.__kernel_sin      m_ws.l(sin_i.o)
    0x00001874   0x00000010   Code   RO         5473    i.__mathlib_dbl_underflow  m_ws.l(dunder.o)
    0x00001884   0x0000000e   Code   RO         5493    i.__scatterload_copy  mc_w.l(handlers.o)
    0x00001892   0x00000002   Code   RO         5494    i.__scatterload_null  mc_w.l(handlers.o)
    0x00001894   0x0000000e   Code   RO         5495    i.__scatterload_zeroinit  mc_w.l(handlers.o)
    0x000018a2   0x00000002   PAD
    0x000018a4   0x0000000c   Code   RO         5457    i.__set_errno       mc_w.l(errno.o)
    0x000018b0   0x00000408   Code   RO         5358    i._printf_core      mc_w.l(printf8.o)
    0x00001cb8   0x00000026   Code   RO         5359    i._printf_post_padding  mc_w.l(printf8.o)
    0x00001cde   0x00000030   Code   RO         5360    i._printf_pre_padding  mc_w.l(printf8.o)
    0x00001d0e   0x00000002   PAD
    0x00001d10   0x000000ac   Code   RO         5122    i.cos               m_ws.l(cos.o)
    0x00001dbc   0x00000028   Code   RO          488    i.delay_ms          delay.o
    0x00001de4   0x00000004   Code   RO         4645    i.fputc             ht32_retarget.o
    0x00001de8   0x000000ac   Code   RO            4    i.main              main.o
    0x00001e94   0x000000b0   Code   RO         5130    i.sin               m_ws.l(sin.o)
    0x00001f44   0x00000004   PAD
    0x00001f48   0x00000030   Data   RO         5424    .constdata          m_ws.l(cos_i.o)
    0x00001f78   0x000000c8   Data   RO         5428    .constdata          m_ws.l(rred.o)
    0x00002040   0x00000028   Data   RO         5432    .constdata          m_ws.l(sin_i.o)
    0x00002068   0x00000020   Data   RO         5491    Region$$Table       anon$$obj.o


    Execution Region ER_RW (Base: 0x20000000, Size: 0x00000014, Max: 0xffffffff, ABSOLUTE)

    Base Addr    Size         Type   Attr      Idx    E Section Name        Object

    0x20000000   0x00000001   Data   RW          215    .data               ht32f165x_it.o
    0x20000001   0x00000003   PAD
    0x20000004   0x00000004   Data   RW          489    .data               delay.o
    0x20000008   0x00000001   Data   RW          590    .data               ov7725.o
    0x20000009   0x00000003   PAD
    0x2000000c   0x00000004   Data   RW         4646    .data               ht32_retarget.o
    0x20000010   0x00000004   Data   RW         5458    .data               mc_w.l(errno.o)


    Execution Region ER_ZI (Base: 0x20000014, Size: 0x00000254, Max: 0xffffffff, ABSOLUTE)

    Base Addr    Size         Type   Attr      Idx    E Section Name        Object

    0x20000014   0x00000054   Zero   RW          696    .bss                mpu6050.o
    0x20000068   0x00000200   Zero   RW         1163    STACK               startup_ht32f165x.o


==============================================================================

Image component sizes


      Code (inc. data)   RO Data    RW Data    ZI Data      Debug   Object Name

        88          8          0          4          0       1466   delay.o
        88          0          0          0          0       2066   ht32_cm3_misc.o
         4          0          0          4          0       2318   ht32_retarget.o
        32          0          0          0          0        521   ht32_serial.o
       200         24          0          0          0       4580   ht32f1655_56_ckcu.o
       128         24          0          0          0       2742   ht32f1655_56_exti.o
       108          6          0          0          0       2203   ht32f1655_56_gpio.o
       268         46          0          0          0       3755   ht32f1655_56_pdma.o
       126          0          0          0          0       4766   ht32f1655_56_usart.o
       190         28          0          1          0       5146   ht32f165x_it.o
       172         40          0          0          0      36999   main.o
       916         42          0          0         84       5191   mpu6050.o
         0          0          0          1          0       3064   ov7725.o
       376        348          0          0        512        728   startup_ht32f165x.o
        92         14          0          0          0        441   system_ht32f165x.o
       124          4          0          0          0        885   usart.o

    ----------------------------------------------------------------------
      2920        584         32         16        596      76871   Object Totals
         0          0         32          0          0          0   (incl. Generated)
         8          0          0          6          0          0   (incl. Padding)

    ----------------------------------------------------------------------

      Code (inc. data)   RO Data    RW Data    ZI Data      Debug   Library Member Name

       172          8          0          0          0        112   cos.o
       252         22         48          0          0        124   cos_i.o
        16          6          0          0          0         68   dunder.o
        40          0          0          0          0         68   fpclassify.o
       170          0          0          0          0         96   poly.o
       904         72        200          0          0        140   rred.o
       176         10          0          0          0        116   sin.o
       236         12         40          0          0        128   sin_i.o
         0          0          0          0          0          0   entry.o
         0          0          0          0          0          0   entry10a.o
         0          0          0          0          0          0   entry11a.o
         8          4          0          0          0          0   entry2.o
         4          0          0          0          0          0   entry5.o
         0          0          0          0          0          0   entry7b.o
         0          0          0          0          0          0   entry8b.o
         8          4          0          0          0          0   entry9a.o
        12          6          0          4          0         68   errno.o
        30          0          0          0          0          0   handlers.o
        36          8          0          0          0         68   init.o
         0          0          0          0          0          0   iusefp.o
        30          0          0          0          0         68   llshl.o
        36          0          0          0          0         68   llsshr.o
        32          0          0          0          0         68   llushr.o
        36          0          0          0          0        108   memseta.o
      1150         54          0          0          0        352   printf8.o
        98          0          0          0          0         92   uldiv.o
        56          0          0          0          0         88   d2f.o
       334          0          0          0          0        148   dadd.o
       222          0          0          0          0        100   ddiv.o
       190          0          0          0          0        176   depilogue.o
        62          0          0          0          0         80   dfixi.o
        34          0          0          0          0         76   dflti.o
        26          0          0          0          0         76   dfltui.o
       228          0          0          0          0         96   dmul.o
        46          0          0          0          0         80   dscalb.o
        38          0          0          0          0         68   f2d.o
       176          0          0          0          0        140   fadd.o
       108          0          0          0          0        168   fepilogue.o
       108          0          0          0          0         76   fmul.o

    ----------------------------------------------------------------------
      5088        210        288          4          0       3116   Library Totals
        14          4          0          0          0          0   (incl. Padding)

    ----------------------------------------------------------------------

      Code (inc. data)   RO Data    RW Data    ZI Data      Debug   Library Name

      1966        130        288          0          0        852   m_ws.l
      1480         76          0          4          0        892   mc_w.l
      1628          0          0          0          0       1372   mf_w.l

    ----------------------------------------------------------------------
      5088        210        288          4          0       3116   Library Totals

    ----------------------------------------------------------------------

==============================================================================


      Code (inc. data)   RO Data    RW Data    ZI Data      Debug   

      8008        794        320         20        596      75567   Grand Totals
      8008        794        320         20        596      75567   ELF Image Totals
      8008        794        320         20          0          0   ROM Totals

==============================================================================

    Total RO  Size (Code + RO Data)                 8328 (   8.13kB)
    Total RW  Size (RW Data + ZI Data)               616 (   0.60kB)
    Total ROM Size (Code + RO Data + RW Data)       8348 (   8.15kB)

==============================================================================

