ARM Linker, 5.03 [Build 76] [MDK-ARM Standard]

==============================================================================

Section Cross References

    main.o(i.ViewSector) refers to sd.o(i.SD_ReadDisk) for SD_ReadDisk
    main.o(i.ViewSector) refers to printf5.o(i.__0printf$5) for __2printf
    main.o(i.ViewSector) refers to main.o(.bss) for .bss
    main.o(i.main) refers to usart.o(i.InitUSART0) for InitUSART0
    main.o(i.main) refers to sd.o(i.SD_SPI_Init) for SD_SPI_Init
    main.o(i.main) refers to printf5.o(i.__0printf$5) for __2printf
    main.o(i.main) refers to sd.o(i.SD_Init) for SD_Init
    main.o(i.main) refers to main.o(i.ViewSector) for ViewSector
    main.o(i.main) refers to sd.o(i.SD_WriteDisk) for SD_WriteDisk
    main.o(i.main) refers to main.o(.bss) for .bss
    usart.o(i.InitUSART0) refers to ht32f1655_56_ckcu.o(i.CKCU_PeripClockConfig) for CKCU_PeripClockConfig
    usart.o(i.InitUSART0) refers to ht32f1655_56_gpio.o(i.AFIO_GPxConfig) for AFIO_GPxConfig
    usart.o(i.InitUSART0) refers to ht32f1655_56_usart.o(i.USART_Init) for USART_Init
    usart.o(i.InitUSART0) refers to ht32f1655_56_usart.o(i.USART_TxCmd) for USART_TxCmd
    usart.o(i.InitUSART0) refers to ht32f1655_56_usart.o(i.USART_RxCmd) for USART_RxCmd
    spi.o(i.SPI0_Init) refers to ht32f1655_56_ckcu.o(i.CKCU_PeripClockConfig) for CKCU_PeripClockConfig
    spi.o(i.SPI0_Init) refers to ht32f1655_56_gpio.o(i.GPIO_PullResistorConfig) for GPIO_PullResistorConfig
    spi.o(i.SPI0_Init) refers to ht32f1655_56_gpio.o(i.AFIO_GPxConfig) for AFIO_GPxConfig
    spi.o(i.SPI0_Init) refers to ht32f1655_56_spi.o(i.SPI_Init) for SPI_Init
    spi.o(i.SPI0_Init) refers to ht32f1655_56_spi.o(i.SPI_SELOutputCmd) for SPI_SELOutputCmd
    spi.o(i.SPI0_Init) refers to ht32f1655_56_spi.o(i.SPI_Cmd) for SPI_Cmd
    spi.o(i.SPI0_Init) refers to spi.o(.bss) for .bss
    spi.o(i.SPI0_ReadWriteByte) refers to ht32f1655_56_spi.o(i.SPI_GetFlagStatus) for SPI_GetFlagStatus
    spi.o(i.SPI0_ReadWriteByte) refers to ht32f1655_56_spi.o(i.SPI_SendData) for SPI_SendData
    spi.o(i.SPI0_ReadWriteByte) refers to ht32f1655_56_spi.o(i.SPI_ReceiveData) for SPI_ReceiveData
    spi.o(i.SPI0_SetSpeed) refers to ht32f1655_56_spi.o(i.SPI_Init) for SPI_Init
    spi.o(i.SPI0_SetSpeed) refers to ht32f1655_56_spi.o(i.SPI_Cmd) for SPI_Cmd
    spi.o(i.SPI0_SetSpeed) refers to spi.o(.bss) for .bss
    sd.o(i.SD_DisSelect) refers to ht32f1655_56_spi.o(i.SPI_SoftwareSELCmd) for SPI_SoftwareSELCmd
    sd.o(i.SD_DisSelect) refers to spi.o(i.SPI0_ReadWriteByte) for SPI0_ReadWriteByte
    sd.o(i.SD_GetResponse) refers to spi.o(i.SPI0_ReadWriteByte) for SPI0_ReadWriteByte
    sd.o(i.SD_Init) refers to spi.o(i.SPI0_SetSpeed) for SPI0_SetSpeed
    sd.o(i.SD_Init) refers to spi.o(i.SPI0_ReadWriteByte) for SPI0_ReadWriteByte
    sd.o(i.SD_Init) refers to sd.o(i.SD_SendCmd) for SD_SendCmd
    sd.o(i.SD_Init) refers to sd.o(i.SD_DisSelect) for SD_DisSelect
    sd.o(i.SD_Init) refers to sd.o(.data) for .data
    sd.o(i.SD_ReadDisk) refers to sd.o(i.SD_SendCmd) for SD_SendCmd
    sd.o(i.SD_ReadDisk) refers to sd.o(i.SD_RecvData) for SD_RecvData
    sd.o(i.SD_ReadDisk) refers to sd.o(i.SD_DisSelect) for SD_DisSelect
    sd.o(i.SD_ReadDisk) refers to sd.o(.data) for .data
    sd.o(i.SD_RecvData) refers to sd.o(i.SD_GetResponse) for SD_GetResponse
    sd.o(i.SD_RecvData) refers to spi.o(i.SPI0_ReadWriteByte) for SPI0_ReadWriteByte
    sd.o(i.SD_SPI_Init) refers to spi.o(i.SPI0_Init) for SPI0_Init
    sd.o(i.SD_Select) refers to ht32f1655_56_spi.o(i.SPI_SoftwareSELCmd) for SPI_SoftwareSELCmd
    sd.o(i.SD_Select) refers to sd.o(i.SD_WaitReady) for SD_WaitReady
    sd.o(i.SD_Select) refers to sd.o(i.SD_DisSelect) for SD_DisSelect
    sd.o(i.SD_SendBlock) refers to sd.o(i.SD_WaitReady) for SD_WaitReady
    sd.o(i.SD_SendBlock) refers to spi.o(i.SPI0_ReadWriteByte) for SPI0_ReadWriteByte
    sd.o(i.SD_SendCmd) refers to sd.o(i.SD_DisSelect) for SD_DisSelect
    sd.o(i.SD_SendCmd) refers to sd.o(i.SD_Select) for SD_Select
    sd.o(i.SD_SendCmd) refers to spi.o(i.SPI0_ReadWriteByte) for SPI0_ReadWriteByte
    sd.o(i.SD_WaitReady) refers to spi.o(i.SPI0_ReadWriteByte) for SPI0_ReadWriteByte
    sd.o(i.SD_WriteDisk) refers to sd.o(i.SD_SendCmd) for SD_SendCmd
    sd.o(i.SD_WriteDisk) refers to sd.o(i.SD_SendBlock) for SD_SendBlock
    sd.o(i.SD_WriteDisk) refers to sd.o(i.SD_DisSelect) for SD_DisSelect
    sd.o(i.SD_WriteDisk) refers to sd.o(.data) for .data
    system_ht32f165x.o(i.SystemCoreClockUpdate) refers to system_ht32f165x.o(.data) for .data
    startup_ht32f165x.o(RESET) refers to startup_ht32f165x.o(STACK) for __initial_sp
    startup_ht32f165x.o(RESET) refers to ht32f165x_it.o(i.NMI_Handler) for NMI_Handler
    startup_ht32f165x.o(RESET) refers to ht32f165x_it.o(i.HardFault_Handler) for HardFault_Handler
    startup_ht32f165x.o(RESET) refers to ht32f165x_it.o(i.MemManage_Handler) for MemManage_Handler
[...]
    dfixul.o(.text) refers to llshl.o(.text) for __aeabi_llsl
    init.o(.text) refers to entry5.o(.ARM.Collect$$$$00000004) for __main_after_scatterload
    depilogue.o(.text) refers to llshl.o(.text) for __aeabi_llsl
    depilogue.o(.text) refers to llushr.o(.text) for __aeabi_llsr


==============================================================================

Removing Unused input sections from the image.

    Removing main.o(.rev16_text), (4 bytes).
    Removing main.o(.revsh_text), (4 bytes).
    Removing main.o(.rrx_text), (6 bytes).
    Removing ht32f165x_it.o(.rev16_text), (4 bytes).
    Removing ht32f165x_it.o(.revsh_text), (4 bytes).
    Removing ht32f165x_it.o(.rrx_text), (6 bytes).
    Removing usart.o(.rev16_text), (4 bytes).
    Removing usart.o(.revsh_text), (4 bytes).
    Removing usart.o(.rrx_text), (6 bytes).
    Removing spi.o(.rev16_text), (4 bytes).
    Removing spi.o(.revsh_text), (4 bytes).
    Removing spi.o(.rrx_text), (6 bytes).
    Removing sd.o(.rev16_text), (4 bytes).
    Removing sd.o(.revsh_text), (4 bytes).
    Removing sd.o(.rrx_text), (6 bytes).
    Removing system_ht32f165x.o(.rev16_text), (4 bytes).
    Removing system_ht32f165x.o(.revsh_text), (4 bytes).
    Removing system_ht32f165x.o(.rrx_text), (6 bytes).
    Removing system_ht32f165x.o(i.SystemCoreClockUpdate), (96 bytes).
    Removing system_ht32f165x.o(.data), (4 bytes).
    Removing startup_ht32f165x.o(HEAP), (0 bytes).
    Removing ht32_usbd_core.o(.rev16_text), (4 bytes).
    Removing ht32_usbd_core.o(.revsh_text), (4 bytes).
    Removing ht32_usbd_core.o(.rrx_text), (6 bytes).
    Removing ht32_usbd_core.o(i.USBDCore_GetRemoteWakeUpFeature), (10 bytes).
    Removing ht32_usbd_core.o(i.USBDCore_GetStatus), (16 bytes).
    Removing ht32_usbd_core.o(i.USBDCore_IRQHandler), (430 bytes).
    Removing ht32_usbd_core.o(i.USBDCore_Init), (24 bytes).
    Removing ht32_usbd_core.o(i.USBDCore_IsSuspend), (16 bytes).
    Removing ht32_usbd_core.o(i.USBDCore_MainRoutine), (64 bytes).
    Removing ht32_usbd_core.o(i.USBDCore_TriggerRemoteWakeup), (14 bytes).
    Removing ht32_usbd_core.o(i._USBDCore_ControlIN), (66 bytes).
    Removing ht32_usbd_core.o(i._USBDCore_Standard_GetStatus), (54 bytes).
    Removing ht32_usbd_core.o(i._USBDCore_Standard_Request), (284 bytes).
    Removing ht32_usbd_core.o(i._USBDCore_Standard_SetClearFeature), (74 bytes).
    Removing ht32_usbd_core.o(.data), (4 bytes).
    Removing ht32_cm3_misc.o(.rev16_text), (4 bytes).
    Removing ht32_cm3_misc.o(.revsh_text), (4 bytes).
    Removing ht32_cm3_misc.o(.rrx_text), (6 bytes).
    Removing ht32_cm3_misc.o(i.NVIC_CoreReset), (16 bytes).
    Removing ht32_cm3_misc.o(i.NVIC_LowPowerConfig), (24 bytes).
    Removing ht32_cm3_misc.o(i.NVIC_SetPendingSystemHandler), (16 bytes).
    Removing ht32_cm3_misc.o(i.NVIC_SetVectorTable), (20 bytes).
    Removing ht32_cm3_misc.o(i.SYSTICK_ClockSourceConfig), (24 bytes).
    Removing ht32_cm3_misc.o(i.SYSTICK_CounterCmd), (32 bytes).
    Removing ht32_cm3_misc.o(i.SYSTICK_IntConfig), (24 bytes).
    Removing ht32_cm3_misc.o(i.SYSTICK_SetReloadValue), (8 bytes).
    Removing ht32f1655_56_adc.o(.rev16_text), (4 bytes).
    Removing ht32f1655_56_adc.o(.revsh_text), (4 bytes).
    Removing ht32f1655_56_adc.o(.rrx_text), (6 bytes).
    Removing ht32f1655_56_adc.o(i.ADC_AWDConfig), (16 bytes).
    Removing ht32f1655_56_adc.o(i.ADC_AWDSingleChannelConfig), (18 bytes).
    Removing ht32f1655_56_adc.o(i.ADC_AWDThresholdsConfig), (10 bytes).
    Removing ht32f1655_56_adc.o(i.ADC_ClearIntPendingBit), (6 bytes).
    Removing ht32f1655_56_adc.o(i.ADC_DeInit), (14 bytes).
    Removing ht32f1655_56_adc.o(i.ADC_GetConversionData), (12 bytes).
    Removing ht32f1655_56_adc.o(i.ADC_GetFlagStatus), (12 bytes).
    Removing ht32f1655_56_adc.o(i.ADC_GetHPConversionData), (12 bytes).
    Removing ht32f1655_56_adc.o(i.ADC_GetIntStatus), (12 bytes).
    Removing ht32f1655_56_adc.o(i.ADC_HPChannelConfig), (28 bytes).
    Removing ht32f1655_56_adc.o(i.ADC_HPGroupConfig), (22 bytes).
    Removing ht32f1655_56_adc.o(i.ADC_HPSoftwareStartConvCmd), (24 bytes).
    Removing ht32f1655_56_adc.o(i.ADC_HPTrigConfig), (12 bytes).
    Removing ht32f1655_56_adc.o(i.ADC_IntConfig), (20 bytes).
    Removing ht32f1655_56_adc.o(i.ADC_PDMAConfig), (20 bytes).
    Removing ht32f1655_56_adc.o(i.ADC_RegularChannelConfig), (34 bytes).
    Removing ht32f1655_56_adc.o(i.ADC_RegularGroupConfig), (22 bytes).
    Removing ht32f1655_56_adc.o(i.ADC_RegularTrigConfig), (12 bytes).
    Removing ht32f1655_56_adc.o(i.ADC_Reset), (10 bytes).
    Removing ht32f1655_56_adc.o(i.ADC_SoftwareStartConvCmd), (24 bytes).
    Removing ht32f1655_56_bftm.o(.rev16_text), (4 bytes).
    Removing ht32f1655_56_bftm.o(.revsh_text), (4 bytes).
    Removing ht32f1655_56_bftm.o(.rrx_text), (6 bytes).
    Removing ht32f1655_56_bftm.o(i.BFTM_ClearFlag), (14 bytes).
    Removing ht32f1655_56_bftm.o(i.BFTM_DeInit), (32 bytes).
    Removing ht32f1655_56_bftm.o(i.BFTM_EnaCmd), (20 bytes).
    Removing ht32f1655_56_bftm.o(i.BFTM_GetCompare), (4 bytes).
    Removing ht32f1655_56_bftm.o(i.BFTM_GetCounter), (4 bytes).
    Removing ht32f1655_56_bftm.o(i.BFTM_GetFlagStatus), (10 bytes).
    Removing ht32f1655_56_bftm.o(i.BFTM_IntConfig), (20 bytes).
    Removing ht32f1655_56_bftm.o(i.BFTM_OneShotModeCmd), (20 bytes).
    Removing ht32f1655_56_bftm.o(i.BFTM_SetCompare), (4 bytes).
    Removing ht32f1655_56_bftm.o(i.BFTM_SetCounter), (4 bytes).
    Removing ht32f1655_56_ckcu.o(.rev16_text), (4 bytes).
    Removing ht32f1655_56_ckcu.o(.revsh_text), (4 bytes).
    Removing ht32f1655_56_ckcu.o(.rrx_text), (6 bytes).
    Removing ht32f1655_56_ckcu.o(i.CKCU_BKISOCmd), (20 bytes).
    Removing ht32f1655_56_ckcu.o(i.CKCU_CKMCmd), (12 bytes).
    Removing ht32f1655_56_ckcu.o(i.CKCU_CKOUTConfig), (20 bytes).
    Removing ht32f1655_56_ckcu.o(i.CKCU_ClearIntFlag), (16 bytes).
    Removing ht32f1655_56_ckcu.o(i.CKCU_DeInit), (84 bytes).
    Removing ht32f1655_56_ckcu.o(i.CKCU_GetClockReadyStatus), (20 bytes).
    Removing ht32f1655_56_ckcu.o(i.CKCU_GetIntStatus), (20 bytes).
    Removing ht32f1655_56_ckcu.o(i.CKCU_GetSysClockSource), (12 bytes).
    Removing ht32f1655_56_ckcu.o(i.CKCU_HSECmd), (12 bytes).
    Removing ht32f1655_56_ckcu.o(i.CKCU_HSICmd), (12 bytes).
    Removing ht32f1655_56_ckcu.o(i.CKCU_IS_HSE_USED), (20 bytes).
    Removing ht32f1655_56_ckcu.o(i.CKCU_IS_HSI_USED), (20 bytes).
    Removing ht32f1655_56_ckcu.o(i.CKCU_IS_PLL_USED), (20 bytes).
    Removing ht32f1655_56_ckcu.o(i.CKCU_IntConfig), (24 bytes).
    Removing ht32f1655_56_ckcu.o(i.CKCU_MCUDBGConfig), (28 bytes).
    Removing ht32f1655_56_ckcu.o(i.CKCU_PLLCmd), (12 bytes).
    Removing ht32f1655_56_ckcu.o(i.CKCU_PLLInit), (32 bytes).
    Removing ht32f1655_56_ckcu.o(i.CKCU_PSRCWKUPCmd), (12 bytes).
    Removing ht32f1655_56_ckcu.o(i.CKCU_SetADCPrescaler), (20 bytes).
    Removing ht32f1655_56_ckcu.o(i.CKCU_SetCKREFPrescaler), (20 bytes).
    Removing ht32f1655_56_ckcu.o(i.CKCU_SetHCLKPrescaler), (12 bytes).
    Removing ht32f1655_56_ckcu.o(i.CKCU_SetUSARTPrescaler), (20 bytes).
    Removing ht32f1655_56_ckcu.o(i.CKCU_SetUSBPrescaler), (20 bytes).
    Removing ht32f1655_56_ckcu.o(i.CKCU_SleepClockConfig), (24 bytes).
    Removing ht32f1655_56_ckcu.o(i.CKCU_SysClockConfig), (44 bytes).
    Removing ht32f1655_56_ckcu.o(i.CKCU_WaitHSEReady), (32 bytes).
    Removing ht32f1655_56_cmp_op.o(.rev16_text), (4 bytes).
    Removing ht32f1655_56_cmp_op.o(.revsh_text), (4 bytes).
    Removing ht32f1655_56_cmp_op.o(.rrx_text), (6 bytes).
    Removing ht32f1655_56_cmp_op.o(i.CMP_OP_CancellationModeConfig), (16 bytes).
    Removing ht32f1655_56_cmp_op.o(i.CMP_OP_ClearIntPendingBit), (4 bytes).
    Removing ht32f1655_56_cmp_op.o(i.CMP_OP_Cmd), (20 bytes).
    Removing ht32f1655_56_cmp_op.o(i.CMP_OP_Config), (14 bytes).
    Removing ht32f1655_56_cmp_op.o(i.CMP_OP_DeInit), (32 bytes).
    Removing ht32f1655_56_cmp_op.o(i.CMP_OP_GetCancellationVaule), (4 bytes).
    Removing ht32f1655_56_cmp_op.o(i.CMP_OP_GetFlagStatus), (10 bytes).
    Removing ht32f1655_56_cmp_op.o(i.CMP_OP_GetIntStatus), (10 bytes).
    Removing ht32f1655_56_cmp_op.o(i.CMP_OP_GetOutputStatus), (14 bytes).
    Removing ht32f1655_56_cmp_op.o(i.CMP_OP_IntConfig), (16 bytes).
    Removing ht32f1655_56_cmp_op.o(i.CMP_OP_SetCancellationVaule), (4 bytes).
    Removing ht32f1655_56_crc.o(.rev16_text), (4 bytes).
    Removing ht32f1655_56_crc.o(.revsh_text), (4 bytes).
    Removing ht32f1655_56_crc.o(.rrx_text), (6 bytes).
    Removing ht32f1655_56_crc.o(i.CRC_16), (32 bytes).
    Removing ht32f1655_56_crc.o(i.CRC_32), (28 bytes).
    Removing ht32f1655_56_crc.o(i.CRC_CCITT), (32 bytes).
    Removing ht32f1655_56_crc.o(i.CRC_DeInit), (12 bytes).
    Removing ht32f1655_56_crc.o(i.CRC_Init), (34 bytes).
    Removing ht32f1655_56_crc.o(i.CRC_Process), (24 bytes).
    Removing ht32f1655_56_ebi.o(.rev16_text), (4 bytes).
    Removing ht32f1655_56_ebi.o(.revsh_text), (4 bytes).
    Removing ht32f1655_56_ebi.o(.rrx_text), (6 bytes).
    Removing ht32f1655_56_ebi.o(i.EBI_ClearIntFlag), (12 bytes).
    Removing ht32f1655_56_ebi.o(i.EBI_Cmd), (24 bytes).
    Removing ht32f1655_56_ebi.o(i.EBI_DeInit), (12 bytes).
    Removing ht32f1655_56_ebi.o(i.EBI_GetARDYStatus), (20 bytes).
    Removing ht32f1655_56_ebi.o(i.EBI_GetBusyStatus), (16 bytes).
    Removing ht32f1655_56_ebi.o(i.EBI_GetIntStatus), (20 bytes).
    Removing ht32f1655_56_ebi.o(i.EBI_Init), (212 bytes).
    Removing ht32f1655_56_ebi.o(i.EBI_IntConfig), (24 bytes).
    Removing ht32f1655_56_ebi.o(i.EBI_StructInit), (70 bytes).
    Removing ht32f1655_56_exti.o(.rev16_text), (4 bytes).
    Removing ht32f1655_56_exti.o(.revsh_text), (4 bytes).
    Removing ht32f1655_56_exti.o(.rrx_text), (6 bytes).
    Removing ht32f1655_56_exti.o(i.EXTI_ClearEdgeFlag), (16 bytes).
    Removing ht32f1655_56_exti.o(i.EXTI_ClearWakeupFlag), (20 bytes).
    Removing ht32f1655_56_exti.o(i.EXTI_DeInit), (48 bytes).
    Removing ht32f1655_56_exti.o(i.EXTI_GetEdgeStatus), (40 bytes).
    Removing ht32f1655_56_exti.o(i.EXTI_GetSWCmdStatus), (24 bytes).
    Removing ht32f1655_56_exti.o(i.EXTI_GetWakeupFlagStatus), (24 bytes).
    Removing ht32f1655_56_exti.o(i.EXTI_Init), (28 bytes).
    Removing ht32f1655_56_exti.o(i.EXTI_IntConfig), (28 bytes).
    Removing ht32f1655_56_exti.o(i.EXTI_SWIntCmd), (28 bytes).
    Removing ht32f1655_56_exti.o(i.EXTI_WakeupEventConfig), (44 bytes).
    Removing ht32f1655_56_exti.o(i.EXTI_WakeupEventIntConfig), (28 bytes).
    Removing ht32f1655_56_flash.o(.rev16_text), (4 bytes).
    Removing ht32f1655_56_flash.o(.revsh_text), (4 bytes).
    Removing ht32f1655_56_flash.o(.rrx_text), (6 bytes).
    Removing ht32f1655_56_flash.o(i.FLASH_BranchCacheCmd), (32 bytes).
    Removing ht32f1655_56_flash.o(i.FLASH_ClearIntFlag), (12 bytes).
    Removing ht32f1655_56_flash.o(i.FLASH_DcodeCacheCmd), (32 bytes).
    Removing ht32f1655_56_flash.o(i.FLASH_EraseOptionByte), (24 bytes).
    Removing ht32f1655_56_flash.o(i.FLASH_ErasePage), (16 bytes).
    Removing ht32f1655_56_flash.o(i.FLASH_FlashHalfCycleCmd), (48 bytes).
    Removing ht32f1655_56_flash.o(i.FLASH_FlashZwPwrSavingCmd), (48 bytes).
    Removing ht32f1655_56_flash.o(i.FLASH_GetIntStatus), (20 bytes).
    Removing ht32f1655_56_flash.o(i.FLASH_GetOptionByteStatus), (48 bytes).
    Removing ht32f1655_56_flash.o(i.FLASH_IntConfig), (24 bytes).
    Removing ht32f1655_56_flash.o(i.FLASH_MassErase), (16 bytes).
    Removing ht32f1655_56_flash.o(i.FLASH_PrefetchBufferCmd), (32 bytes).
    Removing ht32f1655_56_flash.o(i.FLASH_ProgramOptionByte), (80 bytes).
    Removing ht32f1655_56_flash.o(i.FLASH_ProgramWordData), (20 bytes).
    Removing ht32f1655_56_flash.o(i.FLASH_SetRemappingMode), (12 bytes).
    Removing ht32f1655_56_flash.o(i.FLASH_SetWaitState), (20 bytes).
    Removing ht32f1655_56_flash.o(i.FLASH_WaitForOperationEnd), (76 bytes).
    Removing ht32f1655_56_gpio.o(.rev16_text), (4 bytes).
    Removing ht32f1655_56_gpio.o(.revsh_text), (4 bytes).
    Removing ht32f1655_56_gpio.o(.rrx_text), (6 bytes).
    Removing ht32f1655_56_gpio.o(i.AFIO_DeInit), (14 bytes).
    Removing ht32f1655_56_gpio.o(i.AFIO_EXTISourceConfig), (44 bytes).
    Removing ht32f1655_56_gpio.o(i.GPIO_ClearOutBits), (4 bytes).
    Removing ht32f1655_56_gpio.o(i.GPIO_DeInit), (72 bytes).
    Removing ht32f1655_56_gpio.o(i.GPIO_DirectionConfig), (16 bytes).
    Removing ht32f1655_56_gpio.o(i.GPIO_DriveConfig), (16 bytes).
    Removing ht32f1655_56_gpio.o(i.GPIO_InputConfig), (16 bytes).
    Removing ht32f1655_56_gpio.o(i.GPIO_IsPinLocked), (10 bytes).
    Removing ht32f1655_56_gpio.o(i.GPIO_IsPortLocked), (10 bytes).
    Removing ht32f1655_56_gpio.o(i.GPIO_OpenDrainConfig), (16 bytes).
    Removing ht32f1655_56_gpio.o(i.GPIO_PinLock), (12 bytes).
    Removing ht32f1655_56_gpio.o(i.GPIO_ReadInBit), (10 bytes).
    Removing ht32f1655_56_gpio.o(i.GPIO_ReadInData), (6 bytes).
    Removing ht32f1655_56_gpio.o(i.GPIO_ReadOutBit), (10 bytes).
    Removing ht32f1655_56_gpio.o(i.GPIO_ReadOutData), (6 bytes).
    Removing ht32f1655_56_gpio.o(i.GPIO_SetOutBits), (4 bytes).
    Removing ht32f1655_56_gpio.o(i.GPIO_WriteOutBits), (10 bytes).
    Removing ht32f1655_56_gpio.o(i.GPIO_WriteOutData), (4 bytes).
    Removing ht32f1655_56_gpio.o(i._AFIO_ClockControl), (40 bytes).
    Removing ht32f1655_56_gpio.o(i._GPIO_ClockControl), (52 bytes).
    Removing ht32f1655_56_gptm.o(.rev16_text), (4 bytes).
    Removing ht32f1655_56_gptm.o(.revsh_text), (4 bytes).
    Removing ht32f1655_56_gptm.o(.rrx_text), (6 bytes).
    Removing ht32f1655_56_gptm.o(i.GPTM_CHCCDSConfig), (20 bytes).
    Removing ht32f1655_56_gptm.o(i.GPTM_CHCCRPreloadConfig), (24 bytes).
    Removing ht32f1655_56_gptm.o(i.GPTM_CHPSCConfig), (20 bytes).
    Removing ht32f1655_56_gptm.o(i.GPTM_CKDIVConfig), (16 bytes).
    Removing ht32f1655_56_gptm.o(i.GPTM_CRRPreloadCmd), (20 bytes).
    Removing ht32f1655_56_gptm.o(i.GPTM_CaptureInit), (36 bytes).
    Removing ht32f1655_56_gptm.o(i.GPTM_CaptureStructInit), (18 bytes).
    Removing ht32f1655_56_gptm.o(i.GPTM_ChExternalClockConfig), (48 bytes).
    Removing ht32f1655_56_gptm.o(i.GPTM_ChPolarityConfig), (20 bytes).
    Removing ht32f1655_56_gptm.o(i.GPTM_ChannelConfig), (24 bytes).
    Removing ht32f1655_56_gptm.o(i.GPTM_ClearFlag), (10 bytes).
    Removing ht32f1655_56_gptm.o(i.GPTM_ClearIntPendingBit), (10 bytes).
    Removing ht32f1655_56_gptm.o(i.GPTM_ClearOREFConfig), (24 bytes).
    Removing ht32f1655_56_gptm.o(i.GPTM_Cmd), (20 bytes).
    Removing ht32f1655_56_gptm.o(i.GPTM_CounterModeConfig), (24 bytes).
    Removing ht32f1655_56_gptm.o(i.GPTM_DeInit), (32 bytes).
    Removing ht32f1655_56_gptm.o(i.GPTM_DecoderConfig), (56 bytes).
    Removing ht32f1655_56_gptm.o(i.GPTM_EtiConfig), (24 bytes).
    Removing ht32f1655_56_gptm.o(i.GPTM_EtiExternalClockConfig), (18 bytes).
    Removing ht32f1655_56_gptm.o(i.GPTM_ForcedOREF0), (14 bytes).
    Removing ht32f1655_56_gptm.o(i.GPTM_ForcedOREF1), (14 bytes).
    Removing ht32f1655_56_gptm.o(i.GPTM_ForcedOREF2), (14 bytes).
    Removing ht32f1655_56_gptm.o(i.GPTM_ForcedOREF3), (14 bytes).
    Removing ht32f1655_56_gptm.o(i.GPTM_GenerateEvent), (4 bytes).
    Removing ht32f1655_56_gptm.o(i.GPTM_GetCaptureCompare0), (6 bytes).
    Removing ht32f1655_56_gptm.o(i.GPTM_GetCaptureCompare1), (6 bytes).
    Removing ht32f1655_56_gptm.o(i.GPTM_GetCaptureCompare2), (6 bytes).
    Removing ht32f1655_56_gptm.o(i.GPTM_GetCaptureCompare3), (6 bytes).
    Removing ht32f1655_56_gptm.o(i.GPTM_GetCounter), (6 bytes).
    Removing ht32f1655_56_gptm.o(i.GPTM_GetFlagStatus), (10 bytes).
    Removing ht32f1655_56_gptm.o(i.GPTM_GetIntStatus), (22 bytes).
    Removing ht32f1655_56_gptm.o(i.GPTM_GetPrescaler), (6 bytes).
    Removing ht32f1655_56_gptm.o(i.GPTM_HallInterfaceCmd), (20 bytes).
    Removing ht32f1655_56_gptm.o(i.GPTM_ImmActiveConfig), (24 bytes).
    Removing ht32f1655_56_gptm.o(i.GPTM_IntConfig), (16 bytes).
    Removing ht32f1655_56_gptm.o(i.GPTM_InternalClockConfig), (10 bytes).
    Removing ht32f1655_56_gptm.o(i.GPTM_ItiExternalClockConfig), (18 bytes).
    Removing ht32f1655_56_gptm.o(i.GPTM_MMSELConfig), (12 bytes).
    Removing ht32f1655_56_gptm.o(i.GPTM_OutputInit), (88 bytes).
    Removing ht32f1655_56_gptm.o(i.GPTM_OutputModeConfig), (32 bytes).
    Removing ht32f1655_56_gptm.o(i.GPTM_OutputStructInit), (16 bytes).
    Removing ht32f1655_56_gptm.o(i.GPTM_PDMAConfig), (16 bytes).
    Removing ht32f1655_56_gptm.o(i.GPTM_PrescalerConfig), (8 bytes).
    Removing ht32f1655_56_gptm.o(i.GPTM_PwmInputInit), (90 bytes).
    Removing ht32f1655_56_gptm.o(i.GPTM_SetAsymmetricCompare0), (6 bytes).
    Removing ht32f1655_56_gptm.o(i.GPTM_SetAsymmetricCompare1), (6 bytes).
    Removing ht32f1655_56_gptm.o(i.GPTM_SetAsymmetricCompare2), (6 bytes).
    Removing ht32f1655_56_gptm.o(i.GPTM_SetAsymmetricCompare3), (6 bytes).
    Removing ht32f1655_56_gptm.o(i.GPTM_SetCaptureCompare0), (6 bytes).
    Removing ht32f1655_56_gptm.o(i.GPTM_SetCaptureCompare1), (6 bytes).
    Removing ht32f1655_56_gptm.o(i.GPTM_SetCaptureCompare2), (6 bytes).
    Removing ht32f1655_56_gptm.o(i.GPTM_SetCaptureCompare3), (6 bytes).
    Removing ht32f1655_56_gptm.o(i.GPTM_SetCounter), (6 bytes).
    Removing ht32f1655_56_gptm.o(i.GPTM_SetCounterReload), (6 bytes).
    Removing ht32f1655_56_gptm.o(i.GPTM_SinglePulseModeCmd), (20 bytes).
    Removing ht32f1655_56_gptm.o(i.GPTM_SlaveModeConfig), (12 bytes).
    Removing ht32f1655_56_gptm.o(i.GPTM_StiConfig), (24 bytes).
    Removing ht32f1655_56_gptm.o(i.GPTM_TimSyncCmd), (20 bytes).
    Removing ht32f1655_56_gptm.o(i.GPTM_TimeBaseInit), (42 bytes).
    Removing ht32f1655_56_gptm.o(i.GPTM_TimeBaseStructInit), (20 bytes).
    Removing ht32f1655_56_gptm.o(i.GPTM_UEVG_IntConfig), (20 bytes).
    Removing ht32f1655_56_gptm.o(i.GPTM_UpdateCmd), (20 bytes).
    Removing ht32f1655_56_gptm.o(i.gptm_CHx_Config), (64 bytes).
    Removing ht32f1655_56_i2c.o(.rev16_text), (4 bytes).
    Removing ht32f1655_56_i2c.o(.revsh_text), (4 bytes).
    Removing ht32f1655_56_i2c.o(.rrx_text), (6 bytes).
    Removing ht32f1655_56_i2c.o(i.I2C_AckCmd), (20 bytes).
    Removing ht32f1655_56_i2c.o(i.I2C_AddressMaskConfig), (4 bytes).
    Removing ht32f1655_56_i2c.o(i.I2C_CheckStatus), (14 bytes).
    Removing ht32f1655_56_i2c.o(i.I2C_ClearFlag), (4 bytes).
    Removing ht32f1655_56_i2c.o(i.I2C_Cmd), (20 bytes).
    Removing ht32f1655_56_i2c.o(i.I2C_CombFilterCmd), (20 bytes).
    Removing ht32f1655_56_i2c.o(i.I2C_DeInit), (28 bytes).
    Removing ht32f1655_56_i2c.o(i.I2C_GeneralCallCmd), (20 bytes).
    Removing ht32f1655_56_i2c.o(i.I2C_GenerateSTOP), (10 bytes).
    Removing ht32f1655_56_i2c.o(i.I2C_GetAddressBuffer), (6 bytes).
    Removing ht32f1655_56_i2c.o(i.I2C_GetFlagStatus), (10 bytes).
    Removing ht32f1655_56_i2c.o(i.I2C_Init), (134 bytes).
    Removing ht32f1655_56_i2c.o(i.I2C_IntConfig), (16 bytes).
    Removing ht32f1655_56_i2c.o(i.I2C_PDMACmd), (16 bytes).
    Removing ht32f1655_56_i2c.o(i.I2C_PDMANACKCmd), (20 bytes).
    Removing ht32f1655_56_i2c.o(i.I2C_ReadRegister), (10 bytes).
    Removing ht32f1655_56_i2c.o(i.I2C_ReceiveData), (6 bytes).
    Removing ht32f1655_56_i2c.o(i.I2C_SendData), (4 bytes).
    Removing ht32f1655_56_i2c.o(i.I2C_SequentialFilterConfig), (112 bytes).
    Removing ht32f1655_56_i2c.o(i.I2C_SetOwnAddress), (4 bytes).
    Removing ht32f1655_56_i2c.o(i.I2C_SetSCLHighPeriod), (4 bytes).
    Removing ht32f1655_56_i2c.o(i.I2C_SetSCLLowPeriod), (4 bytes).
    Removing ht32f1655_56_i2c.o(i.I2C_SetTimeOutPrescaler), (10 bytes).
    Removing ht32f1655_56_i2c.o(i.I2C_SetTimeOutValue), (12 bytes).
    Removing ht32f1655_56_i2c.o(i.I2C_StructInit), (20 bytes).
    Removing ht32f1655_56_i2c.o(i.I2C_TargetAddressConfig), (16 bytes).
    Removing ht32f1655_56_i2c.o(i.I2C_TimeOutCmd), (20 bytes).
    Removing ht32f1655_56_i2s.o(.rev16_text), (4 bytes).
    Removing ht32f1655_56_i2s.o(.revsh_text), (4 bytes).
    Removing ht32f1655_56_i2s.o(.rrx_text), (6 bytes).
    Removing ht32f1655_56_i2s.o(i.I2S_ClearFlag), (12 bytes).
    Removing ht32f1655_56_i2s.o(i.I2S_Cmd), (28 bytes).
    Removing ht32f1655_56_i2s.o(i.I2S_DeInit), (14 bytes).
    Removing ht32f1655_56_i2s.o(i.I2S_FIFOReset), (16 bytes).
    Removing ht32f1655_56_i2s.o(i.I2S_FIFOTrigLevelConfig), (40 bytes).
    Removing ht32f1655_56_i2s.o(i.I2S_GetFIFOStatus), (24 bytes).
    Removing ht32f1655_56_i2s.o(i.I2S_GetFlagStatus), (20 bytes).
    Removing ht32f1655_56_i2s.o(i.I2S_Init), (112 bytes).
    Removing ht32f1655_56_i2s.o(i.I2S_IntConfig), (24 bytes).
    Removing ht32f1655_56_i2s.o(i.I2S_PDMACmd), (24 bytes).
    Removing ht32f1655_56_i2s.o(i.I2S_TxMuteCmd), (28 bytes).
    Removing ht32f1655_56_mctm.o(.rev16_text), (4 bytes).
    Removing ht32f1655_56_mctm.o(.revsh_text), (4 bytes).
    Removing ht32f1655_56_mctm.o(.rrx_text), (6 bytes).
    Removing ht32f1655_56_mctm.o(i.MCTM_CHBRKCTRConfig), (54 bytes).
    Removing ht32f1655_56_mctm.o(i.MCTM_CHBRKCTRStructInit), (28 bytes).
    Removing ht32f1655_56_mctm.o(i.MCTM_CHCCDSConfig), (20 bytes).
    Removing ht32f1655_56_mctm.o(i.MCTM_CHCCRPreloadConfig), (24 bytes).
    Removing ht32f1655_56_mctm.o(i.MCTM_CHMOECmd), (20 bytes).
    Removing ht32f1655_56_mctm.o(i.MCTM_CHPSCConfig), (20 bytes).
    Removing ht32f1655_56_mctm.o(i.MCTM_CKDIVConfig), (16 bytes).
    Removing ht32f1655_56_mctm.o(i.MCTM_COMPRECmd), (20 bytes).
    Removing ht32f1655_56_mctm.o(i.MCTM_COMUSConfig), (20 bytes).
    Removing ht32f1655_56_mctm.o(i.MCTM_CRRPreloadCmd), (20 bytes).
    Removing ht32f1655_56_mctm.o(i.MCTM_CaptureInit), (36 bytes).
    Removing ht32f1655_56_mctm.o(i.MCTM_CaptureStructInit), (18 bytes).
    Removing ht32f1655_56_mctm.o(i.MCTM_ChExternalClockConfig), (48 bytes).
    Removing ht32f1655_56_mctm.o(i.MCTM_ChNPolarityConfig), (22 bytes).
    Removing ht32f1655_56_mctm.o(i.MCTM_ChPolarityConfig), (20 bytes).
    Removing ht32f1655_56_mctm.o(i.MCTM_ChannelConfig), (24 bytes).
    Removing ht32f1655_56_mctm.o(i.MCTM_ChannelNConfig), (26 bytes).
    Removing ht32f1655_56_mctm.o(i.MCTM_ClearFlag), (10 bytes).
    Removing ht32f1655_56_mctm.o(i.MCTM_ClearIntPendingBit), (10 bytes).
    Removing ht32f1655_56_mctm.o(i.MCTM_ClearOREFConfig), (24 bytes).
    Removing ht32f1655_56_mctm.o(i.MCTM_Cmd), (20 bytes).
    Removing ht32f1655_56_mctm.o(i.MCTM_CounterModeConfig), (24 bytes).
    Removing ht32f1655_56_mctm.o(i.MCTM_DeInit), (28 bytes).
    Removing ht32f1655_56_mctm.o(i.MCTM_DecoderConfig), (56 bytes).
    Removing ht32f1655_56_mctm.o(i.MCTM_EtiConfig), (24 bytes).
    Removing ht32f1655_56_mctm.o(i.MCTM_EtiExternalClockConfig), (18 bytes).
    Removing ht32f1655_56_mctm.o(i.MCTM_ForcedOREF0), (14 bytes).
    Removing ht32f1655_56_mctm.o(i.MCTM_ForcedOREF1), (14 bytes).
    Removing ht32f1655_56_mctm.o(i.MCTM_ForcedOREF2), (14 bytes).
    Removing ht32f1655_56_mctm.o(i.MCTM_ForcedOREF3), (14 bytes).
    Removing ht32f1655_56_mctm.o(i.MCTM_GenerateEvent), (4 bytes).
    Removing ht32f1655_56_mctm.o(i.MCTM_GetCaptureCompare0), (6 bytes).
    Removing ht32f1655_56_mctm.o(i.MCTM_GetCaptureCompare1), (6 bytes).
    Removing ht32f1655_56_mctm.o(i.MCTM_GetCaptureCompare2), (6 bytes).
    Removing ht32f1655_56_mctm.o(i.MCTM_GetCaptureCompare3), (6 bytes).
    Removing ht32f1655_56_mctm.o(i.MCTM_GetCounter), (6 bytes).
    Removing ht32f1655_56_mctm.o(i.MCTM_GetFlagStatus), (10 bytes).
    Removing ht32f1655_56_mctm.o(i.MCTM_GetIntStatus), (22 bytes).
    Removing ht32f1655_56_mctm.o(i.MCTM_GetPrescaler), (6 bytes).
    Removing ht32f1655_56_mctm.o(i.MCTM_HallInterfaceCmd), (20 bytes).
    Removing ht32f1655_56_mctm.o(i.MCTM_ImmActiveConfig), (24 bytes).
    Removing ht32f1655_56_mctm.o(i.MCTM_IntConfig), (16 bytes).
    Removing ht32f1655_56_mctm.o(i.MCTM_InternalClockConfig), (10 bytes).
    Removing ht32f1655_56_mctm.o(i.MCTM_ItiExternalClockConfig), (18 bytes).
    Removing ht32f1655_56_mctm.o(i.MCTM_MMSELConfig), (12 bytes).
    Removing ht32f1655_56_mctm.o(i.MCTM_OutputInit), (126 bytes).
    Removing ht32f1655_56_mctm.o(i.MCTM_OutputModeConfig), (32 bytes).
    Removing ht32f1655_56_mctm.o(i.MCTM_OutputStructInit), (24 bytes).
    Removing ht32f1655_56_mctm.o(i.MCTM_PDMAConfig), (16 bytes).
    Removing ht32f1655_56_mctm.o(i.MCTM_PrescalerConfig), (8 bytes).
    Removing ht32f1655_56_mctm.o(i.MCTM_PwmInputInit), (90 bytes).
    Removing ht32f1655_56_mctm.o(i.MCTM_SetAsymmetricCompare0), (6 bytes).
    Removing ht32f1655_56_mctm.o(i.MCTM_SetAsymmetricCompare1), (6 bytes).
    Removing ht32f1655_56_mctm.o(i.MCTM_SetAsymmetricCompare2), (6 bytes).
    Removing ht32f1655_56_mctm.o(i.MCTM_SetAsymmetricCompare3), (6 bytes).
    Removing ht32f1655_56_mctm.o(i.MCTM_SetCaptureCompare0), (6 bytes).
    Removing ht32f1655_56_mctm.o(i.MCTM_SetCaptureCompare1), (6 bytes).
    Removing ht32f1655_56_mctm.o(i.MCTM_SetCaptureCompare2), (6 bytes).
    Removing ht32f1655_56_mctm.o(i.MCTM_SetCaptureCompare3), (6 bytes).
    Removing ht32f1655_56_mctm.o(i.MCTM_SetCounter), (6 bytes).
    Removing ht32f1655_56_mctm.o(i.MCTM_SetCounterReload), (6 bytes).
    Removing ht32f1655_56_mctm.o(i.MCTM_SinglePulseModeCmd), (20 bytes).
    Removing ht32f1655_56_mctm.o(i.MCTM_SlaveModeConfig), (12 bytes).
    Removing ht32f1655_56_mctm.o(i.MCTM_StiConfig), (24 bytes).
    Removing ht32f1655_56_mctm.o(i.MCTM_TimSyncCmd), (20 bytes).
    Removing ht32f1655_56_mctm.o(i.MCTM_TimeBaseInit), (48 bytes).
    Removing ht32f1655_56_mctm.o(i.MCTM_TimeBaseStructInit), (22 bytes).
    Removing ht32f1655_56_mctm.o(i.MCTM_UEV1G_IntConfig), (20 bytes).
    Removing ht32f1655_56_mctm.o(i.MCTM_UpdateCmd), (20 bytes).
    Removing ht32f1655_56_mctm.o(i.mctm_CHx_Config), (64 bytes).
    Removing ht32f1655_56_pdma.o(.rev16_text), (4 bytes).
    Removing ht32f1655_56_pdma.o(.revsh_text), (4 bytes).
    Removing ht32f1655_56_pdma.o(.rrx_text), (6 bytes).
    Removing ht32f1655_56_pdma.o(i.PDMA_ClearFlag), (44 bytes).
    Removing ht32f1655_56_pdma.o(i.PDMA_Config), (48 bytes).
    Removing ht32f1655_56_pdma.o(i.PDMA_EnaCmd), (40 bytes).
    Removing ht32f1655_56_pdma.o(i.PDMA_GetFlagStatus), (48 bytes).
    Removing ht32f1655_56_pdma.o(i.PDMA_IntConig), (48 bytes).
    Removing ht32f1655_56_pdma.o(i.PDMA_SwTrigCmd), (40 bytes).
    Removing ht32f1655_56_pdma.o(i.PDMA_TranSizeConfig), (24 bytes).
    Removing ht32f1655_56_pwrcu.o(.rev16_text), (4 bytes).
    Removing ht32f1655_56_pwrcu.o(.revsh_text), (4 bytes).
    Removing ht32f1655_56_pwrcu.o(.rrx_text), (6 bytes).
    Removing ht32f1655_56_pwrcu.o(i.PWRCU_BODCmd), (12 bytes).
    Removing ht32f1655_56_pwrcu.o(i.PWRCU_BODRISConfig), (12 bytes).
    Removing ht32f1655_56_pwrcu.o(i.PWRCU_CheckReadyAccessed), (72 bytes).
    Removing ht32f1655_56_pwrcu.o(i.PWRCU_DMOSCmd), (24 bytes).
    Removing ht32f1655_56_pwrcu.o(i.PWRCU_DeInit), (32 bytes).
    Removing ht32f1655_56_pwrcu.o(i.PWRCU_DeepSleep1), (64 bytes).
    Removing ht32f1655_56_pwrcu.o(i.PWRCU_DeepSleep2), (80 bytes).
    Removing ht32f1655_56_pwrcu.o(i.PWRCU_GetBODFlagStatus), (12 bytes).
    Removing ht32f1655_56_pwrcu.o(i.PWRCU_GetDMOSStatus), (32 bytes).
    Removing ht32f1655_56_pwrcu.o(i.PWRCU_GetFlagStatus), (28 bytes).
    Removing ht32f1655_56_pwrcu.o(i.PWRCU_GetLVDFlagStatus), (12 bytes).
    Removing ht32f1655_56_pwrcu.o(i.PWRCU_HSIReadyCounterBitLengthConfig), (12 bytes).
    Removing ht32f1655_56_pwrcu.o(i.PWRCU_LVDCmd), (12 bytes).
    Removing ht32f1655_56_pwrcu.o(i.PWRCU_LVDEventWakeupConfig), (12 bytes).
    Removing ht32f1655_56_pwrcu.o(i.PWRCU_LVDIntWakeupConfig), (12 bytes).
    Removing ht32f1655_56_pwrcu.o(i.PWRCU_PowerDown), (76 bytes).
    Removing ht32f1655_56_pwrcu.o(i.PWRCU_ReadBackupRegister), (16 bytes).
    Removing ht32f1655_56_pwrcu.o(i.PWRCU_SetLVDS), (20 bytes).
    Removing ht32f1655_56_pwrcu.o(i.PWRCU_Sleep), (24 bytes).
    Removing ht32f1655_56_pwrcu.o(i.PWRCU_V18RDYSourceConfig), (12 bytes).
    Removing ht32f1655_56_pwrcu.o(i.PWRCU_WakeupPinCmd), (28 bytes).
    Removing ht32f1655_56_pwrcu.o(i.PWRCU_WakeupPinIntConfig), (12 bytes).
    Removing ht32f1655_56_pwrcu.o(i.PWRCU_WriteBackupRegister), (16 bytes).
    Removing ht32f1655_56_rstcu.o(.rev16_text), (4 bytes).
    Removing ht32f1655_56_rstcu.o(.revsh_text), (4 bytes).
    Removing ht32f1655_56_rstcu.o(.rrx_text), (6 bytes).
    Removing ht32f1655_56_rstcu.o(i.RSTCU_ClearAllResetFlag), (12 bytes).
    Removing ht32f1655_56_rstcu.o(i.RSTCU_ClearResetFlag), (16 bytes).
    Removing ht32f1655_56_rstcu.o(i.RSTCU_GetResetFlagStatus), (24 bytes).
    Removing ht32f1655_56_rstcu.o(i.RSTCU_PeripReset), (44 bytes).
    Removing ht32f1655_56_rtc.o(.rev16_text), (4 bytes).
    Removing ht32f1655_56_rtc.o(.revsh_text), (4 bytes).
    Removing ht32f1655_56_rtc.o(.rrx_text), (6 bytes).
    Removing ht32f1655_56_rtc.o(i.RTC_CMPCLRCmd), (12 bytes).
    Removing ht32f1655_56_rtc.o(i.RTC_ClockSourceConfig), (12 bytes).
    Removing ht32f1655_56_rtc.o(i.RTC_Cmd), (12 bytes).
    Removing ht32f1655_56_rtc.o(i.RTC_DeInit), (40 bytes).
    Removing ht32f1655_56_rtc.o(i.RTC_GetCompare), (12 bytes).
    Removing ht32f1655_56_rtc.o(i.RTC_GetCounter), (12 bytes).
    Removing ht32f1655_56_rtc.o(i.RTC_GetFlagStatus), (12 bytes).
    Removing ht32f1655_56_rtc.o(i.RTC_GetOutStatus), (12 bytes).
    Removing ht32f1655_56_rtc.o(i.RTC_GetPrescaler), (20 bytes).
    Removing ht32f1655_56_rtc.o(i.RTC_IntConfig), (24 bytes).
    Removing ht32f1655_56_rtc.o(i.RTC_LSECmd), (44 bytes).
    Removing ht32f1655_56_rtc.o(i.RTC_LSESMConfig), (12 bytes).
    Removing ht32f1655_56_rtc.o(i.RTC_LSICmd), (44 bytes).
    Removing ht32f1655_56_rtc.o(i.RTC_LSILoadTrimData), (40 bytes).
    Removing ht32f1655_56_rtc.o(i.RTC_OutCmd), (12 bytes).
    Removing ht32f1655_56_rtc.o(i.RTC_OutConfig), (20 bytes).
    Removing ht32f1655_56_rtc.o(i.RTC_SetCompare), (12 bytes).
    Removing ht32f1655_56_rtc.o(i.RTC_SetPrescaler), (20 bytes).
    Removing ht32f1655_56_rtc.o(i.RTC_WakeupConfig), (24 bytes).
    Removing ht32f1655_56_sci.o(.rev16_text), (4 bytes).
    Removing ht32f1655_56_sci.o(.revsh_text), (4 bytes).
    Removing ht32f1655_56_sci.o(.rrx_text), (6 bytes).
    Removing ht32f1655_56_sci.o(i.SCI_ClearFlag), (30 bytes).
    Removing ht32f1655_56_sci.o(i.SCI_ClockModeConfig), (20 bytes).
    Removing ht32f1655_56_sci.o(i.SCI_Cmd), (20 bytes).
    Removing ht32f1655_56_sci.o(i.SCI_DeInit), (14 bytes).
    Removing ht32f1655_56_sci.o(i.SCI_ETUConfig), (6 bytes).
    Removing ht32f1655_56_sci.o(i.SCI_GetFlagStatus), (14 bytes).
    Removing ht32f1655_56_sci.o(i.SCI_Init), (32 bytes).
    Removing ht32f1655_56_sci.o(i.SCI_IntConfig), (16 bytes).
    Removing ht32f1655_56_sci.o(i.SCI_OutputDIO), (20 bytes).
    Removing ht32f1655_56_sci.o(i.SCI_PDMACmd), (16 bytes).
    Removing ht32f1655_56_sci.o(i.SCI_ReceiveData), (6 bytes).
    Removing ht32f1655_56_sci.o(i.SCI_SendData), (4 bytes).
    Removing ht32f1655_56_sci.o(i.SCI_SetGuardTimeValue), (4 bytes).
    Removing ht32f1655_56_sci.o(i.SCI_SetWaitingTimeValue), (4 bytes).
    Removing ht32f1655_56_sci.o(i.SCI_SoftwareClockCmd), (20 bytes).
    Removing ht32f1655_56_sci.o(i.SCI_StructInit), (14 bytes).
    Removing ht32f1655_56_sci.o(i.SCI_WaitingTimeCounterCmd), (20 bytes).
    Removing ht32f1655_56_spi.o(.rev16_text), (4 bytes).
    Removing ht32f1655_56_spi.o(.revsh_text), (4 bytes).
    Removing ht32f1655_56_spi.o(.rrx_text), (6 bytes).
    Removing ht32f1655_56_spi.o(i.SPI_ClearFlag), (4 bytes).
    Removing ht32f1655_56_spi.o(i.SPI_DUALCmd), (20 bytes).
    Removing ht32f1655_56_spi.o(i.SPI_DeInit), (24 bytes).
    Removing ht32f1655_56_spi.o(i.SPI_FIFOCmd), (20 bytes).
    Removing ht32f1655_56_spi.o(i.SPI_FIFOTriggerLevelConfig), (30 bytes).
    Removing ht32f1655_56_spi.o(i.SPI_GUADTCmd), (20 bytes).
    Removing ht32f1655_56_spi.o(i.SPI_GUADTSPI_GUADTConfig), (16 bytes).
    Removing ht32f1655_56_spi.o(i.SPI_GetFIFOStatus), (20 bytes).
    Removing ht32f1655_56_spi.o(i.SPI_IntConfig), (16 bytes).
    Removing ht32f1655_56_spi.o(i.SPI_PDMACmd), (16 bytes).
    Removing ht32f1655_56_spi.o(i.SPI_SELHTConfig), (10 bytes).
    Removing ht32f1655_56_spi.o(i.SPI_SELModeConfig), (20 bytes).
    Removing ht32f1655_56_spi.o(i.SPI_SetDataLength), (16 bytes).
    Removing ht32f1655_56_spi.o(i.SPI_SetTimeOutValue), (4 bytes).
    Removing ht32f1655_56_spi.o(i.SPI_StructInit), (28 bytes).
    Removing ht32f1655_56_usart.o(.rev16_text), (4 bytes).
    Removing ht32f1655_56_usart.o(.revsh_text), (4 bytes).
    Removing ht32f1655_56_usart.o(.rrx_text), (6 bytes).
    Removing ht32f1655_56_usart.o(i.USART_DeInit), (60 bytes).
    Removing ht32f1655_56_usart.o(i.USART_FIFOReset), (8 bytes).
    Removing ht32f1655_56_usart.o(i.USART_ForceBreakCmd), (20 bytes).
    Removing ht32f1655_56_usart.o(i.USART_ForceModemPinState), (20 bytes).
    Removing ht32f1655_56_usart.o(i.USART_GetFIFOStatus), (18 bytes).
    Removing ht32f1655_56_usart.o(i.USART_GetIntID), (6 bytes).
    Removing ht32f1655_56_usart.o(i.USART_GetModemStatus), (6 bytes).
    Removing ht32f1655_56_usart.o(i.USART_HardwareFlowControlCmd), (20 bytes).
    Removing ht32f1655_56_usart.o(i.USART_IntConfig), (16 bytes).
    Removing ht32f1655_56_usart.o(i.USART_IrDACmd), (20 bytes).
    Removing ht32f1655_56_usart.o(i.USART_IrDAConfig), (20 bytes).
    Removing ht32f1655_56_usart.o(i.USART_IrDADirectionConfig), (20 bytes).
    Removing ht32f1655_56_usart.o(i.USART_IrDAInvtInputCmd), (20 bytes).
    Removing ht32f1655_56_usart.o(i.USART_IrDAInvtOutputCmd), (20 bytes).
    Removing ht32f1655_56_usart.o(i.USART_RFITLConfig), (12 bytes).
    Removing ht32f1655_56_usart.o(i.USART_RS485AADCmd), (20 bytes).
    Removing ht32f1655_56_usart.o(i.USART_RS485NMMCmd), (20 bytes).
    Removing ht32f1655_56_usart.o(i.USART_RS485TxEnablePolarityConfig), (20 bytes).
    Removing ht32f1655_56_usart.o(i.USART_ReceiveData), (6 bytes).
    Removing ht32f1655_56_usart.o(i.USART_RxPDMACmd), (20 bytes).
    Removing ht32f1655_56_usart.o(i.USART_SetAddressMatchValue), (14 bytes).
    Removing ht32f1655_56_usart.o(i.USART_SetGuardTime), (14 bytes).
    Removing ht32f1655_56_usart.o(i.USART_SetIrDAPrescaler), (14 bytes).
    Removing ht32f1655_56_usart.o(i.USART_SetTimeOutValue), (12 bytes).
    Removing ht32f1655_56_usart.o(i.USART_StickParityCmd), (20 bytes).
    Removing ht32f1655_56_usart.o(i.USART_StickParityConfig), (20 bytes).
    Removing ht32f1655_56_usart.o(i.USART_StructInit), (20 bytes).
    Removing ht32f1655_56_usart.o(i.USART_SynClockInit), (26 bytes).
    Removing ht32f1655_56_usart.o(i.USART_SynClockStructInit), (12 bytes).
    Removing ht32f1655_56_usart.o(i.USART_TFITLConfig), (12 bytes).
    Removing ht32f1655_56_usart.o(i.USART_TimeOutIntConfig), (20 bytes).
    Removing ht32f1655_56_usart.o(i.USART_TxPDMACmd), (20 bytes).
    Removing ht32f1655_56_usbd.o(.rev16_text), (4 bytes).
    Removing ht32f1655_56_usbd.o(.revsh_text), (4 bytes).
    Removing ht32f1655_56_usbd.o(.rrx_text), (6 bytes).
    Removing ht32f1655_56_usbd.o(i.USBD_ClearINT), (12 bytes).
    Removing ht32f1655_56_usbd.o(i.USBD_DPWakeUpCmd), (28 bytes).
    Removing ht32f1655_56_usbd.o(i.USBD_DPpullupCmd), (28 bytes).
    Removing ht32f1655_56_usbd.o(i.USBD_DeInit), (12 bytes).
    Removing ht32f1655_56_usbd.o(i.USBD_DisableINT), (16 bytes).
    Removing ht32f1655_56_usbd.o(i.USBD_EPTClearDTG), (16 bytes).
    Removing ht32f1655_56_usbd.o(i.USBD_EPTClearHalt), (16 bytes).
    Removing ht32f1655_56_usbd.o(i.USBD_EPTClearINT), (12 bytes).
    Removing ht32f1655_56_usbd.o(i.USBD_EPTEnableINT), (12 bytes).
    Removing ht32f1655_56_usbd.o(i.USBD_EPTGetBuffer0Addr), (24 bytes).
    Removing ht32f1655_56_usbd.o(i.USBD_EPTGetBuffer1Addr), (36 bytes).
    Removing ht32f1655_56_usbd.o(i.USBD_EPTGetBufferLen), (14 bytes).
    Removing ht32f1655_56_usbd.o(i.USBD_EPTGetHalt), (26 bytes).
    Removing ht32f1655_56_usbd.o(i.USBD_EPTGetINT), (14 bytes).
    Removing ht32f1655_56_usbd.o(i.USBD_EPTGetTransferCount), (18 bytes).
    Removing ht32f1655_56_usbd.o(i.USBD_EPTInit), (38 bytes).
    Removing ht32f1655_56_usbd.o(i.USBD_EPTReadMemory), (58 bytes).
    Removing ht32f1655_56_usbd.o(i.USBD_EPTReadOUTData), (48 bytes).
    Removing ht32f1655_56_usbd.o(i.USBD_EPTReset), (16 bytes).
    Removing ht32f1655_56_usbd.o(i.USBD_EPTSendSTALL), (12 bytes).
    Removing ht32f1655_56_usbd.o(i.USBD_EPTSetHalt), (20 bytes).
    Removing ht32f1655_56_usbd.o(i.USBD_EPTWaitSTALLSent), (36 bytes).
    Removing ht32f1655_56_usbd.o(i.USBD_EPTWriteINData), (72 bytes).
    Removing ht32f1655_56_usbd.o(i.USBD_EnableINT), (16 bytes).
    Removing ht32f1655_56_usbd.o(i.USBD_GetEPTnINTNumber), (32 bytes).
    Removing ht32f1655_56_usbd.o(i.USBD_GetINT), (16 bytes).
    Removing ht32f1655_56_usbd.o(i.USBD_Init), (4 bytes).
    Removing ht32f1655_56_usbd.o(i.USBD_PowerOff), (16 bytes).
    Removing ht32f1655_56_usbd.o(i.USBD_PowerOn), (16 bytes).
    Removing ht32f1655_56_usbd.o(i.USBD_PowerUp), (104 bytes).
    Removing ht32f1655_56_usbd.o(i.USBD_PreInit), (24 bytes).
    Removing ht32f1655_56_usbd.o(i.USBD_ReadSETUPData), (16 bytes).
    Removing ht32f1655_56_usbd.o(i.USBD_RemoteWakeup), (16 bytes).
    Removing ht32f1655_56_usbd.o(i.USBD_SRAMResetConditionCmd), (28 bytes).
    Removing ht32f1655_56_usbd.o(i.USBD_SetAddress), (20 bytes).
    Removing ht32f1655_56_usbd.o(i._USBD_CopyMemory), (16 bytes).
    Removing ht32f1655_56_usbd.o(i._USBD_GetEPTnAddr), (16 bytes).
    Removing ht32f1655_56_usbd.o(.data), (4 bytes).
    Removing ht32f1655_56_wdt.o(.rev16_text), (4 bytes).
    Removing ht32f1655_56_wdt.o(.revsh_text), (4 bytes).
    Removing ht32f1655_56_wdt.o(.rrx_text), (6 bytes).
    Removing ht32f1655_56_wdt.o(i.WDT_Cmd), (28 bytes).
    Removing ht32f1655_56_wdt.o(i.WDT_DeInit), (12 bytes).
    Removing ht32f1655_56_wdt.o(i.WDT_GetDeltaValue), (16 bytes).
    Removing ht32f1655_56_wdt.o(i.WDT_GetFlagStatus), (20 bytes).
    Removing ht32f1655_56_wdt.o(i.WDT_GetPrescaler), (24 bytes).
    Removing ht32f1655_56_wdt.o(i.WDT_GetReloadValue), (16 bytes).
    Removing ht32f1655_56_wdt.o(i.WDT_HaltConfig), (24 bytes).
    Removing ht32f1655_56_wdt.o(i.WDT_IntConfig), (28 bytes).
    Removing ht32f1655_56_wdt.o(i.WDT_LockCmd), (32 bytes).
    Removing ht32f1655_56_wdt.o(i.WDT_ProtectCmd), (24 bytes).
    Removing ht32f1655_56_wdt.o(i.WDT_ResetCmd), (28 bytes).
    Removing ht32f1655_56_wdt.o(i.WDT_Restart), (16 bytes).
    Removing ht32f1655_56_wdt.o(i.WDT_SetDeltaValue), (20 bytes).
    Removing ht32f1655_56_wdt.o(i.WDT_SetPrescaler), (20 bytes).
    Removing ht32f1655_56_wdt.o(i.WDT_SetReloadValue), (20 bytes).
    Removing ht32f1655_56_wdt.o(i.WDT_SourceConfig), (16 bytes).
    Removing ht32_retarget.o(.rev16_text), (4 bytes).
    Removing ht32_retarget.o(.revsh_text), (4 bytes).
    Removing ht32_retarget.o(.rrx_text), (6 bytes).
    Removing ht32_retarget.o(i.RETARGET_Configuration), (36 bytes).
    Removing ht32_retarget.o(i.__backspace), (4 bytes).
    Removing ht32_retarget.o(i._sys_exit), (2 bytes).
    Removing ht32_retarget.o(i._ttywrch), (4 bytes).
    Removing ht32_retarget.o(i.fgetc), (4 bytes).
    Removing ht32_retarget.o(.data), (4 bytes).
    Removing ht32_serial.o(.rev16_text), (4 bytes).
    Removing ht32_serial.o(.revsh_text), (4 bytes).
    Removing ht32_serial.o(.rrx_text), (6 bytes).
    Removing ht32_serial.o(i.SERIAL_GetChar), (28 bytes).
    Removing ht32_board.o(.rev16_text), (4 bytes).
    Removing ht32_board.o(.revsh_text), (4 bytes).
    Removing ht32_board.o(.rrx_text), (6 bytes).
    Removing ht32_board.o(i.HT32F_DVB_BuzzerFun), (288 bytes).
    Removing ht32_board.o(i.HT32F_DVB_BuzzerOutputCmd), (16 bytes).
    Removing ht32_board.o(i.HT32F_DVB_COMInit), (92 bytes).
    Removing ht32_board.o(i.HT32F_DVB_LEDInit), (88 bytes).
    Removing ht32_board.o(i.HT32F_DVB_LEDOff), (28 bytes).
    Removing ht32_board.o(i.HT32F_DVB_LEDOn), (28 bytes).
    Removing ht32_board.o(i.HT32F_DVB_LEDToggle), (32 bytes).
    Removing ht32_board.o(i.HT32F_DVB_PBGetState), (28 bytes).
    Removing ht32_board.o(i.HT32F_DVB_PBInit), (188 bytes).
    Removing ht32_board.o(i._HT32F_DVB_ClockConfig), (64 bytes).
    Removing ht32_board.o(.constdata), (80 bytes).
    Removing ebi_lcd.o(.rev16_text), (4 bytes).
    Removing ebi_lcd.o(.revsh_text), (4 bytes).
    Removing ebi_lcd.o(.rrx_text), (6 bytes).
    Removing ebi_lcd.o(i.LCD_BackColorSet), (12 bytes).
    Removing ebi_lcd.o(i.LCD_CharDisplay), (20 bytes).
    Removing ebi_lcd.o(i.LCD_CharDraw), (96 bytes).
    Removing ebi_lcd.o(i.LCD_CircleDraw), (204 bytes).
    Removing ebi_lcd.o(i.LCD_Clear), (32 bytes).
    Removing ebi_lcd.o(i.LCD_Config), (640 bytes).
    Removing ebi_lcd.o(i.LCD_DisplayOff), (8 bytes).
    Removing ebi_lcd.o(i.LCD_DisplayOn), (8 bytes).
    Removing ebi_lcd.o(i.LCD_Init), (348 bytes).
    Removing ebi_lcd.o(i.LCD_LineDraw), (76 bytes).
    Removing ebi_lcd.o(i.LCD_PicDraw), (84 bytes).
    Removing ebi_lcd.o(i.LCD_RectDraw), (60 bytes).
    Removing ebi_lcd.o(i.LCD_SetDisplayArea), (84 bytes).
    Removing ebi_lcd.o(i.LCD_StarterSet), (46 bytes).
    Removing ebi_lcd.o(i.LCD_StringLineDisplay), (40 bytes).
    Removing ebi_lcd.o(i.LCD_TextColorSet), (12 bytes).
    Removing ebi_lcd.o(i.LCD_WriteRAM), (8 bytes).
    Removing ebi_lcd.o(i.LCD_WriteRAMPrior), (10 bytes).
    Removing ebi_lcd.o(i.LCD_WriteRAMWord), (12 bytes).
    Removing ebi_lcd.o(i.LCD_WriteReg), (10 bytes).
    Removing ebi_lcd.o(i._delay), (28 bytes).
    Removing ebi_lcd.o(.data), (4564 bytes).
    Removing spi_flash.o(.rev16_text), (4 bytes).
    Removing spi_flash.o(.revsh_text), (4 bytes).
    Removing spi_flash.o(.rrx_text), (6 bytes).
    Removing spi_flash.o(i.SPI_FLASH_BlockErase), (68 bytes).
    Removing spi_flash.o(i.SPI_FLASH_BufferDualRead), (108 bytes).
    Removing spi_flash.o(i.SPI_FLASH_BufferRead), (80 bytes).
    Removing spi_flash.o(i.SPI_FLASH_BufferWrite), (190 bytes).
    Removing spi_flash.o(i.SPI_FLASH_ChipErase), (44 bytes).
    Removing spi_flash.o(i.SPI_FLASH_Init), (144 bytes).
    Removing spi_flash.o(i.SPI_FLASH_PageWrite), (88 bytes).
    Removing spi_flash.o(i.SPI_FLASH_ReadJEDECID), (68 bytes).
    Removing spi_flash.o(i.SPI_FLASH_SectorErase), (68 bytes).
    Removing spi_flash.o(i.SPI_FLASH_SendByte), (50 bytes).
    Removing spi_flash.o(i.SPI_FLASH_WaitForWriteEnd), (44 bytes).
    Removing spi_flash.o(i.SPI_FLASH_WriteDisable), (36 bytes).
    Removing spi_flash.o(i.SPI_FLASH_WriteEnable), (36 bytes).
    Removing spi_flash.o(i.SPI_FLASH_WriteStatus), (48 bytes).
    Removing i2c_eeprom.o(.rev16_text), (4 bytes).
    Removing i2c_eeprom.o(.revsh_text), (4 bytes).
    Removing i2c_eeprom.o(.rrx_text), (6 bytes).
    Removing i2c_eeprom.o(i.I2C_EEPROM_BufferRead), (184 bytes).
    Removing i2c_eeprom.o(i.I2C_EEPROM_BufferWrite), (56 bytes).
    Removing i2c_eeprom.o(i.I2C_EEPROM_Init), (80 bytes).
    Removing i2c_eeprom.o(i.I2C_EEPROM_PageWrite), (124 bytes).
    Removing i2c_eeprom.o(i._I2C_EEPROM_AckPolling), (60 bytes).
    Removing dadd.o(.text), (334 bytes).
    Removing dmul.o(.text), (228 bytes).
    Removing ddiv.o(.text), (222 bytes).
    Removing dfixul.o(.text), (48 bytes).
    Removing cdrcmple.o(.text), (40 bytes).
    Removing depilogue.o(.text), (190 bytes).

668 unused section(s) (total 22336 bytes) removed from the image.

==============================================================================

Image Symbol Table

    Local Symbols

    Symbol Name                              Value     Ov Type        Size  Object(Section)

    RESET                                    0x00000000   Section      376  startup_ht32f165x.o(RESET)
    ../clib/microlib/division.c              0x00000000   Number         0  uldiv.o ABSOLUTE
    ../clib/microlib/division.c              0x00000000   Number         0  uidiv.o ABSOLUTE
    ../clib/microlib/init/entry.s            0x00000000   Number         0  entry11b.o ABSOLUTE
    ../clib/microlib/init/entry.s            0x00000000   Number         0  entry5.o ABSOLUTE
    ../clib/microlib/init/entry.s            0x00000000   Number         0  entry7a.o ABSOLUTE
    ../clib/microlib/init/entry.s            0x00000000   Number         0  entry11a.o ABSOLUTE
    ../clib/microlib/init/entry.s            0x00000000   Number         0  entry7b.o ABSOLUTE
    ../clib/microlib/init/entry.s            0x00000000   Number         0  entry2.o ABSOLUTE
    ../clib/microlib/init/entry.s            0x00000000   Number         0  entry8a.o ABSOLUTE
    ../clib/microlib/init/entry.s            0x00000000   Number         0  entry8b.o ABSOLUTE
    ../clib/microlib/init/entry.s            0x00000000   Number         0  entry9a.o ABSOLUTE
    ../clib/microlib/init/entry.s            0x00000000   Number         0  entry9b.o ABSOLUTE
    ../clib/microlib/init/entry.s            0x00000000   Number         0  entry10a.o ABSOLUTE
    ../clib/microlib/init/entry.s            0x00000000   Number         0  entry.o ABSOLUTE
    ../clib/microlib/init/entry.s            0x00000000   Number         0  entry10b.o ABSOLUTE
    ../clib/microlib/longlong.c              0x00000000   Number         0  llshl.o ABSOLUTE
    ../clib/microlib/longlong.c              0x00000000   Number         0  llushr.o ABSOLUTE
    ../clib/microlib/longlong.c              0x00000000   Number         0  llsshr.o ABSOLUTE
    ../clib/microlib/printf/printf.c         0x00000000   Number         0  printf3.o ABSOLUTE
    ../clib/microlib/printf/printf.c         0x00000000   Number         0  printf8.o ABSOLUTE
    ../clib/microlib/printf/printf.c         0x00000000   Number         0  printfa.o ABSOLUTE
    ../clib/microlib/printf/printf.c         0x00000000   Number         0  printfb.o ABSOLUTE
    ../clib/microlib/printf/printf.c         0x00000000   Number         0  printf0.o ABSOLUTE
    ../clib/microlib/printf/printf.c         0x00000000   Number         0  printf1.o ABSOLUTE
    ../clib/microlib/printf/printf.c         0x00000000   Number         0  printf2.o ABSOLUTE
    ../clib/microlib/printf/printf.c         0x00000000   Number         0  printf4.o ABSOLUTE
    ../clib/microlib/printf/printf.c         0x00000000   Number         0  printf5.o ABSOLUTE
    ../clib/microlib/printf/printf.c         0x00000000   Number         0  printf6.o ABSOLUTE
    ../clib/microlib/printf/printf.c         0x00000000   Number         0  printf7.o ABSOLUTE
    ../clib/microlib/printf/stubs.s          0x00000000   Number         0  stubs.o ABSOLUTE
    ../clib/microlib/stubs.s                 0x00000000   Number         0  iusefp.o ABSOLUTE
    ../clib/microlib/stubs.s                 0x00000000   Number         0  useno.o ABSOLUTE
    ../fplib/microlib/fpadd.c                0x00000000   Number         0  dadd.o ABSOLUTE
    ../fplib/microlib/fpdiv.c                0x00000000   Number         0  ddiv.o ABSOLUTE
    ../fplib/microlib/fpepilogue.c           0x00000000   Number         0  depilogue.o ABSOLUTE
    ../fplib/microlib/fpfix.c                0x00000000   Number         0  dfixul.o ABSOLUTE
    ../fplib/microlib/fpmul.c                0x00000000   Number         0  dmul.o ABSOLUTE
    ..\..\Driver\SD\sd.c                     0x00000000   Number         0  sd.o ABSOLUTE
    ..\..\Driver\SPI\spi.c                   0x00000000   Number         0  spi.o ABSOLUTE
    ..\..\Driver\USART\usart.c               0x00000000   Number         0  usart.o ABSOLUTE
    ..\..\User\ht32f165x_it.c                0x00000000   Number         0  ht32f165x_it.o ABSOLUTE
    ..\..\User\main.c                        0x00000000   Number         0  main.o ABSOLUTE
    ..\..\library\HT32F1655_56_Driver\src\ht32_cm3_misc.c 0x00000000   Number         0  ht32_cm3_misc.o ABSOLUTE
    ..\..\library\HT32F1655_56_Driver\src\ht32_retarget.c 0x00000000   Number         0  ht32_retarget.o ABSOLUTE
    ..\..\library\HT32F1655_56_Driver\src\ht32_serial.c 0x00000000   Number         0  ht32_serial.o ABSOLUTE
    ..\..\library\HT32F1655_56_Driver\src\ht32f1655_56_adc.c 0x00000000   Number         0  ht32f1655_56_adc.o ABSOLUTE
    ..\..\library\HT32F1655_56_Driver\src\ht32f1655_56_bftm.c 0x00000000   Number         0  ht32f1655_56_bftm.o ABSOLUTE
    ..\..\library\HT32F1655_56_Driver\src\ht32f1655_56_ckcu.c 0x00000000   Number         0  ht32f1655_56_ckcu.o ABSOLUTE
    ..\..\library\HT32F1655_56_Driver\src\ht32f1655_56_cmp_op.c 0x00000000   Number         0  ht32f1655_56_cmp_op.o ABSOLUTE
    ..\..\library\HT32F1655_56_Driver\src\ht32f1655_56_crc.c 0x00000000   Number         0  ht32f1655_56_crc.o ABSOLUTE
    ..\..\library\HT32F1655_56_Driver\src\ht32f1655_56_ebi.c 0x00000000   Number         0  ht32f1655_56_ebi.o ABSOLUTE
    ..\..\library\HT32F1655_56_Driver\src\ht32f1655_56_exti.c 0x00000000   Number         0  ht32f1655_56_exti.o ABSOLUTE
    ..\..\library\HT32F1655_56_Driver\src\ht32f1655_56_flash.c 0x00000000   Number         0  ht32f1655_56_flash.o ABSOLUTE
    ..\..\library\HT32F1655_56_Driver\src\ht32f1655_56_gpio.c 0x00000000   Number         0  ht32f1655_56_gpio.o ABSOLUTE
    ..\..\library\HT32F1655_56_Driver\src\ht32f1655_56_gptm.c 0x00000000   Number         0  ht32f1655_56_gptm.o ABSOLUTE
    ..\..\library\HT32F1655_56_Driver\src\ht32f1655_56_i2c.c 0x00000000   Number         0  ht32f1655_56_i2c.o ABSOLUTE
    ..\..\library\HT32F1655_56_Driver\src\ht32f1655_56_i2s.c 0x00000000   Number         0  ht32f1655_56_i2s.o ABSOLUTE
    ..\..\library\HT32F1655_56_Driver\src\ht32f1655_56_mctm.c 0x00000000   Number         0  ht32f1655_56_mctm.o ABSOLUTE
    ..\..\library\HT32F1655_56_Driver\src\ht32f1655_56_pdma.c 0x00000000   Number         0  ht32f1655_56_pdma.o ABSOLUTE
    ..\..\library\HT32F1655_56_Driver\src\ht32f1655_56_pwrcu.c 0x00000000   Number         0  ht32f1655_56_pwrcu.o ABSOLUTE
    ..\..\library\HT32F1655_56_Driver\src\ht32f1655_56_rstcu.c 0x00000000   Number         0  ht32f1655_56_rstcu.o ABSOLUTE
    ..\..\library\HT32F1655_56_Driver\src\ht32f1655_56_rtc.c 0x00000000   Number         0  ht32f1655_56_rtc.o ABSOLUTE
    ..\..\library\HT32F1655_56_Driver\src\ht32f1655_56_sci.c 0x00000000   Number         0  ht32f1655_56_sci.o ABSOLUTE
    ..\..\library\HT32F1655_56_Driver\src\ht32f1655_56_spi.c 0x00000000   Number         0  ht32f1655_56_spi.o ABSOLUTE
    ..\..\library\HT32F1655_56_Driver\src\ht32f1655_56_usart.c 0x00000000   Number         0  ht32f1655_56_usart.o ABSOLUTE
    ..\..\library\HT32F1655_56_Driver\src\ht32f1655_56_usbd.c 0x00000000   Number         0  ht32f1655_56_usbd.o ABSOLUTE
    ..\..\library\HT32F1655_56_Driver\src\ht32f1655_56_wdt.c 0x00000000   Number         0  ht32f1655_56_wdt.o ABSOLUTE
    ..\..\library\HT32_USBD_Library\src\ht32_usbd_core.c 0x00000000   Number         0  ht32_usbd_core.o ABSOLUTE
    ..\..\utilities\common\ebi_lcd.c         0x00000000   Number         0  ebi_lcd.o ABSOLUTE
    ..\..\utilities\common\i2c_eeprom.c      0x00000000   Number         0  i2c_eeprom.o ABSOLUTE
    ..\..\utilities\common\spi_flash.c       0x00000000   Number         0  spi_flash.o ABSOLUTE
    ..\..\utilities\ht32_board.c             0x00000000   Number         0  ht32_board.o ABSOLUTE
    ..\MDK_ARM\ht32_op.s                     0x00000000   Number         0  ht32_op.o ABSOLUTE
    ..\\..\\Driver\\SD\\sd.c                 0x00000000   Number         0  sd.o ABSOLUTE
    ..\\..\\Driver\\SPI\\spi.c               0x00000000   Number         0  spi.o ABSOLUTE
    ..\\..\\Driver\\USART\\usart.c           0x00000000   Number         0  usart.o ABSOLUTE
    ..\\..\\User\\ht32f165x_it.c             0x00000000   Number         0  ht32f165x_it.o ABSOLUTE
    ..\\..\\User\\main.c                     0x00000000   Number         0  main.o ABSOLUTE
    ..\\..\\library\\HT32F1655_56_Driver\\src\\ht32_cm3_misc.c 0x00000000   Number         0  ht32_cm3_misc.o ABSOLUTE
    ..\\..\\library\\HT32F1655_56_Driver\\src\\ht32_retarget.c 0x00000000   Number         0  ht32_retarget.o ABSOLUTE
    ..\\..\\library\\HT32F1655_56_Driver\\src\\ht32_serial.c 0x00000000   Number         0  ht32_serial.o ABSOLUTE
    ..\\..\\library\\HT32F1655_56_Driver\\src\\ht32f1655_56_adc.c 0x00000000   Number         0  ht32f1655_56_adc.o ABSOLUTE
    ..\\..\\library\\HT32F1655_56_Driver\\src\\ht32f1655_56_bftm.c 0x00000000   Number         0  ht32f1655_56_bftm.o ABSOLUTE
    ..\\..\\library\\HT32F1655_56_Driver\\src\\ht32f1655_56_ckcu.c 0x00000000   Number         0  ht32f1655_56_ckcu.o ABSOLUTE
    ..\\..\\library\\HT32F1655_56_Driver\\src\\ht32f1655_56_cmp_op.c 0x00000000   Number         0  ht32f1655_56_cmp_op.o ABSOLUTE
    ..\\..\\library\\HT32F1655_56_Driver\\src\\ht32f1655_56_crc.c 0x00000000   Number         0  ht32f1655_56_crc.o ABSOLUTE
    ..\\..\\library\\HT32F1655_56_Driver\\src\\ht32f1655_56_ebi.c 0x00000000   Number         0  ht32f1655_56_ebi.o ABSOLUTE
    ..\\..\\library\\HT32F1655_56_Driver\\src\\ht32f1655_56_exti.c 0x00000000   Number         0  ht32f1655_56_exti.o ABSOLUTE
    ..\\..\\library\\HT32F1655_56_Driver\\src\\ht32f1655_56_flash.c 0x00000000   Number         0  ht32f1655_56_flash.o ABSOLUTE
    ..\\..\\library\\HT32F1655_56_Driver\\src\\ht32f1655_56_gpio.c 0x00000000   Number         0  ht32f1655_56_gpio.o ABSOLUTE
    ..\\..\\library\\HT32F1655_56_Driver\\src\\ht32f1655_56_gptm.c 0x00000000   Number         0  ht32f1655_56_gptm.o ABSOLUTE
    ..\\..\\library\\HT32F1655_56_Driver\\src\\ht32f1655_56_i2c.c 0x00000000   Number         0  ht32f1655_56_i2c.o ABSOLUTE
    ..\\..\\library\\HT32F1655_56_Driver\\src\\ht32f1655_56_i2s.c 0x00000000   Number         0  ht32f1655_56_i2s.o ABSOLUTE
    ..\\..\\library\\HT32F1655_56_Driver\\src\\ht32f1655_56_mctm.c 0x00000000   Number         0  ht32f1655_56_mctm.o ABSOLUTE
    ..\\..\\library\\HT32F1655_56_Driver\\src\\ht32f1655_56_pdma.c 0x00000000   Number         0  ht32f1655_56_pdma.o ABSOLUTE
    ..\\..\\library\\HT32F1655_56_Driver\\src\\ht32f1655_56_pwrcu.c 0x00000000   Number         0  ht32f1655_56_pwrcu.o ABSOLUTE
    ..\\..\\library\\HT32F1655_56_Driver\\src\\ht32f1655_56_rstcu.c 0x00000000   Number         0  ht32f1655_56_rstcu.o ABSOLUTE
    ..\\..\\library\\HT32F1655_56_Driver\\src\\ht32f1655_56_rtc.c 0x00000000   Number         0  ht32f1655_56_rtc.o ABSOLUTE
    ..\\..\\library\\HT32F1655_56_Driver\\src\\ht32f1655_56_sci.c 0x00000000   Number         0  ht32f1655_56_sci.o ABSOLUTE
    ..\\..\\library\\HT32F1655_56_Driver\\src\\ht32f1655_56_spi.c 0x00000000   Number         0  ht32f1655_56_spi.o ABSOLUTE
    ..\\..\\library\\HT32F1655_56_Driver\\src\\ht32f1655_56_usart.c 0x00000000   Number         0  ht32f1655_56_usart.o ABSOLUTE
    ..\\..\\library\\HT32F1655_56_Driver\\src\\ht32f1655_56_usbd.c 0x00000000   Number         0  ht32f1655_56_usbd.o ABSOLUTE
    ..\\..\\library\\HT32F1655_56_Driver\\src\\ht32f1655_56_wdt.c 0x00000000   Number         0  ht32f1655_56_wdt.o ABSOLUTE
    ..\\..\\library\\HT32_USBD_Library\\src\\ht32_usbd_core.c 0x00000000   Number         0  ht32_usbd_core.o ABSOLUTE
    ..\\..\\utilities\\common\\ebi_lcd.c     0x00000000   Number         0  ebi_lcd.o ABSOLUTE
    ..\\..\\utilities\\common\\i2c_eeprom.c  0x00000000   Number         0  i2c_eeprom.o ABSOLUTE
    ..\\..\\utilities\\common\\spi_flash.c   0x00000000   Number         0  spi_flash.o ABSOLUTE
    ..\\..\\utilities\\ht32_board.c          0x00000000   Number         0  ht32_board.o ABSOLUTE
    ..\\system_ht32f165x.c                   0x00000000   Number         0  system_ht32f165x.o ABSOLUTE
    ..\system_ht32f165x.c                    0x00000000   Number         0  system_ht32f165x.o ABSOLUTE
    cdrcmple.s                               0x00000000   Number         0  cdrcmple.o ABSOLUTE
    dc.s                                     0x00000000   Number         0  dc.o ABSOLUTE
    handlers.s                               0x00000000   Number         0  handlers.o ABSOLUTE
    init.s                                   0x00000000   Number         0  init.o ABSOLUTE
    startup_ht32f165x.s                      0x00000000   Number         0  startup_ht32f165x.o ABSOLUTE
    .ARM.Collect$$$$00000000                 0x00000178   Section        0  entry.o(.ARM.Collect$$$$00000000)
    .ARM.Collect$$$$00000001                 0x00000178   Section        4  entry2.o(.ARM.Collect$$$$00000001)
    .ARM.Collect$$$$00000004                 0x0000017c   Section        4  entry5.o(.ARM.Collect$$$$00000004)
    .ARM.Collect$$$$00000008                 0x00000180   Section        0  entry7b.o(.ARM.Collect$$$$00000008)
    .ARM.Collect$$$$0000000A                 0x00000180   Section        0  entry8b.o(.ARM.Collect$$$$0000000A)
    .ARM.Collect$$$$0000000B                 0x00000180   Section        8  entry9a.o(.ARM.Collect$$$$0000000B)
    .ARM.Collect$$$$0000000D                 0x00000188   Section        0  entry10a.o(.ARM.Collect$$$$0000000D)
    .ARM.Collect$$$$0000000F                 0x00000188   Section        0  entry11a.o(.ARM.Collect$$$$0000000F)
    .ARM.Collect$$$$00002712                 0x00000188   Section        4  entry2.o(.ARM.Collect$$$$00002712)
    __lit__00000000                          0x00000188   Data           4  entry2.o(.ARM.Collect$$$$00002712)
    .text                                    0x0000018c   Section        0  uldiv.o(.text)
    .text                                    0x000001f0   Section       36  init.o(.text)
    .text                                    0x00000214   Section        0  llshl.o(.text)
    .text                                    0x00000232   Section        0  llushr.o(.text)
    i.AFIO_GPxConfig                         0x00000254   Section        0  ht32f1655_56_gpio.o(i.AFIO_GPxConfig)
    i.BusFault_Handler                       0x000002b8   Section        0  ht32f165x_it.o(i.BusFault_Handler)
    i.CKCU_GetClocksFrequency                0x000002bc   Section        0  ht32f1655_56_ckcu.o(i.CKCU_GetClocksFrequency)
    i.CKCU_GetPLLFrequency                   0x00000310   Section        0  ht32f1655_56_ckcu.o(i.CKCU_GetPLLFrequency)
    i.CKCU_GetUSARTClockFreq                 0x00000350   Section        0  ht32f1655_56_ckcu.o(i.CKCU_GetUSARTClockFreq)
    i.CKCU_PeripClockConfig                  0x00000360   Section        0  ht32f1655_56_ckcu.o(i.CKCU_PeripClockConfig)
    i.DebugMon_Handler                       0x00000384   Section        0  ht32f165x_it.o(i.DebugMon_Handler)
    i.GPIO_PullResistorConfig                0x00000386   Section        0  ht32f1655_56_gpio.o(i.GPIO_PullResistorConfig)
    i.HardFault_Handler                      0x000003ae   Section        0  ht32f165x_it.o(i.HardFault_Handler)
    i.InitUSART0                             0x000003b0   Section        0  usart.o(i.InitUSART0)
    i.MemManage_Handler                      0x000003fe   Section        0  ht32f165x_it.o(i.MemManage_Handler)
    i.NMI_Handler                            0x00000400   Section        0  ht32f165x_it.o(i.NMI_Handler)
    i.PendSV_Handler                         0x00000402   Section        0  ht32f165x_it.o(i.PendSV_Handler)
    i.SD_DisSelect                           0x00000404   Section        0  sd.o(i.SD_DisSelect)
    i.SD_GetResponse                         0x0000041c   Section        0  sd.o(i.SD_GetResponse)
    i.SD_Init                                0x00000444   Section        0  sd.o(i.SD_Init)
    i.SD_ReadDisk                            0x0000059c   Section        0  sd.o(i.SD_ReadDisk)
    i.SD_RecvData                            0x00000608   Section        0  sd.o(i.SD_RecvData)
    i.SD_SPI_Init                            0x0000063e   Section        0  sd.o(i.SD_SPI_Init)
    i.SD_Select                              0x00000642   Section        0  sd.o(i.SD_Select)
    i.SD_SendBlock                           0x00000660   Section        0  sd.o(i.SD_SendBlock)
    i.SD_SendCmd                             0x000006ae   Section        0  sd.o(i.SD_SendCmd)
    i.SD_WaitReady                           0x00000712   Section        0  sd.o(i.SD_WaitReady)
    SD_WaitReady                             0x00000713   Thumb Code    34  sd.o(i.SD_WaitReady)
    i.SD_WriteDisk                           0x00000734   Section        0  sd.o(i.SD_WriteDisk)
    i.SERIAL_PutChar                         0x000007b4   Section        0  ht32_serial.o(i.SERIAL_PutChar)
    i.SPI0_Init                              0x000007d4   Section        0  spi.o(i.SPI0_Init)
    i.SPI0_ReadWriteByte                     0x00000848   Section        0  spi.o(i.SPI0_ReadWriteByte)
    i.SPI0_SetSpeed                          0x00000898   Section        0  spi.o(i.SPI0_SetSpeed)
    i.SPI_Cmd                                0x000008b8   Section        0  ht32f1655_56_spi.o(i.SPI_Cmd)
    i.SPI_GetFlagStatus                      0x000008cc   Section        0  ht32f1655_56_spi.o(i.SPI_GetFlagStatus)
    i.SPI_Init                               0x000008da   Section        0  ht32f1655_56_spi.o(i.SPI_Init)
    i.SPI_ReceiveData                        0x00000924   Section        0  ht32f1655_56_spi.o(i.SPI_ReceiveData)
    i.SPI_SELOutputCmd                       0x0000092a   Section        0  ht32f1655_56_spi.o(i.SPI_SELOutputCmd)
    i.SPI_SendData                           0x0000093e   Section        0  ht32f1655_56_spi.o(i.SPI_SendData)
    i.SPI_SoftwareSELCmd                     0x00000942   Section        0  ht32f1655_56_spi.o(i.SPI_SoftwareSELCmd)
    i.SVC_Handler                            0x00000956   Section        0  ht32f165x_it.o(i.SVC_Handler)
    i.SysTick_Handler                        0x00000958   Section        0  ht32f165x_it.o(i.SysTick_Handler)
    i.SystemInit                             0x0000095c   Section        0  system_ht32f165x.o(i.SystemInit)
    i.USART_GetLineStatus                    0x000009b8   Section        0  ht32f1655_56_usart.o(i.USART_GetLineStatus)
    i.USART_Init                             0x000009c2   Section        0  ht32f1655_56_usart.o(i.USART_Init)
    i.USART_RxCmd                            0x000009f6   Section        0  ht32f1655_56_usart.o(i.USART_RxCmd)
    i.USART_SendData                         0x00000a0a   Section        0  ht32f1655_56_usart.o(i.USART_SendData)
    i.USART_TxCmd                            0x00000a0e   Section        0  ht32f1655_56_usart.o(i.USART_TxCmd)
    i.UsageFault_Handler                     0x00000a22   Section        0  ht32f165x_it.o(i.UsageFault_Handler)
    i.ViewSector                             0x00000a24   Section        0  main.o(i.ViewSector)
    i.__0printf$5                            0x00000ab8   Section        0  printf5.o(i.__0printf$5)
    i.__scatterload_copy                     0x00000ad8   Section       14  handlers.o(i.__scatterload_copy)
    i.__scatterload_null                     0x00000ae6   Section        2  handlers.o(i.__scatterload_null)
    i.__scatterload_zeroinit                 0x00000ae8   Section       14  handlers.o(i.__scatterload_zeroinit)
    i._printf_core                           0x00000af8   Section        0  printf5.o(i._printf_core)
    _printf_core                             0x00000af9   Thumb Code   658  printf5.o(i._printf_core)
    i.fputc                                  0x00000db8   Section        0  ht32_retarget.o(i.fputc)
    i.main                                   0x00000dbc   Section        0  main.o(i.main)
    .data                                    0x20000000   Section        1  sd.o(.data)
    .data                                    0x20000004   Section        4  ht32_retarget.o(.data)
    .bss                                     0x20000008   Section      512  main.o(.bss)
    .bss                                     0x20000208   Section       44  spi.o(.bss)
    STACK                                    0x20000238   Section      512  startup_ht32f165x.o(STACK)

    Global Symbols

    Symbol Name                              Value     Ov Type        Size  Object(Section)

    BuildAttributes$$THM_ISAv4$P$D$K$B$S$PE$A:L22UL41UL21$X:L11$S22US41US21$IEEE1$IW$USESV6$~STKCKD$USESV7$~SHL$OSPACE$ROPI$EBA8$MICROLIB$REQ8$PRES8$EABIv2 0x00000000   Number         0  anon$$obj.o ABSOLUTE
    __ARM_use_no_argv                        0x00000000   Number         0  main.o ABSOLUTE
    __Vectors                                0x00000000   Data           4  startup_ht32f165x.o(RESET)
    __use_no_errno                           0x00000000   Number         0  useno.o ABSOLUTE
    __use_no_exception_handling              0x00000000   Number         0  useno.o ABSOLUTE
    __use_no_fp                              0x00000000   Number         0  useno.o ABSOLUTE
    __use_no_heap                            0x00000000   Number         0  useno.o ABSOLUTE
    __use_no_heap_region                     0x00000000   Number         0  useno.o ABSOLUTE
    __use_no_semihosting                     0x00000000   Number         0  useno.o ABSOLUTE
    __use_no_semihosting_swi                 0x00000000   Number         0  useno.o ABSOLUTE
    __use_no_signal_handling                 0x00000000   Number         0  useno.o ABSOLUTE
    _printf_a                                0x00000000   Number         0  stubs.o ABSOLUTE
    _printf_c                                0x00000000   Number         0  stubs.o ABSOLUTE
    _printf_charcount                        0x00000000   Number         0  stubs.o ABSOLUTE
    _printf_d                                0x00000000   Number         0  stubs.o ABSOLUTE
    _printf_e                                0x00000000   Number         0  stubs.o ABSOLUTE
    _printf_f                                0x00000000   Number         0  stubs.o ABSOLUTE
    _printf_flags                            0x00000000   Number         0  stubs.o ABSOLUTE
    _printf_fp_dec                           0x00000000   Number         0  stubs.o ABSOLUTE
    _printf_fp_hex                           0x00000000   Number         0  stubs.o ABSOLUTE
    _printf_g                                0x00000000   Number         0  stubs.o ABSOLUTE
    _printf_i                                0x00000000   Number         0  stubs.o ABSOLUTE
    _printf_int_dec                          0x00000000   Number         0  stubs.o ABSOLUTE
    _printf_l                                0x00000000   Number         0  stubs.o ABSOLUTE
    _printf_lc                               0x00000000   Number         0  stubs.o ABSOLUTE
    _printf_ll                               0x00000000   Number         0  stubs.o ABSOLUTE
    _printf_lld                              0x00000000   Number         0  stubs.o ABSOLUTE
    _printf_lli                              0x00000000   Number         0  stubs.o ABSOLUTE
    _printf_llo                              0x00000000   Number         0  stubs.o ABSOLUTE
    _printf_llu                              0x00000000   Number         0  stubs.o ABSOLUTE
    _printf_llx                              0x00000000   Number         0  stubs.o ABSOLUTE
    _printf_longlong_dec                     0x00000000   Number         0  stubs.o ABSOLUTE
    _printf_longlong_hex                     0x00000000   Number         0  stubs.o ABSOLUTE
    _printf_longlong_oct                     0x00000000   Number         0  stubs.o ABSOLUTE
    _printf_ls                               0x00000000   Number         0  stubs.o ABSOLUTE
    _printf_mbtowc                           0x00000000   Number         0  stubs.o ABSOLUTE
    _printf_n                                0x00000000   Number         0  stubs.o ABSOLUTE
    _printf_o                                0x00000000   Number         0  stubs.o ABSOLUTE
    _printf_p                                0x00000000   Number         0  stubs.o ABSOLUTE
    _printf_percent                          0x00000000   Number         0  stubs.o ABSOLUTE
    _printf_pre_padding                      0x00000000   Number         0  stubs.o ABSOLUTE
    _printf_return_value                     0x00000000   Number         0  stubs.o ABSOLUTE
    _printf_s                                0x00000000   Number         0  stubs.o ABSOLUTE
    _printf_sizespec                         0x00000000   Number         0  stubs.o ABSOLUTE
    _printf_str                              0x00000000   Number         0  stubs.o ABSOLUTE
    _printf_truncate_signed                  0x00000000   Number         0  stubs.o ABSOLUTE
    _printf_truncate_unsigned                0x00000000   Number         0  stubs.o ABSOLUTE
    _printf_u                                0x00000000   Number         0  stubs.o ABSOLUTE
    _printf_wc                               0x00000000   Number         0  stubs.o ABSOLUTE
    _printf_wctomb                           0x00000000   Number         0  stubs.o ABSOLUTE
    _printf_widthprec                        0x00000000   Number         0  stubs.o ABSOLUTE
    _printf_x                                0x00000000   Number         0  stubs.o ABSOLUTE
    __cpp_initialize__aeabi_                  - Undefined Weak Reference
    __cxa_finalize                            - Undefined Weak Reference
    __decompress                              - Undefined Weak Reference
    _clock_init                               - Undefined Weak Reference
    _microlib_exit                            - Undefined Weak Reference
    Reset_Handler                            0x00000155   Thumb Code     8  startup_ht32f165x.o(RESET)
    ADC_IRQHandler                           0x0000016f   Thumb Code     0  startup_ht32f165x.o(RESET)
    BFTM0_IRQHandler                         0x0000016f   Thumb Code     0  startup_ht32f165x.o(RESET)
    BFTM1_IRQHandler                         0x0000016f   Thumb Code     0  startup_ht32f165x.o(RESET)
    BOD_IRQHandler                           0x0000016f   Thumb Code     0  startup_ht32f165x.o(RESET)
    CKRDY_IRQHandler                         0x0000016f   Thumb Code     0  startup_ht32f165x.o(RESET)
    COMP_IRQHandler                          0x0000016f   Thumb Code     0  startup_ht32f165x.o(RESET)
    EBI_IRQHandler                           0x0000016f   Thumb Code     0  startup_ht32f165x.o(RESET)
    EVWUP_IRQHandler                         0x0000016f   Thumb Code     0  startup_ht32f165x.o(RESET)
    EXTI0_IRQHandler                         0x0000016f   Thumb Code     0  startup_ht32f165x.o(RESET)
    EXTI10_IRQHandler                        0x0000016f   Thumb Code     0  startup_ht32f165x.o(RESET)
    EXTI11_IRQHandler                        0x0000016f   Thumb Code     0  startup_ht32f165x.o(RESET)
    EXTI12_IRQHandler                        0x0000016f   Thumb Code     0  startup_ht32f165x.o(RESET)
    EXTI13_IRQHandler                        0x0000016f   Thumb Code     0  startup_ht32f165x.o(RESET)
    EXTI14_IRQHandler                        0x0000016f   Thumb Code     0  startup_ht32f165x.o(RESET)
    EXTI15_IRQHandler                        0x0000016f   Thumb Code     0  startup_ht32f165x.o(RESET)
    EXTI1_IRQHandler                         0x0000016f   Thumb Code     0  startup_ht32f165x.o(RESET)
    EXTI2_IRQHandler                         0x0000016f   Thumb Code     0  startup_ht32f165x.o(RESET)
    EXTI3_IRQHandler                         0x0000016f   Thumb Code     0  startup_ht32f165x.o(RESET)
    EXTI4_IRQHandler                         0x0000016f   Thumb Code     0  startup_ht32f165x.o(RESET)
    EXTI5_IRQHandler                         0x0000016f   Thumb Code     0  startup_ht32f165x.o(RESET)
    EXTI6_IRQHandler                         0x0000016f   Thumb Code     0  startup_ht32f165x.o(RESET)
    EXTI7_IRQHandler                         0x0000016f   Thumb Code     0  startup_ht32f165x.o(RESET)
    EXTI8_IRQHandler                         0x0000016f   Thumb Code     0  startup_ht32f165x.o(RESET)
    EXTI9_IRQHandler                         0x0000016f   Thumb Code     0  startup_ht32f165x.o(RESET)
    FLASH_IRQHandler                         0x0000016f   Thumb Code     0  startup_ht32f165x.o(RESET)
    GPTM0_IRQHandler                         0x0000016f   Thumb Code     0  startup_ht32f165x.o(RESET)
    GPTM1_IRQHandler                         0x0000016f   Thumb Code     0  startup_ht32f165x.o(RESET)
    I2C0_IRQHandler                          0x0000016f   Thumb Code     0  startup_ht32f165x.o(RESET)
    I2C1_IRQHandler                          0x0000016f   Thumb Code     0  startup_ht32f165x.o(RESET)
    I2S_IRQHandler                           0x0000016f   Thumb Code     0  startup_ht32f165x.o(RESET)
    LPWUP_IRQHandler                         0x0000016f   Thumb Code     0  startup_ht32f165x.o(RESET)
    LVD_IRQHandler                           0x0000016f   Thumb Code     0  startup_ht32f165x.o(RESET)
    MCTM0BRK_IRQHandler                      0x0000016f   Thumb Code     0  startup_ht32f165x.o(RESET)
    MCTM0CC_IRQHandler                       0x0000016f   Thumb Code     0  startup_ht32f165x.o(RESET)
    MCTM0TR_IRQHandler                       0x0000016f   Thumb Code     0  startup_ht32f165x.o(RESET)
    MCTM0UP_IRQHandler                       0x0000016f   Thumb Code     0  startup_ht32f165x.o(RESET)
    MCTM1BRK_IRQHandler                      0x0000016f   Thumb Code     0  startup_ht32f165x.o(RESET)
    MCTM1CC_IRQHandler                       0x0000016f   Thumb Code     0  startup_ht32f165x.o(RESET)
    MCTM1TR_IRQHandler                       0x0000016f   Thumb Code     0  startup_ht32f165x.o(RESET)
    MCTM1UP_IRQHandler                       0x0000016f   Thumb Code     0  startup_ht32f165x.o(RESET)
    PDMA_CH0_IRQHandler                      0x0000016f   Thumb Code     0  startup_ht32f165x.o(RESET)
    PDMA_CH1_IRQHandler                      0x0000016f   Thumb Code     0  startup_ht32f165x.o(RESET)
    PDMA_CH2_IRQHandler                      0x0000016f   Thumb Code     0  startup_ht32f165x.o(RESET)
    PDMA_CH3_IRQHandler                      0x0000016f   Thumb Code     0  startup_ht32f165x.o(RESET)
    PDMA_CH4_IRQHandler                      0x0000016f   Thumb Code     0  startup_ht32f165x.o(RESET)
    PDMA_CH5_IRQHandler                      0x0000016f   Thumb Code     0  startup_ht32f165x.o(RESET)
    PDMA_CH6_IRQHandler                      0x0000016f   Thumb Code     0  startup_ht32f165x.o(RESET)
    PDMA_CH7_IRQHandler                      0x0000016f   Thumb Code     0  startup_ht32f165x.o(RESET)
    RTC_IRQHandler                           0x0000016f   Thumb Code     0  startup_ht32f165x.o(RESET)
    SCI_IRQHandler                           0x0000016f   Thumb Code     0  startup_ht32f165x.o(RESET)
    SPI0_IRQHandler                          0x0000016f   Thumb Code     0  startup_ht32f165x.o(RESET)
    SPI1_IRQHandler                          0x0000016f   Thumb Code     0  startup_ht32f165x.o(RESET)
    UART0_IRQHandler                         0x0000016f   Thumb Code     0  startup_ht32f165x.o(RESET)
    UART1_IRQHandler                         0x0000016f   Thumb Code     0  startup_ht32f165x.o(RESET)
    USART0_IRQHandler                        0x0000016f   Thumb Code     0  startup_ht32f165x.o(RESET)
    USART1_IRQHandler                        0x0000016f   Thumb Code     0  startup_ht32f165x.o(RESET)
    USB_IRQHandler                           0x0000016f   Thumb Code     0  startup_ht32f165x.o(RESET)
    WDT_IRQHandler                           0x0000016f   Thumb Code     0  startup_ht32f165x.o(RESET)
    __main                                   0x00000179   Thumb Code     0  entry.o(.ARM.Collect$$$$00000000)
    _main_stk                                0x00000179   Thumb Code     0  entry2.o(.ARM.Collect$$$$00000001)
    _main_scatterload                        0x0000017d   Thumb Code     0  entry5.o(.ARM.Collect$$$$00000004)
    __main_after_scatterload                 0x00000181   Thumb Code     0  entry5.o(.ARM.Collect$$$$00000004)
    _main_clock                              0x00000181   Thumb Code     0  entry7b.o(.ARM.Collect$$$$00000008)
    _main_cpp_init                           0x00000181   Thumb Code     0  entry8b.o(.ARM.Collect$$$$0000000A)
    _main_init                               0x00000181   Thumb Code     0  entry9a.o(.ARM.Collect$$$$0000000B)
    __rt_final_cpp                           0x00000189   Thumb Code     0  entry10a.o(.ARM.Collect$$$$0000000D)
    __rt_final_exit                          0x00000189   Thumb Code     0  entry11a.o(.ARM.Collect$$$$0000000F)
    __aeabi_uldivmod                         0x0000018d   Thumb Code    98  uldiv.o(.text)
    __scatterload                            0x000001f1   Thumb Code    28  init.o(.text)
    __scatterload_rt2                        0x000001f1   Thumb Code     0  init.o(.text)
    __aeabi_llsl                             0x00000215   Thumb Code    30  llshl.o(.text)
    _ll_shift_l                              0x00000215   Thumb Code     0  llshl.o(.text)
    __aeabi_llsr                             0x00000233   Thumb Code    32  llushr.o(.text)
    _ll_ushift_r                             0x00000233   Thumb Code     0  llushr.o(.text)
    AFIO_GPxConfig                           0x00000255   Thumb Code    94  ht32f1655_56_gpio.o(i.AFIO_GPxConfig)
    BusFault_Handler                         0x000002b9   Thumb Code     2  ht32f165x_it.o(i.BusFault_Handler)
    CKCU_GetClocksFrequency                  0x000002bd   Thumb Code    76  ht32f1655_56_ckcu.o(i.CKCU_GetClocksFrequency)
    CKCU_GetPLLFrequency                     0x00000311   Thumb Code    52  ht32f1655_56_ckcu.o(i.CKCU_GetPLLFrequency)
    CKCU_GetUSARTClockFreq                   0x00000351   Thumb Code    16  ht32f1655_56_ckcu.o(i.CKCU_GetUSARTClockFreq)
    CKCU_PeripClockConfig                    0x00000361   Thumb Code    32  ht32f1655_56_ckcu.o(i.CKCU_PeripClockConfig)
    DebugMon_Handler                         0x00000385   Thumb Code     2  ht32f165x_it.o(i.DebugMon_Handler)
    GPIO_PullResistorConfig                  0x00000387   Thumb Code    40  ht32f1655_56_gpio.o(i.GPIO_PullResistorConfig)
    HardFault_Handler                        0x000003af   Thumb Code     2  ht32f165x_it.o(i.HardFault_Handler)
    InitUSART0                               0x000003b1   Thumb Code    78  usart.o(i.InitUSART0)
    MemManage_Handler                        0x000003ff   Thumb Code     2  ht32f165x_it.o(i.MemManage_Handler)
    NMI_Handler                              0x00000401   Thumb Code     2  ht32f165x_it.o(i.NMI_Handler)
    PendSV_Handler                           0x00000403   Thumb Code     2  ht32f165x_it.o(i.PendSV_Handler)
    SD_DisSelect                             0x00000405   Thumb Code    24  sd.o(i.SD_DisSelect)
    SD_GetResponse                           0x0000041d   Thumb Code    40  sd.o(i.SD_GetResponse)
    SD_Init                                  0x00000445   Thumb Code   340  sd.o(i.SD_Init)
    SD_ReadDisk                              0x0000059d   Thumb Code   104  sd.o(i.SD_ReadDisk)
    SD_RecvData                              0x00000609   Thumb Code    54  sd.o(i.SD_RecvData)
    SD_SPI_Init                              0x0000063f   Thumb Code     4  sd.o(i.SD_SPI_Init)
    SD_Select                                0x00000643   Thumb Code    30  sd.o(i.SD_Select)
    SD_SendBlock                             0x00000661   Thumb Code    78  sd.o(i.SD_SendBlock)
    SD_SendCmd                               0x000006af   Thumb Code   100  sd.o(i.SD_SendCmd)
    SD_WriteDisk                             0x00000735   Thumb Code   124  sd.o(i.SD_WriteDisk)
    SERIAL_PutChar                           0x000007b5   Thumb Code    32  ht32_serial.o(i.SERIAL_PutChar)
    SPI0_Init                                0x000007d5   Thumb Code   106  spi.o(i.SPI0_Init)
    SPI0_ReadWriteByte                       0x00000849   Thumb Code    78  spi.o(i.SPI0_ReadWriteByte)
    SPI0_SetSpeed                            0x00000899   Thumb Code    28  spi.o(i.SPI0_SetSpeed)
    SPI_Cmd                                  0x000008b9   Thumb Code    20  ht32f1655_56_spi.o(i.SPI_Cmd)
    SPI_GetFlagStatus                        0x000008cd   Thumb Code    14  ht32f1655_56_spi.o(i.SPI_GetFlagStatus)
    SPI_Init                                 0x000008db   Thumb Code    74  ht32f1655_56_spi.o(i.SPI_Init)
    SPI_ReceiveData                          0x00000925   Thumb Code     6  ht32f1655_56_spi.o(i.SPI_ReceiveData)
    SPI_SELOutputCmd                         0x0000092b   Thumb Code    20  ht32f1655_56_spi.o(i.SPI_SELOutputCmd)
    SPI_SendData                             0x0000093f   Thumb Code     4  ht32f1655_56_spi.o(i.SPI_SendData)
    SPI_SoftwareSELCmd                       0x00000943   Thumb Code    20  ht32f1655_56_spi.o(i.SPI_SoftwareSELCmd)
    SVC_Handler                              0x00000957   Thumb Code     2  ht32f165x_it.o(i.SVC_Handler)
    SysTick_Handler                          0x00000959   Thumb Code     2  ht32f165x_it.o(i.SysTick_Handler)
    SystemInit                               0x0000095d   Thumb Code    78  system_ht32f165x.o(i.SystemInit)
    USART_GetLineStatus                      0x000009b9   Thumb Code    10  ht32f1655_56_usart.o(i.USART_GetLineStatus)
    USART_Init                               0x000009c3   Thumb Code    52  ht32f1655_56_usart.o(i.USART_Init)
    USART_RxCmd                              0x000009f7   Thumb Code    20  ht32f1655_56_usart.o(i.USART_RxCmd)
    USART_SendData                           0x00000a0b   Thumb Code     4  ht32f1655_56_usart.o(i.USART_SendData)
    USART_TxCmd                              0x00000a0f   Thumb Code    20  ht32f1655_56_usart.o(i.USART_TxCmd)
    UsageFault_Handler                       0x00000a23   Thumb Code     2  ht32f165x_it.o(i.UsageFault_Handler)
    ViewSector                               0x00000a25   Thumb Code    70  main.o(i.ViewSector)
    __0printf$5                              0x00000ab9   Thumb Code    22  printf5.o(i.__0printf$5)
    __1printf$5                              0x00000ab9   Thumb Code     0  printf5.o(i.__0printf$5)
    __2printf                                0x00000ab9   Thumb Code     0  printf5.o(i.__0printf$5)
    __scatterload_copy                       0x00000ad9   Thumb Code    14  handlers.o(i.__scatterload_copy)
    __scatterload_null                       0x00000ae7   Thumb Code     2  handlers.o(i.__scatterload_null)
    __scatterload_zeroinit                   0x00000ae9   Thumb Code    14  handlers.o(i.__scatterload_zeroinit)
    fputc                                    0x00000db9   Thumb Code     4  ht32_retarget.o(i.fputc)
    main                                     0x00000dbd   Thumb Code   114  main.o(i.main)
    Region$$Table$$Base                      0x00000e84   Number         0  anon$$obj.o(Region$$Table)
    Region$$Table$$Limit                     0x00000ea4   Number         0  anon$$obj.o(Region$$Table)
    SD_Type                                  0x20000000   Data           1  sd.o(.data)
    __stdout                                 0x20000004   Data           4  ht32_retarget.o(.data)
    buf                                      0x20000008   Data         512  main.o(.bss)
    SPI_InitStructure                        0x20000208   Data          44  spi.o(.bss)
    __initial_sp                             0x20000438   Data           0  startup_ht32f165x.o(STACK)



==============================================================================

Memory Map of the image

  Image Entry point : 0x00000155

  Load Region LR_1 (Base: 0x00000000, Size: 0x00000eac, Max: 0xffffffff, ABSOLUTE)

    Execution Region ER_RO (Base: 0x00000000, Size: 0x00000ea4, Max: 0xffffffff, ABSOLUTE)

    Base Addr    Size         Type   Attr      Idx    E Section Name        Object

    0x00000000   0x00000178   Code   RO          433  * RESET               startup_ht32f165x.o
    0x00000178   0x00000000   Code   RO         4393  * .ARM.Collect$$$$00000000  mc_w.l(entry.o)
    0x00000178   0x00000004   Code   RO         4657    .ARM.Collect$$$$00000001  mc_w.l(entry2.o)
    0x0000017c   0x00000004   Code   RO         4660    .ARM.Collect$$$$00000004  mc_w.l(entry5.o)
    0x00000180   0x00000000   Code   RO         4662    .ARM.Collect$$$$00000008  mc_w.l(entry7b.o)
    0x00000180   0x00000000   Code   RO         4664    .ARM.Collect$$$$0000000A  mc_w.l(entry8b.o)
    0x00000180   0x00000008   Code   RO         4665    .ARM.Collect$$$$0000000B  mc_w.l(entry9a.o)
    0x00000188   0x00000000   Code   RO         4667    .ARM.Collect$$$$0000000D  mc_w.l(entry10a.o)
    0x00000188   0x00000000   Code   RO         4669    .ARM.Collect$$$$0000000F  mc_w.l(entry11a.o)
    0x00000188   0x00000004   Code   RO         4658    .ARM.Collect$$$$00002712  mc_w.l(entry2.o)
    0x0000018c   0x00000062   Code   RO         4673    .text               mc_w.l(uldiv.o)
    0x000001ee   0x00000002   PAD
    0x000001f0   0x00000024   Code   RO         4686    .text               mc_w.l(init.o)
    0x00000214   0x0000001e   Code   RO         4688    .text               mc_w.l(llshl.o)
    0x00000232   0x00000020   Code   RO         4690    .text               mc_w.l(llushr.o)
    0x00000252   0x00000002   PAD
    0x00000254   0x00000064   Code   RO         1419    i.AFIO_GPxConfig    ht32f1655_56_gpio.o
    0x000002b8   0x00000002   Code   RO          179    i.BusFault_Handler  ht32f165x_it.o
    0x000002ba   0x00000002   PAD
    0x000002bc   0x00000054   Code   RO          814    i.CKCU_GetClocksFrequency  ht32f1655_56_ckcu.o
    0x00000310   0x00000040   Code   RO          816    i.CKCU_GetPLLFrequency  ht32f1655_56_ckcu.o
    0x00000350   0x00000010   Code   RO          818    i.CKCU_GetUSARTClockFreq  ht32f1655_56_ckcu.o
    0x00000360   0x00000024   Code   RO          829    i.CKCU_PeripClockConfig  ht32f1655_56_ckcu.o
    0x00000384   0x00000002   Code   RO          180    i.DebugMon_Handler  ht32f165x_it.o
    0x00000386   0x00000028   Code   RO         1429    i.GPIO_PullResistorConfig  ht32f1655_56_gpio.o
    0x000003ae   0x00000002   Code   RO          181    i.HardFault_Handler  ht32f165x_it.o
    0x000003b0   0x0000004e   Code   RO          251    i.InitUSART0        usart.o
    0x000003fe   0x00000002   Code   RO          182    i.MemManage_Handler  ht32f165x_it.o
    0x00000400   0x00000002   Code   RO          183    i.NMI_Handler       ht32f165x_it.o
    0x00000402   0x00000002   Code   RO          184    i.PendSV_Handler    ht32f165x_it.o
    0x00000404   0x00000018   Code   RO          314    i.SD_DisSelect      sd.o
    0x0000041c   0x00000028   Code   RO          315    i.SD_GetResponse    sd.o
    0x00000444   0x00000158   Code   RO          316    i.SD_Init           sd.o
    0x0000059c   0x0000006c   Code   RO          317    i.SD_ReadDisk       sd.o
    0x00000608   0x00000036   Code   RO          318    i.SD_RecvData       sd.o
    0x0000063e   0x00000004   Code   RO          319    i.SD_SPI_Init       sd.o
    0x00000642   0x0000001e   Code   RO          320    i.SD_Select         sd.o
    0x00000660   0x0000004e   Code   RO          321    i.SD_SendBlock      sd.o
    0x000006ae   0x00000064   Code   RO          322    i.SD_SendCmd        sd.o
    0x00000712   0x00000022   Code   RO          323    i.SD_WaitReady      sd.o
    0x00000734   0x00000080   Code   RO          324    i.SD_WriteDisk      sd.o
    0x000007b4   0x00000020   Code   RO         3974    i.SERIAL_PutChar    ht32_serial.o
    0x000007d4   0x00000074   Code   RO          275    i.SPI0_Init         spi.o
    0x00000848   0x0000004e   Code   RO          276    i.SPI0_ReadWriteByte  spi.o
    0x00000896   0x00000002   PAD
    0x00000898   0x00000020   Code   RO          277    i.SPI0_SetSpeed     spi.o
    0x000008b8   0x00000014   Code   RO         3170    i.SPI_Cmd           ht32f1655_56_spi.o
    0x000008cc   0x0000000e   Code   RO         3178    i.SPI_GetFlagStatus  ht32f1655_56_spi.o
    0x000008da   0x0000004a   Code   RO         3179    i.SPI_Init          ht32f1655_56_spi.o
    0x00000924   0x00000006   Code   RO         3182    i.SPI_ReceiveData   ht32f1655_56_spi.o
    0x0000092a   0x00000014   Code   RO         3185    i.SPI_SELOutputCmd  ht32f1655_56_spi.o
    0x0000093e   0x00000004   Code   RO         3186    i.SPI_SendData      ht32f1655_56_spi.o
    0x00000942   0x00000014   Code   RO         3189    i.SPI_SoftwareSELCmd  ht32f1655_56_spi.o
    0x00000956   0x00000002   Code   RO          185    i.SVC_Handler       ht32f165x_it.o
    0x00000958   0x00000002   Code   RO          186    i.SysTick_Handler   ht32f165x_it.o
    0x0000095a   0x00000002   PAD
    0x0000095c   0x0000005c   Code   RO          399    i.SystemInit        system_ht32f165x.o
    0x000009b8   0x0000000a   Code   RO         3325    i.USART_GetLineStatus  ht32f1655_56_usart.o
    0x000009c2   0x00000034   Code   RO         3328    i.USART_Init        ht32f1655_56_usart.o
    0x000009f6   0x00000014   Code   RO         3340    i.USART_RxCmd       ht32f1655_56_usart.o
    0x00000a0a   0x00000004   Code   RO         3342    i.USART_SendData    ht32f1655_56_usart.o
    0x00000a0e   0x00000014   Code   RO         3354    i.USART_TxCmd       ht32f1655_56_usart.o
    0x00000a22   0x00000002   Code   RO          187    i.UsageFault_Handler  ht32f165x_it.o
    0x00000a24   0x00000094   Code   RO            4    i.ViewSector        main.o
    0x00000ab8   0x00000020   Code   RO         4529    i.__0printf$5       mc_w.l(printf5.o)
    0x00000ad8   0x0000000e   Code   RO         4698    i.__scatterload_copy  mc_w.l(handlers.o)
    0x00000ae6   0x00000002   Code   RO         4699    i.__scatterload_null  mc_w.l(handlers.o)
    0x00000ae8   0x0000000e   Code   RO         4700    i.__scatterload_zeroinit  mc_w.l(handlers.o)
    0x00000af6   0x00000002   PAD
    0x00000af8   0x000002c0   Code   RO         4536    i._printf_core      mc_w.l(printf5.o)
    0x00000db8   0x00000004   Code   RO         3913    i.fputc             ht32_retarget.o
    0x00000dbc   0x000000c8   Code   RO            5    i.main              main.o
    0x00000e84   0x00000020   Data   RO         4696    Region$$Table       anon$$obj.o


    Execution Region ER_RW (Base: 0x20000000, Size: 0x00000008, Max: 0xffffffff, ABSOLUTE)

    Base Addr    Size         Type   Attr      Idx    E Section Name        Object

    0x20000000   0x00000001   Data   RW          325    .data               sd.o
    0x20000001   0x00000003   PAD
    0x20000004   0x00000004   Data   RW         3914    .data               ht32_retarget.o


    Execution Region ER_ZI (Base: 0x20000008, Size: 0x00000430, Max: 0xffffffff, ABSOLUTE)

    Base Addr    Size         Type   Attr      Idx    E Section Name        Object

    0x20000008   0x00000200   Zero   RW            6    .bss                main.o
    0x20000208   0x0000002c   Zero   RW          278    .bss                spi.o
    0x20000234   0x00000004   PAD
    0x20000238   0x00000200   Zero   RW          431    STACK               startup_ht32f165x.o


==============================================================================

Image component sizes


      Code (inc. data)   RO Data    RW Data    ZI Data      Debug   Object Name

         4          0          0          4          0       2298   ht32_retarget.o
        32          0          0          0          0        501   ht32_serial.o
       200         24          0          0          0       4480   ht32f1655_56_ckcu.o
       140          6          0          0          0       1723   ht32f1655_56_gpio.o
       158          0          0          0          0       4202   ht32f1655_56_spi.o
       106          0          0          0          0       4128   ht32f1655_56_usart.o
        18          0          0          0          0       3370   ht32f165x_it.o
       348        164          0          0        512      40402   main.o
       944         12          0          1          0       6397   sd.o
       226         14          0          0         44       1641   spi.o
       376        348          0          0        512        708   startup_ht32f165x.o
        92         14          0          0          0        421   system_ht32f165x.o
        78          0          0          0          0        525   usart.o

    ----------------------------------------------------------------------
      2728        582         32          8       1072      70796   Object Totals
         0          0         32          0          0          0   (incl. Generated)
         6          0          0          3          4          0   (incl. Padding)

    ----------------------------------------------------------------------

      Code (inc. data)   RO Data    RW Data    ZI Data      Debug   Library Member Name

         0          0          0          0          0          0   entry.o
         0          0          0          0          0          0   entry10a.o
         0          0          0          0          0          0   entry11a.o
         8          4          0          0          0          0   entry2.o
         4          0          0          0          0          0   entry5.o
         0          0          0          0          0          0   entry7b.o
         0          0          0          0          0          0   entry8b.o
         8          4          0          0          0          0   entry9a.o
        30          0          0          0          0          0   handlers.o
        36          8          0          0          0         68   init.o
        30          0          0          0          0         68   llshl.o
        32          0          0          0          0         68   llushr.o
       736         56          0          0          0        184   printf5.o
        98          0          0          0          0         92   uldiv.o

    ----------------------------------------------------------------------
       988         72          0          0          0        480   Library Totals
         6          0          0          0          0          0   (incl. Padding)

    ----------------------------------------------------------------------

      Code (inc. data)   RO Data    RW Data    ZI Data      Debug   Library Name

       982         72          0          0          0        480   mc_w.l

    ----------------------------------------------------------------------
       988         72          0          0          0        480   Library Totals

    ----------------------------------------------------------------------

==============================================================================


      Code (inc. data)   RO Data    RW Data    ZI Data      Debug   

      3716        654         32          8       1072      68832   Grand Totals
      3716        654         32          8       1072      68832   ELF Image Totals
      3716        654         32          8          0          0   ROM Totals

==============================================================================

    Total RO  Size (Code + RO Data)                 3748 (   3.66kB)
    Total RW  Size (RW Data + ZI Data)              1080 (   1.05kB)
    Total ROM Size (Code + RO Data + RW Data)       3756 (   3.67kB)

==============================================================================

