<html>
<body>
<pre>
<h1>µVision Build Log</h1>
<h2>Project:</h2>
H:\Repertory\EmbeddedDevelopment\Project\MDK_ARM\Project.uvproj
Project File Date:  05/20/2016

<h2>Output:</h2>
Build target 'HT32'
compiling main.c...
compiling Bluetooth.c...
linking...
Program Size: Code=15596 RO-data=408 RW-data=260 ZI-data=2164  
FromELF: creating hex file...
".\HT32\Obj\HT32.axf" - 0 Error(s), 0 Warning(s).
</pre>
</body>
</html>
\\MDK_ARM\\HT32\\Obj\\HT32.axf" 
Erasing Done.
Programming Done: 11.42 KByte/s
