<html>
<body>
<pre>
<h1>礦ision Build Log</h1>
<h2>Project:</h2>
F:\50\QG\比赛\第四届合泰杯\code\EmbeddedDevelopment\SmartHelmet\Project\MDK_ARM\Project.uvproj
Project File Date:  03/20/2016

<h2>Output:</h2>
Build target 'HT32'
compiling main.c...
linking...
Program Size: Code=1660 RO-data=32 RW-data=4 ZI-data=548  
FromELF: creating hex file...
".\HT32\Obj\HT32.axf" - 0 Error(s), 0 Warning(s).
Load "F:\\50\\QG\\比赛\\第四届合泰杯\\code\\EmbeddedDevelopment\\SmartHelmet\\Project\\MDK_ARM\\HT32\\Obj\\HT32.axf" 
Erasing Done.
Programming Done: 9.86 KByte/s
</pre>
</body>
</html>
Obj\HT32.axf" - 0 Error(s), 1 Warning(s).
