<html>
<body>
<pre>
<h1>µVision Build Log</h1>
<h2>Project:</h2>
E:\Workspace\SmartHelmet\Project\MDK_ARM\Project.uvproj
Project File Date:  03/15/2016

<h2>Output:</h2>
Build target 'HT32'
compiling main.c...
compiling spi.c...
linking...
Program Size: Code=1952 RO-data=32 RW-data=4 ZI-data=516  
FromELF: creating hex file...
".\HT32\Obj\HT32.axf" - 0 Error(s), 0 Warning(s).
Load "E:\\Workspace\\SmartHelmet\\Project\\MDK_ARM\\HT32\\Obj\\HT32.axf" 
Erasing Done.
Programming Done: 10.57 KByte/s
</pre>
</body>
</html>
