<html>
<body>
<pre>
<h1>µVision Build Log</h1>
<h2>Project:</h2>
E:\Workspace\SmartHelmet\Project\MDK_ARM\Project.uvproj
Project File Date:  03/21/2016

<h2>Output:</h2>
Build target 'HT32'
compiling main.c...
linking...
Program Size: Code=4384 RO-data=32 RW-data=8 ZI-data=1104  
FromELF: creating hex file...
".\HT32\Obj\HT32.axf" - 0 Error(s), 0 Warning(s).
Load "E:\\Workspace\\SmartHelmet\\Project\\MDK_ARM\\HT32\\Obj\\HT32.axf" 
Erasing Done.
Programming Done: 11.34 KByte/s
</pre>
</body>
</html>
Helmet\\Project\\MDK_ARM\\HT32\\Obj\\HT32.axf" 
Erasing Done.
Programming Done: 11.80 KByte/s
ogramming Done: 10.99 KByte/s
), 2 Warning(s).

        DRESULT res;
..\..\ff11a\src\diskio.c: 4 warnings, 0 errors
linking...
Program Size: Code=4356 RO-data=32 RW-data=12 ZI-data=1108  
FromELF: creating hex file...
".\HT32\Obj\HT32.axf" - 0 Error(s), 4 Warning(s).
data=1108  
FromELF: creating hex file...
".\HT32\Obj\HT32.axf" - 0 Error(s), 5 Warning(s).
 result;
..\..\ff11a\src\diskio.c(132): warning:  #177-D: variable "result" was declared but never referenced
        int result;
..\..\ff11a\src\diskio.c(27): warning: C4017W: stat may be used before being set
        DSTATUS stat;
..\..\ff11a\src\diskio.c(131): warning: C4017W: res may be used before being set
        DRESULT res;
..\..\ff11a\src\diskio.c: 5 warnings, 0 errors
compiling ff.c...
compiling system_ht32f165x.c...
compiling ht32_usbd_core.c...
compiling ht32_cm3_misc.c...
compiling ht32f1655_56_adc.c...
compiling ht32f1655_56_bftm.c...
compiling ht32f1655_56_ckcu.c...
compiling ht32f1655_56_cmp_op.c...
compiling ht32f1655_56_crc.c...
compiling ht32f1655_56_ebi.c...
compiling ht32f1655_56_exti.c...
compiling ht32f1655_56_flash.c...
compiling ht32f1655_56_gpio.c...
compiling ht32f1655_56_gptm.c...
compiling ht32f1655_56_i2c.c...
compiling ht32f1655_56_i2s.c...
compiling ht32f1655_56_mctm.c...
compiling ht32f1655_56_pdma.c...
compiling ht32f1655_56_pwrcu.c...
compiling ht32f1655_56_rstcu.c...
compiling ht32f1655_56_rtc.c...
compiling ht32f1655_56_sci.c...
compiling ht32f1655_56_spi.c...
compiling ht32f1655_56_usart.c...
compiling ht32f1655_56_usbd.c...
compiling ht32f1655_56_wdt.c...
compiling ht32_retarget.c...
compiling ht32_serial.c...
compiling ht32_board.c...
compiling ebi_lcd.c...
compiling spi_flash.c...
compiling i2c_eeprom.c...
".\HT32\Obj\HT32.axf" - 1 Error(s), 6 Warning(s).
Target not created
t result;
..\..\ff11a\src\diskio.c(70): warning:  #223-D: function "ATA_disk_initialize" declared implicitly
                result = ATA_disk_initialize();
..\..\ff11a\src\diskio.c(77): warning:  #223-D: function "MMC_disk_initialize" declared implicitly
                result = MMC_disk_initialize();
..\..\ff11a\src\diskio.c(84): warning:  #223-D: function "USB_disk_initialize" declared implicitly
                result = USB_disk_initialize();
..\..\ff11a\src\diskio.c(66): warning:  #550-D: variable "result" was set but never used
        int result;
..\..\ff11a\src\diskio.c(113): warning:  #223-D: function "ATA_disk_read" declared implicitly
                result = ATA_disk_read(buff, sector, count);
..\..\ff11a\src\diskio.c(122): warning:  #223-D: function "MMC_disk_read" declared implicitly
                result = MMC_disk_read(buff, sector, count);
..\..\ff11a\src\diskio.c(131): warning:  #223-D: function "USB_disk_read" declared implicitly
                result = USB_disk_read(buff, sector, count);
..\..\ff11a\src\diskio.c(107): warning:  #550-D: variable "result" was set but never used
        int result;
..\..\ff11a\src\diskio.c(162): warning:  #223-D: function "ATA_disk_write" declared implicitly
                result = ATA_disk_write(buff, sector, count);
..\..\ff11a\src\diskio.c(171): warning:  #223-D: function "MMC_disk_write" declared implicitly
                result = MMC_disk_write(buff, sector, count);
..\..\ff11a\src\diskio.c(180): warning:  #223-D: function "USB_disk_write" declared implicitly
                result = USB_disk_write(buff, sector, count);
..\..\ff11a\src\diskio.c(156): warning:  #550-D: variable "result" was set but never used
        int result;
..\..\ff11a\src\diskio.c(204): warning:  #177-D: variable "result" was declared but never referenced
        int result;
..\..\ff11a\src\diskio.c(27): warning: C4017W: stat may be used before being set
        DSTATUS stat;
..\..\ff11a\src\diskio.c(65): warning: C4017W: stat may be used before being set
        DSTATUS stat;
..\..\ff11a\src\diskio.c(106): warning: C4017W: res may be used before being set
        DRESULT res;
..\..\ff11a\src\diskio.c(155): warning: C4017W: res may be used before being set
        DRESULT res;
..\..\ff11a\src\diskio.c(203): warning: C4017W: res may be used before being set
        DRESULT res;
..\..\ff11a\src\diskio.c: 22 warnings, 0 errors
"..\..\ff11a\src\diskio.c" - 0 Error(s), 22 Warning(s).
compiling diskio.c...
..\..\ff11a\src\diskio.c(33): warning:  #223-D: function "MMC_disk_status" declared implicitly
                        result = MMC_disk_status();
..\..\ff11a\src\diskio.c(28): warning:  #550-D: variable "result" was set but never used
        int result;
..\..\ff11a\src\diskio.c(59): warning:  #223-D: function "MMC_disk_initialize" declared implicitly
                        result = MMC_disk_initialize();
..\..\ff11a\src\diskio.c(53): warning:  #550-D: variable "result" was set but never used
        int result;
..\..\ff11a\src\diskio.c(89): warning:  #223-D: function "MMC_disk_read" declared implicitly
                        result = MMC_disk_read(buff, sector, count);
..\..\ff11a\src\diskio.c(82): warning:  #550-D: variable "result" was set but never used
        int result;
..\..\ff11a\src\diskio.c(120): warning:  #223-D: function "MMC_disk_write" declared implicitly
                        result = MMC_disk_write(buff, sector, count);
..\..\ff11a\src\diskio.c(114): warning:  #550-D: variable "result" was set but never used
        int result;
..\..\ff11a\src\diskio.c(144): warning:  #177-D: variable "result" was declared but never referenced
        int result;
..\..\ff11a\src\diskio.c(27): warning: C4017W: stat may be used before being set
        DSTATUS stat;
..\..\ff11a\src\diskio.c(52): warning: C4017W: stat may be used before being set
        DSTATUS stat;
..\..\ff11a\src\diskio.c(81): warning: C4017W: res may be used before being set
        DRESULT res;
..\..\ff11a\src\diskio.c(113): warning: C4017W: res may be used before being set
        DRESULT res;
..\..\ff11a\src\diskio.c(143): warning: C4017W: res may be used before being set
        DRESULT res;
..\..\ff11a\src\diskio.c: 14 warnings, 0 errors
"..\..\ff11a\src\diskio.c" - 0 Error(s), 14 Warning(s).
compiling diskio.c...
..\..\ff11a\src\diskio.c(33): warning:  #223-D: function "MMC_disk_status" declared implicitly
                        result = MMC_disk_status();
..\..\ff11a\src\diskio.c(28): warning:  #550-D: variable "result" was set but never used
        int result;
..\..\ff11a\src\diskio.c(52): warning:  #177-D: variable "stat" was declared but never referenced
        DSTATUS stat;
..\..\ff11a\src\diskio.c(88): warning:  #223-D: function "MMC_disk_read" declared implicitly
                        result = MMC_disk_read(buff, sector, count);
..\..\ff11a\src\diskio.c(81): warning:  #550-D: variable "result" was set but never used
        int result;
..\..\ff11a\src\diskio.c(119): warning:  #223-D: function "MMC_disk_write" declared implicitly
                        result = MMC_disk_write(buff, sector, count);
..\..\ff11a\src\diskio.c(113): warning:  #550-D: variable "result" was set but never used
        int result;
..\..\ff11a\src\diskio.c(143): warning:  #177-D: variable "result" was declared but never referenced
        int result;
..\..\ff11a\src\diskio.c(27): warning: C4017W: stat may be used before being set
        DSTATUS stat;
..\..\ff11a\src\diskio.c(80): warning: C4017W: res may be used before being set
        DRESULT res;
..\..\ff11a\src\diskio.c(112): warning: C4017W: res may be used before being set
        DRESULT res;
..\..\ff11a\src\diskio.c(142): warning: C4017W: res may be used before being set
        DRESULT res;
..\..\ff11a\src\diskio.c: 12 warnings, 0 errors
"..\..\ff11a\src\diskio.c" - 0 Error(s), 12 Warning(s).
compiling diskio.c...
..\..\ff11a\src\diskio.c(33): warning:  #223-D: function "MMC_disk_status" declared implicitly
                        result = MMC_disk_status();
..\..\ff11a\src\diskio.c(28): warning:  #550-D: variable "result" was set but never used
        int result;
..\..\ff11a\src\diskio.c(52): warning:  #177-D: variable "stat" was declared but never referenced
        DSTATUS stat;
..\..\ff11a\src\diskio.c(80): warning:  #177-D: variable "res" was declared but never referenced
        DRESULT res;
..\..\ff11a\src\diskio.c(113): error:  #167: argument of type "const BYTE *" is incompatible with parameter of type "u8 *"
                        result = SD_WriteDisk(buff, sector, count);
..\..\ff11a\src\diskio.c(108): warning:  #177-D: variable "res" was declared but never referenced
        DRESULT res;
..\..\ff11a\src\diskio.c(135): warning:  #177-D: variable "result" was declared but never referenced
        int result;
..\..\ff11a\src\diskio.c: 6 warnings, 1 error
"..\..\ff11a\src\diskio.c" - 1 Error(s), 6 Warning(s).
compiling diskio.c...
..\..\ff11a\src\diskio.c(33): warning:  #223-D: function "MMC_disk_status" declared implicitly
                        result = MMC_disk_status();
..\..\ff11a\src\diskio.c(28): warning:  #550-D: variable "result" was set but never used
        int result;
..\..\ff11a\src\diskio.c(52): warning:  #177-D: variable "stat" was declared but never referenced
        DSTATUS stat;
..\..\ff11a\src\diskio.c(80): warning:  #177-D: variable "res" was declared but never referenced
        DRESULT res;
..\..\ff11a\src\diskio.c(113): error:  #167: argument of type "const BYTE *" is incompatible with parameter of type "u8 *"
                        result = SD_WriteDisk((const BYTE *)buff, sector, count);
..\..\ff11a\src\diskio.c(108): warning:  #177-D: variable "res" was declared but never referenced
        DRESULT res;
..\..\ff11a\src\diskio.c(135): warning:  #177-D: variable "result" was declared but never referenced
        int result;
..\..\ff11a\src\diskio.c: 6 warnings, 1 error
"..\..\ff11a\src\diskio.c" - 1 Error(s), 6 Warning(s).
compiling diskio.c...
..\..\ff11a\src\diskio.c(33): warning:  #223-D: function "MMC_disk_status" declared implicitly
                        result = MMC_disk_status();
..\..\ff11a\src\diskio.c(28): warning:  #550-D: variable "result" was set but never used
        int result;
..\..\ff11a\src\diskio.c(110): error:  #167: argument of type "const BYTE *" is incompatible with parameter of type "u8 *"
                        result = SD_WriteDisk(buff, sector, count);
..\..\ff11a\src\diskio.c(132): warning:  #177-D: variable "result" was declared but never referenced
        int result;
..\..\ff11a\src\diskio.c: 3 warnings, 1 error
"..\..\ff11a\src\diskio.c" - 1 Error(s), 3 Warning(s).
