<html>
<body>
<pre>
<h1>µVision Build Log</h1>
<h2>Project:</h2>
E:\Workspace\SmartHelmet\Project\MDK_ARM\Project.uvproj
Project File Date:  03/21/2016

<h2>Output:</h2>
Build target 'HT32'
compiling main.c...
linking...
Program Size: Code=8680 RO-data=164 RW-data=24 ZI-data=1664  
FromELF: creating hex file...
".\HT32\Obj\HT32.axf" - 0 Error(s), 0 Warning(s).
Load "E:\\Workspace\\SmartHelmet\\Project\\MDK_ARM\\HT32\\Obj\\HT32.axf" 
Erasing Done.
Programming Done: 11.37 KByte/s
</pre>
</body>
</html>
rc\ff.c" - 0 Error(s), 0 Warning(s).
(s), 1 Warning(s).
Load "E:\\Workspace\\SmartHelmet\\Project\\MDK_ARM\\HT32\\Obj\\HT32.axf" 
Erasing Done.
Programming Done: 10.94 KByte/s
