<html>
<body>
<pre>
<h1>µVision Build Log</h1>
<h2>Project:</h2>
E:\Workspace\SmartHelmet\Project\MDK_ARM\Project.uvproj
Project File Date:  03/21/2016

<h2>Output:</h2>
Build target 'HT32'
compiling main.c...
..\..\User\main.c(142): warning:  #177-D: variable "fil" was declared but never referenced
      FIL fil;
..\..\User\main.c: 1 warning, 0 errors
linking...
Program Size: Code=3536 RO-data=32 RW-data=8 ZI-data=1104  
FromELF: creating hex file...
".\HT32\Obj\HT32.axf" - 0 Error(s), 1 Warning(s).
Load "E:\\Workspace\\SmartHelmet\\Project\\MDK_ARM\\HT32\\Obj\\HT32.axf" 
Erasing Done.
Programming Done: 10.90 KByte/s
</pre>
</body>
</html>
Project\\MDK_ARM\\HT32\\Obj\\HT32.axf" 
Erasing Done.
Programming Done: 11.22 KByte/s
655_56_flash.c...
compiling ht32f1655_56_gpio.c...
compiling ht32f1655_56_gptm.c...
compiling ht32f1655_56_i2c.c...
compiling ht32f1655_56_i2s.c...
compiling ht32f1655_56_mctm.c...
compiling ht32f1655_56_pdma.c...
compiling ht32f1655_56_pwrcu.c...
compiling ht32f1655_56_rstcu.c...
compiling ht32f1655_56_rtc.c...
compiling ht32f1655_56_sci.c...
compiling ht32f1655_56_spi.c...
compiling ht32f1655_56_usart.c...
compiling ht32f1655_56_usbd.c...
compiling ht32f1655_56_wdt.c...
compiling ht32_retarget.c...
compiling ht32_serial.c...
compiling ht32_board.c...
compiling ebi_lcd.c...
compiling spi_flash.c...
compiling i2c_eeprom.c...
linking...
.\HT32\Obj\HT32.axf: Error: L6218E: Undefined symbol f_puts (referred from main.o).
Not enough information to list image symbols.
Finished: 1 information, 0 warning and 1 error messages.
".\HT32\Obj\HT32.axf" - 1 Error(s), 0 Warning(s).
Target not created
ling ht32_serial.c...
compiling ht32_board.c...
compiling ebi_lcd.c...
compiling spi_flash.c...
compiling i2c_eeprom.c...
linking...
.\HT32\Obj\HT32.axf: Error: L6218E: Undefined symbol f_puts (referred from main.o).
Not enough information to list image symbols.
Finished: 1 information, 0 warning and 1 error messages.
".\HT32\Obj\HT32.axf" - 1 Error(s), 3 Warning(s).
Target not created
