<html>
<body>
<pre>
<h1>µVision Build Log</h1>
<h2>Project:</h2>
E:\Workspace\SmartHelmet\Project\MDK_ARM\Project.uvproj
Project File Date:  03/20/2016

<h2>Output:</h2>
Build target 'HT32'
compiling main.c...
linking...
Program Size: Code=3716 RO-data=32 RW-data=8 ZI-data=1072  
FromELF: creating hex file...
".\HT32\Obj\HT32.axf" - 0 Error(s), 0 Warning(s).
Load "E:\\Workspace\\SmartHelmet\\Project\\MDK_ARM\\HT32\\Obj\\HT32.axf" 
Erasing Done.
Programming Done: 10.95 KByte/s
</pre>
</body>
</html>
).
Load "E:\\Workspace\\SmartHelmet\\Project\\MDK_ARM\\HT32\\Obj\\HT32.axf" 
Erasing Done.
Programming Done: 11.01 KByte/s
rning(s).
Load "E:\\Workspace\\SmartHelmet\\Project\\MDK_ARM\\HT32\\Obj\\HT32.axf" 
Erasing Done.
Programming Done: 10.50 KByte/s
55_56_exti.c...
compiling ht32f1655_56_flash.c...
compiling ht32f1655_56_gpio.c...
compiling ht32f1655_56_gptm.c...
compiling ht32f1655_56_i2c.c...
compiling ht32f1655_56_i2s.c...
compiling ht32f1655_56_mctm.c...
compiling ht32f1655_56_pdma.c...
compiling ht32f1655_56_pwrcu.c...
compiling ht32f1655_56_rstcu.c...
compiling ht32f1655_56_rtc.c...
compiling ht32f1655_56_sci.c...
compiling ht32f1655_56_spi.c...
compiling ht32f1655_56_usart.c...
compiling ht32f1655_56_usbd.c...
compiling ht32f1655_56_wdt.c...
compiling ht32_retarget.c...
compiling ht32_serial.c...
compiling ht32_board.c...
compiling ebi_lcd.c...
compiling spi_flash.c...
compiling i2c_eeprom.c...
linking...
Program Size: Code=3388 RO-data=32 RW-data=8 ZI-data=560  
FromELF: creating hex file...
".\HT32\Obj\HT32.axf" - 0 Error(s), 1 Warning(s).
 functions.
.\HT32\Obj\HT32.axf: Error: L6241E: startup_ht32f165x.o(RESET) cannot use the address of 'RWPI (R9 used as SB)' function UsageFault_Handler as the image contains 'USESV6 (R9 used as V6)' functions.
.\HT32\Obj\HT32.axf: Error: L6241E: startup_ht32f165x.o(RESET) cannot use the address of 'RWPI (R9 used as SB)' function SVC_Handler as the image contains 'USESV6 (R9 used as V6)' functions.
.\HT32\Obj\HT32.axf: Error: L6241E: startup_ht32f165x.o(RESET) cannot use the address of 'RWPI (R9 used as SB)' function DebugMon_Handler as the image contains 'USESV6 (R9 used as V6)' functions.
.\HT32\Obj\HT32.axf: Error: L6241E: startup_ht32f165x.o(RESET) cannot use the address of 'RWPI (R9 used as SB)' function PendSV_Handler as the image contains 'USESV6 (R9 used as V6)' functions.
.\HT32\Obj\HT32.axf: Error: L6241E: startup_ht32f165x.o(RESET) cannot use the address of 'RWPI (R9 used as SB)' function SysTick_Handler as the image contains 'USESV6 (R9 used as V6)' functions.
.\HT32\Obj\HT32.axf: Error: L6241E: startup_ht32f165x.o(RESET) cannot use the address of 'RWPI (R9 used as SB)' function SystemInit as the image contains 'USESV6 (R9 used as V6)' functions.
.\HT32\Obj\HT32.axf: Error: L6241E: entry9a.o(.ARM.Collect$$$$0000000B) cannot use the address of 'RWPI (R9 used as SB)' function main as the image contains 'USESV6 (R9 used as V6)' functions.
.\HT32\Obj\HT32.axf: Error: L6241E: printf5.o(i.__0printf$5) cannot use the address of 'RWPI (R9 used as SB)' function fputc as the image contains 'USESV6 (R9 used as V6)' functions.
Finished: 0 information, 0 warning and 16 error messages.
".\HT32\Obj\HT32.axf" - 16 Error(s), 1 Warning(s).
Target not created
ESV6 (R9 used as V6)' functions.
.\HT32\Obj\HT32.axf: Error: L6241E: startup_ht32f165x.o(RESET) cannot use the address of 'RWPI (R9 used as SB)' function SysTick_Handler as the image contains 'USESV6 (R9 used as V6)' functions.
.\HT32\Obj\HT32.axf: Error: L6241E: startup_ht32f165x.o(RESET) cannot use the address of 'RWPI (R9 used as SB)' function SystemInit as the image contains 'USESV6 (R9 used as V6)' functions.
.\HT32\Obj\HT32.axf: Error: L6241E: entry9a.o(.ARM.Collect$$$$0000000B) cannot use the address of 'RWPI (R9 used as SB)' function main as the image contains 'USESV6 (R9 used as V6)' functions.
.\HT32\Obj\HT32.axf: Error: L6241E: printf5.o(i.__0printf$5) cannot use the address of 'RWPI (R9 used as SB)' function fputc as the image contains 'USESV6 (R9 used as V6)' functions.
Finished: 0 information, 0 warning and 16 error messages.
".\HT32\Obj\HT32.axf" - 16 Error(s), 0 Warning(s).
Target not created
identifier "USBD_EPTn_Enum" is undefined
  u32  USBD_EPTGetTransferCount(USBD_EPTn_Enum EPTn, USBD_TCR_Enum type);
..\..\library\HT32F1655_56_Driver\inc\ht32f1655_56_usbd.h(300): error:  #20: identifier "USBD_EPTn_Enum" is undefined
  u32  USBD_EPTWriteINData(USBD_EPTn_Enum EPTn, u32 *pFrom, u32 len);
..\..\library\HT32F1655_56_Driver\inc\ht32f1655_56_usbd.h(301): error:  #20: identifier "USBD_EPTn_Enum" is undefined
  u32  USBD_EPTReadOUTData(USBD_EPTn_Enum EPTn, u32 *pTo, u32 len);
..\..\library\HT32F1655_56_Driver\inc\ht32f1655_56_usbd.h(302): error:  #20: identifier "USBD_EPTn_Enum" is undefined
  u32  USBD_EPTReadMemory(USBD_EPTn_Enum EPTn, u32 *pTo, u32 len);
..\..\library\HT32F1655_56_Driver\inc\ht32f1655_56_pwrcu.h(91): error:  #228-D: trailing comma is nonstandard
    PWRCU_BODRIS_INT   = 1,  /*!< Assert interrupt                                                            */
..\..\library\HT32F1655_56_Driver\inc\ht32f1655_56_ckcu.h(244): error:  #230: nonstandard type for a bit field
      unsigned long FMC        :1;
..\..\library\HT32F1655_56_Driver\inc\ht32f1655_56_ckcu.h(245): error:  #230: nonstandard type for a bit field
      unsigned long            :1;
..\..\library\HT32F1655_56_Driver\inc\ht32f1655_56_ckcu.h(246): error:  #230: nonstandard type for a bit field
      unsigned long SRAM       :1;
..\..\User\main.c: 2 warnings, 30 errors
compiling ht32f165x_it.c...
..\..\library\CMSIS\Include\core_cmInstr.h(129): error:  #667: "asm" function is nonstandard
  __attribute__((section(".rev16_text"))) __STATIC_INLINE __ASM uint32_t __REV16(uint32_t value)
..\..\library\CMSIS\Include\core_cmInstr.h(144): error:  #667: "asm" function is nonstandard
  __attribute__((section(".revsh_text"))) __STATIC_INLINE __ASM int32_t __REVSH(int32_t value)
..\..\library\CMSIS\Include\core_cmInstr.h(300): error:  #667: "asm" function is nonstandard
  __attribute__((section(".rrx_text"))) __STATIC_INLINE __ASM uint32_t __RRX(uint32_t value)
..\..\User\ht32f1655_56_conf.h(27): error:  #169: expected a declaration
  //-------- <<< Use Configuration Wizard in Context Menu >>> -----------------
..\..\User\ht32f1655_56_conf.h(128): warning:  #12-D: parsing restarts here after previous syntax error
    extern void RETARGET_Configuration(void);
..\..\User\ht32f165x_usbdconf.h(27): error:  #169: expected a declaration
  // <<< Use Configuration Wizard in Context Menu >>>
..\..\User\ht32f165x_usbdconf.h(40): error:  #40: expected an identifier
    #define USBDCore_LowPower(...)
..\..\library\HT32F1655_56_Driver\inc\ht32f1655_56_usbd.h(75): warning:  #12-D: parsing restarts here after previous syntax error
  } USBD_EPTn_Enum;
..\..\library\HT32F1655_56_Driver\inc\ht32f1655_56_usbd.h(80): error:  #228-D: trailing comma is nonstandard
    USBD_TCR_1 = 16,
..\..\library\HT32F1655_56_Driver\inc\ht32f1655_56_usbd.h(283): error:  #20: identifier "USBD_EPTn_Enum" is undefined
  USBD_EPTn_Enum USBD_GetEPTnINTNumber(u32 INTFlag);
..\..\library\HT32F1655_56_Driver\inc\ht32f1655_56_usbd.h(285): error:  #20: identifier "USBD_EPTn_Enum" is undefined
  void USBD_EPTInit(USBD_EPTn_Enum EPTn, u32 *pDriver);
..\..\library\HT32F1655_56_Driver\inc\ht32f1655_56_usbd.h(286): error:  #20: identifier "USBD_EPTn_Enum" is undefined
  void USBD_EPTReset(USBD_EPTn_Enum EPTn);
..\..\library\HT32F1655_56_Driver\inc\ht32f1655_56_usbd.h(287): error:  #20: identifier "USBD_EPTn_Enum" is undefined
  void USBD_EPTEnableINT(USBD_EPTn_Enum EPTn, u32 INTFlag);
..\..\library\HT32F1655_56_Driver\inc\ht32f1655_56_usbd.h(288): error:  #20: identifier "USBD_EPTn_Enum" is undefined
  u32  USBD_EPTGetINT(USBD_EPTn_Enum EPTn);
..\..\library\HT32F1655_56_Driver\inc\ht32f1655_56_usbd.h(289): error:  #20: identifier "USBD_EPTn_Enum" is undefined
  void USBD_EPTClearINT(USBD_EPTn_Enum EPTn, u32 INTFlag);
..\..\library\HT32F1655_56_Driver\inc\ht32f1655_56_usbd.h(290): error:  #20: identifier "USBD_EPTn_Enum" is undefined
  void USBD_EPTSendSTALL(USBD_EPTn_Enum EPTn);
..\..\library\HT32F1655_56_Driver\inc\ht32f1655_56_usbd.h(291): error:  #20: identifier "USBD_EPTn_Enum" is undefined
  u32  USBD_EPTGetHalt(USBD_EPTn_Enum EPTn);
..\..\library\HT32F1655_56_Driver\inc\ht32f1655_56_usbd.h(292): error:  #20: identifier "USBD_EPTn_Enum" is undefined
  void USBD_EPTSetHalt(USBD_EPTn_Enum EPTn);
..\..\library\HT32F1655_56_Driver\inc\ht32f1655_56_usbd.h(293): error:  #20: identifier "USBD_EPTn_Enum" is undefined
  void USBD_EPTClearHalt(USBD_EPTn_Enum EPTn);
..\..\library\HT32F1655_56_Driver\inc\ht32f1655_56_usbd.h(294): error:  #20: identifier "USBD_EPTn_Enum" is undefined
  void USBD_EPTWaitSTALLSent(USBD_EPTn_Enum EPTn);
..\..\library\HT32F1655_56_Driver\inc\ht32f1655_56_usbd.h(295): error:  #20: identifier "USBD_EPTn_Enum" is undefined
  void USBD_EPTClearDTG(USBD_EPTn_Enum EPTn);
..\..\library\HT32F1655_56_Driver\inc\ht32f1655_56_usbd.h(296): error:  #20: identifier "USBD_EPTn_Enum" is undefined
  u32  USBD_EPTGetBuffer0Addr(USBD_EPTn_Enum EPTn);
..\..\library\HT32F1655_56_Driver\inc\ht32f1655_56_usbd.h(297): error:  #20: identifier "USBD_EPTn_Enum" is undefined
  u32  USBD_EPTGetBuffer1Addr(USBD_EPTn_Enum EPTn);
..\..\library\HT32F1655_56_Driver\inc\ht32f1655_56_usbd.h(298): error:  #20: identifier "USBD_EPTn_Enum" is undefined
  u32  USBD_EPTGetBufferLen(USBD_EPTn_Enum EPTn);
..\..\library\HT32F1655_56_Driver\inc\ht32f1655_56_usbd.h(299): error:  #20: identifier "USBD_EPTn_Enum" is undefined
  u32  USBD_EPTGetTransferCount(USBD_EPTn_Enum EPTn, USBD_TCR_Enum type);
..\..\library\HT32F1655_56_Driver\inc\ht32f1655_56_usbd.h(300): error:  #20: identifier "USBD_EPTn_Enum" is undefined
  u32  USBD_EPTWriteINData(USBD_EPTn_Enum EPTn, u32 *pFrom, u32 len);
..\..\library\HT32F1655_56_Driver\inc\ht32f1655_56_usbd.h(301): error:  #20: identifier "USBD_EPTn_Enum" is undefined
  u32  USBD_EPTReadOUTData(USBD_EPTn_Enum EPTn, u32 *pTo, u32 len);
..\..\library\HT32F1655_56_Driver\inc\ht32f1655_56_usbd.h(302): error:  #20: identifier "USBD_EPTn_Enum" is undefined
  u32  USBD_EPTReadMemory(USBD_EPTn_Enum EPTn, u32 *pTo, u32 len);
..\..\library\HT32F1655_56_Driver\inc\ht32f1655_56_pwrcu.h(91): error:  #228-D: trailing comma is nonstandard
    PWRCU_BODRIS_INT   = 1,  /*!< Assert interrupt                                                            */
..\..\library\HT32F1655_56_Driver\inc\ht32f1655_56_ckcu.h(244): error:  #230: nonstandard type for a bit field
      unsigned long FMC        :1;
..\..\library\HT32F1655_56_Driver\inc\ht32f1655_56_ckcu.h(245): error:  #230: nonstandard type for a bit field
      unsigned long            :1;
..\..\library\HT32F1655_56_Driver\inc\ht32f1655_56_ckcu.h(246): error:  #230: nonstandard type for a bit field
      unsigned long SRAM       :1;
..\..\User\ht32f165x_it.c: 2 warnings, 30 errors
compiling usart.c...
..\..\library\CMSIS\Include\core_cmInstr.h(129): error:  #667: "asm" function is nonstandard
  __attribute__((section(".rev16_text"))) __STATIC_INLINE __ASM uint32_t __REV16(uint32_t value)
..\..\library\CMSIS\Include\core_cmInstr.h(144): error:  #667: "asm" function is nonstandard
  __attribute__((section(".revsh_text"))) __STATIC_INLINE __ASM int32_t __REVSH(int32_t value)
..\..\library\CMSIS\Include\core_cmInstr.h(300): error:  #667: "asm" function is nonstandard
  __attribute__((section(".rrx_text"))) __STATIC_INLINE __ASM uint32_t __RRX(uint32_t value)
..\..\User\ht32f1655_56_conf.h(27): error:  #169: expected a declaration
  //-------- <<< Use Configuration Wizard in Context Menu >>> -----------------
..\..\User\ht32f1655_56_conf.h(128): warning:  #12-D: parsing restarts here after previous syntax error
    extern void RETARGET_Configuration(void);
..\..\User\ht32f165x_usbdconf.h(27): error:  #169: expected a declaration
  // <<< Use Configuration Wizard in Context Menu >>>
..\..\User\ht32f165x_usbdconf.h(40): error:  #40: expected an identifier
    #define USBDCore_LowPower(...)
..\..\library\HT32F1655_56_Driver\inc\ht32f1655_56_usbd.h(75): warning:  #12-D: parsing restarts here after previous syntax error
  } USBD_EPTn_Enum;
..\..\library\HT32F1655_56_Driver\inc\ht32f1655_56_usbd.h(80): error:  #228-D: trailing comma is nonstandard
    USBD_TCR_1 = 16,
..\..\library\HT32F1655_56_Driver\inc\ht32f1655_56_usbd.h(283): error:  #20: identifier "USBD_EPTn_Enum" is undefined
  USBD_EPTn_Enum USBD_GetEPTnINTNumber(u32 INTFlag);
..\..\library\HT32F1655_56_Driver\inc\ht32f1655_56_usbd.h(285): error:  #20: identifier "USBD_EPTn_Enum" is undefined
  void USBD_EPTInit(USBD_EPTn_Enum EPTn, u32 *pDriver);
..\..\library\HT32F1655_56_Driver\inc\ht32f1655_56_usbd.h(286): error:  #20: identifier "USBD_EPTn_Enum" is undefined
  void USBD_EPTReset(USBD_EPTn_Enum EPTn);
..\..\library\HT32F1655_56_Driver\inc\ht32f1655_56_usbd.h(287): error:  #20: identifier "USBD_EPTn_Enum" is undefined
  void USBD_EPTEnableINT(USBD_EPTn_Enum EPTn, u32 INTFlag);
..\..\library\HT32F1655_56_Driver\inc\ht32f1655_56_usbd.h(288): error:  #20: identifier "USBD_EPTn_Enum" is undefined
  u32  USBD_EPTGetINT(USBD_EPTn_Enum EPTn);
..\..\library\HT32F1655_56_Driver\inc\ht32f1655_56_usbd.h(289): error:  #20: identifier "USBD_EPTn_Enum" is undefined
  void USBD_EPTClearINT(USBD_EPTn_Enum EPTn, u32 INTFlag);
..\..\library\HT32F1655_56_Driver\inc\ht32f1655_56_usbd.h(290): error:  #20: identifier "USBD_EPTn_Enum" is undefined
  void USBD_EPTSendSTALL(USBD_EPTn_Enum EPTn);
..\..\library\HT32F1655_56_Driver\inc\ht32f1655_56_usbd.h(291): error:  #20: identifier "USBD_EPTn_Enum" is undefined
  u32  USBD_EPTGetHalt(USBD_EPTn_Enum EPTn);
..\..\library\HT32F1655_56_Driver\inc\ht32f1655_56_usbd.h(292): error:  #20: identifier "USBD_EPTn_Enum" is undefined
  void USBD_EPTSetHalt(USBD_EPTn_Enum EPTn);
..\..\library\HT32F1655_56_Driver\inc\ht32f1655_56_usbd.h(293): error:  #20: identifier "USBD_EPTn_Enum" is undefined
  void USBD_EPTClearHalt(USBD_EPTn_Enum EPTn);
..\..\library\HT32F1655_56_Driver\inc\ht32f1655_56_usbd.h(294): error:  #20: identifier "USBD_EPTn_Enum" is undefined
  void USBD_EPTWaitSTALLSent(USBD_EPTn_Enum EPTn);
..\..\library\HT32F1655_56_Driver\inc\ht32f1655_56_usbd.h(295): error:  #20: identifier "USBD_EPTn_Enum" is undefined
  void USBD_EPTClearDTG(USBD_EPTn_Enum EPTn);
..\..\library\HT32F1655_56_Driver\inc\ht32f1655_56_usbd.h(296): error:  #20: identifier "USBD_EPTn_Enum" is undefined
  u32  USBD_EPTGetBuffer0Addr(USBD_EPTn_Enum EPTn);
..\..\library\HT32F1655_56_Driver\inc\ht32f1655_56_usbd.h(297): error:  #20: identifier "USBD_EPTn_Enum" is undefined
  u32  USBD_EPTGetBuffer1Addr(USBD_EPTn_Enum EPTn);
..\..\library\HT32F1655_56_Driver\inc\ht32f1655_56_usbd.h(298): error:  #20: identifier "USBD_EPTn_Enum" is undefined
  u32  USBD_EPTGetBufferLen(USBD_EPTn_Enum EPTn);
..\..\library\HT32F1655_56_Driver\inc\ht32f1655_56_usbd.h(299): error:  #20: identifier "USBD_EPTn_Enum" is undefined
  u32  USBD_EPTGetTransferCount(USBD_EPTn_Enum EPTn, USBD_TCR_Enum type);
..\..\library\HT32F1655_56_Driver\inc\ht32f1655_56_usbd.h(300): error:  #20: identifier "USBD_EPTn_Enum" is undefined
  u32  USBD_EPTWriteINData(USBD_EPTn_Enum EPTn, u32 *pFrom, u32 len);
..\..\library\HT32F1655_56_Driver\inc\ht32f1655_56_usbd.h(301): error:  #20: identifier "USBD_EPTn_Enum" is undefined
  u32  USBD_EPTReadOUTData(USBD_EPTn_Enum EPTn, u32 *pTo, u32 len);
..\..\library\HT32F1655_56_Driver\inc\ht32f1655_56_usbd.h(302): error:  #20: identifier "USBD_EPTn_Enum" is undefined
  u32  USBD_EPTReadMemory(USBD_EPTn_Enum EPTn, u32 *pTo, u32 len);
..\..\library\HT32F1655_56_Driver\inc\ht32f1655_56_pwrcu.h(91): error:  #228-D: trailing comma is nonstandard
    PWRCU_BODRIS_INT   = 1,  /*!< Assert interrupt                                                            */
..\..\library\HT32F1655_56_Driver\inc\ht32f1655_56_ckcu.h(244): error:  #230: nonstandard type for a bit field
      unsigned long FMC        :1;
..\..\library\HT32F1655_56_Driver\inc\ht32f1655_56_ckcu.h(245): error:  #230: nonstandard type for a bit field
      unsigned long            :1;
..\..\library\HT32F1655_56_Driver\inc\ht32f1655_56_ckcu.h(246): error:  #230: nonstandard type for a bit field
      unsigned long SRAM       :1;
..\..\Driver\USART\usart.c: 2 warnings, 30 errors
compiling spi.c...
..\..\library\CMSIS\Include\core_cmInstr.h(129): error:  #667: "asm" function is nonstandard
  __attribute__((section(".rev16_text"))) __STATIC_INLINE __ASM uint32_t __REV16(uint32_t value)
..\..\library\CMSIS\Include\core_cmInstr.h(144): error:  #667: "asm" function is nonstandard
  __attribute__((section(".revsh_text"))) __STATIC_INLINE __ASM int32_t __REVSH(int32_t value)
..\..\library\CMSIS\Include\core_cmInstr.h(300): error:  #667: "asm" function is nonstandard
  __attribute__((section(".rrx_text"))) __STATIC_INLINE __ASM uint32_t __RRX(uint32_t value)
..\..\User\ht32f1655_56_conf.h(27): error:  #169: expected a declaration
  //-------- <<< Use Configuration Wizard in Context Menu >>> -----------------
..\..\User\ht32f1655_56_conf.h(128): warning:  #12-D: parsing restarts here after previous syntax error
    extern void RETARGET_Configuration(void);
..\..\User\ht32f165x_usbdconf.h(27): error:  #169: expected a declaration
  // <<< Use Configuration Wizard in Context Menu >>>
..\..\User\ht32f165x_usbdconf.h(40): error:  #40: expected an identifier
    #define USBDCore_LowPower(...)
..\..\library\HT32F1655_56_Driver\inc\ht32f1655_56_usbd.h(75): warning:  #12-D: parsing restarts here after previous syntax error
  } USBD_EPTn_Enum;
..\..\library\HT32F1655_56_Driver\inc\ht32f1655_56_usbd.h(80): error:  #228-D: trailing comma is nonstandard
    USBD_TCR_1 = 16,
..\..\library\HT32F1655_56_Driver\inc\ht32f1655_56_usbd.h(283): error:  #20: identifier "USBD_EPTn_Enum" is undefined
  USBD_EPTn_Enum USBD_GetEPTnINTNumber(u32 INTFlag);
..\..\library\HT32F1655_56_Driver\inc\ht32f1655_56_usbd.h(285): error:  #20: identifier "USBD_EPTn_Enum" is undefined
  void USBD_EPTInit(USBD_EPTn_Enum EPTn, u32 *pDriver);
..\..\library\HT32F1655_56_Driver\inc\ht32f1655_56_usbd.h(286): error:  #20: identifier "USBD_EPTn_Enum" is undefined
  void USBD_EPTReset(USBD_EPTn_Enum EPTn);
..\..\library\HT32F1655_56_Driver\inc\ht32f1655_56_usbd.h(287): error:  #20: identifier "USBD_EPTn_Enum" is undefined
  void USBD_EPTEnableINT(USBD_EPTn_Enum EPTn, u32 INTFlag);
..\..\library\HT32F1655_56_Driver\inc\ht32f1655_56_usbd.h(288): error:  #20: identifier "USBD_EPTn_Enum" is undefined
  u32  USBD_EPTGetINT(USBD_EPTn_Enum EPTn);
..\..\library\HT32F1655_56_Driver\inc\ht32f1655_56_usbd.h(289): error:  #20: identifier "USBD_EPTn_Enum" is undefined
  void USBD_EPTClearINT(USBD_EPTn_Enum EPTn, u32 INTFlag);
..\..\library\HT32F1655_56_Driver\inc\ht32f1655_56_usbd.h(290): error:  #20: identifier "USBD_EPTn_Enum" is undefined
  void USBD_EPTSendSTALL(USBD_EPTn_Enum EPTn);
..\..\library\HT32F1655_56_Driver\inc\ht32f1655_56_usbd.h(291): error:  #20: identifier "USBD_EPTn_Enum" is undefined
  u32  USBD_EPTGetHalt(USBD_EPTn_Enum EPTn);
..\..\library\HT32F1655_56_Driver\inc\ht32f1655_56_usbd.h(292): error:  #20: identifier "USBD_EPTn_Enum" is undefined
  void USBD_EPTSetHalt(USBD_EPTn_Enum EPTn);
..\..\library\HT32F1655_56_Driver\inc\ht32f1655_56_usbd.h(293): error:  #20: identifier "USBD_EPTn_Enum" is undefined
  void USBD_EPTClearHalt(USBD_EPTn_Enum EPTn);
..\..\library\HT32F1655_56_Driver\inc\ht32f1655_56_usbd.h(294): error:  #20: identifier "USBD_EPTn_Enum" is undefined
  void USBD_EPTWaitSTALLSent(USBD_EPTn_Enum EPTn);
..\..\library\HT32F1655_56_Driver\inc\ht32f1655_56_usbd.h(295): error:  #20: identifier "USBD_EPTn_Enum" is undefined
  void USBD_EPTClearDTG(USBD_EPTn_Enum EPTn);
..\..\library\HT32F1655_56_Driver\inc\ht32f1655_56_usbd.h(296): error:  #20: identifier "USBD_EPTn_Enum" is undefined
  u32  USBD_EPTGetBuffer0Addr(USBD_EPTn_Enum EPTn);
..\..\library\HT32F1655_56_Driver\inc\ht32f1655_56_usbd.h(297): error:  #20: identifier "USBD_EPTn_Enum" is undefined
  u32  USBD_EPTGetBuffer1Addr(USBD_EPTn_Enum EPTn);
..\..\library\HT32F1655_56_Driver\inc\ht32f1655_56_usbd.h(298): error:  #20: identifier "USBD_EPTn_Enum" is undefined
  u32  USBD_EPTGetBufferLen(USBD_EPTn_Enum EPTn);
..\..\library\HT32F1655_56_Driver\inc\ht32f1655_56_usbd.h(299): error:  #20: identifier "USBD_EPTn_Enum" is undefined
  u32  USBD_EPTGetTransferCount(USBD_EPTn_Enum EPTn, USBD_TCR_Enum type);
..\..\library\HT32F1655_56_Driver\inc\ht32f1655_56_usbd.h(300): error:  #20: identifier "USBD_EPTn_Enum" is undefined
  u32  USBD_EPTWriteINData(USBD_EPTn_Enum EPTn, u32 *pFrom, u32 len);
..\..\library\HT32F1655_56_Driver\inc\ht32f1655_56_usbd.h(301): error:  #20: identifier "USBD_EPTn_Enum" is undefined
  u32  USBD_EPTReadOUTData(USBD_EPTn_Enum EPTn, u32 *pTo, u32 len);
..\..\library\HT32F1655_56_Driver\inc\ht32f1655_56_usbd.h(302): error:  #20: identifier "USBD_EPTn_Enum" is undefined
  u32  USBD_EPTReadMemory(USBD_EPTn_Enum EPTn, u32 *pTo, u32 len);
..\..\library\HT32F1655_56_Driver\inc\ht32f1655_56_pwrcu.h(91): error:  #228-D: trailing comma is nonstandard
    PWRCU_BODRIS_INT   = 1,  /*!< Assert interrupt                                                            */
..\..\library\HT32F1655_56_Driver\inc\ht32f1655_56_ckcu.h(244): error:  #230: nonstandard type for a bit field
      unsigned long FMC        :1;
..\..\library\HT32F1655_56_Driver\inc\ht32f1655_56_ckcu.h(245): error:  #230: nonstandard type for a bit field
      unsigned long            :1;
..\..\library\HT32F1655_56_Driver\inc\ht32f1655_56_ckcu.h(246): error:  #230: nonstandard type for a bit field
      unsigned long SRAM       :1;
..\..\Driver\SPI\spi.c: 2 warnings, 30 errors
compiling sd.c...
..\..\library\CMSIS\Include\core_cmInstr.h(129): error:  #667: "asm" function is nonstandard
  __attribute__((section(".rev16_text"))) __STATIC_INLINE __ASM uint32_t __REV16(uint32_t value)
..\..\library\CMSIS\Include\core_cmInstr.h(144): error:  #667: "asm" function is nonstandard
  __attribute__((section(".revsh_text"))) __STATIC_INLINE __ASM int32_t __REVSH(int32_t value)
..\..\library\CMSIS\Include\core_cmInstr.h(300): error:  #667: "asm" function is nonstandard
  __attribute__((section(".rrx_text"))) __STATIC_INLINE __ASM uint32_t __RRX(uint32_t value)
..\..\User\ht32f1655_56_conf.h(27): error:  #169: expected a declaration
  //-------- <<< Use Configuration Wizard in Context Menu >>> -----------------
..\..\User\ht32f1655_56_conf.h(128): warning:  #12-D: parsing restarts here after previous syntax error
    extern void RETARGET_Configuration(void);
..\..\User\ht32f165x_usbdconf.h(27): error:  #169: expected a declaration
  // <<< Use Configuration Wizard in Context Menu >>>
..\..\User\ht32f165x_usbdconf.h(40): error:  #40: expected an identifier
    #define USBDCore_LowPower(...)
..\..\library\HT32F1655_56_Driver\inc\ht32f1655_56_usbd.h(75): warning:  #12-D: parsing restarts here after previous syntax error
  } USBD_EPTn_Enum;
..\..\library\HT32F1655_56_Driver\inc\ht32f1655_56_usbd.h(80): error:  #228-D: trailing comma is nonstandard
    USBD_TCR_1 = 16,
..\..\library\HT32F1655_56_Driver\inc\ht32f1655_56_usbd.h(283): error:  #20: identifier "USBD_EPTn_Enum" is undefined
  USBD_EPTn_Enum USBD_GetEPTnINTNumber(u32 INTFlag);
..\..\library\HT32F1655_56_Driver\inc\ht32f1655_56_usbd.h(285): error:  #20: identifier "USBD_EPTn_Enum" is undefined
  void USBD_EPTInit(USBD_EPTn_Enum EPTn, u32 *pDriver);
..\..\library\HT32F1655_56_Driver\inc\ht32f1655_56_usbd.h(286): error:  #20: identifier "USBD_EPTn_Enum" is undefined
  void USBD_EPTReset(USBD_EPTn_Enum EPTn);
..\..\library\HT32F1655_56_Driver\inc\ht32f1655_56_usbd.h(287): error:  #20: identifier "USBD_EPTn_Enum" is undefined
  void USBD_EPTEnableINT(USBD_EPTn_Enum EPTn, u32 INTFlag);
..\..\library\HT32F1655_56_Driver\inc\ht32f1655_56_usbd.h(288): error:  #20: identifier "USBD_EPTn_Enum" is undefined
  u32  USBD_EPTGetINT(USBD_EPTn_Enum EPTn);
..\..\library\HT32F1655_56_Driver\inc\ht32f1655_56_usbd.h(289): error:  #20: identifier "USBD_EPTn_Enum" is undefined
  void USBD_EPTClearINT(USBD_EPTn_Enum EPTn, u32 INTFlag);
..\..\library\HT32F1655_56_Driver\inc\ht32f1655_56_usbd.h(290): error:  #20: identifier "USBD_EPTn_Enum" is undefined
  void USBD_EPTSendSTALL(USBD_EPTn_Enum EPTn);
..\..\library\HT32F1655_56_Driver\inc\ht32f1655_56_usbd.h(291): error:  #20: identifier "USBD_EPTn_Enum" is undefined
  u32  USBD_EPTGetHalt(USBD_EPTn_Enum EPTn);
..\..\library\HT32F1655_56_Driver\inc\ht32f1655_56_usbd.h(292): error:  #20: identifier "USBD_EPTn_Enum" is undefined
  void USBD_EPTSetHalt(USBD_EPTn_Enum EPTn);
..\..\library\HT32F1655_56_Driver\inc\ht32f1655_56_usbd.h(293): error:  #20: identifier "USBD_EPTn_Enum" is undefined
  void USBD_EPTClearHalt(USBD_EPTn_Enum EPTn);
..\..\library\HT32F1655_56_Driver\inc\ht32f1655_56_usbd.h(294): error:  #20: identifier "USBD_EPTn_Enum" is undefined
  void USBD_EPTWaitSTALLSent(USBD_EPTn_Enum EPTn);
..\..\library\HT32F1655_56_Driver\inc\ht32f1655_56_usbd.h(295): error:  #20: identifier "USBD_EPTn_Enum" is undefined
  void USBD_EPTClearDTG(USBD_EPTn_Enum EPTn);
..\..\library\HT32F1655_56_Driver\inc\ht32f1655_56_usbd.h(296): error:  #20: identifier "USBD_EPTn_Enum" is undefined
  u32  USBD_EPTGetBuffer0Addr(USBD_EPTn_Enum EPTn);
..\..\library\HT32F1655_56_Driver\inc\ht32f1655_56_usbd.h(297): error:  #20: identifier "USBD_EPTn_Enum" is undefined
  u32  USBD_EPTGetBuffer1Addr(USBD_EPTn_Enum EPTn);
..\..\library\HT32F1655_56_Driver\inc\ht32f1655_56_usbd.h(298): error:  #20: identifier "USBD_EPTn_Enum" is undefined
  u32  USBD_EPTGetBufferLen(USBD_EPTn_Enum EPTn);
..\..\library\HT32F1655_56_Driver\inc\ht32f1655_56_usbd.h(299): error:  #20: identifier "USBD_EPTn_Enum" is undefined
  u32  USBD_EPTGetTransferCount(USBD_EPTn_Enum EPTn, USBD_TCR_Enum type);
..\..\library\HT32F1655_56_Driver\inc\ht32f1655_56_usbd.h(300): error:  #20: identifier "USBD_EPTn_Enum" is undefined
  u32  USBD_EPTWriteINData(USBD_EPTn_Enum EPTn, u32 *pFrom, u32 len);
..\..\library\HT32F1655_56_Driver\inc\ht32f1655_56_usbd.h(301): error:  #20: identifier "USBD_EPTn_Enum" is undefined
  u32  USBD_EPTReadOUTData(USBD_EPTn_Enum EPTn, u32 *pTo, u32 len);
..\..\library\HT32F1655_56_Driver\inc\ht32f1655_56_usbd.h(302): error:  #20: identifier "USBD_EPTn_Enum" is undefined
  u32  USBD_EPTReadMemory(USBD_EPTn_Enum EPTn, u32 *pTo, u32 len);
..\..\library\HT32F1655_56_Driver\inc\ht32f1655_56_pwrcu.h(91): error:  #228-D: trailing comma is nonstandard
    PWRCU_BODRIS_INT   = 1,  /*!< Assert interrupt                                                            */
..\..\library\HT32F1655_56_Driver\inc\ht32f1655_56_ckcu.h(244): error:  #230: nonstandard type for a bit field
      unsigned long FMC        :1;
..\..\library\HT32F1655_56_Driver\inc\ht32f1655_56_ckcu.h(245): error:  #230: nonstandard type for a bit field
      unsigned long            :1;
..\..\library\HT32F1655_56_Driver\inc\ht32f1655_56_ckcu.h(246): error:  #230: nonstandard type for a bit field
      unsigned long SRAM       :1;
..\..\Driver\SD\sd.c: 2 warnings, 30 errors
compiling system_ht32f165x.c...
..\..\library\CMSIS\Include\core_cmInstr.h(129): error:  #667: "asm" function is nonstandard
  __attribute__((section(".rev16_text"))) __STATIC_INLINE __ASM uint32_t __REV16(uint32_t value)
..\..\library\CMSIS\Include\core_cmInstr.h(144): error:  #667: "asm" function is nonstandard
  __attribute__((section(".revsh_text"))) __STATIC_INLINE __ASM int32_t __REVSH(int32_t value)
..\..\library\CMSIS\Include\core_cmInstr.h(300): error:  #667: "asm" function is nonstandard
  __attribute__((section(".rrx_text"))) __STATIC_INLINE __ASM uint32_t __RRX(uint32_t value)
..\..\User\ht32f1655_56_conf.h(27): error:  #169: expected a declaration
  //-------- <<< Use Configuration Wizard in Context Menu >>> -----------------
..\..\User\ht32f1655_56_conf.h(128): warning:  #12-D: parsing restarts here after previous syntax error
    extern void RETARGET_Configuration(void);
..\..\User\ht32f165x_usbdconf.h(27): error:  #169: expected a declaration
  // <<< Use Configuration Wizard in Context Menu >>>
..\..\User\ht32f165x_usbdconf.h(40): error:  #40: expected an identifier
    #define USBDCore_LowPower(...)
..\..\library\HT32F1655_56_Driver\inc\ht32f1655_56_usbd.h(75): warning:  #12-D: parsing restarts here after previous syntax error
  } USBD_EPTn_Enum;
..\..\library\HT32F1655_56_Driver\inc\ht32f1655_56_usbd.h(80): error:  #228-D: trailing comma is nonstandard
    USBD_TCR_1 = 16,
..\..\library\HT32F1655_56_Driver\inc\ht32f1655_56_usbd.h(283): error:  #20: identifier "USBD_EPTn_Enum" is undefined
  USBD_EPTn_Enum USBD_GetEPTnINTNumber(u32 INTFlag);
..\..\library\HT32F1655_56_Driver\inc\ht32f1655_56_usbd.h(285): error:  #20: identifier "USBD_EPTn_Enum" is undefined
  void USBD_EPTInit(USBD_EPTn_Enum EPTn, u32 *pDriver);
..\..\library\HT32F1655_56_Driver\inc\ht32f1655_56_usbd.h(286): error:  #20: identifier "USBD_EPTn_Enum" is undefined
  void USBD_EPTReset(USBD_EPTn_Enum EPTn);
..\..\library\HT32F1655_56_Driver\inc\ht32f1655_56_usbd.h(287): error:  #20: identifier "USBD_EPTn_Enum" is undefined
  void USBD_EPTEnableINT(USBD_EPTn_Enum EPTn, u32 INTFlag);
..\..\library\HT32F1655_56_Driver\inc\ht32f1655_56_usbd.h(288): error:  #20: identifier "USBD_EPTn_Enum" is undefined
  u32  USBD_EPTGetINT(USBD_EPTn_Enum EPTn);
..\..\library\HT32F1655_56_Driver\inc\ht32f1655_56_usbd.h(289): error:  #20: identifier "USBD_EPTn_Enum" is undefined
  void USBD_EPTClearINT(USBD_EPTn_Enum EPTn, u32 INTFlag);
..\..\library\HT32F1655_56_Driver\inc\ht32f1655_56_usbd.h(290): error:  #20: identifier "USBD_EPTn_Enum" is undefined
  void USBD_EPTSendSTALL(USBD_EPTn_Enum EPTn);
..\..\library\HT32F1655_56_Driver\inc\ht32f1655_56_usbd.h(291): error:  #20: identifier "USBD_EPTn_Enum" is undefined
  u32  USBD_EPTGetHalt(USBD_EPTn_Enum EPTn);
..\..\library\HT32F1655_56_Driver\inc\ht32f1655_56_usbd.h(292): error:  #20: identifier "USBD_EPTn_Enum" is undefined
  void USBD_EPTSetHalt(USBD_EPTn_Enum EPTn);
..\..\library\HT32F1655_56_Driver\inc\ht32f1655_56_usbd.h(293): error:  #20: identifier "USBD_EPTn_Enum" is undefined
  void USBD_EPTClearHalt(USBD_EPTn_Enum EPTn);
..\..\library\HT32F1655_56_Driver\inc\ht32f1655_56_usbd.h(294): error:  #20: identifier "USBD_EPTn_Enum" is undefined
  void USBD_EPTWaitSTALLSent(USBD_EPTn_Enum EPTn);
..\..\library\HT32F1655_56_Driver\inc\ht32f1655_56_usbd.h(295): error:  #20: identifier "USBD_EPTn_Enum" is undefined
  void USBD_EPTClearDTG(USBD_EPTn_Enum EPTn);
..\..\library\HT32F1655_56_Driver\inc\ht32f1655_56_usbd.h(296): error:  #20: identifier "USBD_EPTn_Enum" is undefined
  u32  USBD_EPTGetBuffer0Addr(USBD_EPTn_Enum EPTn);
..\..\library\HT32F1655_56_Driver\inc\ht32f1655_56_usbd.h(297): error:  #20: identifier "USBD_EPTn_Enum" is undefined
  u32  USBD_EPTGetBuffer1Addr(USBD_EPTn_Enum EPTn);
..\..\library\HT32F1655_56_Driver\inc\ht32f1655_56_usbd.h(298): error:  #20: identifier "USBD_EPTn_Enum" is undefined
  u32  USBD_EPTGetBufferLen(USBD_EPTn_Enum EPTn);
..\..\library\HT32F1655_56_Driver\inc\ht32f1655_56_usbd.h(299): error:  #20: identifier "USBD_EPTn_Enum" is undefined
  u32  USBD_EPTGetTransferCount(USBD_EPTn_Enum EPTn, USBD_TCR_Enum type);
..\..\library\HT32F1655_56_Driver\inc\ht32f1655_56_usbd.h(300): error:  #20: identifier "USBD_EPTn_Enum" is undefined
  u32  USBD_EPTWriteINData(USBD_EPTn_Enum EPTn, u32 *pFrom, u32 len);
..\..\library\HT32F1655_56_Driver\inc\ht32f1655_56_usbd.h(301): error:  #20: identifier "USBD_EPTn_Enum" is undefined
  u32  USBD_EPTReadOUTData(USBD_EPTn_Enum EPTn, u32 *pTo, u32 len);
..\..\library\HT32F1655_56_Driver\inc\ht32f1655_56_usbd.h(302): error:  #20: identifier "USBD_EPTn_Enum" is undefined
  u32  USBD_EPTReadMemory(USBD_EPTn_Enum EPTn, u32 *pTo, u32 len);
..\..\library\HT32F1655_56_Driver\inc\ht32f1655_56_pwrcu.h(91): error:  #228-D: trailing comma is nonstandard
    PWRCU_BODRIS_INT   = 1,  /*!< Assert interrupt                                                            */
..\..\library\HT32F1655_56_Driver\inc\ht32f1655_56_ckcu.h(244): error:  #230: nonstandard type for a bit field
      unsigned long FMC        :1;
..\..\library\HT32F1655_56_Driver\inc\ht32f1655_56_ckcu.h(245): error:  #230: nonstandard type for a bit field
      unsigned long            :1;
..\..\library\HT32F1655_56_Driver\inc\ht32f1655_56_ckcu.h(246): error:  #230: nonstandard type for a bit field
      unsigned long SRAM       :1;
..\system_ht32f165x.c: 2 warnings, 30 errors
compiling ht32_usbd_core.c...
..\..\library\CMSIS\Include\core_cmInstr.h(129): error:  #667: "asm" function is nonstandard
  __attribute__((section(".rev16_text"))) __STATIC_INLINE __ASM uint32_t __REV16(uint32_t value)
..\..\library\CMSIS\Include\core_cmInstr.h(144): error:  #667: "asm" function is nonstandard
  __attribute__((section(".revsh_text"))) __STATIC_INLINE __ASM int32_t __REVSH(int32_t value)
..\..\library\CMSIS\Include\core_cmInstr.h(300): error:  #667: "asm" function is nonstandard
  __attribute__((section(".rrx_text"))) __STATIC_INLINE __ASM uint32_t __RRX(uint32_t value)
..\..\User\ht32f1655_56_conf.h(27): error:  #169: expected a declaration
  //-------- <<< Use Configuration Wizard in Context Menu >>> -----------------
..\..\User\ht32f1655_56_conf.h(128): warning:  #12-D: parsing restarts here after previous syntax error
    extern void RETARGET_Configuration(void);
..\..\User\ht32f165x_usbdconf.h(27): error:  #169: expected a declaration
  // <<< Use Configuration Wizard in Context Menu >>>
..\..\User\ht32f165x_usbdconf.h(40): error:  #40: expected an identifier
    #define USBDCore_LowPower(...)
..\..\library\HT32F1655_56_Driver\inc\ht32f1655_56_usbd.h(75): warning:  #12-D: parsing restarts here after previous syntax error
  } USBD_EPTn_Enum;
..\..\library\HT32F1655_56_Driver\inc\ht32f1655_56_usbd.h(80): error:  #228-D: trailing comma is nonstandard
    USBD_TCR_1 = 16,
..\..\library\HT32F1655_56_Driver\inc\ht32f1655_56_usbd.h(283): error:  #20: identifier "USBD_EPTn_Enum" is undefined
  USBD_EPTn_Enum USBD_GetEPTnINTNumber(u32 INTFlag);
..\..\library\HT32F1655_56_Driver\inc\ht32f1655_56_usbd.h(285): error:  #20: identifier "USBD_EPTn_Enum" is undefined
  void USBD_EPTInit(USBD_EPTn_Enum EPTn, u32 *pDriver);
..\..\library\HT32F1655_56_Driver\inc\ht32f1655_56_usbd.h(286): error:  #20: identifier "USBD_EPTn_Enum" is undefined
  void USBD_EPTReset(USBD_EPTn_Enum EPTn);
..\..\library\HT32F1655_56_Driver\inc\ht32f1655_56_usbd.h(287): error:  #20: identifier "USBD_EPTn_Enum" is undefined
  void USBD_EPTEnableINT(USBD_EPTn_Enum EPTn, u32 INTFlag);
..\..\library\HT32F1655_56_Driver\inc\ht32f1655_56_usbd.h(288): error:  #20: identifier "USBD_EPTn_Enum" is undefined
  u32  USBD_EPTGetINT(USBD_EPTn_Enum EPTn);
..\..\library\HT32F1655_56_Driver\inc\ht32f1655_56_usbd.h(289): error:  #20: identifier "USBD_EPTn_Enum" is undefined
  void USBD_EPTClearINT(USBD_EPTn_Enum EPTn, u32 INTFlag);
..\..\library\HT32F1655_56_Driver\inc\ht32f1655_56_usbd.h(290): error:  #20: identifier "USBD_EPTn_Enum" is undefined
  void USBD_EPTSendSTALL(USBD_EPTn_Enum EPTn);
..\..\library\HT32F1655_56_Driver\inc\ht32f1655_56_usbd.h(291): error:  #20: identifier "USBD_EPTn_Enum" is undefined
  u32  USBD_EPTGetHalt(USBD_EPTn_Enum EPTn);
..\..\library\HT32F1655_56_Driver\inc\ht32f1655_56_usbd.h(292): error:  #20: identifier "USBD_EPTn_Enum" is undefined
  void USBD_EPTSetHalt(USBD_EPTn_Enum EPTn);
..\..\library\HT32F1655_56_Driver\inc\ht32f1655_56_usbd.h(293): error:  #20: identifier "USBD_EPTn_Enum" is undefined
  void USBD_EPTClearHalt(USBD_EPTn_Enum EPTn);
..\..\library\HT32F1655_56_Driver\inc\ht32f1655_56_usbd.h(294): error:  #20: identifier "USBD_EPTn_Enum" is undefined
  void USBD_EPTWaitSTALLSent(USBD_EPTn_Enum EPTn);
..\..\library\HT32F1655_56_Driver\inc\ht32f1655_56_usbd.h(295): error:  #20: identifier "USBD_EPTn_Enum" is undefined
  void USBD_EPTClearDTG(USBD_EPTn_Enum EPTn);
..\..\library\HT32F1655_56_Driver\inc\ht32f1655_56_usbd.h(296): error:  #20: identifier "USBD_EPTn_Enum" is undefined
  u32  USBD_EPTGetBuffer0Addr(USBD_EPTn_Enum EPTn);
..\..\library\HT32F1655_56_Driver\inc\ht32f1655_56_usbd.h(297): error:  #20: identifier "USBD_EPTn_Enum" is undefined
  u32  USBD_EPTGetBuffer1Addr(USBD_EPTn_Enum EPTn);
..\..\library\HT32F1655_56_Driver\inc\ht32f1655_56_usbd.h(298): error:  #20: identifier "USBD_EPTn_Enum" is undefined
  u32  USBD_EPTGetBufferLen(USBD_EPTn_Enum EPTn);
..\..\library\HT32F1655_56_Driver\inc\ht32f1655_56_usbd.h(299): error:  #20: identifier "USBD_EPTn_Enum" is undefined
  u32  USBD_EPTGetTransferCount(USBD_EPTn_Enum EPTn, USBD_TCR_Enum type);
..\..\library\HT32F1655_56_Driver\inc\ht32f1655_56_usbd.h(300): error:  #20: identifier "USBD_EPTn_Enum" is undefined
  u32  USBD_EPTWriteINData(USBD_EPTn_Enum EPTn, u32 *pFrom, u32 len);
..\..\library\HT32F1655_56_Driver\inc\ht32f1655_56_usbd.h(301): error:  #20: identifier "USBD_EPTn_Enum" is undefined
  u32  USBD_EPTReadOUTData(USBD_EPTn_Enum EPTn, u32 *pTo, u32 len);
..\..\library\HT32F1655_56_Driver\inc\ht32f1655_56_usbd.h(302): error:  #20: identifier "USBD_EPTn_Enum" is undefined
  u32  USBD_EPTReadMemory(USBD_EPTn_Enum EPTn, u32 *pTo, u32 len);
..\..\library\HT32F1655_56_Driver\inc\ht32f1655_56_pwrcu.h(91): error:  #228-D: trailing comma is nonstandard
    PWRCU_BODRIS_INT   = 1,  /*!< Assert interrupt                                                            */
..\..\library\HT32F1655_56_Driver\inc\ht32f1655_56_ckcu.h(244): error:  #230: nonstandard type for a bit field
      unsigned long FMC        :1;
..\..\library\HT32F1655_56_Driver\inc\ht32f1655_56_ckcu.h(245): error:  #230: nonstandard type for a bit field
      unsigned long            :1;
..\..\library\HT32F1655_56_Driver\inc\ht32f1655_56_ckcu.h(246): error:  #230: nonstandard type for a bit field
      unsigned long SRAM       :1;
..\..\library\HT32_USBD_Library\src\ht32_usbd_core.c: 2 warnings, 30 errors
compiling ht32_cm3_misc.c...
..\..\library\CMSIS\Include\core_cmInstr.h(129): error:  #667: "asm" function is nonstandard
  __attribute__((section(".rev16_text"))) __STATIC_INLINE __ASM uint32_t __REV16(uint32_t value)
..\..\library\CMSIS\Include\core_cmInstr.h(144): error:  #667: "asm" function is nonstandard
  __attribute__((section(".revsh_text"))) __STATIC_INLINE __ASM int32_t __REVSH(int32_t value)
..\..\library\CMSIS\Include\core_cmInstr.h(300): error:  #667: "asm" function is nonstandard
  __attribute__((section(".rrx_text"))) __STATIC_INLINE __ASM uint32_t __RRX(uint32_t value)
..\..\User\ht32f1655_56_conf.h(27): error:  #169: expected a declaration
  //-------- <<< Use Configuration Wizard in Context Menu >>> -----------------
..\..\User\ht32f1655_56_conf.h(128): warning:  #12-D: parsing restarts here after previous syntax error
    extern void RETARGET_Configuration(void);
..\..\User\ht32f165x_usbdconf.h(27): error:  #169: expected a declaration
  // <<< Use Configuration Wizard in Context Menu >>>
..\..\User\ht32f165x_usbdconf.h(40): error:  #40: expected an identifier
    #define USBDCore_LowPower(...)
..\..\library\HT32F1655_56_Driver\inc\ht32f1655_56_usbd.h(75): warning:  #12-D: parsing restarts here after previous syntax error
  } USBD_EPTn_Enum;
..\..\library\HT32F1655_56_Driver\inc\ht32f1655_56_usbd.h(80): error:  #228-D: trailing comma is nonstandard
    USBD_TCR_1 = 16,
..\..\library\HT32F1655_56_Driver\inc\ht32f1655_56_usbd.h(283): error:  #20: identifier "USBD_EPTn_Enum" is undefined
  USBD_EPTn_Enum USBD_GetEPTnINTNumber(u32 INTFlag);
..\..\library\HT32F1655_56_Driver\inc\ht32f1655_56_usbd.h(285): error:  #20: identifier "USBD_EPTn_Enum" is undefined
  void USBD_EPTInit(USBD_EPTn_Enum EPTn, u32 *pDriver);
..\..\library\HT32F1655_56_Driver\inc\ht32f1655_56_usbd.h(286): error:  #20: identifier "USBD_EPTn_Enum" is undefined
  void USBD_EPTReset(USBD_EPTn_Enum EPTn);
..\..\library\HT32F1655_56_Driver\inc\ht32f1655_56_usbd.h(287): error:  #20: identifier "USBD_EPTn_Enum" is undefined
  void USBD_EPTEnableINT(USBD_EPTn_Enum EPTn, u32 INTFlag);
..\..\library\HT32F1655_56_Driver\inc\ht32f1655_56_usbd.h(288): error:  #20: identifier "USBD_EPTn_Enum" is undefined
  u32  USBD_EPTGetINT(USBD_EPTn_Enum EPTn);
..\..\library\HT32F1655_56_Driver\inc\ht32f1655_56_usbd.h(289): error:  #20: identifier "USBD_EPTn_Enum" is undefined
  void USBD_EPTClearINT(USBD_EPTn_Enum EPTn, u32 INTFlag);
..\..\library\HT32F1655_56_Driver\inc\ht32f1655_56_usbd.h(290): error:  #20: identifier "USBD_EPTn_Enum" is undefined
  void USBD_EPTSendSTALL(USBD_EPTn_Enum EPTn);
..\..\library\HT32F1655_56_Driver\inc\ht32f1655_56_usbd.h(291): error:  #20: identifier "USBD_EPTn_Enum" is undefined
  u32  USBD_EPTGetHalt(USBD_EPTn_Enum EPTn);
..\..\library\HT32F1655_56_Driver\inc\ht32f1655_56_usbd.h(292): error:  #20: identifier "USBD_EPTn_Enum" is undefined
  void USBD_EPTSetHalt(USBD_EPTn_Enum EPTn);
..\..\library\HT32F1655_56_Driver\inc\ht32f1655_56_usbd.h(293): error:  #20: identifier "USBD_EPTn_Enum" is undefined
  void USBD_EPTClearHalt(USBD_EPTn_Enum EPTn);
..\..\library\HT32F1655_56_Driver\inc\ht32f1655_56_usbd.h(294): error:  #20: identifier "USBD_EPTn_Enum" is undefined
  void USBD_EPTWaitSTALLSent(USBD_EPTn_Enum EPTn);
..\..\library\HT32F1655_56_Driver\inc\ht32f1655_56_usbd.h(295): error:  #20: identifier "USBD_EPTn_Enum" is undefined
  void USBD_EPTClearDTG(USBD_EPTn_Enum EPTn);
..\..\library\HT32F1655_56_Driver\inc\ht32f1655_56_usbd.h(296): error:  #20: identifier "USBD_EPTn_Enum" is undefined
  u32  USBD_EPTGetBuffer0Addr(USBD_EPTn_Enum EPTn);
..\..\library\HT32F1655_56_Driver\inc\ht32f1655_56_usbd.h(297): error:  #20: identifier "USBD_EPTn_Enum" is undefined
  u32  USBD_EPTGetBuffer1Addr(USBD_EPTn_Enum EPTn);
..\..\library\HT32F1655_56_Driver\inc\ht32f1655_56_usbd.h(298): error:  #20: identifier "USBD_EPTn_Enum" is undefined
  u32  USBD_EPTGetBufferLen(USBD_EPTn_Enum EPTn);
..\..\library\HT32F1655_56_Driver\inc\ht32f1655_56_usbd.h(299): error:  #20: identifier "USBD_EPTn_Enum" is undefined
  u32  USBD_EPTGetTransferCount(USBD_EPTn_Enum EPTn, USBD_TCR_Enum type);
..\..\library\HT32F1655_56_Driver\inc\ht32f1655_56_usbd.h(300): error:  #20: identifier "USBD_EPTn_Enum" is undefined
  u32  USBD_EPTWriteINData(USBD_EPTn_Enum EPTn, u32 *pFrom, u32 len);
..\..\library\HT32F1655_56_Driver\inc\ht32f1655_56_usbd.h(301): error:  #20: identifier "USBD_EPTn_Enum" is undefined
  u32  USBD_EPTReadOUTData(USBD_EPTn_Enum EPTn, u32 *pTo, u32 len);
..\..\library\HT32F1655_56_Driver\inc\ht32f1655_56_usbd.h(302): error:  #20: identifier "USBD_EPTn_Enum" is undefined
  u32  USBD_EPTReadMemory(USBD_EPTn_Enum EPTn, u32 *pTo, u32 len);
..\..\library\HT32F1655_56_Driver\inc\ht32f1655_56_pwrcu.h(91): error:  #228-D: trailing comma is nonstandard
    PWRCU_BODRIS_INT   = 1,  /*!< Assert interrupt                                                            */
..\..\library\HT32F1655_56_Driver\inc\ht32f1655_56_ckcu.h(244): error:  #230: nonstandard type for a bit field
      unsigned long FMC        :1;
..\..\library\HT32F1655_56_Driver\inc\ht32f1655_56_ckcu.h(245): error:  #230: nonstandard type for a bit field
      unsigned long            :1;
..\..\library\HT32F1655_56_Driver\inc\ht32f1655_56_ckcu.h(246): error:  #230: nonstandard type for a bit field
      unsigned long SRAM       :1;
..\..\library\HT32F1655_56_Driver\src\ht32_cm3_misc.c: 2 warnings, 30 errors
compiling ht32f1655_56_adc.c...
..\..\library\CMSIS\Include\core_cmInstr.h(129): error:  #667: "asm" function is nonstandard
  __attribute__((section(".rev16_text"))) __STATIC_INLINE __ASM uint32_t __REV16(uint32_t value)
..\..\library\CMSIS\Include\core_cmInstr.h(144): error:  #667: "asm" function is nonstandard
  __attribute__((section(".revsh_text"))) __STATIC_INLINE __ASM int32_t __REVSH(int32_t value)
..\..\library\CMSIS\Include\core_cmInstr.h(300): error:  #667: "asm" function is nonstandard
  __attribute__((section(".rrx_text"))) __STATIC_INLINE __ASM uint32_t __RRX(uint32_t value)
..\..\User\ht32f1655_56_conf.h(27): error:  #169: expected a declaration
  //-------- <<< Use Configuration Wizard in Context Menu >>> -----------------
..\..\User\ht32f1655_56_conf.h(128): warning:  #12-D: parsing restarts here after previous syntax error
    extern void RETARGET_Configuration(void);
..\..\User\ht32f165x_usbdconf.h(27): error:  #169: expected a declaration
  // <<< Use Configuration Wizard in Context Menu >>>
..\..\User\ht32f165x_usbdconf.h(40): error:  #40: expected an identifier
    #define USBDCore_LowPower(...)
..\..\library\HT32F1655_56_Driver\inc\ht32f1655_56_usbd.h(75): warning:  #12-D: parsing restarts here after previous syntax error
  } USBD_EPTn_Enum;
..\..\library\HT32F1655_56_Driver\inc\ht32f1655_56_usbd.h(80): error:  #228-D: trailing comma is nonstandard
    USBD_TCR_1 = 16,
..\..\library\HT32F1655_56_Driver\inc\ht32f1655_56_usbd.h(283): error:  #20: identifier "USBD_EPTn_Enum" is undefined
  USBD_EPTn_Enum USBD_GetEPTnINTNumber(u32 INTFlag);
..\..\library\HT32F1655_56_Driver\inc\ht32f1655_56_usbd.h(285): error:  #20: identifier "USBD_EPTn_Enum" is undefined
  void USBD_EPTInit(USBD_EPTn_Enum EPTn, u32 *pDriver);
..\..\library\HT32F1655_56_Driver\inc\ht32f1655_56_usbd.h(286): error:  #20: identifier "USBD_EPTn_Enum" is undefined
  void USBD_EPTReset(USBD_EPTn_Enum EPTn);
..\..\library\HT32F1655_56_Driver\inc\ht32f1655_56_usbd.h(287): error:  #20: identifier "USBD_EPTn_Enum" is undefined
  void USBD_EPTEnableINT(USBD_EPTn_Enum EPTn, u32 INTFlag);
..\..\library\HT32F1655_56_Driver\inc\ht32f1655_56_usbd.h(288): error:  #20: identifier "USBD_EPTn_Enum" is undefined
  u32  USBD_EPTGetINT(USBD_EPTn_Enum EPTn);
..\..\library\HT32F1655_56_Driver\inc\ht32f1655_56_usbd.h(289): error:  #20: identifier "USBD_EPTn_Enum" is undefined
  void USBD_EPTClearINT(USBD_EPTn_Enum EPTn, u32 INTFlag);
..\..\library\HT32F1655_56_Driver\inc\ht32f1655_56_usbd.h(290): error:  #20: identifier "USBD_EPTn_Enum" is undefined
  void USBD_EPTSendSTALL(USBD_EPTn_Enum EPTn);
..\..\library\HT32F1655_56_Driver\inc\ht32f1655_56_usbd.h(291): error:  #20: identifier "USBD_EPTn_Enum" is undefined
  u32  USBD_EPTGetHalt(USBD_EPTn_Enum EPTn);
..\..\library\HT32F1655_56_Driver\inc\ht32f1655_56_usbd.h(292): error:  #20: identifier "USBD_EPTn_Enum" is undefined
  void USBD_EPTSetHalt(USBD_EPTn_Enum EPTn);
..\..\library\HT32F1655_56_Driver\inc\ht32f1655_56_usbd.h(293): error:  #20: identifier "USBD_EPTn_Enum" is undefined
  void USBD_EPTClearHalt(USBD_EPTn_Enum EPTn);
..\..\library\HT32F1655_56_Driver\inc\ht32f1655_56_usbd.h(294): error:  #20: identifier "USBD_EPTn_Enum" is undefined
  void USBD_EPTWaitSTALLSent(USBD_EPTn_Enum EPTn);
..\..\library\HT32F1655_56_Driver\inc\ht32f1655_56_usbd.h(295): error:  #20: identifier "USBD_EPTn_Enum" is undefined
  void USBD_EPTClearDTG(USBD_EPTn_Enum EPTn);
..\..\library\HT32F1655_56_Driver\inc\ht32f1655_56_usbd.h(296): error:  #20: identifier "USBD_EPTn_Enum" is undefined
  u32  USBD_EPTGetBuffer0Addr(USBD_EPTn_Enum EPTn);
..\..\library\HT32F1655_56_Driver\inc\ht32f1655_56_usbd.h(297): error:  #20: identifier "USBD_EPTn_Enum" is undefined
  u32  USBD_EPTGetBuffer1Addr(USBD_EPTn_Enum EPTn);
..\..\library\HT32F1655_56_Driver\inc\ht32f1655_56_usbd.h(298): error:  #20: identifier "USBD_EPTn_Enum" is undefined
  u32  USBD_EPTGetBufferLen(USBD_EPTn_Enum EPTn);
..\..\library\HT32F1655_56_Driver\inc\ht32f1655_56_usbd.h(299): error:  #20: identifier "USBD_EPTn_Enum" is undefined
  u32  USBD_EPTGetTransferCount(USBD_EPTn_Enum EPTn, USBD_TCR_Enum type);
..\..\library\HT32F1655_56_Driver\inc\ht32f1655_56_usbd.h(300): error:  #20: identifier "USBD_EPTn_Enum" is undefined
  u32  USBD_EPTWriteINData(USBD_EPTn_Enum EPTn, u32 *pFrom, u32 len);
..\..\library\HT32F1655_56_Driver\inc\ht32f1655_56_usbd.h(301): error:  #20: identifier "USBD_EPTn_Enum" is undefined
  u32  USBD_EPTReadOUTData(USBD_EPTn_Enum EPTn, u32 *pTo, u32 len);
..\..\library\HT32F1655_56_Driver\inc\ht32f1655_56_usbd.h(302): error:  #20: identifier "USBD_EPTn_Enum" is undefined
  u32  USBD_EPTReadMemory(USBD_EPTn_Enum EPTn, u32 *pTo, u32 len);
..\..\library\HT32F1655_56_Driver\inc\ht32f1655_56_pwrcu.h(91): error:  #228-D: trailing comma is nonstandard
    PWRCU_BODRIS_INT   = 1,  /*!< Assert interrupt                                                            */
..\..\library\HT32F1655_56_Driver\inc\ht32f1655_56_ckcu.h(244): error:  #230: nonstandard type for a bit field
      unsigned long FMC        :1;
..\..\library\HT32F1655_56_Driver\inc\ht32f1655_56_ckcu.h(245): error:  #230: nonstandard type for a bit field
      unsigned long            :1;
..\..\library\HT32F1655_56_Driver\inc\ht32f1655_56_ckcu.h(246): error:  #230: nonstandard type for a bit field
      unsigned long SRAM       :1;
..\..\library\HT32F1655_56_Driver\src\ht32f1655_56_adc.c: 2 warnings, 30 errors
compiling ht32f1655_56_bftm.c...
..\..\library\CMSIS\Include\core_cmInstr.h(129): error:  #667: "asm" function is nonstandard
  __attribute__((section(".rev16_text"))) __STATIC_INLINE __ASM uint32_t __REV16(uint32_t value)
..\..\library\CMSIS\Include\core_cmInstr.h(144): error:  #667: "asm" function is nonstandard
  __attribute__((section(".revsh_text"))) __STATIC_INLINE __ASM int32_t __REVSH(int32_t value)
..\..\library\CMSIS\Include\core_cmInstr.h(300): error:  #667: "asm" function is nonstandard
  __attribute__((section(".rrx_text"))) __STATIC_INLINE __ASM uint32_t __RRX(uint32_t value)
..\..\User\ht32f1655_56_conf.h(27): error:  #169: expected a declaration
  //-------- <<< Use Configuration Wizard in Context Menu >>> -----------------
..\..\User\ht32f1655_56_conf.h(128): warning:  #12-D: parsing restarts here after previous syntax error
    extern void RETARGET_Configuration(void);
..\..\User\ht32f165x_usbdconf.h(27): error:  #169: expected a declaration
  // <<< Use Configuration Wizard in Context Menu >>>
..\..\User\ht32f165x_usbdconf.h(40): error:  #40: expected an identifier
    #define USBDCore_LowPower(...)
..\..\library\HT32F1655_56_Driver\inc\ht32f1655_56_usbd.h(75): warning:  #12-D: parsing restarts here after previous syntax error
  } USBD_EPTn_Enum;
..\..\library\HT32F1655_56_Driver\inc\ht32f1655_56_usbd.h(80): error:  #228-D: trailing comma is nonstandard
    USBD_TCR_1 = 16,
..\..\library\HT32F1655_56_Driver\inc\ht32f1655_56_usbd.h(283): error:  #20: identifier "USBD_EPTn_Enum" is undefined
  USBD_EPTn_Enum USBD_GetEPTnINTNumber(u32 INTFlag);
..\..\library\HT32F1655_56_Driver\inc\ht32f1655_56_usbd.h(285): error:  #20: identifier "USBD_EPTn_Enum" is undefined
  void USBD_EPTInit(USBD_EPTn_Enum EPTn, u32 *pDriver);
..\..\library\HT32F1655_56_Driver\inc\ht32f1655_56_usbd.h(286): error:  #20: identifier "USBD_EPTn_Enum" is undefined
  void USBD_EPTReset(USBD_EPTn_Enum EPTn);
..\..\library\HT32F1655_56_Driver\inc\ht32f1655_56_usbd.h(287): error:  #20: identifier "USBD_EPTn_Enum" is undefined
  void USBD_EPTEnableINT(USBD_EPTn_Enum EPTn, u32 INTFlag);
..\..\library\HT32F1655_56_Driver\inc\ht32f1655_56_usbd.h(288): error:  #20: identifier "USBD_EPTn_Enum" is undefined
  u32  USBD_EPTGetINT(USBD_EPTn_Enum EPTn);
..\..\library\HT32F1655_56_Driver\inc\ht32f1655_56_usbd.h(289): error:  #20: identifier "USBD_EPTn_Enum" is undefined
  void USBD_EPTClearINT(USBD_EPTn_Enum EPTn, u32 INTFlag);
..\..\library\HT32F1655_56_Driver\inc\ht32f1655_56_usbd.h(290): error:  #20: identifier "USBD_EPTn_Enum" is undefined
  void USBD_EPTSendSTALL(USBD_EPTn_Enum EPTn);
..\..\library\HT32F1655_56_Driver\inc\ht32f1655_56_usbd.h(291): error:  #20: identifier "USBD_EPTn_Enum" is undefined
  u32  USBD_EPTGetHalt(USBD_EPTn_Enum EPTn);
..\..\library\HT32F1655_56_Driver\inc\ht32f1655_56_usbd.h(292): error:  #20: identifier "USBD_EPTn_Enum" is undefined
  void USBD_EPTSetHalt(USBD_EPTn_Enum EPTn);
..\..\library\HT32F1655_56_Driver\inc\ht32f1655_56_usbd.h(293): error:  #20: identifier "USBD_EPTn_Enum" is undefined
  void USBD_EPTClearHalt(USBD_EPTn_Enum EPTn);
..\..\library\HT32F1655_56_Driver\inc\ht32f1655_56_usbd.h(294): error:  #20: identifier "USBD_EPTn_Enum" is undefined
  void USBD_EPTWaitSTALLSent(USBD_EPTn_Enum EPTn);
..\..\library\HT32F1655_56_Driver\inc\ht32f1655_56_usbd.h(295): error:  #20: identifier "USBD_EPTn_Enum" is undefined
  void USBD_EPTClearDTG(USBD_EPTn_Enum EPTn);
..\..\library\HT32F1655_56_Driver\inc\ht32f1655_56_usbd.h(296): error:  #20: identifier "USBD_EPTn_Enum" is undefined
  u32  USBD_EPTGetBuffer0Addr(USBD_EPTn_Enum EPTn);
..\..\library\HT32F1655_56_Driver\inc\ht32f1655_56_usbd.h(297): error:  #20: identifier "USBD_EPTn_Enum" is undefined
  u32  USBD_EPTGetBuffer1Addr(USBD_EPTn_Enum EPTn);
..\..\library\HT32F1655_56_Driver\inc\ht32f1655_56_usbd.h(298): error:  #20: identifier "USBD_EPTn_Enum" is undefined
  u32  USBD_EPTGetBufferLen(USBD_EPTn_Enum EPTn);
..\..\library\HT32F1655_56_Driver\inc\ht32f1655_56_usbd.h(299): error:  #20: identifier "USBD_EPTn_Enum" is undefined
  u32  USBD_EPTGetTransferCount(USBD_EPTn_Enum EPTn, USBD_TCR_Enum type);
..\..\library\HT32F1655_56_Driver\inc\ht32f1655_56_usbd.h(300): error:  #20: identifier "USBD_EPTn_Enum" is undefined
  u32  USBD_EPTWriteINData(USBD_EPTn_Enum EPTn, u32 *pFrom, u32 len);
..\..\library\HT32F1655_56_Driver\inc\ht32f1655_56_usbd.h(301): error:  #20: identifier "USBD_EPTn_Enum" is undefined
  u32  USBD_EPTReadOUTData(USBD_EPTn_Enum EPTn, u32 *pTo, u32 len);
..\..\library\HT32F1655_56_Driver\inc\ht32f1655_56_usbd.h(302): error:  #20: identifier "USBD_EPTn_Enum" is undefined
  u32  USBD_EPTReadMemory(USBD_EPTn_Enum EPTn, u32 *pTo, u32 len);
..\..\library\HT32F1655_56_Driver\inc\ht32f1655_56_pwrcu.h(91): error:  #228-D: trailing comma is nonstandard
    PWRCU_BODRIS_INT   = 1,  /*!< Assert interrupt                                                            */
..\..\library\HT32F1655_56_Driver\inc\ht32f1655_56_ckcu.h(244): error:  #230: nonstandard type for a bit field
      unsigned long FMC        :1;
..\..\library\HT32F1655_56_Driver\inc\ht32f1655_56_ckcu.h(245): error:  #230: nonstandard type for a bit field
      unsigned long            :1;
..\..\library\HT32F1655_56_Driver\inc\ht32f1655_56_ckcu.h(246): error:  #230: nonstandard type for a bit field
      unsigned long SRAM       :1;
..\..\library\HT32F1655_56_Driver\src\ht32f1655_56_bftm.c: 2 warnings, 30 errors
compiling ht32f1655_56_ckcu.c...
..\..\library\CMSIS\Include\core_cmInstr.h(129): error:  #667: "asm" function is nonstandard
  __attribute__((section(".rev16_text"))) __STATIC_INLINE __ASM uint32_t __REV16(uint32_t value)
..\..\library\CMSIS\Include\core_cmInstr.h(144): error:  #667: "asm" function is nonstandard
  __attribute__((section(".revsh_text"))) __STATIC_INLINE __ASM int32_t __REVSH(int32_t value)
..\..\library\CMSIS\Include\core_cmInstr.h(300): error:  #667: "asm" function is nonstandard
  __attribute__((section(".rrx_text"))) __STATIC_INLINE __ASM uint32_t __RRX(uint32_t value)
..\..\User\ht32f1655_56_conf.h(27): error:  #169: expected a declaration
  //-------- <<< Use Configuration Wizard in Context Menu >>> -----------------
..\..\User\ht32f1655_56_conf.h(128): warning:  #12-D: parsing restarts here after previous syntax error
    extern void RETARGET_Configuration(void);
..\..\User\ht32f165x_usbdconf.h(27): error:  #169: expected a declaration
  // <<< Use Configuration Wizard in Context Menu >>>
..\..\User\ht32f165x_usbdconf.h(40): error:  #40: expected an identifier
    #define USBDCore_LowPower(...)
..\..\library\HT32F1655_56_Driver\inc\ht32f1655_56_usbd.h(75): warning:  #12-D: parsing restarts here after previous syntax error
  } USBD_EPTn_Enum;
..\..\library\HT32F1655_56_Driver\inc\ht32f1655_56_usbd.h(80): error:  #228-D: trailing comma is nonstandard
    USBD_TCR_1 = 16,
..\..\library\HT32F1655_56_Driver\inc\ht32f1655_56_usbd.h(283): error:  #20: identifier "USBD_EPTn_Enum" is undefined
  USBD_EPTn_Enum USBD_GetEPTnINTNumber(u32 INTFlag);
..\..\library\HT32F1655_56_Driver\inc\ht32f1655_56_usbd.h(285): error:  #20: identifier "USBD_EPTn_Enum" is undefined
  void USBD_EPTInit(USBD_EPTn_Enum EPTn, u32 *pDriver);
..\..\library\HT32F1655_56_Driver\inc\ht32f1655_56_usbd.h(286): error:  #20: identifier "USBD_EPTn_Enum" is undefined
  void USBD_EPTReset(USBD_EPTn_Enum EPTn);
..\..\library\HT32F1655_56_Driver\inc\ht32f1655_56_usbd.h(287): error:  #20: identifier "USBD_EPTn_Enum" is undefined
  void USBD_EPTEnableINT(USBD_EPTn_Enum EPTn, u32 INTFlag);
..\..\library\HT32F1655_56_Driver\inc\ht32f1655_56_usbd.h(288): error:  #20: identifier "USBD_EPTn_Enum" is undefined
  u32  USBD_EPTGetINT(USBD_EPTn_Enum EPTn);
..\..\library\HT32F1655_56_Driver\inc\ht32f1655_56_usbd.h(289): error:  #20: identifier "USBD_EPTn_Enum" is undefined
  void USBD_EPTClearINT(USBD_EPTn_Enum EPTn, u32 INTFlag);
..\..\library\HT32F1655_56_Driver\inc\ht32f1655_56_usbd.h(290): error:  #20: identifier "USBD_EPTn_Enum" is undefined
  void USBD_EPTSendSTALL(USBD_EPTn_Enum EPTn);
..\..\library\HT32F1655_56_Driver\inc\ht32f1655_56_usbd.h(291): error:  #20: identifier "USBD_EPTn_Enum" is undefined
  u32  USBD_EPTGetHalt(USBD_EPTn_Enum EPTn);
..\..\library\HT32F1655_56_Driver\inc\ht32f1655_56_usbd.h(292): error:  #20: identifier "USBD_EPTn_Enum" is undefined
  void USBD_EPTSetHalt(USBD_EPTn_Enum EPTn);
..\..\library\HT32F1655_56_Driver\inc\ht32f1655_56_usbd.h(293): error:  #20: identifier "USBD_EPTn_Enum" is undefined
  void USBD_EPTClearHalt(USBD_EPTn_Enum EPTn);
..\..\library\HT32F1655_56_Driver\inc\ht32f1655_56_usbd.h(294): error:  #20: identifier "USBD_EPTn_Enum" is undefined
  void USBD_EPTWaitSTALLSent(USBD_EPTn_Enum EPTn);
..\..\library\HT32F1655_56_Driver\inc\ht32f1655_56_usbd.h(295): error:  #20: identifier "USBD_EPTn_Enum" is undefined
  void USBD_EPTClearDTG(USBD_EPTn_Enum EPTn);
..\..\library\HT32F1655_56_Driver\inc\ht32f1655_56_usbd.h(296): error:  #20: identifier "USBD_EPTn_Enum" is undefined
  u32  USBD_EPTGetBuffer0Addr(USBD_EPTn_Enum EPTn);
..\..\library\HT32F1655_56_Driver\inc\ht32f1655_56_usbd.h(297): error:  #20: identifier "USBD_EPTn_Enum" is undefined
  u32  USBD_EPTGetBuffer1Addr(USBD_EPTn_Enum EPTn);
..\..\library\HT32F1655_56_Driver\inc\ht32f1655_56_usbd.h(298): error:  #20: identifier "USBD_EPTn_Enum" is undefined
  u32  USBD_EPTGetBufferLen(USBD_EPTn_Enum EPTn);
..\..\library\HT32F1655_56_Driver\inc\ht32f1655_56_usbd.h(299): error:  #20: identifier "USBD_EPTn_Enum" is undefined
  u32  USBD_EPTGetTransferCount(USBD_EPTn_Enum EPTn, USBD_TCR_Enum type);
..\..\library\HT32F1655_56_Driver\inc\ht32f1655_56_usbd.h(300): error:  #20: identifier "USBD_EPTn_Enum" is undefined
  u32  USBD_EPTWriteINData(USBD_EPTn_Enum EPTn, u32 *pFrom, u32 len);
..\..\library\HT32F1655_56_Driver\inc\ht32f1655_56_usbd.h(301): error:  #20: identifier "USBD_EPTn_Enum" is undefined
  u32  USBD_EPTReadOUTData(USBD_EPTn_Enum EPTn, u32 *pTo, u32 len);
..\..\library\HT32F1655_56_Driver\inc\ht32f1655_56_usbd.h(302): error:  #20: identifier "USBD_EPTn_Enum" is undefined
  u32  USBD_EPTReadMemory(USBD_EPTn_Enum EPTn, u32 *pTo, u32 len);
..\..\library\HT32F1655_56_Driver\inc\ht32f1655_56_pwrcu.h(91): error:  #228-D: trailing comma is nonstandard
    PWRCU_BODRIS_INT   = 1,  /*!< Assert interrupt                                                            */
..\..\library\HT32F1655_56_Driver\inc\ht32f1655_56_rstcu.h(71): error:  #230: nonstandard type for a bit field
      unsigned long PDMA       :1;
..\..\library\HT32F1655_56_Driver\inc\ht32f1655_56_rstcu.h(72): error:  #230: nonstandard type for a bit field
      unsigned long            :4;
..\..\library\HT32F1655_56_Driver\inc\ht32f1655_56_rstcu.h(73): error:  #230: nonstandard type for a bit field
      unsigned long USBD       :1;
..\..\library\HT32F1655_56_Driver\src\ht32f1655_56_ckcu.c: 2 warnings, 30 errors
compiling ht32f1655_56_cmp_op.c...
..\..\library\CMSIS\Include\core_cmInstr.h(129): error:  #667: "asm" function is nonstandard
  __attribute__((section(".rev16_text"))) __STATIC_INLINE __ASM uint32_t __REV16(uint32_t value)
..\..\library\CMSIS\Include\core_cmInstr.h(144): error:  #667: "asm" function is nonstandard
  __attribute__((section(".revsh_text"))) __STATIC_INLINE __ASM int32_t __REVSH(int32_t value)
..\..\library\CMSIS\Include\core_cmInstr.h(300): error:  #667: "asm" function is nonstandard
  __attribute__((section(".rrx_text"))) __STATIC_INLINE __ASM uint32_t __RRX(uint32_t value)
..\..\User\ht32f1655_56_conf.h(27): error:  #169: expected a declaration
  //-------- <<< Use Configuration Wizard in Context Menu >>> -----------------
..\..\User\ht32f1655_56_conf.h(128): warning:  #12-D: parsing restarts here after previous syntax error
    extern void RETARGET_Configuration(void);
..\..\User\ht32f165x_usbdconf.h(27): error:  #169: expected a declaration
  // <<< Use Configuration Wizard in Context Menu >>>
..\..\User\ht32f165x_usbdconf.h(40): error:  #40: expected an identifier
    #define USBDCore_LowPower(...)
..\..\library\HT32F1655_56_Driver\inc\ht32f1655_56_usbd.h(75): warning:  #12-D: parsing restarts here after previous syntax error
  } USBD_EPTn_Enum;
..\..\library\HT32F1655_56_Driver\inc\ht32f1655_56_usbd.h(80): error:  #228-D: trailing comma is nonstandard
    USBD_TCR_1 = 16,
..\..\library\HT32F1655_56_Driver\inc\ht32f1655_56_usbd.h(283): error:  #20: identifier "USBD_EPTn_Enum" is undefined
  USBD_EPTn_Enum USBD_GetEPTnINTNumber(u32 INTFlag);
..\..\library\HT32F1655_56_Driver\inc\ht32f1655_56_usbd.h(285): error:  #20: identifier "USBD_EPTn_Enum" is undefined
  void USBD_EPTInit(USBD_EPTn_Enum EPTn, u32 *pDriver);
..\..\library\HT32F1655_56_Driver\inc\ht32f1655_56_usbd.h(286): error:  #20: identifier "USBD_EPTn_Enum" is undefined
  void USBD_EPTReset(USBD_EPTn_Enum EPTn);
..\..\library\HT32F1655_56_Driver\inc\ht32f1655_56_usbd.h(287): error:  #20: identifier "USBD_EPTn_Enum" is undefined
  void USBD_EPTEnableINT(USBD_EPTn_Enum EPTn, u32 INTFlag);
..\..\library\HT32F1655_56_Driver\inc\ht32f1655_56_usbd.h(288): error:  #20: identifier "USBD_EPTn_Enum" is undefined
  u32  USBD_EPTGetINT(USBD_EPTn_Enum EPTn);
..\..\library\HT32F1655_56_Driver\inc\ht32f1655_56_usbd.h(289): error:  #20: identifier "USBD_EPTn_Enum" is undefined
  void USBD_EPTClearINT(USBD_EPTn_Enum EPTn, u32 INTFlag);
..\..\library\HT32F1655_56_Driver\inc\ht32f1655_56_usbd.h(290): error:  #20: identifier "USBD_EPTn_Enum" is undefined
  void USBD_EPTSendSTALL(USBD_EPTn_Enum EPTn);
..\..\library\HT32F1655_56_Driver\inc\ht32f1655_56_usbd.h(291): error:  #20: identifier "USBD_EPTn_Enum" is undefined
  u32  USBD_EPTGetHalt(USBD_EPTn_Enum EPTn);
..\..\library\HT32F1655_56_Driver\inc\ht32f1655_56_usbd.h(292): error:  #20: identifier "USBD_EPTn_Enum" is undefined
  void USBD_EPTSetHalt(USBD_EPTn_Enum EPTn);
..\..\library\HT32F1655_56_Driver\inc\ht32f1655_56_usbd.h(293): error:  #20: identifier "USBD_EPTn_Enum" is undefined
  void USBD_EPTClearHalt(USBD_EPTn_Enum EPTn);
..\..\library\HT32F1655_56_Driver\inc\ht32f1655_56_usbd.h(294): error:  #20: identifier "USBD_EPTn_Enum" is undefined
  void USBD_EPTWaitSTALLSent(USBD_EPTn_Enum EPTn);
..\..\library\HT32F1655_56_Driver\inc\ht32f1655_56_usbd.h(295): error:  #20: identifier "USBD_EPTn_Enum" is undefined
  void USBD_EPTClearDTG(USBD_EPTn_Enum EPTn);
..\..\library\HT32F1655_56_Driver\inc\ht32f1655_56_usbd.h(296): error:  #20: identifier "USBD_EPTn_Enum" is undefined
  u32  USBD_EPTGetBuffer0Addr(USBD_EPTn_Enum EPTn);
..\..\library\HT32F1655_56_Driver\inc\ht32f1655_56_usbd.h(297): error:  #20: identifier "USBD_EPTn_Enum" is undefined
  u32  USBD_EPTGetBuffer1Addr(USBD_EPTn_Enum EPTn);
..\..\library\HT32F1655_56_Driver\inc\ht32f1655_56_usbd.h(298): error:  #20: identifier "USBD_EPTn_Enum" is undefined
  u32  USBD_EPTGetBufferLen(USBD_EPTn_Enum EPTn);
..\..\library\HT32F1655_56_Driver\inc\ht32f1655_56_usbd.h(299): error:  #20: identifier "USBD_EPTn_Enum" is undefined
  u32  USBD_EPTGetTransferCount(USBD_EPTn_Enum EPTn, USBD_TCR_Enum type);
..\..\library\HT32F1655_56_Driver\inc\ht32f1655_56_usbd.h(300): error:  #20: identifier "USBD_EPTn_Enum" is undefined
  u32  USBD_EPTWriteINData(USBD_EPTn_Enum EPTn, u32 *pFrom, u32 len);
..\..\library\HT32F1655_56_Driver\inc\ht32f1655_56_usbd.h(301): error:  #20: identifier "USBD_EPTn_Enum" is undefined
  u32  USBD_EPTReadOUTData(USBD_EPTn_Enum EPTn, u32 *pTo, u32 len);
..\..\library\HT32F1655_56_Driver\inc\ht32f1655_56_usbd.h(302): error:  #20: identifier "USBD_EPTn_Enum" is undefined
  u32  USBD_EPTReadMemory(USBD_EPTn_Enum EPTn, u32 *pTo, u32 len);
..\..\library\HT32F1655_56_Driver\inc\ht32f1655_56_pwrcu.h(91): error:  #228-D: trailing comma is nonstandard
    PWRCU_BODRIS_INT   = 1,  /*!< Assert interrupt                                                            */
..\..\library\HT32F1655_56_Driver\inc\ht32f1655_56_ckcu.h(244): error:  #230: nonstandard type for a bit field
      unsigned long FMC        :1;
..\..\library\HT32F1655_56_Driver\inc\ht32f1655_56_ckcu.h(245): error:  #230: nonstandard type for a bit field
      unsigned long            :1;
..\..\library\HT32F1655_56_Driver\inc\ht32f1655_56_ckcu.h(246): error:  #230: nonstandard type for a bit field
      unsigned long SRAM       :1;
..\..\library\HT32F1655_56_Driver\src\ht32f1655_56_cmp_op.c: 2 warnings, 30 errors
compiling ht32f1655_56_crc.c...
..\..\library\CMSIS\Include\core_cmInstr.h(129): error:  #667: "asm" function is nonstandard
  __attribute__((section(".rev16_text"))) __STATIC_INLINE __ASM uint32_t __REV16(uint32_t value)
..\..\library\CMSIS\Include\core_cmInstr.h(144): error:  #667: "asm" function is nonstandard
  __attribute__((section(".revsh_text"))) __STATIC_INLINE __ASM int32_t __REVSH(int32_t value)
..\..\library\CMSIS\Include\core_cmInstr.h(300): error:  #667: "asm" function is nonstandard
  __attribute__((section(".rrx_text"))) __STATIC_INLINE __ASM uint32_t __RRX(uint32_t value)
..\..\User\ht32f1655_56_conf.h(27): error:  #169: expected a declaration
  //-------- <<< Use Configuration Wizard in Context Menu >>> -----------------
..\..\User\ht32f1655_56_conf.h(128): warning:  #12-D: parsing restarts here after previous syntax error
    extern void RETARGET_Configuration(void);
..\..\User\ht32f165x_usbdconf.h(27): error:  #169: expected a declaration
  // <<< Use Configuration Wizard in Context Menu >>>
..\..\User\ht32f165x_usbdconf.h(40): error:  #40: expected an identifier
    #define USBDCore_LowPower(...)
..\..\library\HT32F1655_56_Driver\inc\ht32f1655_56_usbd.h(75): warning:  #12-D: parsing restarts here after previous syntax error
  } USBD_EPTn_Enum;
..\..\library\HT32F1655_56_Driver\inc\ht32f1655_56_usbd.h(80): error:  #228-D: trailing comma is nonstandard
    USBD_TCR_1 = 16,
..\..\library\HT32F1655_56_Driver\inc\ht32f1655_56_usbd.h(283): error:  #20: identifier "USBD_EPTn_Enum" is undefined
  USBD_EPTn_Enum USBD_GetEPTnINTNumber(u32 INTFlag);
..\..\library\HT32F1655_56_Driver\inc\ht32f1655_56_usbd.h(285): error:  #20: identifier "USBD_EPTn_Enum" is undefined
  void USBD_EPTInit(USBD_EPTn_Enum EPTn, u32 *pDriver);
..\..\library\HT32F1655_56_Driver\inc\ht32f1655_56_usbd.h(286): error:  #20: identifier "USBD_EPTn_Enum" is undefined
  void USBD_EPTReset(USBD_EPTn_Enum EPTn);
..\..\library\HT32F1655_56_Driver\inc\ht32f1655_56_usbd.h(287): error:  #20: identifier "USBD_EPTn_Enum" is undefined
  void USBD_EPTEnableINT(USBD_EPTn_Enum EPTn, u32 INTFlag);
..\..\library\HT32F1655_56_Driver\inc\ht32f1655_56_usbd.h(288): error:  #20: identifier "USBD_EPTn_Enum" is undefined
  u32  USBD_EPTGetINT(USBD_EPTn_Enum EPTn);
..\..\library\HT32F1655_56_Driver\inc\ht32f1655_56_usbd.h(289): error:  #20: identifier "USBD_EPTn_Enum" is undefined
  void USBD_EPTClearINT(USBD_EPTn_Enum EPTn, u32 INTFlag);
..\..\library\HT32F1655_56_Driver\inc\ht32f1655_56_usbd.h(290): error:  #20: identifier "USBD_EPTn_Enum" is undefined
  void USBD_EPTSendSTALL(USBD_EPTn_Enum EPTn);
..\..\library\HT32F1655_56_Driver\inc\ht32f1655_56_usbd.h(291): error:  #20: identifier "USBD_EPTn_Enum" is undefined
  u32  USBD_EPTGetHalt(USBD_EPTn_Enum EPTn);
..\..\library\HT32F1655_56_Driver\inc\ht32f1655_56_usbd.h(292): error:  #20: identifier "USBD_EPTn_Enum" is undefined
  void USBD_EPTSetHalt(USBD_EPTn_Enum EPTn);
..\..\library\HT32F1655_56_Driver\inc\ht32f1655_56_usbd.h(293): error:  #20: identifier "USBD_EPTn_Enum" is undefined
  void USBD_EPTClearHalt(USBD_EPTn_Enum EPTn);
..\..\library\HT32F1655_56_Driver\inc\ht32f1655_56_usbd.h(294): error:  #20: identifier "USBD_EPTn_Enum" is undefined
  void USBD_EPTWaitSTALLSent(USBD_EPTn_Enum EPTn);
..\..\library\HT32F1655_56_Driver\inc\ht32f1655_56_usbd.h(295): error:  #20: identifier "USBD_EPTn_Enum" is undefined
  void USBD_EPTClearDTG(USBD_EPTn_Enum EPTn);
..\..\library\HT32F1655_56_Driver\inc\ht32f1655_56_usbd.h(296): error:  #20: identifier "USBD_EPTn_Enum" is undefined
  u32  USBD_EPTGetBuffer0Addr(USBD_EPTn_Enum EPTn);
..\..\library\HT32F1655_56_Driver\inc\ht32f1655_56_usbd.h(297): error:  #20: identifier "USBD_EPTn_Enum" is undefined
  u32  USBD_EPTGetBuffer1Addr(USBD_EPTn_Enum EPTn);
..\..\library\HT32F1655_56_Driver\inc\ht32f1655_56_usbd.h(298): error:  #20: identifier "USBD_EPTn_Enum" is undefined
  u32  USBD_EPTGetBufferLen(USBD_EPTn_Enum EPTn);
..\..\library\HT32F1655_56_Driver\inc\ht32f1655_56_usbd.h(299): error:  #20: identifier "USBD_EPTn_Enum" is undefined
  u32  USBD_EPTGetTransferCount(USBD_EPTn_Enum EPTn, USBD_TCR_Enum type);
..\..\library\HT32F1655_56_Driver\inc\ht32f1655_56_usbd.h(300): error:  #20: identifier "USBD_EPTn_Enum" is undefined
  u32  USBD_EPTWriteINData(USBD_EPTn_Enum EPTn, u32 *pFrom, u32 len);
..\..\library\HT32F1655_56_Driver\inc\ht32f1655_56_usbd.h(301): error:  #20: identifier "USBD_EPTn_Enum" is undefined
  u32  USBD_EPTReadOUTData(USBD_EPTn_Enum EPTn, u32 *pTo, u32 len);
..\..\library\HT32F1655_56_Driver\inc\ht32f1655_56_usbd.h(302): error:  #20: identifier "USBD_EPTn_Enum" is undefined
  u32  USBD_EPTReadMemory(USBD_EPTn_Enum EPTn, u32 *pTo, u32 len);
..\..\library\HT32F1655_56_Driver\inc\ht32f1655_56_pwrcu.h(91): error:  #228-D: trailing comma is nonstandard
    PWRCU_BODRIS_INT   = 1,  /*!< Assert interrupt                                                            */
..\..\library\HT32F1655_56_Driver\inc\ht32f1655_56_ckcu.h(244): error:  #230: nonstandard type for a bit field
      unsigned long FMC        :1;
..\..\library\HT32F1655_56_Driver\inc\ht32f1655_56_ckcu.h(245): error:  #230: nonstandard type for a bit field
      unsigned long            :1;
..\..\library\HT32F1655_56_Driver\inc\ht32f1655_56_ckcu.h(246): error:  #230: nonstandard type for a bit field
      unsigned long SRAM       :1;
..\..\library\HT32F1655_56_Driver\src\ht32f1655_56_crc.c: 2 warnings, 30 errors
compiling ht32f1655_56_ebi.c...
..\..\library\CMSIS\Include\core_cmInstr.h(129): error:  #667: "asm" function is nonstandard
  __attribute__((section(".rev16_text"))) __STATIC_INLINE __ASM uint32_t __REV16(uint32_t value)
..\..\library\CMSIS\Include\core_cmInstr.h(144): error:  #667: "asm" function is nonstandard
  __attribute__((section(".revsh_text"))) __STATIC_INLINE __ASM int32_t __REVSH(int32_t value)
..\..\library\CMSIS\Include\core_cmInstr.h(300): error:  #667: "asm" function is nonstandard
  __attribute__((section(".rrx_text"))) __STATIC_INLINE __ASM uint32_t __RRX(uint32_t value)
..\..\User\ht32f1655_56_conf.h(27): error:  #169: expected a declaration
  //-------- <<< Use Configuration Wizard in Context Menu >>> -----------------
..\..\User\ht32f1655_56_conf.h(128): warning:  #12-D: parsing restarts here after previous syntax error
    extern void RETARGET_Configuration(void);
..\..\User\ht32f165x_usbdconf.h(27): error:  #169: expected a declaration
  // <<< Use Configuration Wizard in Context Menu >>>
..\..\User\ht32f165x_usbdconf.h(40): error:  #40: expected an identifier
    #define USBDCore_LowPower(...)
..\..\library\HT32F1655_56_Driver\inc\ht32f1655_56_usbd.h(75): warning:  #12-D: parsing restarts here after previous syntax error
  } USBD_EPTn_Enum;
..\..\library\HT32F1655_56_Driver\inc\ht32f1655_56_usbd.h(80): error:  #228-D: trailing comma is nonstandard
    USBD_TCR_1 = 16,
..\..\library\HT32F1655_56_Driver\inc\ht32f1655_56_usbd.h(283): error:  #20: identifier "USBD_EPTn_Enum" is undefined
  USBD_EPTn_Enum USBD_GetEPTnINTNumber(u32 INTFlag);
..\..\library\HT32F1655_56_Driver\inc\ht32f1655_56_usbd.h(285): error:  #20: identifier "USBD_EPTn_Enum" is undefined
  void USBD_EPTInit(USBD_EPTn_Enum EPTn, u32 *pDriver);
..\..\library\HT32F1655_56_Driver\inc\ht32f1655_56_usbd.h(286): error:  #20: identifier "USBD_EPTn_Enum" is undefined
  void USBD_EPTReset(USBD_EPTn_Enum EPTn);
..\..\library\HT32F1655_56_Driver\inc\ht32f1655_56_usbd.h(287): error:  #20: identifier "USBD_EPTn_Enum" is undefined
  void USBD_EPTEnableINT(USBD_EPTn_Enum EPTn, u32 INTFlag);
..\..\library\HT32F1655_56_Driver\inc\ht32f1655_56_usbd.h(288): error:  #20: identifier "USBD_EPTn_Enum" is undefined
  u32  USBD_EPTGetINT(USBD_EPTn_Enum EPTn);
..\..\library\HT32F1655_56_Driver\inc\ht32f1655_56_usbd.h(289): error:  #20: identifier "USBD_EPTn_Enum" is undefined
  void USBD_EPTClearINT(USBD_EPTn_Enum EPTn, u32 INTFlag);
..\..\library\HT32F1655_56_Driver\inc\ht32f1655_56_usbd.h(290): error:  #20: identifier "USBD_EPTn_Enum" is undefined
  void USBD_EPTSendSTALL(USBD_EPTn_Enum EPTn);
..\..\library\HT32F1655_56_Driver\inc\ht32f1655_56_usbd.h(291): error:  #20: identifier "USBD_EPTn_Enum" is undefined
  u32  USBD_EPTGetHalt(USBD_EPTn_Enum EPTn);
..\..\library\HT32F1655_56_Driver\inc\ht32f1655_56_usbd.h(292): error:  #20: identifier "USBD_EPTn_Enum" is undefined
  void USBD_EPTSetHalt(USBD_EPTn_Enum EPTn);
..\..\library\HT32F1655_56_Driver\inc\ht32f1655_56_usbd.h(293): error:  #20: identifier "USBD_EPTn_Enum" is undefined
  void USBD_EPTClearHalt(USBD_EPTn_Enum EPTn);
..\..\library\HT32F1655_56_Driver\inc\ht32f1655_56_usbd.h(294): error:  #20: identifier "USBD_EPTn_Enum" is undefined
  void USBD_EPTWaitSTALLSent(USBD_EPTn_Enum EPTn);
..\..\library\HT32F1655_56_Driver\inc\ht32f1655_56_usbd.h(295): error:  #20: identifier "USBD_EPTn_Enum" is undefined
  void USBD_EPTClearDTG(USBD_EPTn_Enum EPTn);
..\..\library\HT32F1655_56_Driver\inc\ht32f1655_56_usbd.h(296): error:  #20: identifier "USBD_EPTn_Enum" is undefined
  u32  USBD_EPTGetBuffer0Addr(USBD_EPTn_Enum EPTn);
..\..\library\HT32F1655_56_Driver\inc\ht32f1655_56_usbd.h(297): error:  #20: identifier "USBD_EPTn_Enum" is undefined
  u32  USBD_EPTGetBuffer1Addr(USBD_EPTn_Enum EPTn);
..\..\library\HT32F1655_56_Driver\inc\ht32f1655_56_usbd.h(298): error:  #20: identifier "USBD_EPTn_Enum" is undefined
  u32  USBD_EPTGetBufferLen(USBD_EPTn_Enum EPTn);
..\..\library\HT32F1655_56_Driver\inc\ht32f1655_56_usbd.h(299): error:  #20: identifier "USBD_EPTn_Enum" is undefined
  u32  USBD_EPTGetTransferCount(USBD_EPTn_Enum EPTn, USBD_TCR_Enum type);
..\..\library\HT32F1655_56_Driver\inc\ht32f1655_56_usbd.h(300): error:  #20: identifier "USBD_EPTn_Enum" is undefined
  u32  USBD_EPTWriteINData(USBD_EPTn_Enum EPTn, u32 *pFrom, u32 len);
..\..\library\HT32F1655_56_Driver\inc\ht32f1655_56_usbd.h(301): error:  #20: identifier "USBD_EPTn_Enum" is undefined
  u32  USBD_EPTReadOUTData(USBD_EPTn_Enum EPTn, u32 *pTo, u32 len);
..\..\library\HT32F1655_56_Driver\inc\ht32f1655_56_usbd.h(302): error:  #20: identifier "USBD_EPTn_Enum" is undefined
  u32  USBD_EPTReadMemory(USBD_EPTn_Enum EPTn, u32 *pTo, u32 len);
..\..\library\HT32F1655_56_Driver\inc\ht32f1655_56_pwrcu.h(91): error:  #228-D: trailing comma is nonstandard
    PWRCU_BODRIS_INT   = 1,  /*!< Assert interrupt                                                            */
..\..\library\HT32F1655_56_Driver\inc\ht32f1655_56_ckcu.h(244): error:  #230: nonstandard type for a bit field
      unsigned long FMC        :1;
..\..\library\HT32F1655_56_Driver\inc\ht32f1655_56_ckcu.h(245): error:  #230: nonstandard type for a bit field
      unsigned long            :1;
..\..\library\HT32F1655_56_Driver\inc\ht32f1655_56_ckcu.h(246): error:  #230: nonstandard type for a bit field
      unsigned long SRAM       :1;
..\..\library\HT32F1655_56_Driver\src\ht32f1655_56_ebi.c: 2 warnings, 30 errors
compiling ht32f1655_56_exti.c...
..\..\library\CMSIS\Include\core_cmInstr.h(129): error:  #667: "asm" function is nonstandard
  __attribute__((section(".rev16_text"))) __STATIC_INLINE __ASM uint32_t __REV16(uint32_t value)
..\..\library\CMSIS\Include\core_cmInstr.h(144): error:  #667: "asm" function is nonstandard
  __attribute__((section(".revsh_text"))) __STATIC_INLINE __ASM int32_t __REVSH(int32_t value)
..\..\library\CMSIS\Include\core_cmInstr.h(300): error:  #667: "asm" function is nonstandard
  __attribute__((section(".rrx_text"))) __STATIC_INLINE __ASM uint32_t __RRX(uint32_t value)
..\..\User\ht32f1655_56_conf.h(27): error:  #169: expected a declaration
  //-------- <<< Use Configuration Wizard in Context Menu >>> -----------------
..\..\User\ht32f1655_56_conf.h(128): warning:  #12-D: parsing restarts here after previous syntax error
    extern void RETARGET_Configuration(void);
..\..\User\ht32f165x_usbdconf.h(27): error:  #169: expected a declaration
  // <<< Use Configuration Wizard in Context Menu >>>
..\..\User\ht32f165x_usbdconf.h(40): error:  #40: expected an identifier
    #define USBDCore_LowPower(...)
..\..\library\HT32F1655_56_Driver\inc\ht32f1655_56_usbd.h(75): warning:  #12-D: parsing restarts here after previous syntax error
  } USBD_EPTn_Enum;
..\..\library\HT32F1655_56_Driver\inc\ht32f1655_56_usbd.h(80): error:  #228-D: trailing comma is nonstandard
    USBD_TCR_1 = 16,
..\..\library\HT32F1655_56_Driver\inc\ht32f1655_56_usbd.h(283): error:  #20: identifier "USBD_EPTn_Enum" is undefined
  USBD_EPTn_Enum USBD_GetEPTnINTNumber(u32 INTFlag);
..\..\library\HT32F1655_56_Driver\inc\ht32f1655_56_usbd.h(285): error:  #20: identifier "USBD_EPTn_Enum" is undefined
  void USBD_EPTInit(USBD_EPTn_Enum EPTn, u32 *pDriver);
..\..\library\HT32F1655_56_Driver\inc\ht32f1655_56_usbd.h(286): error:  #20: identifier "USBD_EPTn_Enum" is undefined
  void USBD_EPTReset(USBD_EPTn_Enum EPTn);
..\..\library\HT32F1655_56_Driver\inc\ht32f1655_56_usbd.h(287): error:  #20: identifier "USBD_EPTn_Enum" is undefined
  void USBD_EPTEnableINT(USBD_EPTn_Enum EPTn, u32 INTFlag);
..\..\library\HT32F1655_56_Driver\inc\ht32f1655_56_usbd.h(288): error:  #20: identifier "USBD_EPTn_Enum" is undefined
  u32  USBD_EPTGetINT(USBD_EPTn_Enum EPTn);
..\..\library\HT32F1655_56_Driver\inc\ht32f1655_56_usbd.h(289): error:  #20: identifier "USBD_EPTn_Enum" is undefined
  void USBD_EPTClearINT(USBD_EPTn_Enum EPTn, u32 INTFlag);
..\..\library\HT32F1655_56_Driver\inc\ht32f1655_56_usbd.h(290): error:  #20: identifier "USBD_EPTn_Enum" is undefined
  void USBD_EPTSendSTALL(USBD_EPTn_Enum EPTn);
..\..\library\HT32F1655_56_Driver\inc\ht32f1655_56_usbd.h(291): error:  #20: identifier "USBD_EPTn_Enum" is undefined
  u32  USBD_EPTGetHalt(USBD_EPTn_Enum EPTn);
..\..\library\HT32F1655_56_Driver\inc\ht32f1655_56_usbd.h(292): error:  #20: identifier "USBD_EPTn_Enum" is undefined
  void USBD_EPTSetHalt(USBD_EPTn_Enum EPTn);
..\..\library\HT32F1655_56_Driver\inc\ht32f1655_56_usbd.h(293): error:  #20: identifier "USBD_EPTn_Enum" is undefined
  void USBD_EPTClearHalt(USBD_EPTn_Enum EPTn);
..\..\library\HT32F1655_56_Driver\inc\ht32f1655_56_usbd.h(294): error:  #20: identifier "USBD_EPTn_Enum" is undefined
  void USBD_EPTWaitSTALLSent(USBD_EPTn_Enum EPTn);
..\..\library\HT32F1655_56_Driver\inc\ht32f1655_56_usbd.h(295): error:  #20: identifier "USBD_EPTn_Enum" is undefined
  void USBD_EPTClearDTG(USBD_EPTn_Enum EPTn);
..\..\library\HT32F1655_56_Driver\inc\ht32f1655_56_usbd.h(296): error:  #20: identifier "USBD_EPTn_Enum" is undefined
  u32  USBD_EPTGetBuffer0Addr(USBD_EPTn_Enum EPTn);
..\..\library\HT32F1655_56_Driver\inc\ht32f1655_56_usbd.h(297): error:  #20: identifier "USBD_EPTn_Enum" is undefined
  u32  USBD_EPTGetBuffer1Addr(USBD_EPTn_Enum EPTn);
..\..\library\HT32F1655_56_Driver\inc\ht32f1655_56_usbd.h(298): error:  #20: identifier "USBD_EPTn_Enum" is undefined
  u32  USBD_EPTGetBufferLen(USBD_EPTn_Enum EPTn);
..\..\library\HT32F1655_56_Driver\inc\ht32f1655_56_usbd.h(299): error:  #20: identifier "USBD_EPTn_Enum" is undefined
[...]
  void USBD_EPTInit(USBD_EPTn_Enum EPTn, u32 *pDriver);
..\..\library\HT32F1655_56_Driver\inc\ht32f1655_56_usbd.h(286): error:  #20: identifier "USBD_EPTn_Enum" is undefined
  void USBD_EPTReset(USBD_EPTn_Enum EPTn);
..\..\library\HT32F1655_56_Driver\inc\ht32f1655_56_usbd.h(287): error:  #20: identifier "USBD_EPTn_Enum" is undefined
  void USBD_EPTEnableINT(USBD_EPTn_Enum EPTn, u32 INTFlag);
..\..\library\HT32F1655_56_Driver\inc\ht32f1655_56_usbd.h(288): error:  #20: identifier "USBD_EPTn_Enum" is undefined
  u32  USBD_EPTGetINT(USBD_EPTn_Enum EPTn);
..\..\library\HT32F1655_56_Driver\inc\ht32f1655_56_usbd.h(289): error:  #20: identifier "USBD_EPTn_Enum" is undefined
  void USBD_EPTClearINT(USBD_EPTn_Enum EPTn, u32 INTFlag);
..\..\library\HT32F1655_56_Driver\inc\ht32f1655_56_usbd.h(290): error:  #20: identifier "USBD_EPTn_Enum" is undefined
  void USBD_EPTSendSTALL(USBD_EPTn_Enum EPTn);
..\..\library\HT32F1655_56_Driver\inc\ht32f1655_56_usbd.h(291): error:  #20: identifier "USBD_EPTn_Enum" is undefined
  u32  USBD_EPTGetHalt(USBD_EPTn_Enum EPTn);
..\..\library\HT32F1655_56_Driver\inc\ht32f1655_56_usbd.h(292): error:  #20: identifier "USBD_EPTn_Enum" is undefined
  void USBD_EPTSetHalt(USBD_EPTn_Enum EPTn);
..\..\library\HT32F1655_56_Driver\inc\ht32f1655_56_usbd.h(293): error:  #20: identifier "USBD_EPTn_Enum" is undefined
  void USBD_EPTClearHalt(USBD_EPTn_Enum EPTn);
..\..\library\HT32F1655_56_Driver\inc\ht32f1655_56_usbd.h(294): error:  #20: identifier "USBD_EPTn_Enum" is undefined
  void USBD_EPTWaitSTALLSent(USBD_EPTn_Enum EPTn);
..\..\library\HT32F1655_56_Driver\inc\ht32f1655_56_usbd.h(295): error:  #20: identifier "USBD_EPTn_Enum" is undefined
  void USBD_EPTClearDTG(USBD_EPTn_Enum EPTn);
..\..\library\HT32F1655_56_Driver\inc\ht32f1655_56_usbd.h(296): error:  #20: identifier "USBD_EPTn_Enum" is undefined
  u32  USBD_EPTGetBuffer0Addr(USBD_EPTn_Enum EPTn);
..\..\library\HT32F1655_56_Driver\inc\ht32f1655_56_usbd.h(297): error:  #20: identifier "USBD_EPTn_Enum" is undefined
  u32  USBD_EPTGetBuffer1Addr(USBD_EPTn_Enum EPTn);
..\..\library\HT32F1655_56_Driver\inc\ht32f1655_56_usbd.h(298): error:  #20: identifier "USBD_EPTn_Enum" is undefined
  u32  USBD_EPTGetBufferLen(USBD_EPTn_Enum EPTn);
..\..\library\HT32F1655_56_Driver\inc\ht32f1655_56_usbd.h(299): error:  #20: identifier "USBD_EPTn_Enum" is undefined
  u32  USBD_EPTGetTransferCount(USBD_EPTn_Enum EPTn, USBD_TCR_Enum type);
..\..\library\HT32F1655_56_Driver\inc\ht32f1655_56_usbd.h(300): error:  #20: identifier "USBD_EPTn_Enum" is undefined
  u32  USBD_EPTWriteINData(USBD_EPTn_Enum EPTn, u32 *pFrom, u32 len);
..\..\library\HT32F1655_56_Driver\inc\ht32f1655_56_usbd.h(301): error:  #20: identifier "USBD_EPTn_Enum" is undefined
  u32  USBD_EPTReadOUTData(USBD_EPTn_Enum EPTn, u32 *pTo, u32 len);
..\..\library\HT32F1655_56_Driver\inc\ht32f1655_56_usbd.h(302): error:  #20: identifier "USBD_EPTn_Enum" is undefined
  u32  USBD_EPTReadMemory(USBD_EPTn_Enum EPTn, u32 *pTo, u32 len);
..\..\library\HT32F1655_56_Driver\inc\ht32f1655_56_pwrcu.h(91): error:  #228-D: trailing comma is nonstandard
    PWRCU_BODRIS_INT   = 1,  /*!< Assert interrupt                                                            */
..\..\library\HT32F1655_56_Driver\inc\ht32f1655_56_ckcu.h(244): error:  #230: nonstandard type for a bit field
      unsigned long FMC        :1;
..\..\library\HT32F1655_56_Driver\inc\ht32f1655_56_ckcu.h(245): error:  #230: nonstandard type for a bit field
      unsigned long            :1;
..\..\library\HT32F1655_56_Driver\inc\ht32f1655_56_ckcu.h(246): error:  #230: nonstandard type for a bit field
      unsigned long SRAM       :1;
..\..\library\HT32F1655_56_Driver\src\ht32_serial.c: 2 warnings, 30 errors
compiling ht32_board.c...
..\..\library\CMSIS\Include\core_cmInstr.h(129): error:  #667: "asm" function is nonstandard
  __attribute__((section(".rev16_text"))) __STATIC_INLINE __ASM uint32_t __REV16(uint32_t value)
..\..\library\CMSIS\Include\core_cmInstr.h(144): error:  #667: "asm" function is nonstandard
  __attribute__((section(".revsh_text"))) __STATIC_INLINE __ASM int32_t __REVSH(int32_t value)
..\..\library\CMSIS\Include\core_cmInstr.h(300): error:  #667: "asm" function is nonstandard
  __attribute__((section(".rrx_text"))) __STATIC_INLINE __ASM uint32_t __RRX(uint32_t value)
..\..\User\ht32f1655_56_conf.h(27): error:  #169: expected a declaration
  //-------- <<< Use Configuration Wizard in Context Menu >>> -----------------
..\..\User\ht32f1655_56_conf.h(128): warning:  #12-D: parsing restarts here after previous syntax error
    extern void RETARGET_Configuration(void);
..\..\User\ht32f165x_usbdconf.h(27): error:  #169: expected a declaration
  // <<< Use Configuration Wizard in Context Menu >>>
..\..\User\ht32f165x_usbdconf.h(40): error:  #40: expected an identifier
    #define USBDCore_LowPower(...)
..\..\library\HT32F1655_56_Driver\inc\ht32f1655_56_usbd.h(75): warning:  #12-D: parsing restarts here after previous syntax error
  } USBD_EPTn_Enum;
..\..\library\HT32F1655_56_Driver\inc\ht32f1655_56_usbd.h(80): error:  #228-D: trailing comma is nonstandard
    USBD_TCR_1 = 16,
..\..\library\HT32F1655_56_Driver\inc\ht32f1655_56_usbd.h(283): error:  #20: identifier "USBD_EPTn_Enum" is undefined
  USBD_EPTn_Enum USBD_GetEPTnINTNumber(u32 INTFlag);
..\..\library\HT32F1655_56_Driver\inc\ht32f1655_56_usbd.h(285): error:  #20: identifier "USBD_EPTn_Enum" is undefined
  void USBD_EPTInit(USBD_EPTn_Enum EPTn, u32 *pDriver);
..\..\library\HT32F1655_56_Driver\inc\ht32f1655_56_usbd.h(286): error:  #20: identifier "USBD_EPTn_Enum" is undefined
  void USBD_EPTReset(USBD_EPTn_Enum EPTn);
..\..\library\HT32F1655_56_Driver\inc\ht32f1655_56_usbd.h(287): error:  #20: identifier "USBD_EPTn_Enum" is undefined
  void USBD_EPTEnableINT(USBD_EPTn_Enum EPTn, u32 INTFlag);
..\..\library\HT32F1655_56_Driver\inc\ht32f1655_56_usbd.h(288): error:  #20: identifier "USBD_EPTn_Enum" is undefined
  u32  USBD_EPTGetINT(USBD_EPTn_Enum EPTn);
..\..\library\HT32F1655_56_Driver\inc\ht32f1655_56_usbd.h(289): error:  #20: identifier "USBD_EPTn_Enum" is undefined
  void USBD_EPTClearINT(USBD_EPTn_Enum EPTn, u32 INTFlag);
..\..\library\HT32F1655_56_Driver\inc\ht32f1655_56_usbd.h(290): error:  #20: identifier "USBD_EPTn_Enum" is undefined
  void USBD_EPTSendSTALL(USBD_EPTn_Enum EPTn);
..\..\library\HT32F1655_56_Driver\inc\ht32f1655_56_usbd.h(291): error:  #20: identifier "USBD_EPTn_Enum" is undefined
  u32  USBD_EPTGetHalt(USBD_EPTn_Enum EPTn);
..\..\library\HT32F1655_56_Driver\inc\ht32f1655_56_usbd.h(292): error:  #20: identifier "USBD_EPTn_Enum" is undefined
  void USBD_EPTSetHalt(USBD_EPTn_Enum EPTn);
..\..\library\HT32F1655_56_Driver\inc\ht32f1655_56_usbd.h(293): error:  #20: identifier "USBD_EPTn_Enum" is undefined
  void USBD_EPTClearHalt(USBD_EPTn_Enum EPTn);
..\..\library\HT32F1655_56_Driver\inc\ht32f1655_56_usbd.h(294): error:  #20: identifier "USBD_EPTn_Enum" is undefined
  void USBD_EPTWaitSTALLSent(USBD_EPTn_Enum EPTn);
..\..\library\HT32F1655_56_Driver\inc\ht32f1655_56_usbd.h(295): error:  #20: identifier "USBD_EPTn_Enum" is undefined
  void USBD_EPTClearDTG(USBD_EPTn_Enum EPTn);
..\..\library\HT32F1655_56_Driver\inc\ht32f1655_56_usbd.h(296): error:  #20: identifier "USBD_EPTn_Enum" is undefined
  u32  USBD_EPTGetBuffer0Addr(USBD_EPTn_Enum EPTn);
..\..\library\HT32F1655_56_Driver\inc\ht32f1655_56_usbd.h(297): error:  #20: identifier "USBD_EPTn_Enum" is undefined
  u32  USBD_EPTGetBuffer1Addr(USBD_EPTn_Enum EPTn);
..\..\library\HT32F1655_56_Driver\inc\ht32f1655_56_usbd.h(298): error:  #20: identifier "USBD_EPTn_Enum" is undefined
  u32  USBD_EPTGetBufferLen(USBD_EPTn_Enum EPTn);
..\..\library\HT32F1655_56_Driver\inc\ht32f1655_56_usbd.h(299): error:  #20: identifier "USBD_EPTn_Enum" is undefined
  u32  USBD_EPTGetTransferCount(USBD_EPTn_Enum EPTn, USBD_TCR_Enum type);
..\..\library\HT32F1655_56_Driver\inc\ht32f1655_56_usbd.h(300): error:  #20: identifier "USBD_EPTn_Enum" is undefined
  u32  USBD_EPTWriteINData(USBD_EPTn_Enum EPTn, u32 *pFrom, u32 len);
..\..\library\HT32F1655_56_Driver\inc\ht32f1655_56_usbd.h(301): error:  #20: identifier "USBD_EPTn_Enum" is undefined
  u32  USBD_EPTReadOUTData(USBD_EPTn_Enum EPTn, u32 *pTo, u32 len);
..\..\library\HT32F1655_56_Driver\inc\ht32f1655_56_usbd.h(302): error:  #20: identifier "USBD_EPTn_Enum" is undefined
  u32  USBD_EPTReadMemory(USBD_EPTn_Enum EPTn, u32 *pTo, u32 len);
..\..\library\HT32F1655_56_Driver\inc\ht32f1655_56_pwrcu.h(91): error:  #228-D: trailing comma is nonstandard
    PWRCU_BODRIS_INT   = 1,  /*!< Assert interrupt                                                            */
..\..\library\HT32F1655_56_Driver\inc\ht32f1655_56_ckcu.h(244): error:  #230: nonstandard type for a bit field
      unsigned long FMC        :1;
..\..\library\HT32F1655_56_Driver\inc\ht32f1655_56_ckcu.h(245): error:  #230: nonstandard type for a bit field
      unsigned long            :1;
..\..\library\HT32F1655_56_Driver\inc\ht32f1655_56_ckcu.h(246): error:  #230: nonstandard type for a bit field
      unsigned long SRAM       :1;
..\..\utilities\ht32_board.c: 2 warnings, 30 errors
compiling ebi_lcd.c...
..\..\library\CMSIS\Include\core_cmInstr.h(129): error:  #667: "asm" function is nonstandard
  __attribute__((section(".rev16_text"))) __STATIC_INLINE __ASM uint32_t __REV16(uint32_t value)
..\..\library\CMSIS\Include\core_cmInstr.h(144): error:  #667: "asm" function is nonstandard
  __attribute__((section(".revsh_text"))) __STATIC_INLINE __ASM int32_t __REVSH(int32_t value)
..\..\library\CMSIS\Include\core_cmInstr.h(300): error:  #667: "asm" function is nonstandard
  __attribute__((section(".rrx_text"))) __STATIC_INLINE __ASM uint32_t __RRX(uint32_t value)
..\..\User\ht32f1655_56_conf.h(27): error:  #169: expected a declaration
  //-------- <<< Use Configuration Wizard in Context Menu >>> -----------------
..\..\User\ht32f1655_56_conf.h(128): warning:  #12-D: parsing restarts here after previous syntax error
    extern void RETARGET_Configuration(void);
..\..\User\ht32f165x_usbdconf.h(27): error:  #169: expected a declaration
  // <<< Use Configuration Wizard in Context Menu >>>
..\..\User\ht32f165x_usbdconf.h(40): error:  #40: expected an identifier
    #define USBDCore_LowPower(...)
..\..\library\HT32F1655_56_Driver\inc\ht32f1655_56_usbd.h(75): warning:  #12-D: parsing restarts here after previous syntax error
  } USBD_EPTn_Enum;
..\..\library\HT32F1655_56_Driver\inc\ht32f1655_56_usbd.h(80): error:  #228-D: trailing comma is nonstandard
    USBD_TCR_1 = 16,
..\..\library\HT32F1655_56_Driver\inc\ht32f1655_56_usbd.h(283): error:  #20: identifier "USBD_EPTn_Enum" is undefined
  USBD_EPTn_Enum USBD_GetEPTnINTNumber(u32 INTFlag);
..\..\library\HT32F1655_56_Driver\inc\ht32f1655_56_usbd.h(285): error:  #20: identifier "USBD_EPTn_Enum" is undefined
  void USBD_EPTInit(USBD_EPTn_Enum EPTn, u32 *pDriver);
..\..\library\HT32F1655_56_Driver\inc\ht32f1655_56_usbd.h(286): error:  #20: identifier "USBD_EPTn_Enum" is undefined
  void USBD_EPTReset(USBD_EPTn_Enum EPTn);
..\..\library\HT32F1655_56_Driver\inc\ht32f1655_56_usbd.h(287): error:  #20: identifier "USBD_EPTn_Enum" is undefined
  void USBD_EPTEnableINT(USBD_EPTn_Enum EPTn, u32 INTFlag);
..\..\library\HT32F1655_56_Driver\inc\ht32f1655_56_usbd.h(288): error:  #20: identifier "USBD_EPTn_Enum" is undefined
  u32  USBD_EPTGetINT(USBD_EPTn_Enum EPTn);
..\..\library\HT32F1655_56_Driver\inc\ht32f1655_56_usbd.h(289): error:  #20: identifier "USBD_EPTn_Enum" is undefined
  void USBD_EPTClearINT(USBD_EPTn_Enum EPTn, u32 INTFlag);
..\..\library\HT32F1655_56_Driver\inc\ht32f1655_56_usbd.h(290): error:  #20: identifier "USBD_EPTn_Enum" is undefined
  void USBD_EPTSendSTALL(USBD_EPTn_Enum EPTn);
..\..\library\HT32F1655_56_Driver\inc\ht32f1655_56_usbd.h(291): error:  #20: identifier "USBD_EPTn_Enum" is undefined
  u32  USBD_EPTGetHalt(USBD_EPTn_Enum EPTn);
..\..\library\HT32F1655_56_Driver\inc\ht32f1655_56_usbd.h(292): error:  #20: identifier "USBD_EPTn_Enum" is undefined
  void USBD_EPTSetHalt(USBD_EPTn_Enum EPTn);
..\..\library\HT32F1655_56_Driver\inc\ht32f1655_56_usbd.h(293): error:  #20: identifier "USBD_EPTn_Enum" is undefined
  void USBD_EPTClearHalt(USBD_EPTn_Enum EPTn);
..\..\library\HT32F1655_56_Driver\inc\ht32f1655_56_usbd.h(294): error:  #20: identifier "USBD_EPTn_Enum" is undefined
  void USBD_EPTWaitSTALLSent(USBD_EPTn_Enum EPTn);
..\..\library\HT32F1655_56_Driver\inc\ht32f1655_56_usbd.h(295): error:  #20: identifier "USBD_EPTn_Enum" is undefined
  void USBD_EPTClearDTG(USBD_EPTn_Enum EPTn);
..\..\library\HT32F1655_56_Driver\inc\ht32f1655_56_usbd.h(296): error:  #20: identifier "USBD_EPTn_Enum" is undefined
  u32  USBD_EPTGetBuffer0Addr(USBD_EPTn_Enum EPTn);
..\..\library\HT32F1655_56_Driver\inc\ht32f1655_56_usbd.h(297): error:  #20: identifier "USBD_EPTn_Enum" is undefined
  u32  USBD_EPTGetBuffer1Addr(USBD_EPTn_Enum EPTn);
..\..\library\HT32F1655_56_Driver\inc\ht32f1655_56_usbd.h(298): error:  #20: identifier "USBD_EPTn_Enum" is undefined
  u32  USBD_EPTGetBufferLen(USBD_EPTn_Enum EPTn);
..\..\library\HT32F1655_56_Driver\inc\ht32f1655_56_usbd.h(299): error:  #20: identifier "USBD_EPTn_Enum" is undefined
  u32  USBD_EPTGetTransferCount(USBD_EPTn_Enum EPTn, USBD_TCR_Enum type);
..\..\library\HT32F1655_56_Driver\inc\ht32f1655_56_usbd.h(300): error:  #20: identifier "USBD_EPTn_Enum" is undefined
  u32  USBD_EPTWriteINData(USBD_EPTn_Enum EPTn, u32 *pFrom, u32 len);
..\..\library\HT32F1655_56_Driver\inc\ht32f1655_56_usbd.h(301): error:  #20: identifier "USBD_EPTn_Enum" is undefined
  u32  USBD_EPTReadOUTData(USBD_EPTn_Enum EPTn, u32 *pTo, u32 len);
..\..\library\HT32F1655_56_Driver\inc\ht32f1655_56_usbd.h(302): error:  #20: identifier "USBD_EPTn_Enum" is undefined
  u32  USBD_EPTReadMemory(USBD_EPTn_Enum EPTn, u32 *pTo, u32 len);
..\..\library\HT32F1655_56_Driver\inc\ht32f1655_56_pwrcu.h(91): error:  #228-D: trailing comma is nonstandard
    PWRCU_BODRIS_INT   = 1,  /*!< Assert interrupt                                                            */
..\..\library\HT32F1655_56_Driver\inc\ht32f1655_56_ckcu.h(244): error:  #230: nonstandard type for a bit field
      unsigned long FMC        :1;
..\..\library\HT32F1655_56_Driver\inc\ht32f1655_56_ckcu.h(245): error:  #230: nonstandard type for a bit field
      unsigned long            :1;
..\..\library\HT32F1655_56_Driver\inc\ht32f1655_56_ckcu.h(246): error:  #230: nonstandard type for a bit field
      unsigned long SRAM       :1;
..\..\utilities\common\ebi_lcd.c: 2 warnings, 30 errors
compiling spi_flash.c...
..\..\library\CMSIS\Include\core_cmInstr.h(129): error:  #667: "asm" function is nonstandard
  __attribute__((section(".rev16_text"))) __STATIC_INLINE __ASM uint32_t __REV16(uint32_t value)
..\..\library\CMSIS\Include\core_cmInstr.h(144): error:  #667: "asm" function is nonstandard
  __attribute__((section(".revsh_text"))) __STATIC_INLINE __ASM int32_t __REVSH(int32_t value)
..\..\library\CMSIS\Include\core_cmInstr.h(300): error:  #667: "asm" function is nonstandard
  __attribute__((section(".rrx_text"))) __STATIC_INLINE __ASM uint32_t __RRX(uint32_t value)
..\..\User\ht32f1655_56_conf.h(27): error:  #169: expected a declaration
  //-------- <<< Use Configuration Wizard in Context Menu >>> -----------------
..\..\User\ht32f1655_56_conf.h(128): warning:  #12-D: parsing restarts here after previous syntax error
    extern void RETARGET_Configuration(void);
..\..\User\ht32f165x_usbdconf.h(27): error:  #169: expected a declaration
  // <<< Use Configuration Wizard in Context Menu >>>
..\..\User\ht32f165x_usbdconf.h(40): error:  #40: expected an identifier
    #define USBDCore_LowPower(...)
..\..\library\HT32F1655_56_Driver\inc\ht32f1655_56_usbd.h(75): warning:  #12-D: parsing restarts here after previous syntax error
  } USBD_EPTn_Enum;
..\..\library\HT32F1655_56_Driver\inc\ht32f1655_56_usbd.h(80): error:  #228-D: trailing comma is nonstandard
    USBD_TCR_1 = 16,
..\..\library\HT32F1655_56_Driver\inc\ht32f1655_56_usbd.h(283): error:  #20: identifier "USBD_EPTn_Enum" is undefined
  USBD_EPTn_Enum USBD_GetEPTnINTNumber(u32 INTFlag);
..\..\library\HT32F1655_56_Driver\inc\ht32f1655_56_usbd.h(285): error:  #20: identifier "USBD_EPTn_Enum" is undefined
  void USBD_EPTInit(USBD_EPTn_Enum EPTn, u32 *pDriver);
..\..\library\HT32F1655_56_Driver\inc\ht32f1655_56_usbd.h(286): error:  #20: identifier "USBD_EPTn_Enum" is undefined
  void USBD_EPTReset(USBD_EPTn_Enum EPTn);
..\..\library\HT32F1655_56_Driver\inc\ht32f1655_56_usbd.h(287): error:  #20: identifier "USBD_EPTn_Enum" is undefined
  void USBD_EPTEnableINT(USBD_EPTn_Enum EPTn, u32 INTFlag);
..\..\library\HT32F1655_56_Driver\inc\ht32f1655_56_usbd.h(288): error:  #20: identifier "USBD_EPTn_Enum" is undefined
  u32  USBD_EPTGetINT(USBD_EPTn_Enum EPTn);
..\..\library\HT32F1655_56_Driver\inc\ht32f1655_56_usbd.h(289): error:  #20: identifier "USBD_EPTn_Enum" is undefined
  void USBD_EPTClearINT(USBD_EPTn_Enum EPTn, u32 INTFlag);
..\..\library\HT32F1655_56_Driver\inc\ht32f1655_56_usbd.h(290): error:  #20: identifier "USBD_EPTn_Enum" is undefined
  void USBD_EPTSendSTALL(USBD_EPTn_Enum EPTn);
..\..\library\HT32F1655_56_Driver\inc\ht32f1655_56_usbd.h(291): error:  #20: identifier "USBD_EPTn_Enum" is undefined
  u32  USBD_EPTGetHalt(USBD_EPTn_Enum EPTn);
..\..\library\HT32F1655_56_Driver\inc\ht32f1655_56_usbd.h(292): error:  #20: identifier "USBD_EPTn_Enum" is undefined
  void USBD_EPTSetHalt(USBD_EPTn_Enum EPTn);
..\..\library\HT32F1655_56_Driver\inc\ht32f1655_56_usbd.h(293): error:  #20: identifier "USBD_EPTn_Enum" is undefined
  void USBD_EPTClearHalt(USBD_EPTn_Enum EPTn);
..\..\library\HT32F1655_56_Driver\inc\ht32f1655_56_usbd.h(294): error:  #20: identifier "USBD_EPTn_Enum" is undefined
  void USBD_EPTWaitSTALLSent(USBD_EPTn_Enum EPTn);
..\..\library\HT32F1655_56_Driver\inc\ht32f1655_56_usbd.h(295): error:  #20: identifier "USBD_EPTn_Enum" is undefined
  void USBD_EPTClearDTG(USBD_EPTn_Enum EPTn);
..\..\library\HT32F1655_56_Driver\inc\ht32f1655_56_usbd.h(296): error:  #20: identifier "USBD_EPTn_Enum" is undefined
  u32  USBD_EPTGetBuffer0Addr(USBD_EPTn_Enum EPTn);
..\..\library\HT32F1655_56_Driver\inc\ht32f1655_56_usbd.h(297): error:  #20: identifier "USBD_EPTn_Enum" is undefined
  u32  USBD_EPTGetBuffer1Addr(USBD_EPTn_Enum EPTn);
..\..\library\HT32F1655_56_Driver\inc\ht32f1655_56_usbd.h(298): error:  #20: identifier "USBD_EPTn_Enum" is undefined
  u32  USBD_EPTGetBufferLen(USBD_EPTn_Enum EPTn);
..\..\library\HT32F1655_56_Driver\inc\ht32f1655_56_usbd.h(299): error:  #20: identifier "USBD_EPTn_Enum" is undefined
  u32  USBD_EPTGetTransferCount(USBD_EPTn_Enum EPTn, USBD_TCR_Enum type);
..\..\library\HT32F1655_56_Driver\inc\ht32f1655_56_usbd.h(300): error:  #20: identifier "USBD_EPTn_Enum" is undefined
  u32  USBD_EPTWriteINData(USBD_EPTn_Enum EPTn, u32 *pFrom, u32 len);
..\..\library\HT32F1655_56_Driver\inc\ht32f1655_56_usbd.h(301): error:  #20: identifier "USBD_EPTn_Enum" is undefined
  u32  USBD_EPTReadOUTData(USBD_EPTn_Enum EPTn, u32 *pTo, u32 len);
..\..\library\HT32F1655_56_Driver\inc\ht32f1655_56_usbd.h(302): error:  #20: identifier "USBD_EPTn_Enum" is undefined
  u32  USBD_EPTReadMemory(USBD_EPTn_Enum EPTn, u32 *pTo, u32 len);
..\..\library\HT32F1655_56_Driver\inc\ht32f1655_56_pwrcu.h(91): error:  #228-D: trailing comma is nonstandard
    PWRCU_BODRIS_INT   = 1,  /*!< Assert interrupt                                                            */
..\..\library\HT32F1655_56_Driver\inc\ht32f1655_56_ckcu.h(244): error:  #230: nonstandard type for a bit field
      unsigned long FMC        :1;
..\..\library\HT32F1655_56_Driver\inc\ht32f1655_56_ckcu.h(245): error:  #230: nonstandard type for a bit field
      unsigned long            :1;
..\..\library\HT32F1655_56_Driver\inc\ht32f1655_56_ckcu.h(246): error:  #230: nonstandard type for a bit field
      unsigned long SRAM       :1;
..\..\utilities\common\spi_flash.c: 2 warnings, 30 errors
".\HT32\Obj\HT32.axf" - 1050 Error(s), 70 Warning(s).
Project build/rebuild aborted.
