<html>
<body>
<pre>
<h1>µVision Build Log</h1>
<h2>Project:</h2>
E:\Workspace\SmartHelmet\Project\MDK_ARM\Project.uvproj
Project File Date:  03/20/2016

<h2>Output:</h2>
Build target 'HT32'
compiling main.c...
..\..\User\main.c(114): warning:  #223-D: function "rand" declared implicitly
                buf[i] = rand();
..\..\User\main.c: 1 warning, 0 errors
linking...
Program Size: Code=4356 RO-data=32 RW-data=12 ZI-data=1108  
FromELF: creating hex file...
".\HT32\Obj\HT32.axf" - 0 Error(s), 1 Warning(s).
Load "E:\\Workspace\\SmartHelmet\\Project\\MDK_ARM\\HT32\\Obj\\HT32.axf" 
Erasing Done.
Programming Done: 11.28 KByte/s
</pre>
</body>
</html>
m.c...
compiling ht32f1655_56_ckcu.c...
compiling ht32f1655_56_cmp_op.c...
compiling ht32f1655_56_crc.c...
compiling ht32f1655_56_ebi.c...
compiling ht32f1655_56_exti.c...
compiling ht32f1655_56_flash.c...
compiling ht32f1655_56_gpio.c...
compiling ht32f1655_56_gptm.c...
compiling ht32f1655_56_i2c.c...
compiling ht32f1655_56_i2s.c...
compiling ht32f1655_56_mctm.c...
compiling ht32f1655_56_pdma.c...
compiling ht32f1655_56_pwrcu.c...
compiling ht32f1655_56_rstcu.c...
compiling ht32f1655_56_rtc.c...
compiling ht32f1655_56_sci.c...
compiling ht32f1655_56_spi.c...
compiling ht32f1655_56_usart.c...
compiling ht32f1655_56_usbd.c...
compiling ht32f1655_56_wdt.c...
compiling ht32_retarget.c...
compiling ht32_serial.c...
compiling ht32_board.c...
compiling ebi_lcd.c...
compiling spi_flash.c...
compiling i2c_eeprom.c...
linking...
Program Size: Code=3836 RO-data=32 RW-data=12 ZI-data=1108  
FromELF: creating hex file...
".\HT32\Obj\HT32.axf" - 0 Error(s), 1 Warning(s).
\..\User\main.c(76): error:  #757: constant "ENABLE" is not a type name
    PDMA_EnaCmd(PDMA_CH2, ENABLE);
..\..\User\main.c(76): warning:  #77-D: this declaration has no storage class or type specifier
    PDMA_EnaCmd(PDMA_CH2, ENABLE);
..\..\User\main.c(76): error:  #147: declaration is incompatible with "void PDMA_EnaCmd(u32, ControlStatus)" (declared at line 209 of "..\..\library\HT32F1655_56_Driver\inc\ht32f1655_56_pdma.h")
    PDMA_EnaCmd(PDMA_CH2, ENABLE);
..\..\User\main.c(77): error:  #79: expected a type specifier
    PDMA_SwTrigCmd(PDMA_CH2, ENABLE);
..\..\User\main.c(77): error:  #757: constant "ENABLE" is not a type name
    PDMA_SwTrigCmd(PDMA_CH2, ENABLE);
..\..\User\main.c(77): warning:  #77-D: this declaration has no storage class or type specifier
    PDMA_SwTrigCmd(PDMA_CH2, ENABLE);
..\..\User\main.c(77): error:  #147: declaration is incompatible with "void PDMA_SwTrigCmd(u32, ControlStatus)" (declared at line 210 of "..\..\library\HT32F1655_56_Driver\inc\ht32f1655_56_pdma.h")
    PDMA_SwTrigCmd(PDMA_CH2, ENABLE);
..\..\User\main.c(80): error:  #169: expected a declaration
  }
..\..\User\main.c(137): warning:  #12-D: parsing restarts here after previous syntax error
        printf("Randomly generate :\r\n");
..\..\User\main.c(138): error:  #169: expected a declaration
        for(i = 0; i < SECTOR_SIZE; ++i)
..\..\User\main.c(144): warning:  #12-D: parsing restarts here after previous syntax error
        SD_WriteDisk(buf, 0, 1);
..\..\User\main.c(146): error:  #79: expected a type specifier
        ViewSector(0);
..\..\User\main.c(146): warning:  #77-D: this declaration has no storage class or type specifier
        ViewSector(0);
..\..\User\main.c(147): error:  #169: expected a declaration
  =======
..\..\User\main.c(151): error:  #169: expected a declaration
  >>>>>>> aab000679b4222f310300d5193c86dfe9aac9bab
..\..\User\main.c(208): warning: At end of source:  #12-D: parsing restarts here after previous syntax error
..\..\User\main.c: 9 warnings, 18 errors
compiling ht32f165x_it.c...
compiling usart.c...
compiling spi.c...
compiling sd.c...
compiling system_ht32f165x.c...
compiling ht32_usbd_core.c...
compiling ht32_cm3_misc.c...
compiling ht32f1655_56_adc.c...
compiling ht32f1655_56_bftm.c...
compiling ht32f1655_56_ckcu.c...
compiling ht32f1655_56_cmp_op.c...
compiling ht32f1655_56_crc.c...
compiling ht32f1655_56_ebi.c...
compiling ht32f1655_56_exti.c...
compiling ht32f1655_56_flash.c...
compiling ht32f1655_56_gpio.c...
compiling ht32f1655_56_gptm.c...
compiling ht32f1655_56_i2c.c...
compiling ht32f1655_56_i2s.c...
compiling ht32f1655_56_mctm.c...
compiling ht32f1655_56_pdma.c...
compiling ht32f1655_56_pwrcu.c...
compiling ht32f1655_56_rstcu.c...
compiling ht32f1655_56_rtc.c...
compiling ht32f1655_56_sci.c...
compiling ht32f1655_56_spi.c...
compiling ht32f1655_56_usart.c...
compiling ht32f1655_56_usbd.c...
compiling ht32f1655_56_wdt.c...
compiling ht32_retarget.c...
compiling ht32_serial.c...
compiling ht32_board.c...
compiling ebi_lcd.c...
compiling spi_flash.c...
compiling i2c_eeprom.c...
".\HT32\Obj\HT32.axf" - 18 Error(s), 9 Warning(s).
Target not created
