<html>
<body>
<pre>
<h1>礦ision Build Log</h1>
<h2>Project:</h2>
F:\50\QG\比赛\第四届合泰杯\code\SmartHelmet\SmartHelmet\Project\MDK_ARM\Project.uvproj
Project File Date:  05/02/2016

<h2>Output:</h2>
Build target 'HT32'
compiling main.c...
linking...
Program Size: Code=15476 RO-data=408 RW-data=248 ZI-data=2160  
FromELF: creating hex file...
".\HT32\Obj\HT32.axf" - 0 Error(s), 0 Warning(s).
Load "F:\\50\\QG\\比赛\\第四届合泰杯\\code\\SmartHelmet\\SmartHelmet\\Project\\MDK_ARM\\HT32\\Obj\\HT32.axf" 
'E:\Program Files\KeilMDK\ARM\BIN\holtek-elink32.dll' invalid peripheral driver
Error: Flash Download failed  -  E:\Program Files\KeilMDK\ARM\BIN\holtek-elink32.dll
Load "F:\\50\\QG\\比赛\\第四届合泰杯\\code\\SmartHelmet\\SmartHelmet\\Project\\MDK_ARM\\HT32\\Obj\\HT32.axf" 
Erasing Done.
Programming Done: 3.60 KByte/s
Load "F:\\50\\QG\\比赛\\第四届合泰杯\\code\\SmartHelmet\\SmartHelmet\\Project\\MDK_ARM\\HT32\\Obj\\HT32.axf" 
'E:\Program Files\KeilMDK\ARM\BIN\holtek-elink32.dll' invalid peripheral driver
Error: Flash Download failed  -  E:\Program Files\KeilMDK\ARM\BIN\holtek-elink32.dll
Load "F:\\50\\QG\\比赛\\第四届合泰杯\\code\\SmartHelmet\\SmartHelmet\\Project\\MDK_ARM\\HT32\\Obj\\HT32.axf" 
'E:\Program Files\KeilMDK\ARM\BIN\holtek-elink32.dll' invalid peripheral driver
Error: Flash Download failed  -  E:\Program Files\KeilMDK\ARM\BIN\holtek-elink32.dll
Load "F:\\50\\QG\\比赛\\第四届合泰杯\\code\\SmartHelmet\\SmartHelmet\\Project\\MDK_ARM\\HT32\\Obj\\HT32.axf" 
Erasing Done.
Programming Done: 12.59 KByte/s
</pre>
</body>
</html>
t32f1655_56_gpio.c...
compiling ht32f1655_56_gptm.c...
compiling ht32f1655_56_i2c.c...
compiling ht32f1655_56_i2s.c...
compiling ht32f1655_56_mctm.c...
compiling ht32f1655_56_pdma.c...
compiling ht32f1655_56_pwrcu.c...
compiling ht32f1655_56_rstcu.c...
compiling ht32f1655_56_rtc.c...
compiling ht32f1655_56_sci.c...
compiling ht32f1655_56_spi.c...
compiling ht32f1655_56_usart.c...
compiling ht32f1655_56_usbd.c...
compiling ht32f1655_56_wdt.c...
compiling ht32_retarget.c...
compiling ht32_serial.c...
compiling ht32_board.c...
compiling ebi_lcd.c...
compiling spi_flash.c...
compiling i2c_eeprom.c...
linking...
Program Size: Code=15528 RO-data=404 RW-data=248 ZI-data=2160  
FromELF: creating hex file...
".\HT32\Obj\HT32.axf" - 0 Error(s), 3 Warning(s).
Load "F:\\50\\QG\\比赛\\第四届合泰杯\\code\\SmartHelmet\\SmartHelmet\\Project\\MDK_ARM\\HT32\\Obj\\HT32.axf" 
'E:\Program Files\KeilMDK\ARM\BIN\holtek-elink32.dll' invalid peripheral driver
Error: Flash Download failed  -  E:\Program Files\KeilMDK\ARM\BIN\holtek-elink32.dll
Load "F:\\50\\QG\\比赛\\第四届合泰杯\\code\\SmartHelmet\\SmartHelmet\\Project\\MDK_ARM\\HT32\\Obj\\HT32.axf" 
Error: Flash Download failed  -  "Cortex-M3"
Load "F:\\50\\QG\\比赛\\第四届合泰杯\\code\\SmartHelmet\\SmartHelmet\\Project\\MDK_ARM\\HT32\\Obj\\HT32.axf" 
Erasing Done.
Error: Flash Download failed  -  "Cortex-M3"
Load "F:\\50\\QG\\比赛\\第四届合泰杯\\code\\SmartHelmet\\SmartHelmet\\Project\\MDK_ARM\\HT32\\Obj\\HT32.axf" 
Erasing Done.
Error: Flash Download failed  -  "Cortex-M3"
Load "F:\\50\\QG\\比赛\\第四届合泰杯\\code\\SmartHelmet\\SmartHelmet\\Project\\MDK_ARM\\HT32\\Obj\\HT32.axf" 
Error: Flash Download failed  -  "Cortex-M3"
Load "F:\\50\\QG\\比赛\\第四届合泰杯\\code\\SmartHelmet\\SmartHelmet\\Project\\MDK_ARM\\HT32\\Obj\\HT32.axf" 
Erasing Done.
Programming Done: 12.79 KByte/s
