<html>
<body>
<pre>
<h1>µVision Build Log</h1>
<h2>Project:</h2>
C:\Users\Administrator\Desktop\GITHUBºÏÌ©\LATEST VERSION\EmbeddedDevelopment\SmartHelmet\Project\MDK_ARM\Project.uvproj
Project File Date:  04/04/2016

<h2>Output:</h2>
Rebuild target 'HT32'
compiling main.c...
compiling ht32f165x_it.c...
compiling sdfs_app.c...
compiling Bluetooth.c...
..\..\User\Bluetooth\Bluetooth.c(49): warning:  #1-D: last line of file ends without a newline
   
..\..\User\Bluetooth\Bluetooth.c: 1 warning, 0 errors
compiling usart.c...
compiling spi.c...
compiling sd.c...
compiling delay.c...
compiling rtc.c...
compiling sccb.c...
compiling MPU6050.c...
compiling pwcru.c...
compiling ov7725.c...
..\..\Driver\OV7725\ov7725.c(68): warning:  #47-D: incompatible redefinition of macro "REG16" (declared at line 96 of "..\..\utilities\common/ebi_lcd.h")
  #define REG16     0x16
..\..\Driver\OV7725\ov7725.c(83): warning:  #47-D: incompatible redefinition of macro "REG28" (declared at line 108 of "..\..\utilities\common/ebi_lcd.h")
  #define REG28     0x28
..\..\Driver\OV7725\ov7725.c: 2 warnings, 0 errors
compiling diskio.c...
compiling ff.c...
assembling ht32_op.s...
compiling system_ht32f165x.c...
assembling startup_ht32f165x.s...
compiling ht32_usbd_core.c...
compiling ht32_cm3_misc.c...
compiling ht32f1655_56_adc.c...
compiling ht32f1655_56_bftm.c...
compiling ht32f1655_56_ckcu.c...
compiling ht32f1655_56_cmp_op.c...
compiling ht32f1655_56_crc.c...
compiling ht32f1655_56_ebi.c...
compiling ht32f1655_56_exti.c...
compiling ht32f1655_56_flash.c...
compiling ht32f1655_56_gpio.c...
compiling ht32f1655_56_gptm.c...
compiling ht32f1655_56_i2c.c...
compiling ht32f1655_56_i2s.c...
compiling ht32f1655_56_mctm.c...
compiling ht32f1655_56_pdma.c...
compiling ht32f1655_56_pwrcu.c...
compiling ht32f1655_56_rstcu.c...
compiling ht32f1655_56_rtc.c...
compiling ht32f1655_56_sci.c...
compiling ht32f1655_56_spi.c...
compiling ht32f1655_56_usart.c...
compiling ht32f1655_56_usbd.c...
compiling ht32f1655_56_wdt.c...
compiling ht32_retarget.c...
compiling ht32_serial.c...
compiling ht32_board.c...
compiling ebi_lcd.c...
compiling spi_flash.c...
compiling i2c_eeprom.c...
linking...
Program Size: Code=16176 RO-data=404 RW-data=244 ZI-data=2164  
FromELF: creating hex file...
".\HT32\Obj\HT32.axf" - 0 Error(s), 3 Warning(s).
Load "C:\\Users\\Administrator\\Desktop\\GITHUBºÏÌ©\\LATEST VERSION\\EmbeddedDevelopment\\SmartHelmet\\Project\\MDK_ARM\\HT32\\Obj\\HT32.axf" 
Erasing Done.
Programming Done: 10.78 KByte/s
Load "C:\\Users\\Administrator\\Desktop\\GITHUBºÏÌ©\\LATEST VERSION\\EmbeddedDevelopment\\SmartHelmet\\Project\\MDK_ARM\\HT32\\Obj\\HT32.axf" 
'C:\Keil\ARM\BIN\holtek-elink32.dll' invalid peripheral driver
Error: Flash Download failed  -  C:\Keil\ARM\BIN\holtek-elink32.dll
</pre>
</body>
</html>
