<html>
<body>
<pre>
<h1>µVision Build Log</h1>
<h2>Project:</h2>
H:\Repertory\EmbeddedDevelopment\SmartHelmet\Project\MDK_ARM\Project.uvproj
Project File Date:  03/23/2016

<h2>Output:</h2>
Build target 'HT32'
compiling main.c...
compiling ht32f165x_it.c...
compiling sdfs_app.c...
compiling usart.c...
compiling spi.c...
compiling sd.c...
compiling delay.c...
compiling rtc.c...
compiling diskio.c...
compiling ff.c...
assembling ht32_op.s...
compiling system_ht32f165x.c...
assembling startup_ht32f165x.s...
compiling ht32_usbd_core.c...
compiling ht32_cm3_misc.c...
compiling ht32f1655_56_adc.c...
compiling ht32f1655_56_bftm.c...
compiling ht32f1655_56_ckcu.c...
compiling ht32f1655_56_cmp_op.c...
compiling ht32f1655_56_crc.c...
compiling ht32f1655_56_ebi.c...
compiling ht32f1655_56_exti.c...
compiling ht32f1655_56_flash.c...
compiling ht32f1655_56_gpio.c...
compiling ht32f1655_56_gptm.c...
compiling ht32f1655_56_i2c.c...
compiling ht32f1655_56_i2s.c...
compiling ht32f1655_56_mctm.c...
compiling ht32f1655_56_pdma.c...
compiling ht32f1655_56_pwrcu.c...
compiling ht32f1655_56_rstcu.c...
compiling ht32f1655_56_rtc.c...
compiling ht32f1655_56_sci.c...
compiling ht32f1655_56_spi.c...
compiling ht32f1655_56_usart.c...
compiling ht32f1655_56_usbd.c...
compiling ht32f1655_56_wdt.c...
compiling ht32_retarget.c...
compiling ht32_serial.c...
compiling ht32_board.c...
compiling ebi_lcd.c...
compiling spi_flash.c...
compiling i2c_eeprom.c...
linking...
Program Size: Code=10340 RO-data=228 RW-data=36 ZI-data=1156  
FromELF: creating hex file...
".\HT32\Obj\HT32.axf" - 0 Error(s), 0 Warning(s).
</pre>
</body>
</html>
