<html>
<body>
<pre>
<h1>µVision Build Log</h1>
<h2>Project:</h2>
E:\Workspace\SmartHelmet\Project\MDK_ARM\Project.uvproj
Project File Date:  03/30/2016

<h2>Output:</h2>
Build target 'HT32'
compiling main.c...
compiling ht32f165x_it.c...
compiling ov7725.c...
..\..\Driver\OV7725\ov7725.c(77): warning:  #47-D: incompatible redefinition of macro "REG16" (declared at line 96 of "..\..\utilities\common/ebi_lcd.h")
  #define REG16     0x16
..\..\Driver\OV7725\ov7725.c(92): warning:  #47-D: incompatible redefinition of macro "REG28" (declared at line 108 of "..\..\utilities\common/ebi_lcd.h")
  #define REG28     0x28
..\..\Driver\OV7725\ov7725.c: 2 warnings, 0 errors
linking...
Program Size: Code=7256 RO-data=112 RW-data=180 ZI-data=596  
FromELF: creating hex file...
".\HT32\Obj\HT32.axf" - 0 Error(s), 2 Warning(s).
Load "E:\\Workspace\\SmartHelmet\\Project\\MDK_ARM\\HT32\\Obj\\HT32.axf" 
Erasing Done.
Programming Done: 11.27 KByte/s
</pre>
</body>
</html>
