<html>
<body>
<pre>
<h1>礦ision Build Log</h1>
<h2>Project:</h2>
F:\50\QG\比赛\第四届合泰杯\code\EmbeddedDevelopment\SmartHelmet\Project\MDK_ARM\Project.uvproj
Project File Date:  03/22/2016

<h2>Output:</h2>
Build target 'HT32'
linking...
Program Size: Code=11184 RO-data=228 RW-data=44 ZI-data=1156  
FromELF: creating hex file...
".\HT32\Obj\HT32.axf" - 0 Error(s), 0 Warning(s).
Load "F:\\50\\QG\\比赛\\第四届合泰杯\\code\\EmbeddedDevelopment\\SmartHelmet\\Project\\MDK_ARM\\HT32\\Obj\\HT32.axf" 
Erasing Done.
Programming Done: 12.02 KByte/s
</pre>
</body>
</html>
