<html>
<body>
<pre>
<h1>µVision Build Log</h1>
<h2>Project:</h2>
E:\Workspace\SmartHelmet\Project\MDK_ARM\Project.uvproj
Project File Date:  03/22/2016

<h2>Output:</h2>
Build target 'HT32'
compiling rtc.c...
linking...
Program Size: Code=10340 RO-data=228 RW-data=36 ZI-data=1156  
FromELF: creating hex file...
".\HT32\Obj\HT32.axf" - 0 Error(s), 0 Warning(s).
Load "E:\\Workspace\\SmartHelmet\\Project\\MDK_ARM\\HT32\\Obj\\HT32.axf" 
Erasing Done.
Programming Done: 12.36 KByte/s
</pre>
</body>
</html>
..\..\User\main.c: 1 warning, 1 error
compiling rtc.c...
".\HT32\Obj\HT32.axf" - 1 Error(s), 1 Warning(s).
Target not created
ompiling rtc.c...
"..\..\Driver\RTC\rtc.c" - 0 Error(s), 0 Warning(s).
compiling ht32f165x_it.c...
"..\..\User\ht32f165x_it.c" - 0 Error(s), 0 Warning(s).
compiling rtc.c...
"..\..\Driver\RTC\rtc.c" - 0 Error(s), 0 Warning(s).
piling ht32f1655_56_flash.c...
compiling ht32f1655_56_gpio.c...
compiling ht32f1655_56_gptm.c...
compiling ht32f1655_56_i2c.c...
compiling ht32f1655_56_i2s.c...
compiling ht32f1655_56_mctm.c...
compiling ht32f1655_56_pdma.c...
compiling ht32f1655_56_pwrcu.c...
compiling ht32f1655_56_rstcu.c...
compiling ht32f1655_56_rtc.c...
compiling ht32f1655_56_sci.c...
compiling ht32f1655_56_spi.c...
compiling ht32f1655_56_usart.c...
compiling ht32f1655_56_usbd.c...
compiling ht32f1655_56_wdt.c...
compiling ht32_retarget.c...
compiling ht32_serial.c...
compiling ht32_board.c...
compiling ebi_lcd.c...
compiling spi_flash.c...
compiling i2c_eeprom.c...
linking...
Program Size: Code=7880 RO-data=164 RW-data=28 ZI-data=1156  
FromELF: creating hex file...
".\HT32\Obj\HT32.axf" - 0 Error(s), 1 Warning(s).
