<html>
<body>
<pre>
<h1>µVision Build Log</h1>
<h2>Project:</h2>
H:\Repertory\EmbeddedDevelopment\SmartHelmet\Project\MDK_ARM\Project.uvproj
Project File Date:  03/30/2016

<h2>Output:</h2>
Build target 'HT32'
compiling main.c...
compiling MPU6050.c...
linking...
Program Size: Code=14084 RO-data=456 RW-data=32 ZI-data=1200  
FromELF: creating hex file...
".\HT32\Obj\HT32.axf" - 0 Error(s), 0 Warning(s).
Load "H:\\Repertory\\EmbeddedDevelopment\\SmartHelmet\\Project\\MDK_ARM\\HT32\\Obj\\HT32.axf" 
Erasing Done.
Programming Done: 11.80 KByte/s
</pre>
</body>
</html>
