<html>
<body>
<pre>
<h1>µVision Build Log</h1>
<h2>Project:</h2>
E:\Workspace\SmartHelmet\Project\MDK_ARM\Project.uvproj
Project File Date:  03/16/2016

<h2>Output:</h2>
Build target 'HT32'
linking...
Program Size: Code=3656 RO-data=32 RW-data=12 ZI-data=556  
FromELF: creating hex file...
".\HT32\Obj\HT32.axf" - 0 Error(s), 0 Warning(s).
Load "E:\\Workspace\\SmartHelmet\\Project\\MDK_ARM\\HT32\\Obj\\HT32.axf" 
Erasing Done.
Programming Done: 10.79 KByte/s
ning(s).
main.c...
"..\..\User\main.c" - 0 Error(s), 0 Warning(s).
ning:  #223-D: function "SD_Port_Init" declared implicitly
        SD_Port_Init();
..\..\Driver\SD\sd.c: 3 warnings, 0 errors
linking...
.\HT32\Obj\HT32.axf: Error: L6218E: Undefined symbol SD_Port_Init (referred from sd.o).
Not enough information to list image symbols.
Finished: 1 information, 0 warning and 1 error messages.
".\HT32\Obj\HT32.axf" - 1 Error(s), 3 Warning(s).
Target not created
compiling sd.c...
..\..\Driver\SD\sd.c(56): warning:  #188-D: enumerated type mixed with another type
        GPIO_WriteOutBits(HT_GPIOE, GPIO_PIN_12, 1);
..\..\Driver\SD\sd.c(72): warning:  #188-D: enumerated type mixed with another type
        GPIO_WriteOutBits(HT_GPIOE, GPIO_PIN_12, 0);
..\..\Driver\SD\sd.c(234): warning:  #223-D: function "SD_Port_Init" declared implicitly
        SD_Port_Init();
..\..\Driver\SD\sd.c: 3 warnings, 0 errors
"..\..\Driver\SD\sd.c" - 0 Error(s), 3 Warning(s).
compiling sd.c...
..\..\Driver\SD\sd.c(56): warning:  #188-D: enumerated type mixed with another type
        GPIO_WriteOutBits(HT_GPIOE, GPIO_PIN_12, 1);
..\..\Driver\SD\sd.c(72): warning:  #188-D: enumerated type mixed with another type
        GPIO_WriteOutBits(HT_GPIOE, GPIO_PIN_12, 0);
..\..\Driver\SD\sd.c: 2 warnings, 0 errors
"..\..\Driver\SD\sd.c" - 0 Error(s), 2 Warning(s).
