<html>
<body>
<pre>
<h1>µVision Build Log</h1>
<h2>Project:</h2>
E:\Workspace\SmartHelmet\Project\MDK_ARM\Project.uvproj
Project File Date:  04/03/2016

<h2>Output:</h2>
Build target 'HT32'
compiling sdfs_app.c...
linking...
Program Size: Code=11288 RO-data=116 RW-data=240 ZI-data=2112  
FromELF: creating hex file...
".\HT32\Obj\HT32.axf" - 0 Error(s), 0 Warning(s).
Load "E:\\Workspace\\SmartHelmet\\Project\\MDK_ARM\\HT32\\Obj\\HT32.axf" 
Erasing Done.
Programming Done: 12.44 KByte/s
</pre>
</body>
</html>
x file...
".\HT32\Obj\HT32.axf" - 0 Error(s), 1 Warning(s).
Load "E:\\Workspace\\SmartHelmet\\Project\\MDK_ARM\\HT32\\Obj\\HT32.axf" 
Erasing Done.
Programming Done: 12.03 KByte/s
 L6218E: Undefined symbol ff_convert (referred from ff.o).
.\HT32\Obj\HT32.axf: Error: L6218E: Undefined symbol ff_wtoupper (referred from ff.o).
Not enough information to list image symbols.
Finished: 1 information, 0 warning and 2 error messages.
".\HT32\Obj\HT32.axf" - 2 Error(s), 2 Warning(s).
Target not created
Load "E:\\Workspace\\SmartHelmet\\Project\\MDK_ARM\\HT32\\Obj\\HT32.axf" 
_____^
*** error 56: cannot open file
Error: Flash Download failed  -  Could not load file 'E:\Workspace\SmartHelmet\Project\MDK_ARM\HT32\Obj\HT32.axf'
 Could not load file 'E:\Workspace\SmartHelmet\Project\MDK_ARM\HT32\Obj\HT32.axf'
Load "E:\\Workspace\\SmartHelmet\\Project\\MDK_ARM\\HT32\\Obj\\HT32.axf" 
_____^
*** error 56: cannot open file
Error: Flash Download failed  -  Could not load file 'E:\Workspace\SmartHelmet\Project\MDK_ARM\HT32\Obj\HT32.axf'
