ARM Linker, 5.03 [Build 76] [MDK-ARM Standard]

==============================================================================

Section Cross References

    main.o(i.PackDatasForBlueTooth) refers to fmul.o(.text) for __aeabi_fmul
    main.o(i.PackDatasForBlueTooth) refers to ffixi.o(.text) for __aeabi_f2iz
    main.o(i.PackDatasForBlueTooth) refers to fdiv.o(.text) for __aeabi_fdiv
    main.o(i.PackDatasForBlueTooth) refers to mpu6050.o(.bss) for Axis
    main.o(i.PackDatasForBlueTooth) refers to main.o(.data) for .data
    main.o(i.main) refers to delay.o(i.SYSTICK_Config) for SYSTICK_Config
    main.o(i.main) refers to usart.o(i.Init_USART) for Init_USART
    main.o(i.main) refers to mpu6050.o(i.PDMA_Configuration) for PDMA_Configuration
    main.o(i.main) refers to ov7725.o(i.Ov7725_GPIO_Config) for Ov7725_GPIO_Config
    main.o(i.main) refers to ht32f1655_56_gpio.o(i.GPIO_DirectionConfig) for GPIO_DirectionConfig
    main.o(i.main) refers to ht32f1655_56_gpio.o(i.GPIO_WriteOutBits) for GPIO_WriteOutBits
    main.o(i.main) refers to ht32f1655_56_gpio.o(i.GPIO_PullResistorConfig) for GPIO_PullResistorConfig
    main.o(i.main) refers to ht32f1655_56_gpio.o(i.GPIO_InputConfig) for GPIO_InputConfig
    main.o(i.main) refers to pwcru.o(i.pwrcu_init) for pwrcu_init
    main.o(i.main) refers to pwcru.o(i.Enter_DeepSleepMode) for Enter_DeepSleepMode
    main.o(i.main) refers to delay.o(i.delay_ms) for delay_ms
    main.o(i.main) refers to sd.o(i.SD_SPI_Init) for SD_SPI_Init
    main.o(i.main) refers to sd.o(i.SD_TryInit) for SD_TryInit
    main.o(i.main) refers to sdfs_app.o(i.sdfs_app_mnt) for sdfs_app_mnt
    main.o(i.main) refers to ov7725.o(i.Ov7725_TryInit) for Ov7725_TryInit
    main.o(i.main) refers to ov7725.o(i.Ov7725_VSYNC_Init) for Ov7725_VSYNC_Init
    main.o(i.main) refers to ht32f1655_56_pdma.o(i.PDMA_GetFlagStatus) for PDMA_GetFlagStatus
    main.o(i.main) refers to ht32f1655_56_gpio.o(i.GPIO_ReadInBit) for GPIO_ReadInBit
    main.o(i.main) refers to main.o(i.PackDatasForBlueTooth) for PackDatasForBlueTooth
    main.o(i.main) refers to printf3.o(i.__0printf$3) for __2printf
    main.o(i.main) refers to mpu6050.o(i.IsAccident) for IsAccident
    main.o(i.main) refers to sdfs_app.o(i.sdfs_app_savePhoto) for sdfs_app_savePhoto
    main.o(i.main) refers to bluetooth.o(i.CrashFunction) for CrashFunction
    main.o(i.main) refers to ht32f1655_56_pdma.o(i.PDMA_ClearFlag) for PDMA_ClearFlag
    main.o(i.main) refers to mpu6050.o(.bss) for MPU_Data
    ht32f165x_it.o(i.EVWUP_IRQHandler) refers to ht32f1655_56_exti.o(i.EXTI_GetWakeupFlagStatus) for EXTI_GetWakeupFlagStatus
    ht32f165x_it.o(i.EVWUP_IRQHandler) refers to ht32f1655_56_exti.o(i.EXTI_WakeupEventConfig) for EXTI_WakeupEventConfig
    ht32f165x_it.o(i.EVWUP_IRQHandler) refers to ht32f1655_56_exti.o(i.EXTI_ClearWakeupFlag) for EXTI_ClearWakeupFlag
    ht32f165x_it.o(i.EVWUP_IRQHandler) refers to delay.o(i.delay_ms) for delay_ms
    ht32f165x_it.o(i.EXTI1_IRQHandler) refers to ht32f1655_56_exti.o(i.EXTI_ClearEdgeFlag) for EXTI_ClearEdgeFlag
    ht32f165x_it.o(i.EXTI7_IRQHandler) refers to ht32f1655_56_exti.o(i.EXTI_GetEdgeStatus) for EXTI_GetEdgeStatus
    ht32f165x_it.o(i.EXTI7_IRQHandler) refers to ht32f1655_56_gpio.o(i.GPIO_ClearOutBits) for GPIO_ClearOutBits
    ht32f165x_it.o(i.EXTI7_IRQHandler) refers to ht32f1655_56_gpio.o(i.GPIO_SetOutBits) for GPIO_SetOutBits
    ht32f165x_it.o(i.EXTI7_IRQHandler) refers to ht32f1655_56_exti.o(i.EXTI_ClearEdgeFlag) for EXTI_ClearEdgeFlag
    ht32f165x_it.o(i.EXTI7_IRQHandler) refers to ov7725.o(.data) for Ov7725_vsync
    ht32f165x_it.o(i.SysTick_Handler) refers to delay.o(i.TimingDelay) for TimingDelay
    sdfs_app.o(i.sdfs_app_mnt) refers to ff.o(i.f_mount) for f_mount
    sdfs_app.o(i.sdfs_app_mnt) refers to sdfs_app.o(.data) for .data
    sdfs_app.o(i.sdfs_app_mnt) refers to sdfs_app.o(.bss) for .bss
    sdfs_app.o(i.sdfs_app_savePhoto) refers to ov7725.o(i.Ov7725_IfPhotoCaptured) for Ov7725_IfPhotoCaptured
    sdfs_app.o(i.sdfs_app_savePhoto) refers to printf3.o(i.__0sprintf$3) for __2sprintf
    sdfs_app.o(i.sdfs_app_savePhoto) refers to sdfs_app.o(i.sdfs_app_writeBmp) for sdfs_app_writeBmp
    sdfs_app.o(i.sdfs_app_savePhoto) refers to ov7725.o(i.Ov7725_ClearCaptureFlag) for Ov7725_ClearCaptureFlag
    sdfs_app.o(i.sdfs_app_savePhoto) refers to sd.o(.data) for SD_Type
    sdfs_app.o(i.sdfs_app_savePhoto) refers to sdfs_app.o(.data) for .data
    sdfs_app.o(i.sdfs_app_writeBmp) refers to ff.o(i.f_open) for f_open
    sdfs_app.o(i.sdfs_app_writeBmp) refers to ff.o(i.f_write) for f_write
    sdfs_app.o(i.sdfs_app_writeBmp) refers to ht32f1655_56_gpio.o(i.GPIO_ClearOutBits) for GPIO_ClearOutBits
    sdfs_app.o(i.sdfs_app_writeBmp) refers to ht32f1655_56_gpio.o(i.GPIO_SetOutBits) for GPIO_SetOutBits
    sdfs_app.o(i.sdfs_app_writeBmp) refers to ht32f1655_56_gpio.o(i.GPIO_ReadInData) for GPIO_ReadInData
    sdfs_app.o(i.sdfs_app_writeBmp) refers to ff.o(i.f_close) for f_close
[...]
    ..\\..\\Driver\\DELAY\\delay.c           0x00000000   Number         0  delay.o ABSOLUTE
    ..\\..\\Driver\\MPU6050\\MPU6050.c       0x00000000   Number         0  mpu6050.o ABSOLUTE
    ..\\..\\Driver\\OV7725\\ov7725.c         0x00000000   Number         0  ov7725.o ABSOLUTE
    ..\\..\\Driver\\PWCRU\\pwcru.c           0x00000000   Number         0  pwcru.o ABSOLUTE
    ..\\..\\Driver\\RTC\\rtc.c               0x00000000   Number         0  rtc.o ABSOLUTE
    ..\\..\\Driver\\SCCB\\sccb.c             0x00000000   Number         0  sccb.o ABSOLUTE
    ..\\..\\Driver\\SD\\sd.c                 0x00000000   Number         0  sd.o ABSOLUTE
    ..\\..\\Driver\\SPI\\spi.c               0x00000000   Number         0  spi.o ABSOLUTE
    ..\\..\\Driver\\USART\\usart.c           0x00000000   Number         0  usart.o ABSOLUTE
    ..\\..\\User\\Bluetooth\\Bluetooth.c     0x00000000   Number         0  bluetooth.o ABSOLUTE
    ..\\..\\User\\ht32f165x_it.c             0x00000000   Number         0  ht32f165x_it.o ABSOLUTE
    ..\\..\\User\\main.c                     0x00000000   Number         0  main.o ABSOLUTE
    ..\\..\\User\\sdfs_app\\sdfs_app.c       0x00000000   Number         0  sdfs_app.o ABSOLUTE
    ..\\..\\ff11a\\src\\diskio.c             0x00000000   Number         0  diskio.o ABSOLUTE
    ..\\..\\library\\HT32F1655_56_Driver\\src\\ht32_cm3_misc.c 0x00000000   Number         0  ht32_cm3_misc.o ABSOLUTE
    ..\\..\\library\\HT32F1655_56_Driver\\src\\ht32_retarget.c 0x00000000   Number         0  ht32_retarget.o ABSOLUTE
    ..\\..\\library\\HT32F1655_56_Driver\\src\\ht32_serial.c 0x00000000   Number         0  ht32_serial.o ABSOLUTE
    ..\\..\\library\\HT32F1655_56_Driver\\src\\ht32f1655_56_adc.c 0x00000000   Number         0  ht32f1655_56_adc.o ABSOLUTE
    ..\\..\\library\\HT32F1655_56_Driver\\src\\ht32f1655_56_bftm.c 0x00000000   Number         0  ht32f1655_56_bftm.o ABSOLUTE
    ..\\..\\library\\HT32F1655_56_Driver\\src\\ht32f1655_56_ckcu.c 0x00000000   Number         0  ht32f1655_56_ckcu.o ABSOLUTE
    ..\\..\\library\\HT32F1655_56_Driver\\src\\ht32f1655_56_cmp_op.c 0x00000000   Number         0  ht32f1655_56_cmp_op.o ABSOLUTE
    ..\\..\\library\\HT32F1655_56_Driver\\src\\ht32f1655_56_crc.c 0x00000000   Number         0  ht32f1655_56_crc.o ABSOLUTE
    ..\\..\\library\\HT32F1655_56_Driver\\src\\ht32f1655_56_ebi.c 0x00000000   Number         0  ht32f1655_56_ebi.o ABSOLUTE
    ..\\..\\library\\HT32F1655_56_Driver\\src\\ht32f1655_56_exti.c 0x00000000   Number         0  ht32f1655_56_exti.o ABSOLUTE
    ..\\..\\library\\HT32F1655_56_Driver\\src\\ht32f1655_56_flash.c 0x00000000   Number         0  ht32f1655_56_flash.o ABSOLUTE
    ..\\..\\library\\HT32F1655_56_Driver\\src\\ht32f1655_56_gpio.c 0x00000000   Number         0  ht32f1655_56_gpio.o ABSOLUTE
    ..\\..\\library\\HT32F1655_56_Driver\\src\\ht32f1655_56_gptm.c 0x00000000   Number         0  ht32f1655_56_gptm.o ABSOLUTE
    ..\\..\\library\\HT32F1655_56_Driver\\src\\ht32f1655_56_i2c.c 0x00000000   Number         0  ht32f1655_56_i2c.o ABSOLUTE
    ..\\..\\library\\HT32F1655_56_Driver\\src\\ht32f1655_56_i2s.c 0x00000000   Number         0  ht32f1655_56_i2s.o ABSOLUTE
    ..\\..\\library\\HT32F1655_56_Driver\\src\\ht32f1655_56_mctm.c 0x00000000   Number         0  ht32f1655_56_mctm.o ABSOLUTE
    ..\\..\\library\\HT32F1655_56_Driver\\src\\ht32f1655_56_pdma.c 0x00000000   Number         0  ht32f1655_56_pdma.o ABSOLUTE
    ..\\..\\library\\HT32F1655_56_Driver\\src\\ht32f1655_56_pwrcu.c 0x00000000   Number         0  ht32f1655_56_pwrcu.o ABSOLUTE
    ..\\..\\library\\HT32F1655_56_Driver\\src\\ht32f1655_56_rstcu.c 0x00000000   Number         0  ht32f1655_56_rstcu.o ABSOLUTE
    ..\\..\\library\\HT32F1655_56_Driver\\src\\ht32f1655_56_rtc.c 0x00000000   Number         0  ht32f1655_56_rtc.o ABSOLUTE
    ..\\..\\library\\HT32F1655_56_Driver\\src\\ht32f1655_56_sci.c 0x00000000   Number         0  ht32f1655_56_sci.o ABSOLUTE
    ..\\..\\library\\HT32F1655_56_Driver\\src\\ht32f1655_56_spi.c 0x00000000   Number         0  ht32f1655_56_spi.o ABSOLUTE
    ..\\..\\library\\HT32F1655_56_Driver\\src\\ht32f1655_56_usart.c 0x00000000   Number         0  ht32f1655_56_usart.o ABSOLUTE
    ..\\..\\library\\HT32F1655_56_Driver\\src\\ht32f1655_56_usbd.c 0x00000000   Number         0  ht32f1655_56_usbd.o ABSOLUTE
    ..\\..\\library\\HT32F1655_56_Driver\\src\\ht32f1655_56_wdt.c 0x00000000   Number         0  ht32f1655_56_wdt.o ABSOLUTE
    ..\\..\\library\\HT32_USBD_Library\\src\\ht32_usbd_core.c 0x00000000   Number         0  ht32_usbd_core.o ABSOLUTE
    ..\\..\\utilities\\common\\ebi_lcd.c     0x00000000   Number         0  ebi_lcd.o ABSOLUTE
    ..\\..\\utilities\\common\\i2c_eeprom.c  0x00000000   Number         0  i2c_eeprom.o ABSOLUTE
    ..\\..\\utilities\\common\\spi_flash.c   0x00000000   Number         0  spi_flash.o ABSOLUTE
    ..\\..\\utilities\\ht32_board.c          0x00000000   Number         0  ht32_board.o ABSOLUTE
    ..\\system_ht32f165x.c                   0x00000000   Number         0  system_ht32f165x.o ABSOLUTE
    ..\system_ht32f165x.c                    0x00000000   Number         0  system_ht32f165x.o ABSOLUTE
    cdrcmple.s                               0x00000000   Number         0  cdrcmple.o ABSOLUTE
    cfrcmple.s                               0x00000000   Number         0  cfrcmple.o ABSOLUTE
    dc.s                                     0x00000000   Number         0  dc.o ABSOLUTE
    handlers.s                               0x00000000   Number         0  handlers.o ABSOLUTE
    init.s                                   0x00000000   Number         0  init.o ABSOLUTE
    startup_ht32f165x.s                      0x00000000   Number         0  startup_ht32f165x.o ABSOLUTE
    .ARM.Collect$$$$00000000                 0x00000178   Section        0  entry.o(.ARM.Collect$$$$00000000)
    .ARM.Collect$$$$00000001                 0x00000178   Section        4  entry2.o(.ARM.Collect$$$$00000001)
    .ARM.Collect$$$$00000004                 0x0000017c   Section        4  entry5.o(.ARM.Collect$$$$00000004)
    .ARM.Collect$$$$00000008                 0x00000180   Section        0  entry7b.o(.ARM.Collect$$$$00000008)
    .ARM.Collect$$$$0000000A                 0x00000180   Section        0  entry8b.o(.ARM.Collect$$$$0000000A)
    .ARM.Collect$$$$0000000B                 0x00000180   Section        8  entry9a.o(.ARM.Collect$$$$0000000B)
    .ARM.Collect$$$$0000000D                 0x00000188   Section        0  entry10a.o(.ARM.Collect$$$$0000000D)
    .ARM.Collect$$$$0000000F                 0x00000188   Section        0  entry11a.o(.ARM.Collect$$$$0000000F)
    .ARM.Collect$$$$00002712                 0x00000188   Section        4  entry2.o(.ARM.Collect$$$$00002712)
    __lit__00000000                          0x00000188   Data           4  entry2.o(.ARM.Collect$$$$00002712)
    .text                                    0x0000018c   Section        0  memseta.o(.text)
    .text                                    0x000001b0   Section        0  fadd.o(.text)
    .text                                    0x00000260   Section        0  fmul.o(.text)
    .text                                    0x000002cc   Section        0  fdiv.o(.text)
    .text                                    0x0000034c   Section        0  dmul.o(.text)
    .text                                    0x00000430   Section        0  ddiv.o(.text)
    .text                                    0x0000050e   Section        0  dscalb.o(.text)
    .text                                    0x0000053c   Section        0  dflti.o(.text)
    .text                                    0x0000055e   Section        0  ffixi.o(.text)
    .text                                    0x00000590   Section        0  f2d.o(.text)
    .text                                    0x000005b6   Section        0  d2f.o(.text)
    .text                                    0x000005f0   Section       20  cfrcmple.o(.text)
    .text                                    0x00000604   Section        0  uidiv.o(.text)
    .text                                    0x00000630   Section        0  fepilogue.o(.text)
    .text                                    0x00000630   Section        0  iusefp.o(.text)
    .text                                    0x0000069c   Section        0  depilogue.o(.text)
    .text                                    0x0000075a   Section        0  dadd.o(.text)
    .text                                    0x000008a8   Section       36  init.o(.text)
    .text                                    0x000008cc   Section        0  llshl.o(.text)
    .text                                    0x000008ea   Section        0  llushr.o(.text)
    .text                                    0x0000090a   Section        0  llsshr.o(.text)
    .text                                    0x0000092e   Section        0  dfltui.o(.text)
    .text                                    0x00000948   Section        0  dfixi.o(.text)
    i.AFIO_EXTISourceConfig                  0x00000988   Section        0  ht32f1655_56_gpio.o(i.AFIO_EXTISourceConfig)
    i.AFIO_GPxConfig                         0x000009b4   Section        0  ht32f1655_56_gpio.o(i.AFIO_GPxConfig)
    i.Angle_DataTransfrom                    0x00000a18   Section        0  mpu6050.o(i.Angle_DataTransfrom)
    i.Angular_DataTransFrom                  0x00000a7c   Section        0  mpu6050.o(i.Angular_DataTransFrom)
    i.Axis_DataTransfrom                     0x00000ae0   Section        0  mpu6050.o(i.Axis_DataTransfrom)
    i.Axis_GetFinalData                      0x00000b3c   Section        0  mpu6050.o(i.Axis_GetFinalData)
    i.BusFault_Handler                       0x00000b52   Section        0  ht32f165x_it.o(i.BusFault_Handler)
    i.CKCU_GetClocksFrequency                0x00000b54   Section        0  ht32f1655_56_ckcu.o(i.CKCU_GetClocksFrequency)
    i.CKCU_GetPLLFrequency                   0x00000ba8   Section        0  ht32f1655_56_ckcu.o(i.CKCU_GetPLLFrequency)
    i.CKCU_GetUSARTClockFreq                 0x00000be8   Section        0  ht32f1655_56_ckcu.o(i.CKCU_GetUSARTClockFreq)
    i.CKCU_PeripClockConfig                  0x00000bf8   Section        0  ht32f1655_56_ckcu.o(i.CKCU_PeripClockConfig)
    i.CrashFunction                          0x00000c1c   Section        0  bluetooth.o(i.CrashFunction)
    i.DealWithRotation                       0x00000c8c   Section        0  mpu6050.o(i.DealWithRotation)
    i.DebugMon_Handler                       0x00000d2c   Section        0  ht32f165x_it.o(i.DebugMon_Handler)
    i.EVWUP_IRQHandler                       0x00000d2e   Section        0  ht32f165x_it.o(i.EVWUP_IRQHandler)
    i.EXTI1_IRQHandler                       0x00000d58   Section        0  ht32f165x_it.o(i.EXTI1_IRQHandler)
    i.EXTI7_IRQHandler                       0x00000d60   Section        0  ht32f165x_it.o(i.EXTI7_IRQHandler)
    i.EXTI_ClearEdgeFlag                     0x00000dc0   Section        0  ht32f1655_56_exti.o(i.EXTI_ClearEdgeFlag)
    i.EXTI_ClearWakeupFlag                   0x00000dd0   Section        0  ht32f1655_56_exti.o(i.EXTI_ClearWakeupFlag)
    i.EXTI_GetEdgeStatus                     0x00000de4   Section        0  ht32f1655_56_exti.o(i.EXTI_GetEdgeStatus)
    i.EXTI_GetWakeupFlagStatus               0x00000e0c   Section        0  ht32f1655_56_exti.o(i.EXTI_GetWakeupFlagStatus)
    i.EXTI_Init                              0x00000e24   Section        0  ht32f1655_56_exti.o(i.EXTI_Init)
    i.EXTI_IntConfig                         0x00000e40   Section        0  ht32f1655_56_exti.o(i.EXTI_IntConfig)
    i.EXTI_WakeupEventConfig                 0x00000e5c   Section        0  ht32f1655_56_exti.o(i.EXTI_WakeupEventConfig)
    i.EXTI_WakeupEventIntConfig              0x00000e88   Section        0  ht32f1655_56_exti.o(i.EXTI_WakeupEventIntConfig)
    i.Enter_DeepSleepMode                    0x00000ea4   Section        0  pwcru.o(i.Enter_DeepSleepMode)
    i.GPIO_ClearOutBits                      0x00000ed8   Section        0  ht32f1655_56_gpio.o(i.GPIO_ClearOutBits)
    i.GPIO_DirectionConfig                   0x00000edc   Section        0  ht32f1655_56_gpio.o(i.GPIO_DirectionConfig)
    i.GPIO_InputConfig                       0x00000eec   Section        0  ht32f1655_56_gpio.o(i.GPIO_InputConfig)
    i.GPIO_PullResistorConfig                0x00000efc   Section        0  ht32f1655_56_gpio.o(i.GPIO_PullResistorConfig)
    i.GPIO_ReadInBit                         0x00000f24   Section        0  ht32f1655_56_gpio.o(i.GPIO_ReadInBit)
    i.GPIO_ReadInData                        0x00000f2e   Section        0  ht32f1655_56_gpio.o(i.GPIO_ReadInData)
    i.GPIO_SetOutBits                        0x00000f34   Section        0  ht32f1655_56_gpio.o(i.GPIO_SetOutBits)
    i.GPIO_WriteOutBits                      0x00000f38   Section        0  ht32f1655_56_gpio.o(i.GPIO_WriteOutBits)
    i.GetAcceleration                        0x00000f42   Section        0  mpu6050.o(i.GetAcceleration)
    GetAcceleration                          0x00000f43   Thumb Code    66  mpu6050.o(i.GetAcceleration)
    i.HT32F_DVB_PBInit                       0x00000f84   Section        0  ht32_board.o(i.HT32F_DVB_PBInit)
    i.HardFault_Handler                      0x00001040   Section        0  ht32f165x_it.o(i.HardFault_Handler)
    i.Init_USART                             0x00001044   Section        0  usart.o(i.Init_USART)
    i.IsAccident                             0x000010c0   Section        0  mpu6050.o(i.IsAccident)
    i.MemManage_Handler                      0x00001148   Section        0  ht32f165x_it.o(i.MemManage_Handler)
    i.NMI_Handler                            0x0000114a   Section        0  ht32f165x_it.o(i.NMI_Handler)
    i.Ov7725_ClearCaptureFlag                0x0000114c   Section        0  ov7725.o(i.Ov7725_ClearCaptureFlag)
    i.Ov7725_GPIO_Config                     0x00001158   Section        0  ov7725.o(i.Ov7725_GPIO_Config)
    i.Ov7725_IfPhotoCaptured                 0x000011b4   Section        0  ov7725.o(i.Ov7725_IfPhotoCaptured)
    i.Ov7725_Init                            0x000011c8   Section        0  ov7725.o(i.Ov7725_Init)
    i.Ov7725_TryInit                         0x00001220   Section        0  ov7725.o(i.Ov7725_TryInit)
    i.Ov7725_VSYNC_Init                      0x00001238   Section        0  ov7725.o(i.Ov7725_VSYNC_Init)
    i.PDMA_ClearFlag                         0x000012b0   Section        0  ht32f1655_56_pdma.o(i.PDMA_ClearFlag)
    i.PDMA_Config                            0x000012dc   Section        0  ht32f1655_56_pdma.o(i.PDMA_Config)
    i.PDMA_Configuration                     0x0000130c   Section        0  mpu6050.o(i.PDMA_Configuration)
    i.PDMA_EnaCmd                            0x00001370   Section        0  ht32f1655_56_pdma.o(i.PDMA_EnaCmd)
    i.PDMA_GetFlagStatus                     0x00001398   Section        0  ht32f1655_56_pdma.o(i.PDMA_GetFlagStatus)
    i.PDMA_IntConig                          0x000013c8   Section        0  ht32f1655_56_pdma.o(i.PDMA_IntConig)
    i.PDMA_SwTrigCmd                         0x000013f8   Section        0  ht32f1655_56_pdma.o(i.PDMA_SwTrigCmd)
    i.PWRCU_CheckReadyAccessed               0x00001420   Section        0  ht32f1655_56_pwrcu.o(i.PWRCU_CheckReadyAccessed)
    i.PWRCU_DeInit                           0x00001468   Section        0  ht32f1655_56_pwrcu.o(i.PWRCU_DeInit)
    i.PWRCU_DeepSleep1                       0x00001488   Section        0  ht32f1655_56_pwrcu.o(i.PWRCU_DeepSleep1)
    i.PackDatasForBlueTooth                  0x000014c8   Section        0  main.o(i.PackDatasForBlueTooth)
    i.PendSV_Handler                         0x0000156c   Section        0  ht32f165x_it.o(i.PendSV_Handler)
    i.Rotate                                 0x00001570   Section        0  mpu6050.o(i.Rotate)
    Rotate                                   0x00001571   Thumb Code   268  mpu6050.o(i.Rotate)
    i.SCCB_GPIO_Config                       0x00001688   Section        0  sccb.o(i.SCCB_GPIO_Config)
    i.SCCB_ReadByte                          0x000016b8   Section        0  sccb.o(i.SCCB_ReadByte)
    i.SCCB_ReceiveByte                       0x00001764   Section        0  sccb.o(i.SCCB_ReceiveByte)
    SCCB_ReceiveByte                         0x00001765   Thumb Code   106  sccb.o(i.SCCB_ReceiveByte)
    i.SCCB_SendByte                          0x000017d4   Section        0  sccb.o(i.SCCB_SendByte)
    SCCB_SendByte                            0x000017d5   Thumb Code    86  sccb.o(i.SCCB_SendByte)
    i.SCCB_Start                             0x00001830   Section        0  sccb.o(i.SCCB_Start)
    i.SCCB_Stop                              0x00001888   Section        0  sccb.o(i.SCCB_Stop)
    SCCB_Stop                                0x00001889   Thumb Code    56  sccb.o(i.SCCB_Stop)
    i.SCCB_WaitAck                           0x000018c4   Section        0  sccb.o(i.SCCB_WaitAck)
    SCCB_WaitAck                             0x000018c5   Thumb Code    96  sccb.o(i.SCCB_WaitAck)
    i.SCCB_WriteByte                         0x00001928   Section        0  sccb.o(i.SCCB_WriteByte)
    i.SCCB_delay                             0x00001966   Section        0  sccb.o(i.SCCB_delay)
    SCCB_delay                               0x00001967   Thumb Code    14  sccb.o(i.SCCB_delay)
    i.SD_DisSelect                           0x00001974   Section        0  sd.o(i.SD_DisSelect)
    i.SD_GetResponse                         0x0000198c   Section        0  sd.o(i.SD_GetResponse)
    i.SD_Init                                0x000019b4   Section        0  sd.o(i.SD_Init)
    i.SD_ReadDisk                            0x00001b0c   Section        0  sd.o(i.SD_ReadDisk)
    i.SD_RecvData                            0x00001b78   Section        0  sd.o(i.SD_RecvData)
    i.SD_SPI_Init                            0x00001bae   Section        0  sd.o(i.SD_SPI_Init)
    i.SD_Select                              0x00001bb2   Section        0  sd.o(i.SD_Select)
    i.SD_SendBlock                           0x00001bd0   Section        0  sd.o(i.SD_SendBlock)
    i.SD_SendCmd                             0x00001c1e   Section        0  sd.o(i.SD_SendCmd)
    i.SD_TryInit                             0x00001c82   Section        0  sd.o(i.SD_TryInit)
    i.SD_WaitReady                           0x00001cac   Section        0  sd.o(i.SD_WaitReady)
    SD_WaitReady                             0x00001cad   Thumb Code    34  sd.o(i.SD_WaitReady)
    i.SD_WriteDisk                           0x00001cd0   Section        0  sd.o(i.SD_WriteDisk)
    i.SERIAL_GetChar                         0x00001d50   Section        0  ht32_serial.o(i.SERIAL_GetChar)
    i.SERIAL_PutChar                         0x00001d6c   Section        0  ht32_serial.o(i.SERIAL_PutChar)
    i.SPI0_Init                              0x00001d8c   Section        0  spi.o(i.SPI0_Init)
    i.SPI0_ReadWriteByte                     0x00001e00   Section        0  spi.o(i.SPI0_ReadWriteByte)
    i.SPI0_SetSpeed                          0x00001e50   Section        0  spi.o(i.SPI0_SetSpeed)
    i.SPI_Cmd                                0x00001e70   Section        0  ht32f1655_56_spi.o(i.SPI_Cmd)
    i.SPI_GetFlagStatus                      0x00001e84   Section        0  ht32f1655_56_spi.o(i.SPI_GetFlagStatus)
    i.SPI_Init                               0x00001e92   Section        0  ht32f1655_56_spi.o(i.SPI_Init)
    i.SPI_ReceiveData                        0x00001edc   Section        0  ht32f1655_56_spi.o(i.SPI_ReceiveData)
    i.SPI_SELOutputCmd                       0x00001ee2   Section        0  ht32f1655_56_spi.o(i.SPI_SELOutputCmd)
    i.SPI_SendData                           0x00001ef6   Section        0  ht32f1655_56_spi.o(i.SPI_SendData)
    i.SPI_SoftwareSELCmd                     0x00001efa   Section        0  ht32f1655_56_spi.o(i.SPI_SoftwareSELCmd)
    i.SVC_Handler                            0x00001f0e   Section        0  ht32f165x_it.o(i.SVC_Handler)
    i.SYSTICK_ClockSourceConfig              0x00001f10   Section        0  ht32_cm3_misc.o(i.SYSTICK_ClockSourceConfig)
    i.SYSTICK_Config                         0x00001f28   Section        0  delay.o(i.SYSTICK_Config)
    i.SYSTICK_CounterCmd                     0x00001f44   Section        0  ht32_cm3_misc.o(i.SYSTICK_CounterCmd)
    i.SYSTICK_IntConfig                      0x00001f64   Section        0  ht32_cm3_misc.o(i.SYSTICK_IntConfig)
    i.SYSTICK_SetReloadValue                 0x00001f7c   Section        0  ht32_cm3_misc.o(i.SYSTICK_SetReloadValue)
    i.SysTick_Handler                        0x00001f84   Section        0  ht32f165x_it.o(i.SysTick_Handler)
    i.SystemInit                             0x00001f88   Section        0  system_ht32f165x.o(i.SystemInit)
    i.TimingDelay                            0x00001fe4   Section        0  delay.o(i.TimingDelay)
    i.USART_GetLineStatus                    0x00001ff8   Section        0  ht32f1655_56_usart.o(i.USART_GetLineStatus)
    i.USART_Init                             0x00002002   Section        0  ht32f1655_56_usart.o(i.USART_Init)
    i.USART_ReceiveData                      0x00002036   Section        0  ht32f1655_56_usart.o(i.USART_ReceiveData)
    i.USART_RxCmd                            0x0000203c   Section        0  ht32f1655_56_usart.o(i.USART_RxCmd)
    i.USART_RxPDMACmd                        0x00002050   Section        0  ht32f1655_56_usart.o(i.USART_RxPDMACmd)
    i.USART_SendData                         0x00002064   Section        0  ht32f1655_56_usart.o(i.USART_SendData)
    i.USART_TxCmd                            0x00002068   Section        0  ht32f1655_56_usart.o(i.USART_TxCmd)
    i.UsageFault_Handler                     0x0000207c   Section        0  ht32f165x_it.o(i.UsageFault_Handler)
    i._HT32F_DVB_ClockConfig                 0x0000207e   Section        0  ht32_board.o(i._HT32F_DVB_ClockConfig)
    _HT32F_DVB_ClockConfig                   0x0000207f   Thumb Code    64  ht32_board.o(i._HT32F_DVB_ClockConfig)
    i.__0printf$3                            0x000020c0   Section        0  printf3.o(i.__0printf$3)
    i.__0sprintf$3                           0x000020e0   Section        0  printf3.o(i.__0sprintf$3)
    i.__ARM_fpclassify                       0x00002108   Section        0  fpclassify.o(i.__ARM_fpclassify)
    i.__ieee754_rem_pio2                     0x00002130   Section        0  rred.o(i.__ieee754_rem_pio2)
    i.__kernel_cos                           0x000024b8   Section        0  cos_i.o(i.__kernel_cos)
    i.__kernel_poly                          0x000025b4   Section        0  poly.o(i.__kernel_poly)
    i.__kernel_sin                           0x00002660   Section        0  sin_i.o(i.__kernel_sin)
    i.__mathlib_dbl_underflow                0x0000274c   Section        0  dunder.o(i.__mathlib_dbl_underflow)
    i.__scatterload_copy                     0x0000275c   Section       14  handlers.o(i.__scatterload_copy)
    i.__scatterload_null                     0x0000276a   Section        2  handlers.o(i.__scatterload_null)
    i.__scatterload_zeroinit                 0x0000276c   Section       14  handlers.o(i.__scatterload_zeroinit)
    i.__set_errno                            0x0000277c   Section        0  errno.o(i.__set_errno)
    i._printf_core                           0x00002788   Section        0  printf3.o(i._printf_core)
    _printf_core                             0x00002789   Thumb Code   436  printf3.o(i._printf_core)
    i._sputc                                 0x00002940   Section        0  printf3.o(i._sputc)
    _sputc                                   0x00002941   Thumb Code    10  printf3.o(i._sputc)
    i.check_fs                               0x0000294c   Section        0  ff.o(i.check_fs)
    check_fs                                 0x0000294d   Thumb Code    86  ff.o(i.check_fs)
    i.clust2sect                             0x000029a8   Section        0  ff.o(i.clust2sect)
    i.cos                                    0x000029c0   Section        0  cos.o(i.cos)
    i.create_chain                           0x00002a6c   Section        0  ff.o(i.create_chain)
    create_chain                             0x00002a6d   Thumb Code   158  ff.o(i.create_chain)
    i.create_name                            0x00002b0c   Section        0  ff.o(i.create_name)
    create_name                              0x00002b0d   Thumb Code   222  ff.o(i.create_name)
    i.delay_ms                               0x00002bfc   Section        0  delay.o(i.delay_ms)
    i.dir_next                               0x00002c24   Section        0  ff.o(i.dir_next)
    dir_next                                 0x00002c25   Thumb Code   230  ff.o(i.dir_next)
    i.dir_register                           0x00002d0a   Section        0  ff.o(i.dir_register)
    dir_register                             0x00002d0b   Thumb Code   112  ff.o(i.dir_register)
    i.dir_sdi                                0x00002d7a   Section        0  ff.o(i.dir_sdi)
    dir_sdi                                  0x00002d7b   Thumb Code   124  ff.o(i.dir_sdi)
    i.disk_initialize                        0x00002df6   Section        0  diskio.o(i.disk_initialize)
    i.disk_ioctl                             0x00002e06   Section        0  diskio.o(i.disk_ioctl)
    i.disk_read                              0x00002e0e   Section        0  diskio.o(i.disk_read)
    i.disk_status                            0x00002e2c   Section        0  diskio.o(i.disk_status)
    i.disk_write                             0x00002e34   Section        0  diskio.o(i.disk_write)
    i.f_close                                0x00002e52   Section        0  ff.o(i.f_close)
    i.f_mount                                0x00002e70   Section        0  ff.o(i.f_mount)
    i.f_open                                 0x00002ebc   Section        0  ff.o(i.f_open)
    i.f_sync                                 0x0000305e   Section        0  ff.o(i.f_sync)
    i.f_write                                0x000030d6   Section        0  ff.o(i.f_write)
    i.fgetc                                  0x00003216   Section        0  ht32_retarget.o(i.fgetc)
    i.find_volume                            0x0000321c   Section        0  ff.o(i.find_volume)
    find_volume                              0x0000321d   Thumb Code   554  ff.o(i.find_volume)
    i.follow_path                            0x00003454   Section        0  ff.o(i.follow_path)
    follow_path                              0x00003455   Thumb Code   170  ff.o(i.follow_path)
    i.fputc                                  0x000034fe   Section        0  ht32_retarget.o(i.fputc)
    i.get_fat                                0x00003502   Section        0  ff.o(i.get_fat)
    i.get_fattime                            0x000035c0   Section        0  diskio.o(i.get_fattime)
    i.get_ldnumber                           0x000035c4   Section        0  ff.o(i.get_ldnumber)
    get_ldnumber                             0x000035c5   Thumb Code    60  ff.o(i.get_ldnumber)
    i.getc                                   0x00003600   Section        0  getc.o(i.getc)
    i.ld_clust                               0x00003604   Section        0  ff.o(i.ld_clust)
    ld_clust                                 0x00003605   Thumb Code    18  ff.o(i.ld_clust)
    i.main                                   0x00003618   Section        0  main.o(i.main)
    i.mem_cpy                                0x000037b4   Section        0  ff.o(i.mem_cpy)
    mem_cpy                                  0x000037b5   Thumb Code    16  ff.o(i.mem_cpy)
    i.mem_set                                0x000037c4   Section        0  ff.o(i.mem_set)
    mem_set                                  0x000037c5   Thumb Code    14  ff.o(i.mem_set)
    i.move_window                            0x000037d2   Section        0  ff.o(i.move_window)
    move_window                              0x000037d3   Thumb Code    50  ff.o(i.move_window)
    i.put_fat                                0x00003804   Section        0  ff.o(i.put_fat)
    i.pwrcu_init                             0x000038f8   Section        0  pwcru.o(i.pwrcu_init)
    i.sdfs_app_mnt                           0x00003940   Section        0  sdfs_app.o(i.sdfs_app_mnt)
    i.sdfs_app_savePhoto                     0x00003960   Section        0  sdfs_app.o(i.sdfs_app_savePhoto)
    i.sdfs_app_writeBmp                      0x000039b0   Section        0  sdfs_app.o(i.sdfs_app_writeBmp)
    i.sin                                    0x00003b08   Section        0  sin.o(i.sin)
    i.st_clust                               0x00003bb8   Section        0  ff.o(i.st_clust)
    st_clust                                 0x00003bb9   Thumb Code    16  ff.o(i.st_clust)
    i.sync_fs                                0x00003bc8   Section        0  ff.o(i.sync_fs)
    sync_fs                                  0x00003bc9   Thumb Code   176  ff.o(i.sync_fs)
    i.sync_window                            0x00003c78   Section        0  ff.o(i.sync_window)
    sync_window                              0x00003c79   Thumb Code    82  ff.o(i.sync_window)
    i.validate                               0x00003cca   Section        0  ff.o(i.validate)
    validate                                 0x00003ccb   Thumb Code    34  ff.o(i.validate)
    .constdata                               0x00003cec   Section       80  ht32_board.o(.constdata)
    .constdata                               0x00003d40   Section       48  cos_i.o(.constdata)
    C                                        0x00003d40   Data          48  cos_i.o(.constdata)
    .constdata                               0x00003d70   Section      200  rred.o(.constdata)
    pio2s                                    0x00003d70   Data          48  rred.o(.constdata)
    twooverpi                                0x00003da0   Data         152  rred.o(.constdata)
    .constdata                               0x00003e38   Section       40  sin_i.o(.constdata)
    S                                        0x00003e38   Data          40  sin_i.o(.constdata)
    .conststring                             0x00003e60   Section        1  sdfs_app.o(.conststring)
    .data                                    0x20000000   Section       10  main.o(.data)
    num                                      0x20000000   Data          10  main.o(.data)
    .data                                    0x2000000c   Section       62  sdfs_app.o(.data)
    num                                      0x2000000c   Data           2  sdfs_app.o(.data)
    .data                                    0x2000004a   Section        1  sd.o(.data)
    .data                                    0x2000004c   Section        4  delay.o(.data)
    DelayTime                                0x2000004c   Data           4  delay.o(.data)
    .data                                    0x20000050   Section      158  ov7725.o(.data)
    .data                                    0x200000f0   Section        8  ff.o(.data)
    Fsid                                     0x200000f0   Data           2  ff.o(.data)
    FatFs                                    0x200000f4   Data           4  ff.o(.data)
    .data                                    0x200000f8   Section        4  ht32_retarget.o(.data)
    .data                                    0x200000fc   Section        4  ht32_retarget.o(.data)
    .data                                    0x20000100   Section        4  errno.o(.data)
    _errno                                   0x20000100   Data           4  errno.o(.data)
    .bss                                     0x20000104   Section     1520  sdfs_app.o(.bss)
    .bss                                     0x200006f4   Section       44  spi.o(.bss)
    .bss                                     0x20000720   Section       84  mpu6050.o(.bss)
    STACK                                    0x20000778   Section      512  startup_ht32f165x.o(STACK)

    Global Symbols

    Symbol Name                              Value     Ov Type        Size  Object(Section)

    BuildAttributes$$THM_ISAv4$P$D$K$B$S$PE$A:L22UL41UL21$X:L11$S22US41US21$IEEE1$IW$USESV6$~STKCKD$USESV7$~SHL$OTIME$ROPI$IEEEX$EBA8$MICROLIB$REQ8$PRES8$EABIv2 0x00000000   Number         0  anon$$obj.o ABSOLUTE
    __ARM_use_no_argv                        0x00000000   Number         0  main.o ABSOLUTE
    __Vectors                                0x00000000   Data           4  startup_ht32f165x.o(RESET)
    __use_no_errno                           0x00000000   Number         0  useno.o ABSOLUTE
    __use_no_exception_handling              0x00000000   Number         0  useno.o ABSOLUTE
    __use_no_fp                              0x00000000   Number         0  useno.o ABSOLUTE
    __use_no_heap                            0x00000000   Number         0  useno.o ABSOLUTE
    __use_no_heap_region                     0x00000000   Number         0  useno.o ABSOLUTE
    __use_no_semihosting                     0x00000000   Number         0  useno.o ABSOLUTE
    __use_no_semihosting_swi                 0x00000000   Number         0  useno.o ABSOLUTE
    __use_no_signal_handling                 0x00000000   Number         0  useno.o ABSOLUTE
    _printf_a                                0x00000000   Number         0  stubs.o ABSOLUTE
    _printf_c                                0x00000000   Number         0  stubs.o ABSOLUTE
    _printf_charcount                        0x00000000   Number         0  stubs.o ABSOLUTE
    _printf_d                                0x00000000   Number         0  stubs.o ABSOLUTE
    _printf_e                                0x00000000   Number         0  stubs.o ABSOLUTE
    _printf_f                                0x00000000   Number         0  stubs.o ABSOLUTE
    _printf_flags                            0x00000000   Number         0  stubs.o ABSOLUTE
    _printf_fp_dec                           0x00000000   Number         0  stubs.o ABSOLUTE
    _printf_fp_hex                           0x00000000   Number         0  stubs.o ABSOLUTE
    _printf_g                                0x00000000   Number         0  stubs.o ABSOLUTE
    _printf_i                                0x00000000   Number         0  stubs.o ABSOLUTE
    _printf_int_dec                          0x00000000   Number         0  stubs.o ABSOLUTE
    _printf_l                                0x00000000   Number         0  stubs.o ABSOLUTE
    _printf_lc                               0x00000000   Number         0  stubs.o ABSOLUTE
    _printf_ll                               0x00000000   Number         0  stubs.o ABSOLUTE
    _printf_lld                              0x00000000   Number         0  stubs.o ABSOLUTE
    _printf_lli                              0x00000000   Number         0  stubs.o ABSOLUTE
    _printf_llo                              0x00000000   Number         0  stubs.o ABSOLUTE
    _printf_llu                              0x00000000   Number         0  stubs.o ABSOLUTE
    _printf_llx                              0x00000000   Number         0  stubs.o ABSOLUTE
    _printf_longlong_dec                     0x00000000   Number         0  stubs.o ABSOLUTE
    _printf_longlong_hex                     0x00000000   Number         0  stubs.o ABSOLUTE
    _printf_longlong_oct                     0x00000000   Number         0  stubs.o ABSOLUTE
    _printf_ls                               0x00000000   Number         0  stubs.o ABSOLUTE
    _printf_mbtowc                           0x00000000   Number         0  stubs.o ABSOLUTE
    _printf_n                                0x00000000   Number         0  stubs.o ABSOLUTE
    _printf_o                                0x00000000   Number         0  stubs.o ABSOLUTE
    _printf_p                                0x00000000   Number         0  stubs.o ABSOLUTE
    _printf_percent                          0x00000000   Number         0  stubs.o ABSOLUTE
    _printf_pre_padding                      0x00000000   Number         0  stubs.o ABSOLUTE
    _printf_return_value                     0x00000000   Number         0  stubs.o ABSOLUTE
    _printf_s                                0x00000000   Number         0  stubs.o ABSOLUTE
    _printf_sizespec                         0x00000000   Number         0  stubs.o ABSOLUTE
    _printf_str                              0x00000000   Number         0  stubs.o ABSOLUTE
    _printf_truncate_signed                  0x00000000   Number         0  stubs.o ABSOLUTE
    _printf_truncate_unsigned                0x00000000   Number         0  stubs.o ABSOLUTE
    _printf_u                                0x00000000   Number         0  stubs.o ABSOLUTE
    _printf_wc                               0x00000000   Number         0  stubs.o ABSOLUTE
    _printf_wctomb                           0x00000000   Number         0  stubs.o ABSOLUTE
    _printf_widthprec                        0x00000000   Number         0  stubs.o ABSOLUTE
    _printf_x                                0x00000000   Number         0  stubs.o ABSOLUTE
    __cpp_initialize__aeabi_                  - Undefined Weak Reference
    __cxa_finalize                            - Undefined Weak Reference
    __decompress                              - Undefined Weak Reference
    _clock_init                               - Undefined Weak Reference
    _microlib_exit                            - Undefined Weak Reference
    Reset_Handler                            0x00000155   Thumb Code     8  startup_ht32f165x.o(RESET)
    ADC_IRQHandler                           0x0000016f   Thumb Code     0  startup_ht32f165x.o(RESET)
    BFTM0_IRQHandler                         0x0000016f   Thumb Code     0  startup_ht32f165x.o(RESET)
    BFTM1_IRQHandler                         0x0000016f   Thumb Code     0  startup_ht32f165x.o(RESET)
    BOD_IRQHandler                           0x0000016f   Thumb Code     0  startup_ht32f165x.o(RESET)
    CKRDY_IRQHandler                         0x0000016f   Thumb Code     0  startup_ht32f165x.o(RESET)
    COMP_IRQHandler                          0x0000016f   Thumb Code     0  startup_ht32f165x.o(RESET)
    EBI_IRQHandler                           0x0000016f   Thumb Code     0  startup_ht32f165x.o(RESET)
    EXTI0_IRQHandler                         0x0000016f   Thumb Code     0  startup_ht32f165x.o(RESET)
    EXTI10_IRQHandler                        0x0000016f   Thumb Code     0  startup_ht32f165x.o(RESET)
    EXTI11_IRQHandler                        0x0000016f   Thumb Code     0  startup_ht32f165x.o(RESET)
    EXTI12_IRQHandler                        0x0000016f   Thumb Code     0  startup_ht32f165x.o(RESET)
    EXTI13_IRQHandler                        0x0000016f   Thumb Code     0  startup_ht32f165x.o(RESET)
    EXTI14_IRQHandler                        0x0000016f   Thumb Code     0  startup_ht32f165x.o(RESET)
    EXTI15_IRQHandler                        0x0000016f   Thumb Code     0  startup_ht32f165x.o(RESET)
    EXTI2_IRQHandler                         0x0000016f   Thumb Code     0  startup_ht32f165x.o(RESET)
    EXTI3_IRQHandler                         0x0000016f   Thumb Code     0  startup_ht32f165x.o(RESET)
    EXTI4_IRQHandler                         0x0000016f   Thumb Code     0  startup_ht32f165x.o(RESET)
    EXTI5_IRQHandler                         0x0000016f   Thumb Code     0  startup_ht32f165x.o(RESET)
    EXTI6_IRQHandler                         0x0000016f   Thumb Code     0  startup_ht32f165x.o(RESET)
    EXTI8_IRQHandler                         0x0000016f   Thumb Code     0  startup_ht32f165x.o(RESET)
    EXTI9_IRQHandler                         0x0000016f   Thumb Code     0  startup_ht32f165x.o(RESET)
    FLASH_IRQHandler                         0x0000016f   Thumb Code     0  startup_ht32f165x.o(RESET)
    GPTM0_IRQHandler                         0x0000016f   Thumb Code     0  startup_ht32f165x.o(RESET)
    GPTM1_IRQHandler                         0x0000016f   Thumb Code     0  startup_ht32f165x.o(RESET)
    I2C0_IRQHandler                          0x0000016f   Thumb Code     0  startup_ht32f165x.o(RESET)
    I2C1_IRQHandler                          0x0000016f   Thumb Code     0  startup_ht32f165x.o(RESET)
    I2S_IRQHandler                           0x0000016f   Thumb Code     0  startup_ht32f165x.o(RESET)
    LPWUP_IRQHandler                         0x0000016f   Thumb Code     0  startup_ht32f165x.o(RESET)
    LVD_IRQHandler                           0x0000016f   Thumb Code     0  startup_ht32f165x.o(RESET)
    MCTM0BRK_IRQHandler                      0x0000016f   Thumb Code     0  startup_ht32f165x.o(RESET)
    MCTM0CC_IRQHandler                       0x0000016f   Thumb Code     0  startup_ht32f165x.o(RESET)
    MCTM0TR_IRQHandler                       0x0000016f   Thumb Code     0  startup_ht32f165x.o(RESET)
    MCTM0UP_IRQHandler                       0x0000016f   Thumb Code     0  startup_ht32f165x.o(RESET)
    MCTM1BRK_IRQHandler                      0x0000016f   Thumb Code     0  startup_ht32f165x.o(RESET)
    MCTM1CC_IRQHandler                       0x0000016f   Thumb Code     0  startup_ht32f165x.o(RESET)
    MCTM1TR_IRQHandler                       0x0000016f   Thumb Code     0  startup_ht32f165x.o(RESET)
    MCTM1UP_IRQHandler                       0x0000016f   Thumb Code     0  startup_ht32f165x.o(RESET)
    PDMA_CH0_IRQHandler                      0x0000016f   Thumb Code     0  startup_ht32f165x.o(RESET)
    PDMA_CH1_IRQHandler                      0x0000016f   Thumb Code     0  startup_ht32f165x.o(RESET)
    PDMA_CH2_IRQHandler                      0x0000016f   Thumb Code     0  startup_ht32f165x.o(RESET)
    PDMA_CH3_IRQHandler                      0x0000016f   Thumb Code     0  startup_ht32f165x.o(RESET)
    PDMA_CH4_IRQHandler                      0x0000016f   Thumb Code     0  startup_ht32f165x.o(RESET)
    PDMA_CH5_IRQHandler                      0x0000016f   Thumb Code     0  startup_ht32f165x.o(RESET)
    PDMA_CH6_IRQHandler                      0x0000016f   Thumb Code     0  startup_ht32f165x.o(RESET)
    PDMA_CH7_IRQHandler                      0x0000016f   Thumb Code     0  startup_ht32f165x.o(RESET)
    RTC_IRQHandler                           0x0000016f   Thumb Code     0  startup_ht32f165x.o(RESET)
    SCI_IRQHandler                           0x0000016f   Thumb Code     0  startup_ht32f165x.o(RESET)
    SPI0_IRQHandler                          0x0000016f   Thumb Code     0  startup_ht32f165x.o(RESET)
    SPI1_IRQHandler                          0x0000016f   Thumb Code     0  startup_ht32f165x.o(RESET)
    UART0_IRQHandler                         0x0000016f   Thumb Code     0  startup_ht32f165x.o(RESET)
    UART1_IRQHandler                         0x0000016f   Thumb Code     0  startup_ht32f165x.o(RESET)
    USART0_IRQHandler                        0x0000016f   Thumb Code     0  startup_ht32f165x.o(RESET)
    USART1_IRQHandler                        0x0000016f   Thumb Code     0  startup_ht32f165x.o(RESET)
    USB_IRQHandler                           0x0000016f   Thumb Code     0  startup_ht32f165x.o(RESET)
    WDT_IRQHandler                           0x0000016f   Thumb Code     0  startup_ht32f165x.o(RESET)
    __main                                   0x00000179   Thumb Code     0  entry.o(.ARM.Collect$$$$00000000)
    _main_stk                                0x00000179   Thumb Code     0  entry2.o(.ARM.Collect$$$$00000001)
    _main_scatterload                        0x0000017d   Thumb Code     0  entry5.o(.ARM.Collect$$$$00000004)
    __main_after_scatterload                 0x00000181   Thumb Code     0  entry5.o(.ARM.Collect$$$$00000004)
    _main_clock                              0x00000181   Thumb Code     0  entry7b.o(.ARM.Collect$$$$00000008)
    _main_cpp_init                           0x00000181   Thumb Code     0  entry8b.o(.ARM.Collect$$$$0000000A)
    _main_init                               0x00000181   Thumb Code     0  entry9a.o(.ARM.Collect$$$$0000000B)
    __rt_final_cpp                           0x00000189   Thumb Code     0  entry10a.o(.ARM.Collect$$$$0000000D)
    __rt_final_exit                          0x00000189   Thumb Code     0  entry11a.o(.ARM.Collect$$$$0000000F)
    __aeabi_memset                           0x0000018d   Thumb Code    14  memseta.o(.text)
    __aeabi_memset4                          0x0000018d   Thumb Code     0  memseta.o(.text)
    __aeabi_memset8                          0x0000018d   Thumb Code     0  memseta.o(.text)
    __aeabi_memclr                           0x0000019b   Thumb Code     4  memseta.o(.text)
    __aeabi_memclr4                          0x0000019b   Thumb Code     0  memseta.o(.text)
    __aeabi_memclr8                          0x0000019b   Thumb Code     0  memseta.o(.text)
    _memset$wrapper                          0x0000019f   Thumb Code    18  memseta.o(.text)
    __aeabi_fadd                             0x000001b1   Thumb Code   164  fadd.o(.text)
    __aeabi_fsub                             0x00000255   Thumb Code     6  fadd.o(.text)
    __aeabi_frsub                            0x0000025b   Thumb Code     6  fadd.o(.text)
    __aeabi_fmul                             0x00000261   Thumb Code   108  fmul.o(.text)
    __aeabi_fdiv                             0x000002cd   Thumb Code   128  fdiv.o(.text)
    __aeabi_dmul                             0x0000034d   Thumb Code   228  dmul.o(.text)
    __aeabi_ddiv                             0x00000431   Thumb Code   222  ddiv.o(.text)
    __ARM_scalbn                             0x0000050f   Thumb Code    46  dscalb.o(.text)
    scalbn                                   0x0000050f   Thumb Code     0  dscalb.o(.text)
    __aeabi_i2d                              0x0000053d   Thumb Code    34  dflti.o(.text)
    __aeabi_f2iz                             0x0000055f   Thumb Code    50  ffixi.o(.text)
    __aeabi_f2d                              0x00000591   Thumb Code    38  f2d.o(.text)
    __aeabi_d2f                              0x000005b7   Thumb Code    56  d2f.o(.text)
    __aeabi_cfrcmple                         0x000005f1   Thumb Code    20  cfrcmple.o(.text)
    __aeabi_uidiv                            0x00000605   Thumb Code     0  uidiv.o(.text)
    __aeabi_uidivmod                         0x00000605   Thumb Code    44  uidiv.o(.text)
    __I$use$fp                               0x00000631   Thumb Code     0  iusefp.o(.text)
    _float_round                             0x00000631   Thumb Code    18  fepilogue.o(.text)
    _float_epilogue                          0x00000643   Thumb Code    90  fepilogue.o(.text)
    _double_round                            0x0000069d   Thumb Code    26  depilogue.o(.text)
    _double_epilogue                         0x000006b7   Thumb Code   164  depilogue.o(.text)
    __aeabi_dadd                             0x0000075b   Thumb Code   322  dadd.o(.text)
    __aeabi_dsub                             0x0000089d   Thumb Code     6  dadd.o(.text)
    __aeabi_drsub                            0x000008a3   Thumb Code     6  dadd.o(.text)
    __scatterload                            0x000008a9   Thumb Code    28  init.o(.text)
    __scatterload_rt2                        0x000008a9   Thumb Code     0  init.o(.text)
    __aeabi_llsl                             0x000008cd   Thumb Code    30  llshl.o(.text)
    _ll_shift_l                              0x000008cd   Thumb Code     0  llshl.o(.text)
    __aeabi_llsr                             0x000008eb   Thumb Code    32  llushr.o(.text)
    _ll_ushift_r                             0x000008eb   Thumb Code     0  llushr.o(.text)
    __aeabi_lasr                             0x0000090b   Thumb Code    36  llsshr.o(.text)
    _ll_sshift_r                             0x0000090b   Thumb Code     0  llsshr.o(.text)
    __aeabi_ui2d                             0x0000092f   Thumb Code    26  dfltui.o(.text)
    __aeabi_d2iz                             0x00000949   Thumb Code    62  dfixi.o(.text)
    AFIO_EXTISourceConfig                    0x00000989   Thumb Code    38  ht32f1655_56_gpio.o(i.AFIO_EXTISourceConfig)
    AFIO_GPxConfig                           0x000009b5   Thumb Code    94  ht32f1655_56_gpio.o(i.AFIO_GPxConfig)
    Angle_DataTransfrom                      0x00000a19   Thumb Code    92  mpu6050.o(i.Angle_DataTransfrom)
    Angular_DataTransFrom                    0x00000a7d   Thumb Code    92  mpu6050.o(i.Angular_DataTransFrom)
    Axis_DataTransfrom                       0x00000ae1   Thumb Code    86  mpu6050.o(i.Axis_DataTransfrom)
    Axis_GetFinalData                        0x00000b3d   Thumb Code    22  mpu6050.o(i.Axis_GetFinalData)
    BusFault_Handler                         0x00000b53   Thumb Code     2  ht32f165x_it.o(i.BusFault_Handler)
    CKCU_GetClocksFrequency                  0x00000b55   Thumb Code    76  ht32f1655_56_ckcu.o(i.CKCU_GetClocksFrequency)
    CKCU_GetPLLFrequency                     0x00000ba9   Thumb Code    52  ht32f1655_56_ckcu.o(i.CKCU_GetPLLFrequency)
    CKCU_GetUSARTClockFreq                   0x00000be9   Thumb Code    16  ht32f1655_56_ckcu.o(i.CKCU_GetUSARTClockFreq)
    CKCU_PeripClockConfig                    0x00000bf9   Thumb Code    32  ht32f1655_56_ckcu.o(i.CKCU_PeripClockConfig)
    CrashFunction                            0x00000c1d   Thumb Code    96  bluetooth.o(i.CrashFunction)
    DealWithRotation                         0x00000c8d   Thumb Code   156  mpu6050.o(i.DealWithRotation)
    DebugMon_Handler                         0x00000d2d   Thumb Code     2  ht32f165x_it.o(i.DebugMon_Handler)
    EVWUP_IRQHandler                         0x00000d2f   Thumb Code    42  ht32f165x_it.o(i.EVWUP_IRQHandler)
    EXTI1_IRQHandler                         0x00000d59   Thumb Code     6  ht32f165x_it.o(i.EXTI1_IRQHandler)
    EXTI7_IRQHandler                         0x00000d61   Thumb Code    86  ht32f165x_it.o(i.EXTI7_IRQHandler)
    EXTI_ClearEdgeFlag                       0x00000dc1   Thumb Code    12  ht32f1655_56_exti.o(i.EXTI_ClearEdgeFlag)
    EXTI_ClearWakeupFlag                     0x00000dd1   Thumb Code    14  ht32f1655_56_exti.o(i.EXTI_ClearWakeupFlag)
    EXTI_GetEdgeStatus                       0x00000de5   Thumb Code    32  ht32f1655_56_exti.o(i.EXTI_GetEdgeStatus)
    EXTI_GetWakeupFlagStatus                 0x00000e0d   Thumb Code    20  ht32f1655_56_exti.o(i.EXTI_GetWakeupFlagStatus)
    EXTI_Init                                0x00000e25   Thumb Code    24  ht32f1655_56_exti.o(i.EXTI_Init)
    EXTI_IntConfig                           0x00000e41   Thumb Code    22  ht32f1655_56_exti.o(i.EXTI_IntConfig)
    EXTI_WakeupEventConfig                   0x00000e5d   Thumb Code    38  ht32f1655_56_exti.o(i.EXTI_WakeupEventConfig)
    EXTI_WakeupEventIntConfig                0x00000e89   Thumb Code    22  ht32f1655_56_exti.o(i.EXTI_WakeupEventIntConfig)
    Enter_DeepSleepMode                      0x00000ea5   Thumb Code    46  pwcru.o(i.Enter_DeepSleepMode)
    GPIO_ClearOutBits                        0x00000ed9   Thumb Code     4  ht32f1655_56_gpio.o(i.GPIO_ClearOutBits)
    GPIO_DirectionConfig                     0x00000edd   Thumb Code    16  ht32f1655_56_gpio.o(i.GPIO_DirectionConfig)
    GPIO_InputConfig                         0x00000eed   Thumb Code    16  ht32f1655_56_gpio.o(i.GPIO_InputConfig)
    GPIO_PullResistorConfig                  0x00000efd   Thumb Code    40  ht32f1655_56_gpio.o(i.GPIO_PullResistorConfig)
    GPIO_ReadInBit                           0x00000f25   Thumb Code    10  ht32f1655_56_gpio.o(i.GPIO_ReadInBit)
    GPIO_ReadInData                          0x00000f2f   Thumb Code     6  ht32f1655_56_gpio.o(i.GPIO_ReadInData)
    GPIO_SetOutBits                          0x00000f35   Thumb Code     4  ht32f1655_56_gpio.o(i.GPIO_SetOutBits)
    GPIO_WriteOutBits                        0x00000f39   Thumb Code    10  ht32f1655_56_gpio.o(i.GPIO_WriteOutBits)
    HT32F_DVB_PBInit                         0x00000f85   Thumb Code   184  ht32_board.o(i.HT32F_DVB_PBInit)
    HardFault_Handler                        0x00001041   Thumb Code     2  ht32f165x_it.o(i.HardFault_Handler)
    Init_USART                               0x00001045   Thumb Code   120  usart.o(i.Init_USART)
    IsAccident                               0x000010c1   Thumb Code   128  mpu6050.o(i.IsAccident)
    MemManage_Handler                        0x00001149   Thumb Code     2  ht32f165x_it.o(i.MemManage_Handler)
    NMI_Handler                              0x0000114b   Thumb Code     2  ht32f165x_it.o(i.NMI_Handler)
    Ov7725_ClearCaptureFlag                  0x0000114d   Thumb Code     8  ov7725.o(i.Ov7725_ClearCaptureFlag)
    Ov7725_GPIO_Config                       0x00001159   Thumb Code    84  ov7725.o(i.Ov7725_GPIO_Config)
    Ov7725_IfPhotoCaptured                   0x000011b5   Thumb Code    16  ov7725.o(i.Ov7725_IfPhotoCaptured)
    Ov7725_Init                              0x000011c9   Thumb Code    84  ov7725.o(i.Ov7725_Init)
    Ov7725_TryInit                           0x00001221   Thumb Code    22  ov7725.o(i.Ov7725_TryInit)
    Ov7725_VSYNC_Init                        0x00001239   Thumb Code   112  ov7725.o(i.Ov7725_VSYNC_Init)
    PDMA_ClearFlag                           0x000012b1   Thumb Code    34  ht32f1655_56_pdma.o(i.PDMA_ClearFlag)
    PDMA_Config                              0x000012dd   Thumb Code    42  ht32f1655_56_pdma.o(i.PDMA_Config)
    PDMA_Configuration                       0x0000130d   Thumb Code    92  mpu6050.o(i.PDMA_Configuration)
    PDMA_EnaCmd                              0x00001371   Thumb Code    34  ht32f1655_56_pdma.o(i.PDMA_EnaCmd)
    PDMA_GetFlagStatus                       0x00001399   Thumb Code    38  ht32f1655_56_pdma.o(i.PDMA_GetFlagStatus)
    PDMA_IntConig                            0x000013c9   Thumb Code    40  ht32f1655_56_pdma.o(i.PDMA_IntConig)
    PDMA_SwTrigCmd                           0x000013f9   Thumb Code    34  ht32f1655_56_pdma.o(i.PDMA_SwTrigCmd)
    PWRCU_CheckReadyAccessed                 0x00001421   Thumb Code    58  ht32f1655_56_pwrcu.o(i.PWRCU_CheckReadyAccessed)
    PWRCU_DeInit                             0x00001469   Thumb Code    26  ht32f1655_56_pwrcu.o(i.PWRCU_DeInit)
    PWRCU_DeepSleep1                         0x00001489   Thumb Code    50  ht32f1655_56_pwrcu.o(i.PWRCU_DeepSleep1)
    PackDatasForBlueTooth                    0x000014c9   Thumb Code   148  main.o(i.PackDatasForBlueTooth)
    PendSV_Handler                           0x0000156d   Thumb Code     2  ht32f165x_it.o(i.PendSV_Handler)
    SCCB_GPIO_Config                         0x00001689   Thumb Code    42  sccb.o(i.SCCB_GPIO_Config)
    SCCB_ReadByte                            0x000016b9   Thumb Code   168  sccb.o(i.SCCB_ReadByte)
    SCCB_Start                               0x00001831   Thumb Code    82  sccb.o(i.SCCB_Start)
    SCCB_WriteByte                           0x00001929   Thumb Code    62  sccb.o(i.SCCB_WriteByte)
    SD_DisSelect                             0x00001975   Thumb Code    24  sd.o(i.SD_DisSelect)
    SD_GetResponse                           0x0000198d   Thumb Code    40  sd.o(i.SD_GetResponse)
    SD_Init                                  0x000019b5   Thumb Code   340  sd.o(i.SD_Init)
    SD_ReadDisk                              0x00001b0d   Thumb Code   104  sd.o(i.SD_ReadDisk)
    SD_RecvData                              0x00001b79   Thumb Code    54  sd.o(i.SD_RecvData)
    SD_SPI_Init                              0x00001baf   Thumb Code     4  sd.o(i.SD_SPI_Init)
    SD_Select                                0x00001bb3   Thumb Code    30  sd.o(i.SD_Select)
    SD_SendBlock                             0x00001bd1   Thumb Code    78  sd.o(i.SD_SendBlock)
    SD_SendCmd                               0x00001c1f   Thumb Code   100  sd.o(i.SD_SendCmd)
    SD_TryInit                               0x00001c83   Thumb Code    42  sd.o(i.SD_TryInit)
    SD_WriteDisk                             0x00001cd1   Thumb Code   124  sd.o(i.SD_WriteDisk)
    SERIAL_GetChar                           0x00001d51   Thumb Code    28  ht32_serial.o(i.SERIAL_GetChar)
    SERIAL_PutChar                           0x00001d6d   Thumb Code    32  ht32_serial.o(i.SERIAL_PutChar)
    SPI0_Init                                0x00001d8d   Thumb Code   106  spi.o(i.SPI0_Init)
    SPI0_ReadWriteByte                       0x00001e01   Thumb Code    78  spi.o(i.SPI0_ReadWriteByte)
    SPI0_SetSpeed                            0x00001e51   Thumb Code    28  spi.o(i.SPI0_SetSpeed)
    SPI_Cmd                                  0x00001e71   Thumb Code    20  ht32f1655_56_spi.o(i.SPI_Cmd)
    SPI_GetFlagStatus                        0x00001e85   Thumb Code    14  ht32f1655_56_spi.o(i.SPI_GetFlagStatus)
    SPI_Init                                 0x00001e93   Thumb Code    74  ht32f1655_56_spi.o(i.SPI_Init)
    SPI_ReceiveData                          0x00001edd   Thumb Code     6  ht32f1655_56_spi.o(i.SPI_ReceiveData)
    SPI_SELOutputCmd                         0x00001ee3   Thumb Code    20  ht32f1655_56_spi.o(i.SPI_SELOutputCmd)
    SPI_SendData                             0x00001ef7   Thumb Code     4  ht32f1655_56_spi.o(i.SPI_SendData)
    SPI_SoftwareSELCmd                       0x00001efb   Thumb Code    20  ht32f1655_56_spi.o(i.SPI_SoftwareSELCmd)
    SVC_Handler                              0x00001f0f   Thumb Code     2  ht32f165x_it.o(i.SVC_Handler)
    SYSTICK_ClockSourceConfig                0x00001f11   Thumb Code    24  ht32_cm3_misc.o(i.SYSTICK_ClockSourceConfig)
    SYSTICK_Config                           0x00001f29   Thumb Code    28  delay.o(i.SYSTICK_Config)
    SYSTICK_CounterCmd                       0x00001f45   Thumb Code    32  ht32_cm3_misc.o(i.SYSTICK_CounterCmd)
    SYSTICK_IntConfig                        0x00001f65   Thumb Code    24  ht32_cm3_misc.o(i.SYSTICK_IntConfig)
    SYSTICK_SetReloadValue                   0x00001f7d   Thumb Code     8  ht32_cm3_misc.o(i.SYSTICK_SetReloadValue)
    SysTick_Handler                          0x00001f85   Thumb Code     4  ht32f165x_it.o(i.SysTick_Handler)
    SystemInit                               0x00001f89   Thumb Code    78  system_ht32f165x.o(i.SystemInit)
    TimingDelay                              0x00001fe5   Thumb Code    16  delay.o(i.TimingDelay)
    USART_GetLineStatus                      0x00001ff9   Thumb Code    10  ht32f1655_56_usart.o(i.USART_GetLineStatus)
    USART_Init                               0x00002003   Thumb Code    52  ht32f1655_56_usart.o(i.USART_Init)
    USART_ReceiveData                        0x00002037   Thumb Code     6  ht32f1655_56_usart.o(i.USART_ReceiveData)
    USART_RxCmd                              0x0000203d   Thumb Code    20  ht32f1655_56_usart.o(i.USART_RxCmd)
    USART_RxPDMACmd                          0x00002051   Thumb Code    20  ht32f1655_56_usart.o(i.USART_RxPDMACmd)
    USART_SendData                           0x00002065   Thumb Code     4  ht32f1655_56_usart.o(i.USART_SendData)
    USART_TxCmd                              0x00002069   Thumb Code    20  ht32f1655_56_usart.o(i.USART_TxCmd)
    UsageFault_Handler                       0x0000207d   Thumb Code     2  ht32f165x_it.o(i.UsageFault_Handler)
    __0printf$3                              0x000020c1   Thumb Code    22  printf3.o(i.__0printf$3)
    __1printf$3                              0x000020c1   Thumb Code     0  printf3.o(i.__0printf$3)
    __2printf                                0x000020c1   Thumb Code     0  printf3.o(i.__0printf$3)
    __0sprintf$3                             0x000020e1   Thumb Code    34  printf3.o(i.__0sprintf$3)
    __1sprintf$3                             0x000020e1   Thumb Code     0  printf3.o(i.__0sprintf$3)
    __2sprintf                               0x000020e1   Thumb Code     0  printf3.o(i.__0sprintf$3)
    __ARM_fpclassify                         0x00002109   Thumb Code    40  fpclassify.o(i.__ARM_fpclassify)
    __ieee754_rem_pio2                       0x00002131   Thumb Code   832  rred.o(i.__ieee754_rem_pio2)
    __kernel_cos                             0x000024b9   Thumb Code   230  cos_i.o(i.__kernel_cos)
    __kernel_poly                            0x000025b5   Thumb Code   170  poly.o(i.__kernel_poly)
    __kernel_sin                             0x00002661   Thumb Code   224  sin_i.o(i.__kernel_sin)
    __mathlib_dbl_underflow                  0x0000274d   Thumb Code    10  dunder.o(i.__mathlib_dbl_underflow)
    __scatterload_copy                       0x0000275d   Thumb Code    14  handlers.o(i.__scatterload_copy)
    __scatterload_null                       0x0000276b   Thumb Code     2  handlers.o(i.__scatterload_null)
    __scatterload_zeroinit                   0x0000276d   Thumb Code    14  handlers.o(i.__scatterload_zeroinit)
    __set_errno                              0x0000277d   Thumb Code     6  errno.o(i.__set_errno)
    clust2sect                               0x000029a9   Thumb Code    24  ff.o(i.clust2sect)
    cos                                      0x000029c1   Thumb Code   164  cos.o(i.cos)
    delay_ms                                 0x00002bfd   Thumb Code    36  delay.o(i.delay_ms)
    disk_initialize                          0x00002df7   Thumb Code    16  diskio.o(i.disk_initialize)
    disk_ioctl                               0x00002e07   Thumb Code     8  diskio.o(i.disk_ioctl)
    disk_read                                0x00002e0f   Thumb Code    30  diskio.o(i.disk_read)
    disk_status                              0x00002e2d   Thumb Code     8  diskio.o(i.disk_status)
    disk_write                               0x00002e35   Thumb Code    30  diskio.o(i.disk_write)
    f_close                                  0x00002e53   Thumb Code    28  ff.o(i.f_close)
    f_mount                                  0x00002e71   Thumb Code    72  ff.o(i.f_mount)
    f_open                                   0x00002ebd   Thumb Code   418  ff.o(i.f_open)
    f_sync                                   0x0000305f   Thumb Code   120  ff.o(i.f_sync)
    f_write                                  0x000030d7   Thumb Code   320  ff.o(i.f_write)
    fgetc                                    0x00003217   Thumb Code     4  ht32_retarget.o(i.fgetc)
    fputc                                    0x000034ff   Thumb Code     4  ht32_retarget.o(i.fputc)
    get_fat                                  0x00003503   Thumb Code   190  ff.o(i.get_fat)
    get_fattime                              0x000035c1   Thumb Code     4  diskio.o(i.get_fattime)
    getc                                     0x00003601   Thumb Code     4  getc.o(i.getc)
    main                                     0x00003619   Thumb Code   390  main.o(i.main)
    put_fat                                  0x00003805   Thumb Code   244  ff.o(i.put_fat)
    pwrcu_init                               0x000038f9   Thumb Code    62  pwcru.o(i.pwrcu_init)
    sdfs_app_mnt                             0x00003941   Thumb Code    24  sdfs_app.o(i.sdfs_app_mnt)
    sdfs_app_savePhoto                       0x00003961   Thumb Code    64  sdfs_app.o(i.sdfs_app_savePhoto)
    sdfs_app_writeBmp                        0x000039b1   Thumb Code   326  sdfs_app.o(i.sdfs_app_writeBmp)
    sin                                      0x00003b09   Thumb Code   166  sin.o(i.sin)
    LED_GPIO_ID                              0x00003cec   Data           3  ht32_board.o(.constdata)
    LED_AFIO_MODE                            0x00003cef   Data           3  ht32_board.o(.constdata)
    BUTTON_GPIO_ID                           0x00003cf2   Data           3  ht32_board.o(.constdata)
    BUTTON_AFIO_MODE                         0x00003cf5   Data           3  ht32_board.o(.constdata)
    BUTTON_EXTI_CH                           0x00003cf8   Data           3  ht32_board.o(.constdata)
    LED_GPIO_PIN                             0x00003cfc   Data           6  ht32_board.o(.constdata)
    BUTTON_GPIO_PIN                          0x00003d02   Data           6  ht32_board.o(.constdata)
    GPIO_PORT                                0x00003d08   Data          20  ht32_board.o(.constdata)
    gCOMInfo                                 0x00003d1c   Data          32  ht32_board.o(.constdata)
    Region$$Table$$Base                      0x00003e64   Number         0  anon$$obj.o(Region$$Table)
    Region$$Table$$Limit                     0x00003e84   Number         0  anon$$obj.o(Region$$Table)
    root                                     0x20000010   Data           4  sdfs_app.o(.data)
    bmpHeader                                0x20000014   Data          54  sdfs_app.o(.data)
    SD_Type                                  0x2000004a   Data           1  sd.o(.data)
    OV7725_REG_NUM                           0x20000050   Data           1  ov7725.o(.data)
    Ov7725_vsync                             0x20000051   Data           1  ov7725.o(.data)
    Sensor_Config                            0x20000052   Data         156  ov7725.o(.data)
    __stdout                                 0x200000f8   Data           4  ht32_retarget.o(.data)
    __stdin                                  0x200000fc   Data           4  ht32_retarget.o(.data)
    myfat                                    0x20000104   Data         560  sdfs_app.o(.bss)
    BGR_Buf                                  0x20000334   Data         960  sdfs_app.o(.bss)
    SPI_InitStructure                        0x200006f4   Data          44  spi.o(.bss)
    MPU_Data                                 0x20000720   Data          33  mpu6050.o(.bss)
    Axis                                     0x20000744   Data          12  mpu6050.o(.bss)
    Angle                                    0x20000750   Data          12  mpu6050.o(.bss)
    Angular                                  0x2000075c   Data          12  mpu6050.o(.bss)
    FinalBaseAxis                            0x20000768   Data          12  mpu6050.o(.bss)
    __initial_sp                             0x20000978   Data           0  startup_ht32f165x.o(STACK)



==============================================================================

Memory Map of the image

  Image Entry point : 0x00000155

  Load Region LR_1 (Base: 0x00000000, Size: 0x00003f88, Max: 0xffffffff, ABSOLUTE)

    Execution Region ER_RO (Base: 0x00000000, Size: 0x00003e84, Max: 0xffffffff, ABSOLUTE)

    Base Addr    Size         Type   Attr      Idx    E Section Name        Object

    0x00000000   0x00000178   Code   RO         1142  * RESET               startup_ht32f165x.o
    0x00000178   0x00000000   Code   RO         5114  * .ARM.Collect$$$$00000000  mc_w.l(entry.o)
    0x00000178   0x00000004   Code   RO         5418    .ARM.Collect$$$$00000001  mc_w.l(entry2.o)
    0x0000017c   0x00000004   Code   RO         5421    .ARM.Collect$$$$00000004  mc_w.l(entry5.o)
    0x00000180   0x00000000   Code   RO         5423    .ARM.Collect$$$$00000008  mc_w.l(entry7b.o)
    0x00000180   0x00000000   Code   RO         5425    .ARM.Collect$$$$0000000A  mc_w.l(entry8b.o)
    0x00000180   0x00000008   Code   RO         5426    .ARM.Collect$$$$0000000B  mc_w.l(entry9a.o)
    0x00000188   0x00000000   Code   RO         5428    .ARM.Collect$$$$0000000D  mc_w.l(entry10a.o)
    0x00000188   0x00000000   Code   RO         5430    .ARM.Collect$$$$0000000F  mc_w.l(entry11a.o)
    0x00000188   0x00000004   Code   RO         5419    .ARM.Collect$$$$00002712  mc_w.l(entry2.o)
    0x0000018c   0x00000024   Code   RO         5119    .text               mc_w.l(memseta.o)
    0x000001b0   0x000000b0   Code   RO         5382    .text               mf_w.l(fadd.o)
    0x00000260   0x0000006c   Code   RO         5384    .text               mf_w.l(fmul.o)
    0x000002cc   0x00000080   Code   RO         5386    .text               mf_w.l(fdiv.o)
    0x0000034c   0x000000e4   Code   RO         5388    .text               mf_w.l(dmul.o)
    0x00000430   0x000000de   Code   RO         5390    .text               mf_w.l(ddiv.o)
    0x0000050e   0x0000002e   Code   RO         5392    .text               mf_w.l(dscalb.o)
    0x0000053c   0x00000022   Code   RO         5394    .text               mf_w.l(dflti.o)
    0x0000055e   0x00000032   Code   RO         5396    .text               mf_w.l(ffixi.o)
    0x00000590   0x00000026   Code   RO         5398    .text               mf_w.l(f2d.o)
    0x000005b6   0x00000038   Code   RO         5400    .text               mf_w.l(d2f.o)
    0x000005ee   0x00000002   PAD
    0x000005f0   0x00000014   Code   RO         5402    .text               mf_w.l(cfrcmple.o)
    0x00000604   0x0000002c   Code   RO         5432    .text               mc_w.l(uidiv.o)
    0x00000630   0x00000000   Code   RO         5443    .text               mc_w.l(iusefp.o)
    0x00000630   0x0000006c   Code   RO         5444    .text               mf_w.l(fepilogue.o)
    0x0000069c   0x000000be   Code   RO         5446    .text               mf_w.l(depilogue.o)
    0x0000075a   0x0000014e   Code   RO         5448    .text               mf_w.l(dadd.o)
    0x000008a8   0x00000024   Code   RO         5460    .text               mc_w.l(init.o)
    0x000008cc   0x0000001e   Code   RO         5462    .text               mc_w.l(llshl.o)
    0x000008ea   0x00000020   Code   RO         5464    .text               mc_w.l(llushr.o)
    0x0000090a   0x00000024   Code   RO         5466    .text               mc_w.l(llsshr.o)
    0x0000092e   0x0000001a   Code   RO         5468    .text               mf_w.l(dfltui.o)
    0x00000948   0x0000003e   Code   RO         5470    .text               mf_w.l(dfixi.o)
    0x00000986   0x00000002   PAD
    0x00000988   0x0000002c   Code   RO         2127    i.AFIO_EXTISourceConfig  ht32f1655_56_gpio.o
    0x000009b4   0x00000064   Code   RO         2128    i.AFIO_GPxConfig    ht32f1655_56_gpio.o
    0x00000a18   0x00000064   Code   RO          699    i.Angle_DataTransfrom  mpu6050.o
    0x00000a7c   0x00000064   Code   RO          700    i.Angular_DataTransFrom  mpu6050.o
    0x00000ae0   0x0000005c   Code   RO          701    i.Axis_DataTransfrom  mpu6050.o
    0x00000b3c   0x00000016   Code   RO          702    i.Axis_GetFinalData  mpu6050.o
    0x00000b52   0x00000002   Code   RO          216    i.BusFault_Handler  ht32f165x_it.o
    0x00000b54   0x00000054   Code   RO         1523    i.CKCU_GetClocksFrequency  ht32f1655_56_ckcu.o
    0x00000ba8   0x00000040   Code   RO         1525    i.CKCU_GetPLLFrequency  ht32f1655_56_ckcu.o
    0x00000be8   0x00000010   Code   RO         1527    i.CKCU_GetUSARTClockFreq  ht32f1655_56_ckcu.o
    0x00000bf8   0x00000024   Code   RO         1538    i.CKCU_PeripClockConfig  ht32f1655_56_ckcu.o
    0x00000c1c   0x00000070   Code   RO          349    i.CrashFunction     bluetooth.o
    0x00000c8c   0x000000a0   Code   RO          703    i.DealWithRotation  mpu6050.o
    0x00000d2c   0x00000002   Code   RO          217    i.DebugMon_Handler  ht32f165x_it.o
    0x00000d2e   0x0000002a   Code   RO          218    i.EVWUP_IRQHandler  ht32f165x_it.o
    0x00000d58   0x00000006   Code   RO          219    i.EXTI1_IRQHandler  ht32f165x_it.o
    0x00000d5e   0x00000002   PAD
    0x00000d60   0x00000060   Code   RO          220    i.EXTI7_IRQHandler  ht32f165x_it.o
    0x00000dc0   0x00000010   Code   RO         1922    i.EXTI_ClearEdgeFlag  ht32f1655_56_exti.o
    0x00000dd0   0x00000014   Code   RO         1923    i.EXTI_ClearWakeupFlag  ht32f1655_56_exti.o
    0x00000de4   0x00000028   Code   RO         1925    i.EXTI_GetEdgeStatus  ht32f1655_56_exti.o
    0x00000e0c   0x00000018   Code   RO         1927    i.EXTI_GetWakeupFlagStatus  ht32f1655_56_exti.o
    0x00000e24   0x0000001c   Code   RO         1928    i.EXTI_Init         ht32f1655_56_exti.o
    0x00000e40   0x0000001c   Code   RO         1929    i.EXTI_IntConfig    ht32f1655_56_exti.o
    0x00000e5c   0x0000002c   Code   RO         1931    i.EXTI_WakeupEventConfig  ht32f1655_56_exti.o
    0x00000e88   0x0000001c   Code   RO         1932    i.EXTI_WakeupEventIntConfig  ht32f1655_56_exti.o
    0x00000ea4   0x00000034   Code   RO          776    i.Enter_DeepSleepMode  pwcru.o
    0x00000ed8   0x00000004   Code   RO         2129    i.GPIO_ClearOutBits  ht32f1655_56_gpio.o
    0x00000edc   0x00000010   Code   RO         2131    i.GPIO_DirectionConfig  ht32f1655_56_gpio.o
    0x00000eec   0x00000010   Code   RO         2133    i.GPIO_InputConfig  ht32f1655_56_gpio.o
    0x00000efc   0x00000028   Code   RO         2138    i.GPIO_PullResistorConfig  ht32f1655_56_gpio.o
    0x00000f24   0x0000000a   Code   RO         2139    i.GPIO_ReadInBit    ht32f1655_56_gpio.o
    0x00000f2e   0x00000006   Code   RO         2140    i.GPIO_ReadInData   ht32f1655_56_gpio.o
    0x00000f34   0x00000004   Code   RO         2143    i.GPIO_SetOutBits   ht32f1655_56_gpio.o
    0x00000f38   0x0000000a   Code   RO         2144    i.GPIO_WriteOutBits  ht32f1655_56_gpio.o
    0x00000f42   0x00000042   Code   RO          704    i.GetAcceleration   mpu6050.o
    0x00000f84   0x000000bc   Code   RO         4720    i.HT32F_DVB_PBInit  ht32_board.o
    0x00001040   0x00000002   Code   RO          221    i.HardFault_Handler  ht32f165x_it.o
    0x00001042   0x00000002   PAD
    0x00001044   0x0000007c   Code   RO          373    i.Init_USART        usart.o
    0x000010c0   0x00000088   Code   RO          705    i.IsAccident        mpu6050.o
    0x00001148   0x00000002   Code   RO          222    i.MemManage_Handler  ht32f165x_it.o
    0x0000114a   0x00000002   Code   RO          223    i.NMI_Handler       ht32f165x_it.o
    0x0000114c   0x0000000c   Code   RO          810    i.Ov7725_ClearCaptureFlag  ov7725.o
    0x00001158   0x0000005c   Code   RO          811    i.Ov7725_GPIO_Config  ov7725.o
    0x000011b4   0x00000014   Code   RO          812    i.Ov7725_IfPhotoCaptured  ov7725.o
    0x000011c8   0x00000058   Code   RO          813    i.Ov7725_Init       ov7725.o
    0x00001220   0x00000016   Code   RO          814    i.Ov7725_TryInit    ov7725.o
    0x00001236   0x00000002   PAD
    0x00001238   0x00000078   Code   RO          815    i.Ov7725_VSYNC_Init  ov7725.o
    0x000012b0   0x0000002c   Code   RO         3368    i.PDMA_ClearFlag    ht32f1655_56_pdma.o
    0x000012dc   0x00000030   Code   RO         3369    i.PDMA_Config       ht32f1655_56_pdma.o
    0x0000130c   0x00000064   Code   RO          706    i.PDMA_Configuration  mpu6050.o
    0x00001370   0x00000028   Code   RO         3370    i.PDMA_EnaCmd       ht32f1655_56_pdma.o
    0x00001398   0x00000030   Code   RO         3371    i.PDMA_GetFlagStatus  ht32f1655_56_pdma.o
    0x000013c8   0x00000030   Code   RO         3372    i.PDMA_IntConig     ht32f1655_56_pdma.o
    0x000013f8   0x00000028   Code   RO         3373    i.PDMA_SwTrigCmd    ht32f1655_56_pdma.o
    0x00001420   0x00000048   Code   RO         3430    i.PWRCU_CheckReadyAccessed  ht32f1655_56_pwrcu.o
    0x00001468   0x00000020   Code   RO         3432    i.PWRCU_DeInit      ht32f1655_56_pwrcu.o
    0x00001488   0x00000040   Code   RO         3433    i.PWRCU_DeepSleep1  ht32f1655_56_pwrcu.o
    0x000014c8   0x000000a4   Code   RO            4    i.PackDatasForBlueTooth  main.o
    0x0000156c   0x00000002   Code   RO          224    i.PendSV_Handler    ht32f165x_it.o
    0x0000156e   0x00000002   PAD
    0x00001570   0x00000118   Code   RO          707    i.Rotate            mpu6050.o
    0x00001688   0x00000030   Code   RO          632    i.SCCB_GPIO_Config  sccb.o
    0x000016b8   0x000000ac   Code   RO          633    i.SCCB_ReadByte     sccb.o
    0x00001764   0x00000070   Code   RO          634    i.SCCB_ReceiveByte  sccb.o
    0x000017d4   0x0000005c   Code   RO          635    i.SCCB_SendByte     sccb.o
    0x00001830   0x00000058   Code   RO          636    i.SCCB_Start        sccb.o
    0x00001888   0x0000003c   Code   RO          637    i.SCCB_Stop         sccb.o
    0x000018c4   0x00000064   Code   RO          638    i.SCCB_WaitAck      sccb.o
    0x00001928   0x0000003e   Code   RO          639    i.SCCB_WriteByte    sccb.o
    0x00001966   0x0000000e   Code   RO          640    i.SCCB_delay        sccb.o
    0x00001974   0x00000018   Code   RO          436    i.SD_DisSelect      sd.o
    0x0000198c   0x00000028   Code   RO          437    i.SD_GetResponse    sd.o
    0x000019b4   0x00000158   Code   RO          438    i.SD_Init           sd.o
    0x00001b0c   0x0000006c   Code   RO          439    i.SD_ReadDisk       sd.o
    0x00001b78   0x00000036   Code   RO          440    i.SD_RecvData       sd.o
    0x00001bae   0x00000004   Code   RO          441    i.SD_SPI_Init       sd.o
    0x00001bb2   0x0000001e   Code   RO          442    i.SD_Select         sd.o
    0x00001bd0   0x0000004e   Code   RO          443    i.SD_SendBlock      sd.o
    0x00001c1e   0x00000064   Code   RO          444    i.SD_SendCmd        sd.o
    0x00001c82   0x0000002a   Code   RO          445    i.SD_TryInit        sd.o
    0x00001cac   0x00000022   Code   RO          447    i.SD_WaitReady      sd.o
    0x00001cce   0x00000002   PAD
    0x00001cd0   0x00000080   Code   RO          448    i.SD_WriteDisk      sd.o
    0x00001d50   0x0000001c   Code   RO         4682    i.SERIAL_GetChar    ht32_serial.o
    0x00001d6c   0x00000020   Code   RO         4683    i.SERIAL_PutChar    ht32_serial.o
    0x00001d8c   0x00000074   Code   RO          397    i.SPI0_Init         spi.o
    0x00001e00   0x0000004e   Code   RO          398    i.SPI0_ReadWriteByte  spi.o
    0x00001e4e   0x00000002   PAD
    0x00001e50   0x00000020   Code   RO          399    i.SPI0_SetSpeed     spi.o
    0x00001e70   0x00000014   Code   RO         3879    i.SPI_Cmd           ht32f1655_56_spi.o
    0x00001e84   0x0000000e   Code   RO         3887    i.SPI_GetFlagStatus  ht32f1655_56_spi.o
    0x00001e92   0x0000004a   Code   RO         3888    i.SPI_Init          ht32f1655_56_spi.o
    0x00001edc   0x00000006   Code   RO         3891    i.SPI_ReceiveData   ht32f1655_56_spi.o
    0x00001ee2   0x00000014   Code   RO         3894    i.SPI_SELOutputCmd  ht32f1655_56_spi.o
    0x00001ef6   0x00000004   Code   RO         3895    i.SPI_SendData      ht32f1655_56_spi.o
    0x00001efa   0x00000014   Code   RO         3898    i.SPI_SoftwareSELCmd  ht32f1655_56_spi.o
    0x00001f0e   0x00000002   Code   RO          225    i.SVC_Handler       ht32f165x_it.o
    0x00001f10   0x00000018   Code   RO         1239    i.SYSTICK_ClockSourceConfig  ht32_cm3_misc.o
    0x00001f28   0x0000001c   Code   RO          533    i.SYSTICK_Config    delay.o
    0x00001f44   0x00000020   Code   RO         1240    i.SYSTICK_CounterCmd  ht32_cm3_misc.o
    0x00001f64   0x00000018   Code   RO         1241    i.SYSTICK_IntConfig  ht32_cm3_misc.o
    0x00001f7c   0x00000008   Code   RO         1242    i.SYSTICK_SetReloadValue  ht32_cm3_misc.o
    0x00001f84   0x00000004   Code   RO          226    i.SysTick_Handler   ht32f165x_it.o
    0x00001f88   0x0000005c   Code   RO         1108    i.SystemInit        system_ht32f165x.o
    0x00001fe4   0x00000014   Code   RO          534    i.TimingDelay       delay.o
    0x00001ff8   0x0000000a   Code   RO         4034    i.USART_GetLineStatus  ht32f1655_56_usart.o
    0x00002002   0x00000034   Code   RO         4037    i.USART_Init        ht32f1655_56_usart.o
    0x00002036   0x00000006   Code   RO         4048    i.USART_ReceiveData  ht32f1655_56_usart.o
    0x0000203c   0x00000014   Code   RO         4049    i.USART_RxCmd       ht32f1655_56_usart.o
    0x00002050   0x00000014   Code   RO         4050    i.USART_RxPDMACmd   ht32f1655_56_usart.o
    0x00002064   0x00000004   Code   RO         4051    i.USART_SendData    ht32f1655_56_usart.o
    0x00002068   0x00000014   Code   RO         4063    i.USART_TxCmd       ht32f1655_56_usart.o
    0x0000207c   0x00000002   Code   RO          227    i.UsageFault_Handler  ht32f165x_it.o
    0x0000207e   0x00000040   Code   RO         4721    i._HT32F_DVB_ClockConfig  ht32_board.o
    0x000020be   0x00000002   PAD
    0x000020c0   0x00000020   Code   RO         5210    i.__0printf$3       mc_w.l(printf3.o)
    0x000020e0   0x00000028   Code   RO         5212    i.__0sprintf$3      mc_w.l(printf3.o)
    0x00002108   0x00000028   Code   RO         5456    i.__ARM_fpclassify  m_ws.l(fpclassify.o)
    0x00002130   0x00000388   Code   RO         5407    i.__ieee754_rem_pio2  m_ws.l(rred.o)
    0x000024b8   0x000000fc   Code   RO         5404    i.__kernel_cos      m_ws.l(cos_i.o)
    0x000025b4   0x000000aa   Code   RO         5458    i.__kernel_poly     m_ws.l(poly.o)
    0x0000265e   0x00000002   PAD
    0x00002660   0x000000ec   Code   RO         5412    i.__kernel_sin      m_ws.l(sin_i.o)
    0x0000274c   0x00000010   Code   RO         5454    i.__mathlib_dbl_underflow  m_ws.l(dunder.o)
    0x0000275c   0x0000000e   Code   RO         5474    i.__scatterload_copy  mc_w.l(handlers.o)
    0x0000276a   0x00000002   Code   RO         5475    i.__scatterload_null  mc_w.l(handlers.o)
    0x0000276c   0x0000000e   Code   RO         5476    i.__scatterload_zeroinit  mc_w.l(handlers.o)
    0x0000277a   0x00000002   PAD
    0x0000277c   0x0000000c   Code   RO         5438    i.__set_errno       mc_w.l(errno.o)
    0x00002788   0x000001b8   Code   RO         5217    i._printf_core      mc_w.l(printf3.o)
    0x00002940   0x0000000a   Code   RO         5219    i._sputc            mc_w.l(printf3.o)
    0x0000294a   0x00000002   PAD
    0x0000294c   0x0000005c   Code   RO          922    i.check_fs          ff.o
    0x000029a8   0x00000018   Code   RO          923    i.clust2sect        ff.o
    0x000029c0   0x000000ac   Code   RO         5099    i.cos               m_ws.l(cos.o)
    0x00002a6c   0x0000009e   Code   RO          924    i.create_chain      ff.o
    0x00002b0a   0x00000002   PAD
    0x00002b0c   0x000000f0   Code   RO          925    i.create_name       ff.o
    0x00002bfc   0x00000028   Code   RO          535    i.delay_ms          delay.o
    0x00002c24   0x000000e6   Code   RO          926    i.dir_next          ff.o
    0x00002d0a   0x00000070   Code   RO          927    i.dir_register      ff.o
    0x00002d7a   0x0000007c   Code   RO          928    i.dir_sdi           ff.o
    0x00002df6   0x00000010   Code   RO          868    i.disk_initialize   diskio.o
    0x00002e06   0x00000008   Code   RO          869    i.disk_ioctl        diskio.o
    0x00002e0e   0x0000001e   Code   RO          870    i.disk_read         diskio.o
    0x00002e2c   0x00000008   Code   RO          871    i.disk_status       diskio.o
    0x00002e34   0x0000001e   Code   RO          872    i.disk_write        diskio.o
    0x00002e52   0x0000001c   Code   RO          929    i.f_close           ff.o
    0x00002e6e   0x00000002   PAD
    0x00002e70   0x0000004c   Code   RO          931    i.f_mount           ff.o
    0x00002ebc   0x000001a2   Code   RO          932    i.f_open            ff.o
    0x0000305e   0x00000078   Code   RO          937    i.f_sync            ff.o
    0x000030d6   0x00000140   Code   RO          938    i.f_write           ff.o
    0x00003216   0x00000004   Code   RO         4621    i.fgetc             ht32_retarget.o
    0x0000321a   0x00000002   PAD
    0x0000321c   0x00000238   Code   RO          939    i.find_volume       ff.o
    0x00003454   0x000000aa   Code   RO          940    i.follow_path       ff.o
    0x000034fe   0x00000004   Code   RO         4622    i.fputc             ht32_retarget.o
    0x00003502   0x000000be   Code   RO          941    i.get_fat           ff.o
    0x000035c0   0x00000004   Code   RO          873    i.get_fattime       diskio.o
    0x000035c4   0x0000003c   Code   RO          942    i.get_ldnumber      ff.o
    0x00003600   0x00000004   Code   RO         5117    i.getc              mc_w.l(getc.o)
    0x00003604   0x00000012   Code   RO          943    i.ld_clust          ff.o
    0x00003616   0x00000002   PAD
    0x00003618   0x0000019c   Code   RO            5    i.main              main.o
    0x000037b4   0x00000010   Code   RO          944    i.mem_cpy           ff.o
    0x000037c4   0x0000000e   Code   RO          945    i.mem_set           ff.o
    0x000037d2   0x00000032   Code   RO          946    i.move_window       ff.o
    0x00003804   0x000000f4   Code   RO          947    i.put_fat           ff.o
    0x000038f8   0x00000048   Code   RO          777    i.pwrcu_init        pwcru.o
    0x00003940   0x00000020   Code   RO          307    i.sdfs_app_mnt      sdfs_app.o
    0x00003960   0x00000050   Code   RO          308    i.sdfs_app_savePhoto  sdfs_app.o
    0x000039b0   0x00000158   Code   RO          309    i.sdfs_app_writeBmp  sdfs_app.o
    0x00003b08   0x000000b0   Code   RO         5107    i.sin               m_ws.l(sin.o)
    0x00003bb8   0x00000010   Code   RO          949    i.st_clust          ff.o
    0x00003bc8   0x000000b0   Code   RO          950    i.sync_fs           ff.o
    0x00003c78   0x00000052   Code   RO          951    i.sync_window       ff.o
    0x00003cca   0x00000022   Code   RO          952    i.validate          ff.o
    0x00003cec   0x00000050   Data   RO         4722    .constdata          ht32_board.o
    0x00003d3c   0x00000004   PAD
    0x00003d40   0x00000030   Data   RO         5405    .constdata          m_ws.l(cos_i.o)
    0x00003d70   0x000000c8   Data   RO         5409    .constdata          m_ws.l(rred.o)
    0x00003e38   0x00000028   Data   RO         5413    .constdata          m_ws.l(sin_i.o)
    0x00003e60   0x00000001   Data   RO          311    .conststring        sdfs_app.o
    0x00003e61   0x00000003   PAD
    0x00003e64   0x00000020   Data   RO         5472    Region$$Table       anon$$obj.o


    Execution Region ER_RW (Base: 0x20000000, Size: 0x00000104, Max: 0xffffffff, ABSOLUTE)

    Base Addr    Size         Type   Attr      Idx    E Section Name        Object

    0x20000000   0x0000000a   Data   RW            6    .data               main.o
    0x2000000a   0x00000002   PAD
    0x2000000c   0x0000003e   Data   RW          312    .data               sdfs_app.o
    0x2000004a   0x00000001   Data   RW          450    .data               sd.o
    0x2000004b   0x00000001   PAD
    0x2000004c   0x00000004   Data   RW          536    .data               delay.o
    0x20000050   0x0000009e   Data   RW          817    .data               ov7725.o
    0x200000ee   0x00000002   PAD
    0x200000f0   0x00000008   Data   RW          953    .data               ff.o
    0x200000f8   0x00000004   Data   RW         4623    .data               ht32_retarget.o
    0x200000fc   0x00000004   Data   RW         4624    .data               ht32_retarget.o
    0x20000100   0x00000004   Data   RW         5439    .data               mc_w.l(errno.o)


    Execution Region ER_ZI (Base: 0x20000104, Size: 0x00000874, Max: 0xffffffff, ABSOLUTE)

    Base Addr    Size         Type   Attr      Idx    E Section Name        Object

    0x20000104   0x000005f0   Zero   RW          310    .bss                sdfs_app.o
    0x200006f4   0x0000002c   Zero   RW          400    .bss                spi.o
    0x20000720   0x00000054   Zero   RW          708    .bss                mpu6050.o
    0x20000774   0x00000004   PAD
    0x20000778   0x00000200   Zero   RW         1140    STACK               startup_ht32f165x.o


==============================================================================

Image component sizes


      Code (inc. data)   RO Data    RW Data    ZI Data      Debug   Object Name

       112         16          0          0          0        604   bluetooth.o
        88          8          0          4          0       1418   delay.o
        96          0          0          0          0       3860   diskio.o
      3580         42          0          8          0      20649   ff.o
       252          4         80          0          0       8285   ht32_board.o
        88          0          0          0          0       2018   ht32_cm3_misc.o
         8          0          0          8          0       2734   ht32_retarget.o
        60          0          0          0          0       1014   ht32_serial.o
       200         24          0          0          0       4520   ht32f1655_56_ckcu.o
       228         44          0          0          0       4690   ht32f1655_56_exti.o
       250         12          0          0          0       5858   ht32f1655_56_gpio.o
       268         46          0          0          0       3671   ht32f1655_56_pdma.o
       168         34          0          0          0       1693   ht32f1655_56_pwrcu.o
       158          0          0          0          0       4266   ht32f1655_56_spi.o
       132          0          0          0          0       5178   ht32f1655_56_usart.o
       164         10          0          0          0       4791   ht32f165x_it.o
       576         38          0         10          0      51079   main.o
      1056         54          0          0         84       5588   mpu6050.o
       354         28          0        158          0       6123   ov7725.o
       124         16          0          0          0      23010   pwcru.o
         0          0          0          0          0      21959   rtc.o
       748         36          0          0          0       4853   sccb.o
       986         12          0          1          0       7046   sd.o
       456         42          1         62       1520       2673   sdfs_app.o
       226         14          0          0         44       1673   spi.o
       376        348          0          0        512        728   startup_ht32f165x.o
        92         14          0          0          0        429   system_ht32f165x.o
       124          4          0          0          0        861   usart.o

    ----------------------------------------------------------------------
     10992        846        120        256       2164     201271   Object Totals
         0          0         32          0          0          0   (incl. Generated)
        22          0          7          5          4          0   (incl. Padding)

    ----------------------------------------------------------------------

      Code (inc. data)   RO Data    RW Data    ZI Data      Debug   Library Member Name

       172          8          0          0          0        112   cos.o
       252         22         48          0          0        124   cos_i.o
        16          6          0          0          0         68   dunder.o
        40          0          0          0          0         68   fpclassify.o
       170          0          0          0          0         96   poly.o
       904         72        200          0          0        140   rred.o
       176         10          0          0          0        116   sin.o
       236         12         40          0          0        128   sin_i.o
         0          0          0          0          0          0   entry.o
         0          0          0          0          0          0   entry10a.o
         0          0          0          0          0          0   entry11a.o
         8          4          0          0          0          0   entry2.o
         4          0          0          0          0          0   entry5.o
         0          0          0          0          0          0   entry7b.o
         0          0          0          0          0          0   entry8b.o
         8          4          0          0          0          0   entry9a.o
        12          6          0          4          0         68   errno.o
         4          0          0          0          0         68   getc.o
        30          0          0          0          0          0   handlers.o
        36          8          0          0          0         68   init.o
         0          0          0          0          0          0   iusefp.o
        30          0          0          0          0         68   llshl.o
        36          0          0          0          0         68   llsshr.o
        32          0          0          0          0         68   llushr.o
        36          0          0          0          0        108   memseta.o
       522         20          0          0          0        332   printf3.o
        44          0          0          0          0         80   uidiv.o
        20          0          0          0          0         68   cfrcmple.o
        56          0          0          0          0         88   d2f.o
       334          0          0          0          0        148   dadd.o
       222          0          0          0          0        100   ddiv.o
       190          0          0          0          0        176   depilogue.o
        62          0          0          0          0         80   dfixi.o
        34          0          0          0          0         76   dflti.o
        26          0          0          0          0         76   dfltui.o
       228          0          0          0          0         96   dmul.o
        46          0          0          0          0         80   dscalb.o
        38          0          0          0          0         68   f2d.o
       176          0          0          0          0        140   fadd.o
       128          0          0          0          0         88   fdiv.o
       108          0          0          0          0        168   fepilogue.o
        50          0          0          0          0         68   ffixi.o
       108          0          0          0          0         76   fmul.o

    ----------------------------------------------------------------------
      4604        172        288          4          0       3376   Library Totals
        10          0          0          0          0          0   (incl. Padding)

    ----------------------------------------------------------------------

      Code (inc. data)   RO Data    RW Data    ZI Data      Debug   Library Name

      1966        130        288          0          0        852   m_ws.l
       802         42          0          4          0        928   mc_w.l
      1826          0          0          0          0       1596   mf_w.l

    ----------------------------------------------------------------------
      4604        172        288          4          0       3376   Library Totals

    ----------------------------------------------------------------------

==============================================================================


      Code (inc. data)   RO Data    RW Data    ZI Data      Debug   

     15596       1018        408        260       2164     195183   Grand Totals
     15596       1018        408        260       2164     195183   ELF Image Totals
     15596       1018        408        260          0          0   ROM Totals

==============================================================================

    Total RO  Size (Code + RO Data)                16004 (  15.63kB)
    Total RW  Size (RW Data + ZI Data)              2424 (   2.37kB)
    Total ROM Size (Code + RO Data + RW Data)      16264 (  15.88kB)

==============================================================================

